Jan 30, 2026 02:06:31.457 [130793732983552] INFO - Plex Media Scanner v1.42.2.10156-f737b826c - Docker Docker Container (LinuxServer.io) x86_64 - build: linux-x86_64 - GMT 00:00
Jan 30, 2026 02:06:31.457 [130793732983552] INFO - Linux version: 6.8.0-90-generic, language: en-US
Jan 30, 2026 02:06:31.457 [130793732983552] INFO - Processor: 4-core Intel(R) Core(TM) i7-5500U CPU @ 2.40GHz
Jan 30, 2026 02:06:31.457 [130793732983552] INFO - /usr/lib/plexmediaserver/Plex Media Scanner --analyze-deeply --item 151 --log-file-suffix  Deep Analysis
Jan 30, 2026 02:06:31.458 [130793733492480] DEBUG - Opening 20 database sessions to library (com.plexapp.plugins.library), SQLite 3.39.4, threadsafe=1
Jan 30, 2026 02:06:31.553 [130793733492480] DEBUG - [MI] Opening input file: "/tv/Senna (2024)/Season 1/Senna - S01E03 - Ambition - WEBDL-1080p.mkv"
Jan 30, 2026 02:06:31.553 [130793733492480] DEBUG - [FFMPEG] - Opening '/tv/Senna (2024)/Season 1/Senna - S01E03 - Ambition - WEBDL-1080p.mkv' for reading
Jan 30, 2026 02:06:31.553 [130793733492480] DEBUG - [FFMPEG] - Setting default whitelist 'file,crypto,data'
Jan 30, 2026 02:06:31.553 [130793733492480] DEBUG - [FFMPEG] - Format matroska,webm probed with size=2048 and score=100
Jan 30, 2026 02:06:31.553 [130793733492480] DEBUG - [FFMPEG] - Unknown entry 0x22B59D at pos. 4386
Jan 30, 2026 02:06:31.553 [130793733492480] DEBUG - [FFMPEG] - Unknown entry 0x22B59D at pos. 4465
Jan 30, 2026 02:06:31.553 [130793733492480] DEBUG - [FFMPEG] - Unknown entry 0x22B59D at pos. 4543
Jan 30, 2026 02:06:31.553 [130793733492480] DEBUG - [FFMPEG] - Unknown entry 0x22B59D at pos. 4614
Jan 30, 2026 02:06:31.553 [130793733492480] DEBUG - [FFMPEG] - Unknown entry 0x22B59D at pos. 4697
Jan 30, 2026 02:06:31.553 [130793733492480] DEBUG - [FFMPEG] - Unknown entry 0x22B59D at pos. 4771
Jan 30, 2026 02:06:31.553 [130793733492480] DEBUG - [FFMPEG] - Unknown entry 0x22B59D at pos. 4844
Jan 30, 2026 02:06:31.554 [130793733492480] DEBUG - [FFMPEG] - Unknown entry 0x22B59D at pos. 4896
Jan 30, 2026 02:06:31.554 [130793733492480] DEBUG - [FFMPEG] - Unknown entry 0x22B59D at pos. 4954
Jan 30, 2026 02:06:31.554 [130793733492480] DEBUG - [FFMPEG] - Unknown entry 0x22B59D at pos. 5025
Jan 30, 2026 02:06:31.554 [130793733492480] DEBUG - [FFMPEG] - Unknown entry 0x22B59D at pos. 5084
Jan 30, 2026 02:06:31.554 [130793733492480] DEBUG - [FFMPEG] - Unknown entry 0x22B59D at pos. 5143
Jan 30, 2026 02:06:31.554 [130793733492480] DEBUG - [FFMPEG] - Unknown entry 0x22B59D at pos. 5202
Jan 30, 2026 02:06:31.554 [130793733492480] DEBUG - [FFMPEG] - Unknown entry 0x22B59D at pos. 5261
Jan 30, 2026 02:06:31.554 [130793733492480] DEBUG - [FFMPEG] - Unknown entry 0x22B59D at pos. 5320
Jan 30, 2026 02:06:31.554 [130793733492480] DEBUG - [FFMPEG] - Unknown entry 0x22B59D at pos. 5379
Jan 30, 2026 02:06:31.554 [130793733492480] DEBUG - [FFMPEG] - Unknown entry 0x22B59D at pos. 5459
Jan 30, 2026 02:06:31.554 [130793733492480] DEBUG - [FFMPEG] - Unknown entry 0x22B59D at pos. 5521
Jan 30, 2026 02:06:31.554 [130793733492480] DEBUG - [FFMPEG] - Unknown entry 0x22B59D at pos. 5580
Jan 30, 2026 02:06:31.554 [130793733492480] DEBUG - [FFMPEG] - Unknown entry 0x22B59D at pos. 5639
Jan 30, 2026 02:06:31.554 [130793733492480] DEBUG - [FFMPEG] - Unknown entry 0x22B59D at pos. 5699
Jan 30, 2026 02:06:31.554 [130793733492480] DEBUG - [FFMPEG] - Unknown entry 0x22B59D at pos. 5758
Jan 30, 2026 02:06:31.554 [130793733492480] DEBUG - [FFMPEG] - Unknown entry 0x22B59D at pos. 5817
Jan 30, 2026 02:06:31.554 [130793733492480] DEBUG - [FFMPEG] - Unknown entry 0x22B59D at pos. 5876
Jan 30, 2026 02:06:31.554 [130793733492480] DEBUG - [FFMPEG] - Unknown entry 0x22B59D at pos. 5935
Jan 30, 2026 02:06:31.554 [130793733492480] DEBUG - [FFMPEG] - Unknown entry 0x22B59D at pos. 5994
Jan 30, 2026 02:06:31.554 [130793733492480] DEBUG - [FFMPEG] - Unknown entry 0x22B59D at pos. 6053
Jan 30, 2026 02:06:31.554 [130793733492480] DEBUG - [FFMPEG] - Unknown entry 0x22B59D at pos. 6111
Jan 30, 2026 02:06:31.554 [130793733492480] DEBUG - [FFMPEG] - Unknown entry 0x22B59D at pos. 6170
Jan 30, 2026 02:06:31.554 [130793733492480] DEBUG - [FFMPEG] - Unknown entry 0x22B59D at pos. 6229
Jan 30, 2026 02:06:31.554 [130793733492480] DEBUG - [FFMPEG] - Unknown entry 0x22B59D at pos. 6288
Jan 30, 2026 02:06:31.554 [130793733492480] DEBUG - [FFMPEG] - Unknown entry 0x22B59D at pos. 6347
Jan 30, 2026 02:06:31.554 [130793733492480] DEBUG - [FFMPEG] - Unknown entry 0x22B59D at pos. 6406
Jan 30, 2026 02:06:31.554 [130793733492480] DEBUG - [FFMPEG] - Unknown entry 0x22B59D at pos. 6465
Jan 30, 2026 02:06:31.554 [130793733492480] DEBUG - [FFMPEG] - Unknown entry 0x22B59D at pos. 6524
Jan 30, 2026 02:06:31.554 [130793733492480] DEBUG - [FFMPEG] - Unknown entry 0x22B59D at pos. 6583
Jan 30, 2026 02:06:31.554 [130793733492480] DEBUG - [FFMPEG] - Unknown entry 0x22B59D at pos. 6642
Jan 30, 2026 02:06:31.554 [130793733492480] DEBUG - [FFMPEG] - Unknown entry 0x22B59D at pos. 6701
Jan 30, 2026 02:06:31.554 [130793733492480] DEBUG - [FFMPEG] - Unknown entry 0x22B59D at pos. 6760
Jan 30, 2026 02:06:31.554 [130793733492480] DEBUG - [FFMPEG] - Unknown entry 0x22B59D at pos. 6819
Jan 30, 2026 02:06:31.554 [130793733492480] DEBUG - [FFMPEG] - Unknown entry 0x22B59D at pos. 6878
Jan 30, 2026 02:06:31.554 [130793733492480] DEBUG - [FFMPEG] - Unknown entry 0x22B59D at pos. 6955
Jan 30, 2026 02:06:31.554 [130793733492480] DEBUG - [FFMPEG] - Unknown entry 0x437D at pos. 8967
Jan 30, 2026 02:06:31.554 [130793733492480] DEBUG - [FFMPEG] - Unknown entry 0x437D at pos. 9014
Jan 30, 2026 02:06:31.554 [130793733492480] DEBUG - [FFMPEG] - Unknown entry 0x437D at pos. 9063
Jan 30, 2026 02:06:31.554 [130793733492480] DEBUG - [FFMPEG] - Unknown entry 0x437D at pos. 9113
Jan 30, 2026 02:06:31.554 [130793733492480] DEBUG - [FFMPEG] - st:0 removing common factor 1000000 from timebase
Jan 30, 2026 02:06:31.554 [130793733492480] DEBUG - [FFMPEG] - st:1 removing common factor 1000000 from timebase
Jan 30, 2026 02:06:31.554 [130793733492480] DEBUG - [FFMPEG] - st:2 removing common factor 1000000 from timebase
Jan 30, 2026 02:06:31.554 [130793733492480] DEBUG - [FFMPEG] - st:3 removing common factor 1000000 from timebase
Jan 30, 2026 02:06:31.554 [130793733492480] DEBUG - [FFMPEG] - st:4 removing common factor 1000000 from timebase
Jan 30, 2026 02:06:31.554 [130793733492480] DEBUG - [FFMPEG] - st:5 removing common factor 1000000 from timebase
Jan 30, 2026 02:06:31.554 [130793733492480] DEBUG - [FFMPEG] - st:6 removing common factor 1000000 from timebase
Jan 30, 2026 02:06:31.554 [130793733492480] DEBUG - [FFMPEG] - st:7 removing common factor 1000000 from timebase
Jan 30, 2026 02:06:31.554 [130793733492480] DEBUG - [FFMPEG] - st:8 removing common factor 1000000 from timebase
Jan 30, 2026 02:06:31.554 [130793733492480] DEBUG - [FFMPEG] - st:9 removing common factor 1000000 from timebase
Jan 30, 2026 02:06:31.554 [130793733492480] DEBUG - [FFMPEG] - st:10 removing common factor 1000000 from timebase
Jan 30, 2026 02:06:31.554 [130793733492480] DEBUG - [FFMPEG] - st:11 removing common factor 1000000 from timebase
Jan 30, 2026 02:06:31.554 [130793733492480] DEBUG - [FFMPEG] - st:12 removing common factor 1000000 from timebase
Jan 30, 2026 02:06:31.554 [130793733492480] DEBUG - [FFMPEG] - st:13 removing common factor 1000000 from timebase
Jan 30, 2026 02:06:31.554 [130793733492480] DEBUG - [FFMPEG] - st:14 removing common factor 1000000 from timebase
Jan 30, 2026 02:06:31.554 [130793733492480] DEBUG - [FFMPEG] - st:15 removing common factor 1000000 from timebase
Jan 30, 2026 02:06:31.554 [130793733492480] DEBUG - [FFMPEG] - st:16 removing common factor 1000000 from timebase
Jan 30, 2026 02:06:31.554 [130793733492480] DEBUG - [FFMPEG] - st:17 removing common factor 1000000 from timebase
Jan 30, 2026 02:06:31.554 [130793733492480] DEBUG - [FFMPEG] - st:18 removing common factor 1000000 from timebase
Jan 30, 2026 02:06:31.554 [130793733492480] DEBUG - [FFMPEG] - st:19 removing common factor 1000000 from timebase
Jan 30, 2026 02:06:31.554 [130793733492480] DEBUG - [FFMPEG] - st:20 removing common factor 1000000 from timebase
Jan 30, 2026 02:06:31.554 [130793733492480] DEBUG - [FFMPEG] - st:21 removing common factor 1000000 from timebase
Jan 30, 2026 02:06:31.554 [130793733492480] DEBUG - [FFMPEG] - st:22 removing common factor 1000000 from timebase
Jan 30, 2026 02:06:31.554 [130793733492480] DEBUG - [FFMPEG] - st:23 removing common factor 1000000 from timebase
Jan 30, 2026 02:06:31.554 [130793733492480] DEBUG - [FFMPEG] - st:24 removing common factor 1000000 from timebase
Jan 30, 2026 02:06:31.554 [130793733492480] DEBUG - [FFMPEG] - st:25 removing common factor 1000000 from timebase
Jan 30, 2026 02:06:31.554 [130793733492480] DEBUG - [FFMPEG] - st:26 removing common factor 1000000 from timebase
Jan 30, 2026 02:06:31.554 [130793733492480] DEBUG - [FFMPEG] - st:27 removing common factor 1000000 from timebase
Jan 30, 2026 02:06:31.554 [130793733492480] DEBUG - [FFMPEG] - st:28 removing common factor 1000000 from timebase
Jan 30, 2026 02:06:31.554 [130793733492480] DEBUG - [FFMPEG] - st:29 removing common factor 1000000 from timebase
Jan 30, 2026 02:06:31.554 [130793733492480] DEBUG - [FFMPEG] - st:30 removing common factor 1000000 from timebase
Jan 30, 2026 02:06:31.555 [130793733492480] DEBUG - [FFMPEG] - st:31 removing common factor 1000000 from timebase
Jan 30, 2026 02:06:31.555 [130793733492480] DEBUG - [FFMPEG] - st:32 removing common factor 1000000 from timebase
Jan 30, 2026 02:06:31.555 [130793733492480] DEBUG - [FFMPEG] - st:33 removing common factor 1000000 from timebase
Jan 30, 2026 02:06:31.555 [130793733492480] DEBUG - [FFMPEG] - st:34 removing common factor 1000000 from timebase
Jan 30, 2026 02:06:31.555 [130793733492480] DEBUG - [FFMPEG] - st:35 removing common factor 1000000 from timebase
Jan 30, 2026 02:06:31.555 [130793733492480] DEBUG - [FFMPEG] - st:36 removing common factor 1000000 from timebase
Jan 30, 2026 02:06:31.555 [130793733492480] DEBUG - [FFMPEG] - st:37 removing common factor 1000000 from timebase
Jan 30, 2026 02:06:31.555 [130793733492480] DEBUG - [FFMPEG] - st:38 removing common factor 1000000 from timebase
Jan 30, 2026 02:06:31.555 [130793733492480] DEBUG - [FFMPEG] - st:39 removing common factor 1000000 from timebase
Jan 30, 2026 02:06:31.555 [130793733492480] DEBUG - [FFMPEG] - st:40 removing common factor 1000000 from timebase
Jan 30, 2026 02:06:31.555 [130793733492480] DEBUG - [FFMPEG] - st:41 removing common factor 1000000 from timebase
Jan 30, 2026 02:06:31.555 [130793733492480] DEBUG - [FFMPEG] - Before avformat_find_stream_info() pos: 9225 bytes read:43935 seeks:2 nb_streams:42
Jan 30, 2026 02:06:31.555 [130793733492480] DEBUG - [FFMPEG] - nal_unit_type: 7(SPS), nal_ref_idc: 3
Jan 30, 2026 02:06:31.555 [130793733492480] DEBUG - [FFMPEG] - nal_unit_type: 8(PPS), nal_ref_idc: 3
Jan 30, 2026 02:06:31.556 [130793733492480] DEBUG - [FFMPEG] - nal_unit_type: 7(SPS), nal_ref_idc: 3
Jan 30, 2026 02:06:31.556 [130793733492480] DEBUG - [FFMPEG] - nal_unit_type: 8(PPS), nal_ref_idc: 3
Jan 30, 2026 02:06:31.557 [130793733492480] DEBUG - [FFMPEG] - nal_unit_type: 6(SEI), nal_ref_idc: 0
Jan 30, 2026 02:06:31.557 [130793733492480] DEBUG - [FFMPEG] - nal_unit_type: 6(SEI), nal_ref_idc: 0
Jan 30, 2026 02:06:31.557 [130793733492480] DEBUG - [FFMPEG] - nal_unit_type: 6(SEI), nal_ref_idc: 0
Jan 30, 2026 02:06:31.557 [130793733492480] DEBUG - [FFMPEG] - nal_unit_type: 5(IDR), nal_ref_idc: 3
Jan 30, 2026 02:06:31.557 [130793733492480] DEBUG - [FFMPEG] - Format yuv420p chosen by get_format().
Jan 30, 2026 02:06:31.559 [130793733492480] DEBUG - [FFMPEG] - no picture 
Jan 30, 2026 02:06:31.561 [130793733492480] DEBUG - [FFMPEG] - nal_unit_type: 6(SEI), nal_ref_idc: 0
Jan 30, 2026 02:06:31.561 [130793733492480] DEBUG - [FFMPEG] - nal_unit_type: 1(Coded slice of a non-IDR picture), nal_ref_idc: 2
Jan 30, 2026 02:06:31.565 [130793733492480] DEBUG - [FFMPEG] - nal_unit_type: 6(SEI), nal_ref_idc: 0
Jan 30, 2026 02:06:31.565 [130793733492480] DEBUG - [FFMPEG] - nal_unit_type: 1(Coded slice of a non-IDR picture), nal_ref_idc: 0
Jan 30, 2026 02:06:31.570 [130793733492480] DEBUG - [FFMPEG] - nal_unit_type: 6(SEI), nal_ref_idc: 0
Jan 30, 2026 02:06:31.570 [130793733492480] DEBUG - [FFMPEG] - nal_unit_type: 1(Coded slice of a non-IDR picture), nal_ref_idc: 0
Jan 30, 2026 02:06:31.575 [130793733492480] DEBUG - [FFMPEG] - nal_unit_type: 6(SEI), nal_ref_idc: 0
Jan 30, 2026 02:06:31.575 [130793733492480] DEBUG - [FFMPEG] - nal_unit_type: 1(Coded slice of a non-IDR picture), nal_ref_idc: 2
Jan 30, 2026 02:06:31.576 [130793733492480] DEBUG - [FFMPEG] - nal_unit_type: 6(SEI), nal_ref_idc: 0
Jan 30, 2026 02:06:31.576 [130793733492480] DEBUG - [FFMPEG] - nal_unit_type: 1(Coded slice of a non-IDR picture), nal_ref_idc: 0
Jan 30, 2026 02:06:31.579 [130793733492480] DEBUG - [FFMPEG] - nal_unit_type: 6(SEI), nal_ref_idc: 0
Jan 30, 2026 02:06:31.579 [130793733492480] DEBUG - [FFMPEG] - nal_unit_type: 1(Coded slice of a non-IDR picture), nal_ref_idc: 0
Jan 30, 2026 02:06:31.584 [130793733492480] DEBUG - [FFMPEG] - nal_unit_type: 6(SEI), nal_ref_idc: 0
Jan 30, 2026 02:06:31.584 [130793733492480] DEBUG - [FFMPEG] - nal_unit_type: 1(Coded slice of a non-IDR picture), nal_ref_idc: 2
Jan 30, 2026 02:06:31.585 [130793733492480] DEBUG - [FFMPEG] - All info found
Jan 30, 2026 02:06:31.587 [130793733492480] DEBUG - [FFMPEG] - After avformat_find_stream_info() pos: 109534 bytes read:175007 seeks:2 frames:39
Jan 30, 2026 02:06:32.845 [130793733492480] DEBUG - Deep Analysis: Read 10000 packets at 108.416000
Jan 30, 2026 02:06:34.098 [130793733492480] DEBUG - Deep Analysis: Read 20000 packets at 213.632000
Jan 30, 2026 02:06:35.208 [130793733492480] DEBUG - Deep Analysis: Read 30000 packets at 317.952000
Jan 30, 2026 02:06:36.511 [130793733492480] DEBUG - Deep Analysis: Read 40000 packets at 429.568000
Jan 30, 2026 02:06:37.668 [130793733492480] DEBUG - Deep Analysis: Read 50000 packets at 536.768000
Jan 30, 2026 02:06:38.775 [130793733492480] DEBUG - Deep Analysis: Read 60000 packets at 640.864000
Jan 30, 2026 02:06:39.941 [130793733492480] DEBUG - Deep Analysis: Read 70000 packets at 745.625000
Jan 30, 2026 02:06:41.035 [130793733492480] DEBUG - Deep Analysis: Read 80000 packets at 849.500000
Jan 30, 2026 02:06:42.204 [130793733492480] DEBUG - Deep Analysis: Read 90000 packets at 956.640000
Jan 30, 2026 02:06:43.421 [130793733492480] DEBUG - Deep Analysis: Read 100000 packets at 1062.016000
Jan 30, 2026 02:06:44.519 [130793733492480] DEBUG - Deep Analysis: Read 110000 packets at 1167.625000
Jan 30, 2026 02:06:45.659 [130793733492480] DEBUG - Deep Analysis: Read 120000 packets at 1272.928000
Jan 30, 2026 02:06:46.845 [130793733492480] DEBUG - Deep Analysis: Read 130000 packets at 1380.736000
Jan 30, 2026 02:06:48.004 [130793733492480] DEBUG - Deep Analysis: Read 140000 packets at 1490.791000
Jan 30, 2026 02:06:49.258 [130793733492480] DEBUG - Deep Analysis: Read 150000 packets at 1600.875000
Jan 30, 2026 02:06:50.377 [130793733492480] DEBUG - Deep Analysis: Read 160000 packets at 1702.958000
Jan 30, 2026 02:06:51.486 [130793733492480] DEBUG - Deep Analysis: Read 170000 packets at 1807.680000
Jan 30, 2026 02:06:52.626 [130793733492480] DEBUG - Deep Analysis: Read 180000 packets at 1912.667000
Jan 30, 2026 02:06:53.749 [130793733492480] DEBUG - Deep Analysis: Read 190000 packets at 2014.958000
Jan 30, 2026 02:06:54.843 [130793733492480] DEBUG - Deep Analysis: Read 200000 packets at 2117.344000
Jan 30, 2026 02:06:56.023 [130793733492480] DEBUG - Deep Analysis: Read 210000 packets at 2223.424000
Jan 30, 2026 02:06:57.132 [130793733492480] DEBUG - Deep Analysis: Read 220000 packets at 2324.480000
Jan 30, 2026 02:06:58.279 [130793733492480] DEBUG - Deep Analysis: Read 230000 packets at 2430.708000
Jan 30, 2026 02:06:59.365 [130793733492480] DEBUG - Deep Analysis: Read 240000 packets at 2534.720000
Jan 30, 2026 02:07:00.600 [130793733492480] DEBUG - Deep Analysis: Read 250000 packets at 2641.500000
Jan 30, 2026 02:07:01.719 [130793733492480] DEBUG - Deep Analysis: Read 260000 packets at 2744.864000
Jan 30, 2026 02:07:02.891 [130793733492480] DEBUG - Deep Analysis: Read 270000 packets at 2853.088000
Jan 30, 2026 02:07:04.002 [130793733492480] DEBUG - Deep Analysis: Read 280000 packets at 2954.041000
Jan 30, 2026 02:07:05.097 [130793733492480] DEBUG - Deep Analysis: Read 290000 packets at 3055.808000
Jan 30, 2026 02:07:06.224 [130793733492480] DEBUG - Deep Analysis: Read 300000 packets at 3161.152000
Jan 30, 2026 02:07:07.472 [130793733492480] DEBUG - Deep Analysis: Read 310000 packets at 3268.096000
Jan 30, 2026 02:07:08.626 [130793733492480] DEBUG - Deep Analysis: Read 320000 packets at 3376.042000
Jan 30, 2026 02:07:09.756 [130793733492480] DEBUG - Deep Analysis: Read 330000 packets at 3480.608000
Jan 30, 2026 02:07:10.716 [130793733492480] DEBUG - Deep Analysis: Read 340000 packets at 3590.752000
Jan 30, 2026 02:07:11.130 [130793733492480] DEBUG - Deep Analysis: Read 350000 packets at 3706.464000
Jan 30, 2026 02:07:11.705 [130793733492480] DEBUG - Deep Analysis: Read 360000 packets at 3821.984000
Jan 30, 2026 02:07:12.274 [130793733492480] DEBUG - Deep Analysis: Read 370000 packets at 3937.536000
Jan 30, 2026 02:07:12.852 [130793733492480] DEBUG - Deep Analysis: Read 380000 packets at 4053.042000
Jan 30, 2026 02:07:13.448 [130793733492480] DEBUG - Deep Analysis: Read 390000 packets at 4168.288000
Jan 30, 2026 02:07:13.809 [130793733492480] DEBUG - Deep Analysis: Read 400000 packets at 4283.917000
Jan 30, 2026 02:07:13.831 [130793733492480] DEBUG - Deep Analysis: Sorting packets
Jan 30, 2026 02:07:13.883 [130793733492480] DEBUG - Deep Analysis: Performing file bitrate analysis
Jan 30, 2026 02:07:13.963 [130793733492480] DEBUG - Deep Analysis: Performing stream bitrate analysis on stream 0
Jan 30, 2026 02:07:13.984 [130793733492480] DEBUG - Deep Analysis: Performing stream bitrate analysis on stream 1
Jan 30, 2026 02:07:13.995 [130793733492480] DEBUG - Deep Analysis: Performing stream bitrate analysis on stream 2
Jan 30, 2026 02:07:14.006 [130793733492480] DEBUG - Deep Analysis: Performing stream bitrate analysis on stream 3
Jan 30, 2026 02:07:14.007 [130793733492480] DEBUG - Deep Analysis: Performing stream bitrate analysis on stream 4
Jan 30, 2026 02:07:14.008 [130793733492480] DEBUG - Deep Analysis: Performing stream bitrate analysis on stream 5
Jan 30, 2026 02:07:14.009 [130793733492480] DEBUG - Deep Analysis: Performing stream bitrate analysis on stream 6
Jan 30, 2026 02:07:14.009 [130793733492480] DEBUG - Deep Analysis: Performing stream bitrate analysis on stream 7
Jan 30, 2026 02:07:14.010 [130793733492480] DEBUG - Deep Analysis: Performing stream bitrate analysis on stream 8
Jan 30, 2026 02:07:14.010 [130793733492480] DEBUG - Deep Analysis: Performing stream bitrate analysis on stream 9
Jan 30, 2026 02:07:14.011 [130793733492480] DEBUG - Deep Analysis: Performing stream bitrate analysis on stream 10
Jan 30, 2026 02:07:14.012 [130793733492480] DEBUG - Deep Analysis: Performing stream bitrate analysis on stream 11
Jan 30, 2026 02:07:14.012 [130793733492480] DEBUG - Deep Analysis: Performing stream bitrate analysis on stream 12
Jan 30, 2026 02:07:14.013 [130793733492480] DEBUG - Deep Analysis: Performing stream bitrate analysis on stream 13
Jan 30, 2026 02:07:14.014 [130793733492480] DEBUG - Deep Analysis: Performing stream bitrate analysis on stream 14
Jan 30, 2026 02:07:14.014 [130793733492480] DEBUG - Deep Analysis: Performing stream bitrate analysis on stream 15
Jan 30, 2026 02:07:14.015 [130793733492480] DEBUG - Deep Analysis: Performing stream bitrate analysis on stream 16
Jan 30, 2026 02:07:14.015 [130793733492480] DEBUG - Deep Analysis: Performing stream bitrate analysis on stream 17
Jan 30, 2026 02:07:14.016 [130793733492480] DEBUG - Deep Analysis: Performing stream bitrate analysis on stream 18
Jan 30, 2026 02:07:14.017 [130793733492480] DEBUG - Deep Analysis: Performing stream bitrate analysis on stream 19
Jan 30, 2026 02:07:14.017 [130793733492480] DEBUG - Deep Analysis: Performing stream bitrate analysis on stream 20
Jan 30, 2026 02:07:14.018 [130793733492480] DEBUG - Deep Analysis: Performing stream bitrate analysis on stream 21
Jan 30, 2026 02:07:14.019 [130793733492480] DEBUG - Deep Analysis: Performing stream bitrate analysis on stream 22
Jan 30, 2026 02:07:14.019 [130793733492480] DEBUG - Deep Analysis: Performing stream bitrate analysis on stream 23
Jan 30, 2026 02:07:14.020 [130793733492480] DEBUG - Deep Analysis: Performing stream bitrate analysis on stream 24
Jan 30, 2026 02:07:14.020 [130793733492480] DEBUG - Deep Analysis: Performing stream bitrate analysis on stream 25
Jan 30, 2026 02:07:14.021 [130793733492480] DEBUG - Deep Analysis: Performing stream bitrate analysis on stream 26
Jan 30, 2026 02:07:14.022 [130793733492480] DEBUG - Deep Analysis: Performing stream bitrate analysis on stream 27
Jan 30, 2026 02:07:14.022 [130793733492480] DEBUG - Deep Analysis: Performing stream bitrate analysis on stream 28
Jan 30, 2026 02:07:14.023 [130793733492480] DEBUG - Deep Analysis: Performing stream bitrate analysis on stream 29
Jan 30, 2026 02:07:14.023 [130793733492480] DEBUG - Deep Analysis: Performing stream bitrate analysis on stream 30
Jan 30, 2026 02:07:14.024 [130793733492480] DEBUG - Deep Analysis: Performing stream bitrate analysis on stream 31
Jan 30, 2026 02:07:14.025 [130793733492480] DEBUG - Deep Analysis: Performing stream bitrate analysis on stream 32
Jan 30, 2026 02:07:14.025 [130793733492480] DEBUG - Deep Analysis: Performing stream bitrate analysis on stream 33
Jan 30, 2026 02:07:14.026 [130793733492480] DEBUG - Deep Analysis: Performing stream bitrate analysis on stream 34
Jan 30, 2026 02:07:14.026 [130793733492480] DEBUG - Deep Analysis: Performing stream bitrate analysis on stream 35
Jan 30, 2026 02:07:14.027 [130793733492480] DEBUG - Deep Analysis: Performing stream bitrate analysis on stream 36
Jan 30, 2026 02:07:14.028 [130793733492480] DEBUG - Deep Analysis: Performing stream bitrate analysis on stream 37
Jan 30, 2026 02:07:14.028 [130793733492480] DEBUG - Deep Analysis: Performing stream bitrate analysis on stream 38
Jan 30, 2026 02:07:14.029 [130793733492480] DEBUG - Deep Analysis: Performing stream bitrate analysis on stream 39
Jan 30, 2026 02:07:14.029 [130793733492480] DEBUG - Deep Analysis: Performing stream bitrate analysis on stream 40
Jan 30, 2026 02:07:14.030 [130793733492480] DEBUG - Deep Analysis: Performing stream bitrate analysis on stream 41
Jan 30, 2026 02:07:14.031 [130793733492480] DEBUG - Deep Analysis: Saving GoP analysis for stream 0
Jan 30, 2026 02:07:14.035 [130793733492480] DEBUG - Deep Analysis: Saving bitrate analysis
Jan 30, 2026 02:07:14.035 [130793733492480] DEBUG - Updating part with ID=218 [/tv/Senna (2024)/Season 1/Senna - S01E03 - Ambition - WEBDL-1080p.mkv]
Jan 30, 2026 02:07:14.039 [130793733492480] DEBUG - [MI] Closing input file: "/tv/Senna (2024)/Season 1/Senna - S01E03 - Ambition - WEBDL-1080p.mkv"
Jan 30, 2026 02:07:14.040 [130793733492480] DEBUG - Updating media item 218, size=3145515789, metadata_item_id=151
Jan 30, 2026 02:07:14.040 [130793733492480] DEBUG - Updating part with ID=218 [/tv/Senna (2024)/Season 1/Senna - S01E03 - Ambition - WEBDL-1080p.mkv]
