Jan 22, 2026 17:02:47.830 [0x7728a11b0b38] INFO - Plex Tuner Service v1.42.2.10156-f737b826c - Docker Docker Container (LinuxServer.io) x86_64 - build: 
Jan 22, 2026 17:02:47.831 [0x7728a11b0b38] INFO - Linux version: 6.8.0-90-generic (#91-Ubuntu SMP PREEMPT_DYNAMIC Tue Nov 18 14:14:30 UTC 2025), language: en-US
Jan 22, 2026 17:02:47.831 [0x7728a11b0b38] INFO - Processor Intel(R) Core(TM) i7-5500U CPU @ 2.40GHz
Jan 22, 2026 17:02:47.832 [0x7728a11b0b38] INFO - /usr/lib/plexmediaserver/Plex Tuner Service /usr/lib/plexmediaserver/Resources/Tuner/Private /usr/lib/plexmediaserver/Resources/Tuner/Shared 1.42.2.10156-f737b826c 32600
Jan 22, 2026 17:02:47.828 [0x7728a2d21808] INFO - [I] broker_t::start...
Jan 22, 2026 17:02:47.833 [0x7728a2d21808] INFO - [I] device_manager_t::init.
Jan 22, 2026 17:02:47.833 [0x7728a2d21808] INFO - [I] device_manager_t::init. Initialize provider manager
Jan 22, 2026 17:02:47.833 [0x7728a2d21808] INFO - [I] device_manager_t::init. Initialize all device auxes
Jan 22, 2026 17:02:47.834 [0x7728a2d21808] INFO - [I] dvb_device_factory_t::get_aux_list
Jan 22, 2026 17:02:47.834 [0x7728a2d21808] INFO - [I] tvbutler_aux_t::init
Jan 22, 2026 17:02:47.837 [0x7728a2d21808] INFO - [I] web_server_t::start. Starting web server on port 32600
Jan 22, 2026 17:02:55.458 [0x7728a0f24b38] INFO - [I] web_service_t::process_device_discovery
Jan 22, 2026 17:02:55.458 [0x7728a0f24b38] INFO - [I] device_reactor_t::get_device_list ()
Jan 22, 2026 17:02:57.464 [0x7728a0f24b38] INFO - [I] SAT2IP - discover_satip_servers(): no servers found
Jan 22, 2026 17:02:57.887 [0x7728a0f24b38] INFO - [I] v4l::DeviceGetList_impl. getting v4l device list
Jan 22, 2026 17:02:57.894 [0x7728a0f24b38] INFO - [I] onetv_factory::DeviceGetListEx >>
Jan 22, 2026 17:02:57.894 [0x7728a0f24b38] WARN - [W] onetv_factory::DeviceGetListEx. libusb_init returned an error -99
Jan 22, 2026 17:04:46.345 [0x7728a2d21808] INFO - Received SIGINT: Interrupt from keyboard.
Jan 22, 2026 17:04:46.355 [0x7728a2d21808] INFO - [I] device_manager_t::term
Jan 22, 2026 17:04:46.355 [0x7728a2d21808] INFO - [I] device_manager_t::term. Stop all devices
Jan 22, 2026 17:04:46.356 [0x7728a2d21808] INFO - [I] device_manager_t::term. Shut down all device auxes
Jan 22, 2026 17:04:46.356 [0x7728a2d21808] INFO - [I] tvbutler_aux_t::term
Jan 22, 2026 17:04:46.356 [0x7728a2d21808] INFO - [I] web_server_t::stop. Web server is stopped
Jan 22, 2026 17:04:46.357 [0x7728a2d21808] INFO - [I] device_manager_t::term
Jan 22, 2026 17:04:46.357 [0x7728a2d21808] INFO - [I] device_manager_t::term. Stop all devices
Jan 22, 2026 17:04:46.357 [0x7728a2d21808] INFO - [I] device_manager_t::term. Shut down all device auxes
Jan 22, 2026 17:04:46.358 [0x7728a2d21808] INFO - [I] broker_t::shutdown. Shutdown is completed.
