Feb 03, 2026 14:17:47.735 [126159769172792] INFO - Plex Media Server v1.42.2.10156-f737b826c - Docker Docker Container (LinuxServer.io) x86_64 - build: linux-x86_64 debian - GMT 00:00
Feb 03, 2026 14:17:47.735 [126159769172792] INFO - Linux version: 6.8.0-90-generic, language: en-US
Feb 03, 2026 14:17:47.736 [126159769172792] INFO - Processor: 4-core Intel(R) Core(TM) i7-5500U CPU @ 2.40GHz
Feb 03, 2026 14:17:47.736 [126159769172792] INFO - Compiler is - Clang 11.0.1 (https://plex.tv 9b997da8e5b47bdb4a9425b3a3b290be393b4b1f)
Feb 03, 2026 14:17:47.736 [126159769172792] INFO - /usr/lib/plexmediaserver/Plex Media Server
Feb 03, 2026 14:17:47.751 [126159771716240] DEBUG - BPQ: [Idle] -> [Starting]
Feb 03, 2026 14:17:47.760 [126159771716240] DEBUG - FeatureManager: Using cached data for features list
Feb 03, 2026 14:17:47.782 [126159771716240] DEBUG - MyPlex: mapping state set to 'Unknown'.
Feb 03, 2026 14:17:47.782 [126159771716240] DEBUG - Relay: read 0 cached entries from hosts file
Feb 03, 2026 14:17:47.787 [126159771716240] DEBUG - Opening 20 database sessions to library (com.plexapp.plugins.library), SQLite 3.39.4, threadsafe=1
Feb 03, 2026 14:17:48.017 [126159771716240] DEBUG - MyPlex: using cached data for request for https://plex.tv/api/v2/server/users/features
Feb 03, 2026 14:17:48.119 [126159771716240] DEBUG - [CERT] Subject name is /CN=*.1bac40021f47432f9c1841e656677f93.plex.direct
Feb 03, 2026 14:17:48.119 [126159771716240] DEBUG - [CERT] Installed certificate with fingerprint 4c:ca:3d:be:ac:56:02:2f:38:79:61:b6:fd:57:74:d5:c9:c9:0b:e0.
Feb 03, 2026 14:17:48.119 [126159771716240] DEBUG - [CERT/OCSP] no URL available
Feb 03, 2026 14:17:48.119 [126159771716240] WARN - [CERT/OCSP] getCertInfo failed; skipping stapling
Feb 03, 2026 14:17:48.119 [126159771716240] DEBUG - HttpServer: Listening on IPv6 as well as IPv4.
Feb 03, 2026 14:17:48.119 [126159771716240] DEBUG - HttpServer: Listening on port 32400.
Feb 03, 2026 14:17:48.122 [126159771716240] DEBUG - HttpServer: Listening on port 32401.
Feb 03, 2026 14:17:48.122 [126159771716240] DEBUG - Running server...
Feb 03, 2026 14:17:48.123 [126159771716240] INFO - Running migrations. (EPG 0)
Feb 03, 2026 14:17:48.124 [126159771716240] DEBUG - Captured session 0.
Feb 03, 2026 14:17:48.124 [126159771716240] DEBUG - Captured session 1.
Feb 03, 2026 14:17:48.124 [126159771716240] DEBUG - Captured session 2.
Feb 03, 2026 14:17:48.124 [126159771716240] DEBUG - Captured session 3.
Feb 03, 2026 14:17:48.124 [126159771716240] DEBUG - Captured session 4.
Feb 03, 2026 14:17:48.124 [126159771716240] DEBUG - Captured session 5.
Feb 03, 2026 14:17:48.124 [126159771716240] DEBUG - Captured session 6.
Feb 03, 2026 14:17:48.124 [126159771716240] DEBUG - Captured session 7.
Feb 03, 2026 14:17:48.124 [126159771716240] DEBUG - Captured session 8.
Feb 03, 2026 14:17:48.124 [126159771716240] DEBUG - Captured session 9.
Feb 03, 2026 14:17:48.124 [126159771716240] DEBUG - Captured session 10.
Feb 03, 2026 14:17:48.124 [126159771716240] DEBUG - Captured session 11.
Feb 03, 2026 14:17:48.124 [126159771716240] DEBUG - Captured session 12.
Feb 03, 2026 14:17:48.124 [126159771716240] DEBUG - Captured session 13.
Feb 03, 2026 14:17:48.124 [126159771716240] DEBUG - Captured session 14.
Feb 03, 2026 14:17:48.124 [126159771716240] DEBUG - Captured session 15.
Feb 03, 2026 14:17:48.124 [126159771716240] DEBUG - Captured session 16.
Feb 03, 2026 14:17:48.124 [126159771716240] DEBUG - Captured session 17.
Feb 03, 2026 14:17:48.124 [126159771716240] DEBUG - Captured session 18.
Feb 03, 2026 14:17:48.124 [126159771716240] DEBUG - Captured session 19.
Feb 03, 2026 14:17:48.125 [126159751195448] DEBUG - HttpServer: Set up a thread pool with 2 threads.
Feb 03, 2026 14:17:48.131 [126159771716240] DEBUG - ChangestampAllocator: initialized to 11956
Feb 03, 2026 14:17:48.135 [126159771716240] DEBUG - Opening 2 database sessions to library (com.plexapp.plugins.library.blobs), SQLite 3.39.4, threadsafe=1
Feb 03, 2026 14:17:48.142 [126159771716240] INFO - Running migrations. (EPG 0)
Feb 03, 2026 14:17:48.145 [126159771716240] DEBUG - Captured session 0.
Feb 03, 2026 14:17:48.145 [126159771716240] DEBUG - Captured session 1.
Feb 03, 2026 14:17:48.250 [126159764417336] DEBUG - Grabber: Cleaning up orphaned grabs.
Feb 03, 2026 14:17:48.251 [126159771716240] DEBUG - Media Provider: Registering provider com.plexapp.plugins.library
Feb 03, 2026 14:17:48.251 [126159764417336] DEBUG - Grabber: Cleaned up 0 decrepit directories in 0.0 sec.
Feb 03, 2026 14:17:48.252 [126159771716240] DEBUG - Auth: Refreshing tokens inside the token-based authentication filter.
Feb 03, 2026 14:17:48.252 [126159771716240] DEBUG - MyPlex: using cached data for request for https://plex.tv/api/v2/server/access_tokens?auth_token=xxxxxxxxxxxxxxxxxxxx
Feb 03, 2026 14:17:48.255 [126159771716240] DEBUG - MyPlex: updating with 12 access tokens
Feb 03, 2026 14:17:48.256 [126159771716240] DEBUG - MyPlex: using cached data for request for https://plex.tv/api/v2/server/users?auth_token=xxxxxxxxxxxxxxxxxxxx
Feb 03, 2026 14:17:48.257 [126159771716240] DEBUG - MyPlex: using cached data for request for https://plex.tv/api/v2/server/users/subscriptions?auth_token=xxxxxxxxxxxxxxxxxxxx
Feb 03, 2026 14:17:48.257 [126159771716240] DEBUG - MyPlex: using cached data for request for https://plex.tv/api/v2/server/users/services?auth_token=xxxxxxxxxxxxxxxxxxxx
Feb 03, 2026 14:17:48.262 [126159764417336] DEBUG - Auth: Refreshing tokens inside the token-based authentication filter.
Feb 03, 2026 14:17:48.262 [126159764417336] DEBUG - [HCl#1] HTTP requesting GET https://plex.tv/api/v2/server/access_tokens?auth_token=xxxxxxxxxxxxxxxxxxxx
Feb 03, 2026 14:17:48.263 [126159771716240] DEBUG - Opening 1 database sessions to library (), SQLite 3.39.4, threadsafe=1
Feb 03, 2026 14:17:48.276 [126159734635320] DEBUG - File "/usr/lib/plexmediaserver/Resources/Plug-ins-f737b826c" changed: -1 => 2026-01-28 20:56:35 (1769633795).
Feb 03, 2026 14:17:48.276 [126159734635320] DEBUG - File "/config/Library/Application Support/Plex Media Server/Plug-ins" changed: -1 => 2026-01-20 16:30:31 (1768926631).
Feb 03, 2026 14:17:48.276 [126159734635320] DEBUG - Scanning for plug-ins in "/usr/lib/plexmediaserver/Resources/Plug-ins-f737b826c"
Feb 03, 2026 14:17:48.282 [126159734635320] DEBUG - Scanning for plug-ins in "/config/Library/Application Support/Plex Media Server/Plug-ins"
Feb 03, 2026 14:17:48.282 [126159734635320] DEBUG - PluginRepository::setStartState: 1, startingSystem
Feb 03, 2026 14:17:48.282 [126159734635320] DEBUG - Starting plug-in /usr/lib/plexmediaserver/Resources/Plug-ins-f737b826c/System.bundle.
Feb 03, 2026 14:17:48.283 [126159734635320] DEBUG - [com.plexapp.system] Setting plug-in to always running (daemon mode).
Feb 03, 2026 14:17:48.285 [126159734635320] DEBUG - Starting file watcher for com.plexapp.system
Feb 03, 2026 14:17:48.285 [126159734635320] DEBUG - Plugin: setting environment variable: 'PYTHONHOME=/usr/lib/plexmediaserver/Resources/Python'
Feb 03, 2026 14:17:48.285 [126159734635320] DEBUG - Plugin: setting environment variable: 'PYTHONPATH=/usr/lib/plexmediaserver/Resources/Python/python27.zip:/usr/lib/plexmediaserver/Resources/Python/lib/python2.7/site-packages'
Feb 03, 2026 14:17:48.292 [126159734635320] DEBUG - Spawned plug-in com.plexapp.system with PID 203
Feb 03, 2026 14:17:48.292 [126159734635320] DEBUG - [com.plexapp.system] Sending command: GET /:/prefixes
Feb 03, 2026 14:17:48.323 [126159756540728] DEBUG - Request: didn't get any data from [::ffff:127.0.0.1]:55250: End of file
Feb 03, 2026 14:17:49.033 [126159739050808] DEBUG - [HttpClient/HCl#1] HTTP/1.1 (0.8s) 200 response from GET https://plex.tv/api/v2/server/access_tokens?auth_token=xxxxxxxxxxxxxxxxxxxx
Feb 03, 2026 14:17:49.036 [126159764417336] DEBUG - MyPlex: updating with 12 access tokens
Feb 03, 2026 14:17:49.041 [126159764417336] DEBUG - [HCl#2] HTTP requesting GET https://plex.tv/api/v2/server/users?auth_token=xxxxxxxxxxxxxxxxxxxx
Feb 03, 2026 14:17:49.204 [126159739050808] DEBUG - [HttpClient/HCl#2] HTTP/1.1 (0.2s) 200 response from GET https://plex.tv/api/v2/server/users?auth_token=xxxxxxxxxxxxxxxxxxxx (reused)
Feb 03, 2026 14:17:49.208 [126159730326328] DEBUG - [HCl#3] HTTP requesting GET https://plex.tv/api/v2/server/users/subscriptions?auth_token=xxxxxxxxxxxxxxxxxxxx
Feb 03, 2026 14:17:49.370 [126159739050808] DEBUG - [HttpClient/HCl#3] HTTP/1.1 (0.2s) 200 response from GET https://plex.tv/api/v2/server/users/subscriptions?auth_token=xxxxxxxxxxxxxxxxxxxx (reused)
Feb 03, 2026 14:17:49.372 [126159730326328] DEBUG - MyPlex: using cached data for request for https://plex.tv/api/v2/server/users/services?auth_token=xxxxxxxxxxxxxxxxxxxx
Feb 03, 2026 14:17:49.719 [126159728216888] DEBUG - [JobRunner] Job running: /usr/lib/plexmediaserver/CrashUploader "--directory=/config/Library/Application Support/Plex Media Server/Crash Reports/1.42.2.10156-f737b826c" --version=1.42.2.10156-f737b826c --platform=Linux --platformVersion=6.8.0-90-generic --serverUuid=5e7f690a5d7aaebc45f52729540aadee813dd9f4 --userId=lucas.noman7@gmail.com --sentryUrl=https://o17675.ingest.sentry.io/api/1233455/ --sentryKey=xxxxxxxxxxxxxxxxxxxxxxxxxxxxxxxx --vendor=Docker --model=x86_64 "--device=Docker Container (LinuxServer.io)"
Feb 03, 2026 14:17:49.725 [126159728216888] DEBUG - [JobRunner] Jobs: Starting child process with pid 225
Feb 03, 2026 14:17:49.777 [126159766969144] DEBUG - Jobs: '/usr/lib/plexmediaserver/CrashUploader' exit code for process 225 is 0 (success)
Feb 03, 2026 14:17:51.455 [126159723998008] DEBUG - Request: [127.0.0.1:55266 (Loopback)] GET /:/plugins/com.plexapp.system/messaging/function/X0J1bmRsZVNlcnZpY2U6QWxsU2VydmljZXM_/Y2VyZWFsMQoxCmxpc3QKMApyMAo_/Y2VyZWFsMQoxCmRpY3QKMApyMAo_ (3 live) #3 GZIP Token ()
Feb 03, 2026 14:17:51.456 [126159756540728] DEBUG - Completed: [127.0.0.1:55266] 503 GET /:/plugins/com.plexapp.system/messaging/function/X0J1bmRsZVNlcnZpY2U6QWxsU2VydmljZXM_/Y2VyZWFsMQoxCmxpc3QKMApyMAo_/Y2VyZWFsMQoxCmRpY3QKMApyMAo_ (3 live) #3 GZIP 0ms 436 bytes
Feb 03, 2026 14:17:51.485 [126159723998008] DEBUG - Request: [127.0.0.1:55282 (Loopback)] GET / (3 live) #4 GZIP Token ()
Feb 03, 2026 14:17:51.488 [126159756540728] DEBUG - Completed: [127.0.0.1:55282] 503 GET / (3 live) #4 GZIP 10ms 436 bytes
Feb 03, 2026 14:17:52.043 [126159726107448] DEBUG - [MediaProviderManager] Refreshing media providers
Feb 03, 2026 14:17:52.043 [126159726107448] DEBUG - [MediaProviderManager/Response::fetch/HCl#4] HTTP requesting GET https://plex.tv/media/providers
Feb 03, 2026 14:17:52.220 [126159739050808] DEBUG - [HttpClient/HCl#4] HTTP/1.1 (0.2s) 200 response from GET https://plex.tv/media/providers (reused)
Feb 03, 2026 14:17:52.221 [126159726107448] DEBUG - [MediaProviderManager] discovered cloud provider (Movies & Shows)
Feb 03, 2026 14:17:52.221 [126159764417336] DEBUG - [MediaProviderManager/HCl#5] HTTP requesting GET https://vod.provider.plex.tv?includePreferences=1
Feb 03, 2026 14:17:52.221 [126159726107448] DEBUG - [MediaProviderManager] discovered cloud provider (Metadata)
Feb 03, 2026 14:17:52.222 [126159726107448] DEBUG - [MediaProviderManager] loading cloud provider details (Metadata) (alive: 0)
Feb 03, 2026 14:17:52.771 [126159739050808] DEBUG - [HttpClient/HCl#5] HTTP/2.0 (0.6s) 200 response from GET https://vod.provider.plex.tv?includePreferences=1
Feb 03, 2026 14:17:52.784 [126159726107448] DEBUG - [MediaProviderManager] loading cloud provider details (Movies & Shows) (alive: 1)
Feb 03, 2026 14:17:52.784 [126159726107448] DEBUG - [MediaProviderManager] we had 0 cloud providers online, we now have 2
Feb 03, 2026 14:17:52.784 [126159726107448] DEBUG - [MediaProviderManager] cloud provider (Metadata) is online and available
Feb 03, 2026 14:17:52.784 [126159726107448] DEBUG - [MediaProviderManager] cloud provider (Movies & Shows) is online and available
Feb 03, 2026 14:17:52.784 [126159726107448] DEBUG - [MediaProviderManager/MetadataAgentManager] attempted to online our built-in agents but we're not yet signed in
Feb 03, 2026 14:17:52.784 [126159726107448] DEBUG - [MediaProviderManager] Media provider refresh complete
Feb 03, 2026 14:17:54.091 [126159723998008] DEBUG - Request: [127.0.0.1:55290 (Loopback)] GET /servers (3 live) #7 GZIP Token ()
Feb 03, 2026 14:17:54.091 [126159756540728] DEBUG - Completed: [127.0.0.1:55290] 503 GET /servers (3 live) #7 GZIP 0ms 436 bytes
Feb 03, 2026 14:17:54.169 [126159734635320] DEBUG - Reading 486 bytes in the body, code is 200
Feb 03, 2026 14:17:54.169 [126159734635320] DEBUG - [com.plexapp.system] Plug-in running on port 37941.
Feb 03, 2026 14:17:54.169 [126159734635320] DEBUG -  * Plug-in handles prefix: /system
Feb 03, 2026 14:17:54.169 [126159734635320] DEBUG -  * Plug-in handles prefix: /player
Feb 03, 2026 14:17:54.169 [126159734635320] DEBUG - Read configuration for [com.plexapp.system], had 2 prefixes
Feb 03, 2026 14:17:54.169 [126159734635320] DEBUG - Done with 1 synchronous plug-in starts, starting the rest in parallel.
Feb 03, 2026 14:17:54.169 [126159734635320] DEBUG - PluginRepository::setStartState: 2, startingPlugins
Feb 03, 2026 14:17:54.169 [126159734635320] DEBUG - Updating the list of agents known by the system.
Feb 03, 2026 14:17:54.169 [126159734635320] DEBUG - [com.plexapp.system] Sending command over HTTP (GET): /system/agents
Feb 03, 2026 14:17:54.169 [126159734635320] DEBUG - [HCl#8] HTTP requesting GET http://127.0.0.1:37941/system/agents
Feb 03, 2026 14:17:54.170 [126159771716240] DEBUG - Image transcode cache directory: "/config/Library/Application Support/Plex Media Server/Cache/PhotoTranscoder"
Feb 03, 2026 14:17:54.172 [126159771716240] DEBUG - Transcoder: Cleaning old transcode directories.
Feb 03, 2026 14:17:54.173 [126159771716240] DEBUG - MyPlex: using cached data for request for https://plex.tv/api/v2/server/access_tokens?auth_token=xxxxxxxxxxxxxxxxxxxx
Feb 03, 2026 14:17:54.174 [126159771716240] DEBUG - MyPlex: updating with 12 access tokens
Feb 03, 2026 14:17:54.176 [126159771716240] DEBUG - MyPlex: using cached data for request for https://plex.tv/api/v2/server/users?auth_token=xxxxxxxxxxxxxxxxxxxx
Feb 03, 2026 14:17:54.176 [126159771716240] DEBUG - MyPlex: using cached data for request for https://plex.tv/api/v2/server/users/subscriptions?auth_token=xxxxxxxxxxxxxxxxxxxx
Feb 03, 2026 14:17:54.177 [126159771716240] DEBUG - MyPlex: using cached data for request for https://plex.tv/api/v2/server/users/services?auth_token=xxxxxxxxxxxxxxxxxxxx
Feb 03, 2026 14:17:54.177 [126159771716240] DEBUG - MyPlex: using cached data for request for https://plex.tv/api/v2/user?includeSubscriptions=1&includeProviders=1
Feb 03, 2026 14:17:54.181 [126159771716240] DEBUG - MyPlex: username is lucascnoman, login is lucas.noman7@gmail.com, home is 0, no pin
Feb 03, 2026 14:17:54.184 [126159771716240] DEBUG - MyPlex: start public ip check and mapping - current mapped state: 'Unknown'.
Feb 03, 2026 14:17:54.184 [126159771716240] DEBUG - MyPlex: mapping state set to 'Not Mapped'.
Feb 03, 2026 14:17:54.184 [126159771716240] DEBUG - PublicAddressManager: Starting.
Feb 03, 2026 14:17:54.184 [126159771716240] DEBUG - PublicAddressManager: Obtaining public address and mapping port.
Feb 03, 2026 14:17:54.184 [126159726107448] DEBUG - PublicAddressManager: Obtaining public IP.
Feb 03, 2026 14:17:54.184 [126159726107448] DEBUG - [HCl#9] HTTP requesting GET https://v4.plex.tv/pms/:/ip
Feb 03, 2026 14:17:54.184 [126159717862200] DEBUG - [HCl#a] HTTP requesting GET https://plex.tv/api/v2/user?includeSubscriptions=1&includeProviders=1
Feb 03, 2026 14:17:54.184 [126159728216888] DEBUG - NAT: UPnP, attempting port mapping.
Feb 03, 2026 14:17:54.187 [126159771716240] DEBUG - NetworkInterface: Starting watch thread.
Feb 03, 2026 14:17:54.189 [126159771716240] DEBUG - Network change.
Feb 03, 2026 14:17:54.189 [126159771716240] DEBUG - NetworkInterface: Notified of network changed (force=0)
Feb 03, 2026 14:17:54.189 [126159713573688] DEBUG - NetworkInterface: Watching for changes on the interfaces.
Feb 03, 2026 14:17:54.191 [126159771716240] DEBUG - Detected primary interface: 192.168.1.100
Feb 03, 2026 14:17:54.191 [126159771716240] DEBUG - Network interfaces:
Feb 03, 2026 14:17:54.191 [126159771716240] DEBUG -  * 1 lo (127.0.0.1) (00-00-00-00-00-00) (loopback: 1)
Feb 03, 2026 14:17:54.191 [126159771716240] DEBUG -  * 2 enp2s0 (192.168.1.100) (1C-39-47-53-92-F0) (loopback: 0)
Feb 03, 2026 14:17:54.191 [126159771716240] DEBUG -  * 4 br-b5ecd66b40b5 (172.19.0.1) (D6-2A-D1-84-97-D7) (loopback: 0)
Feb 03, 2026 14:17:54.191 [126159771716240] DEBUG -  * 5 br-d1e1660fecf4 (172.18.0.1) (9A-A7-E8-E3-5E-7D) (loopback: 0)
Feb 03, 2026 14:17:54.191 [126159771716240] DEBUG -  * 6 br-eb849aa15abb (172.20.0.1) (EA-99-0A-2F-09-87) (loopback: 0)
Feb 03, 2026 14:17:54.191 [126159771716240] DEBUG -  * 7 docker0 (172.17.0.1) (16-27-E7-10-18-3D) (loopback: 0)
Feb 03, 2026 14:17:54.191 [126159771716240] DEBUG -  * 1 lo (::1) (00-00-00-00-00-00) (loopback: 1)
Feb 03, 2026 14:17:54.191 [126159771716240] DEBUG -  * 2 enp2s0 (2804:98c:7032:d400:1e39:47ff:fe53:92f0) (1C-39-47-53-92-F0) (loopback: 0)
Feb 03, 2026 14:17:54.191 [126159771716240] DEBUG - Creating NetworkServices singleton.
Feb 03, 2026 14:17:54.191 [126159771716240] DEBUG - NetworkServices: Initializing...
Feb 03, 2026 14:17:54.191 [126159771716240] DEBUG - NetworkService: Creating new service.
Feb 03, 2026 14:17:54.191 [126159771716240] DEBUG - NetworkService: Got notification of changed network (first change: 1)
Feb 03, 2026 14:17:54.191 [126159771716240] DEBUG - NetworkService: Quick dispatch of network change.
Feb 03, 2026 14:17:54.191 [126159771716240] DEBUG - NetworkService: Creating new service.
Feb 03, 2026 14:17:54.192 [126159771716240] DEBUG - NetworkService: Got notification of changed network (first change: 1)
Feb 03, 2026 14:17:54.192 [126159771716240] DEBUG - NetworkService: Quick dispatch of network change.
Feb 03, 2026 14:17:54.192 [126159771716240] DEBUG - NetworkService: Creating new service.
Feb 03, 2026 14:17:54.192 [126159771716240] DEBUG - NetworkService: Got notification of changed network (first change: 1)
Feb 03, 2026 14:17:54.192 [126159711464248] DEBUG - Network change for advertiser.
Feb 03, 2026 14:17:54.192 [126159711464248] DEBUG - NetworkService: Setting up multicast listener on 0.0.0.0:32414
Feb 03, 2026 14:17:54.192 [126159711464248] DEBUG - Network change for advertiser.
Feb 03, 2026 14:17:54.192 [126159711464248] DEBUG - NetworkService: Setting up multicast listener on 0.0.0.0:32410
Feb 03, 2026 14:17:54.192 [126159771716240] DEBUG - NetworkService: Quick dispatch of network change.
Feb 03, 2026 14:17:54.193 [126159771716240] DEBUG - NetworkService: Creating new service.
Feb 03, 2026 14:17:54.193 [126159771716240] DEBUG - NetworkService: Got notification of changed network (first change: 1)
Feb 03, 2026 14:17:54.193 [126159771716240] DEBUG - NetworkService: Quick dispatch of network change.
Feb 03, 2026 14:17:54.193 [126159771716240] DEBUG - NetworkService: Creating new service.
Feb 03, 2026 14:17:54.193 [126159771716240] DEBUG - NetworkService: Got notification of changed network (first change: 1)
Feb 03, 2026 14:17:54.193 [126159771716240] DEBUG - NetworkService: Quick dispatch of network change.
Feb 03, 2026 14:17:54.193 [126159771716240] DEBUG - NetworkService: Creating new service.
Feb 03, 2026 14:17:54.193 [126159771716240] DEBUG - NetworkService: Got notification of changed network (first change: 1)
Feb 03, 2026 14:17:54.193 [126159771716240] DEBUG - NetworkService: Quick dispatch of network change.
Feb 03, 2026 14:17:54.194 [126159711464248] DEBUG - Network change for advertiser.
Feb 03, 2026 14:17:54.194 [126159711464248] DEBUG - NetworkService: Setting up multicast listener on 0.0.0.0:32412
Feb 03, 2026 14:17:54.194 [126159711464248] DEBUG - NetworkService: Network change for browser (polled=0), closing 0 browse sockets.
Feb 03, 2026 14:17:54.194 [126159711464248] DEBUG - NetworkService: Setting up multicast listener on 0.0.0.0:32413
Feb 03, 2026 14:17:54.194 [126159711464248] DEBUG - NetworkService: Browsing on interface 127.0.0.1 on broadcast address 127.255.255.255 (index: 0)
Feb 03, 2026 14:17:54.195 [126159711464248] DEBUG - NetworkService: Browsing on interface 192.168.1.100 on broadcast address 192.168.1.255 (index: 1)
Feb 03, 2026 14:17:54.195 [126159711464248] DEBUG - NetworkService: Browsing on interface 172.19.0.1 on broadcast address 172.19.255.255 (index: 2)
Feb 03, 2026 14:17:54.197 [126159709256504] DEBUG - [ChildProcessMonitor] Plex Tuner Service starting.
Feb 03, 2026 14:17:54.197 [126159709256504] DEBUG - [ChildProcessMonitor/JobRunner] Job running: "/usr/lib/plexmediaserver/Plex Tuner Service" /usr/lib/plexmediaserver/Resources/Tuner/Private /usr/lib/plexmediaserver/Resources/Tuner/Shared 1.42.2.10156-f737b826c 32600
Feb 03, 2026 14:17:54.197 [126159764417336] DEBUG - [HCl#b] HTTP requesting GET https://plex.tv/api/v2/release_channels?X-Plex-Token=xxxxxxxxxxxxxxxxxxxx
Feb 03, 2026 14:17:54.197 [126159711464248] DEBUG - NetworkService: Browsing on interface 172.18.0.1 on broadcast address 172.18.255.255 (index: 3)
Feb 03, 2026 14:17:54.197 [126159711464248] DEBUG - NetworkService: Browsing on interface 172.20.0.1 on broadcast address 172.20.255.255 (index: 4)
Feb 03, 2026 14:17:54.197 [126159711464248] DEBUG - NetworkService: Browsing on interface 172.17.0.1 on broadcast address 172.17.255.255 (index: 5)
Feb 03, 2026 14:17:54.197 [126159711464248] DEBUG - NetworkService: Network change for browser (polled=1), closing 0 browse sockets.
Feb 03, 2026 14:17:54.197 [126159711464248] DEBUG - NetworkService: Browsing on interface 127.0.0.1 on broadcast address 127.255.255.255 (index: 0)
Feb 03, 2026 14:17:54.197 [126159711464248] DEBUG - NetworkService: Browsing on interface 192.168.1.100 on broadcast address 192.168.1.255 (index: 1)
Feb 03, 2026 14:17:54.197 [126159711464248] DEBUG - NetworkService: Browsing on interface 172.19.0.1 on broadcast address 172.19.255.255 (index: 2)
Feb 03, 2026 14:17:54.197 [126159711464248] DEBUG - NetworkService: Browsing on interface 172.18.0.1 on broadcast address 172.18.255.255 (index: 3)
Feb 03, 2026 14:17:54.197 [126159711464248] DEBUG - NetworkService: Browsing on interface 172.20.0.1 on broadcast address 172.20.255.255 (index: 4)
Feb 03, 2026 14:17:54.197 [126159711464248] DEBUG - NetworkService: Browsing on interface 172.17.0.1 on broadcast address 172.17.255.255 (index: 5)
Feb 03, 2026 14:17:54.197 [126159711464248] DEBUG - NetworkService: Network change for browser (polled=0), closing 0 browse sockets.
Feb 03, 2026 14:17:54.197 [126159711464248] DEBUG - NetworkService: Setting up multicast listener on 0.0.0.0:1901
Feb 03, 2026 14:17:54.198 [126159711464248] DEBUG - NetworkService: Browsing on interface 192.168.1.100 on broadcast address 239.255.255.250 (index: 0)
Feb 03, 2026 14:17:54.198 [126159711464248] DEBUG - NetworkService: Browsing on interface 172.19.0.1 on broadcast address 239.255.255.250 (index: 1)
Feb 03, 2026 14:17:54.198 [126159711464248] DEBUG - NetworkService: Browsing on interface 172.18.0.1 on broadcast address 239.255.255.250 (index: 2)
Feb 03, 2026 14:17:54.198 [126159711464248] DEBUG - NetworkService: Browsing on interface 172.20.0.1 on broadcast address 239.255.255.250 (index: 3)
Feb 03, 2026 14:17:54.198 [126159711464248] DEBUG - NetworkService: Browsing on interface 172.17.0.1 on broadcast address 239.255.255.250 (index: 4)
Feb 03, 2026 14:17:54.200 [126159709256504] DEBUG - [ChildProcessMonitor/JobRunner] Jobs: Starting child process with pid 273
Feb 03, 2026 14:17:54.200 [126159707147064] DEBUG - [DatabaseFixups] Running fix-ups.
Feb 03, 2026 14:17:54.200 [126159707147064] DEBUG - [DatabaseFixups/31DatabaseFixupsCleanupRetroGames] Executing fixup
Feb 03, 2026 14:17:54.200 [126159707147064] DEBUG - [DatabaseFixups/31DatabaseFixupsCleanupRetroGames] Fixup completed
Feb 03, 2026 14:17:54.200 [126159707147064] DEBUG - [DatabaseFixups/39DatabaseFixupsEnsureLibrarySectionUuids] Executing fixup
Feb 03, 2026 14:17:54.201 [126159771716240] DEBUG - Waiting for server condition to be signaled.
Feb 03, 2026 14:17:54.201 [126159707147064] DEBUG - [DatabaseFixups/39DatabaseFixupsEnsureLibrarySectionUuids] Fixup completed
Feb 03, 2026 14:17:54.201 [126159707147064] DEBUG - [DatabaseFixups/38DatabaseFixupsEnsureMetadataItemHashes] Executing fixup
Feb 03, 2026 14:17:54.201 [126159700810552] DEBUG - [HCl#c] HTTP requesting GET https://plex.tv/api/v2/features?X-Plex-Token=xxxxxxxxxxxxxxxxxxxx
Feb 03, 2026 14:17:54.201 [126159707147064] DEBUG - [DatabaseFixups/38DatabaseFixupsEnsureMetadataItemHashes] Fixup completed
Feb 03, 2026 14:17:54.201 [126159707147064] DEBUG - [DatabaseFixups/39DatabaseFixupsSetDefaultAccountLanguage] Executing fixup
Feb 03, 2026 14:17:54.201 [126159707147064] DEBUG - [DatabaseFixups/39DatabaseFixupsSetDefaultAccountLanguage] Fixup completed
Feb 03, 2026 14:17:54.201 [126159707147064] DEBUG - [DatabaseFixups/52DatabaseFixupsCreateDefaultMediaProcessingTargetTags] Executing fixup
Feb 03, 2026 14:17:54.202 [126159707147064] DEBUG - [DatabaseFixups/52DatabaseFixupsCreateDefaultMediaProcessingTargetTags] Fixup completed
Feb 03, 2026 14:17:54.202 [126159707147064] DEBUG - [DatabaseFixups/43DatabaseFixupsUpdateAutomaticLibraryFolders] Executing fixup
Feb 03, 2026 14:17:54.202 [126159707147064] DEBUG - [DatabaseFixups/43DatabaseFixupsUpdateAutomaticLibraryFolders] Fixup completed
Feb 03, 2026 14:17:54.202 [126159707147064] DEBUG - [DatabaseFixups/29DatabaseFixupsSyncCollections] Executing fixup
Feb 03, 2026 14:17:54.202 [126159705029432] DEBUG - [HCl#d] HTTP requesting GET https://plex.tv/api/v2/user/privacy?X-Plex-Token=xxxxxxxxxxxxxxxxxxxx
Feb 03, 2026 14:17:54.202 [126159696567096] DEBUG - DVR: Starting up.
Feb 03, 2026 14:17:54.205 [126159707147064] DEBUG - [DatabaseFixups/29DatabaseFixupsSyncCollections] Collections: Found 0 collections tags in section 1.
Feb 03, 2026 14:17:54.205 [126159707147064] DEBUG - [DatabaseFixups/29DatabaseFixupsSyncCollections] Collections: We had 0 collections in the library already.
Feb 03, 2026 14:17:54.205 [126159707147064] DEBUG - [DatabaseFixups/29DatabaseFixupsSyncCollections] Collections: Synced tags in section 1 in 0ms.
Feb 03, 2026 14:17:54.214 [126159707147064] DEBUG - [DatabaseFixups/29DatabaseFixupsSyncCollections] Collections: Refreshed attributes for 0 collections in section 1 in 9ms.
Feb 03, 2026 14:17:54.215 [126159696567096] DEBUG - Activity: registered new activity 6b03c266-596d-4c48-a820-c8c9193c87cc - "Processing subscriptions"
Feb 03, 2026 14:17:54.221 [126159707147064] DEBUG - [DatabaseFixups/29DatabaseFixupsSyncCollections] Collection: Refreshed visibility in section 1 in 0ms.
Feb 03, 2026 14:17:54.221 [126159707147064] DEBUG - [DatabaseFixups/29DatabaseFixupsSyncCollections] Collections: Found 0 collections tags in section 2.
Feb 03, 2026 14:17:54.221 [126159707147064] DEBUG - [DatabaseFixups/29DatabaseFixupsSyncCollections] Collections: We had 0 collections in the library already.
Feb 03, 2026 14:17:54.221 [126159707147064] DEBUG - [DatabaseFixups/29DatabaseFixupsSyncCollections] Collections: Synced tags in section 2 in 0ms.
Feb 03, 2026 14:17:54.221 [126159707147064] DEBUG - [DatabaseFixups/29DatabaseFixupsSyncCollections] Collections: Found 0 collections tags in section 2.
Feb 03, 2026 14:17:54.222 [126159707147064] DEBUG - [DatabaseFixups/29DatabaseFixupsSyncCollections] Collections: We had 0 collections in the library already.
Feb 03, 2026 14:17:54.222 [126159707147064] DEBUG - [DatabaseFixups/29DatabaseFixupsSyncCollections] Collections: Synced tags in section 2 in 0ms.
Feb 03, 2026 14:17:54.222 [126159707147064] DEBUG - [DatabaseFixups/29DatabaseFixupsSyncCollections] Collections: Found 0 collections tags in section 2.
Feb 03, 2026 14:17:54.222 [126159707147064] DEBUG - [DatabaseFixups/29DatabaseFixupsSyncCollections] Collections: We had 0 collections in the library already.
Feb 03, 2026 14:17:54.222 [126159707147064] DEBUG - [DatabaseFixups/29DatabaseFixupsSyncCollections] Collections: Synced tags in section 2 in 0ms.
Feb 03, 2026 14:17:54.233 [126159707147064] DEBUG - [DatabaseFixups/29DatabaseFixupsSyncCollections] Collections: Refreshed attributes for 0 collections in section 2 in 11ms.
Feb 03, 2026 14:17:54.234 [126159707147064] DEBUG - [DatabaseFixups/29DatabaseFixupsSyncCollections] Collection: Refreshed visibility in section 2 in 0ms.
Feb 03, 2026 14:17:54.234 [126159707147064] DEBUG - [DatabaseFixups/29DatabaseFixupsSyncCollections] Collections: Found 0 collections tags in section 3.
Feb 03, 2026 14:17:54.234 [126159707147064] DEBUG - [DatabaseFixups/29DatabaseFixupsSyncCollections] Collections: We had 0 collections in the library already.
Feb 03, 2026 14:17:54.234 [126159707147064] DEBUG - [DatabaseFixups/29DatabaseFixupsSyncCollections] Collections: Synced tags in section 3 in 0ms.
Feb 03, 2026 14:17:54.234 [126159707147064] DEBUG - [DatabaseFixups/29DatabaseFixupsSyncCollections] Collections: Found 0 collections tags in section 3.
Feb 03, 2026 14:17:54.234 [126159707147064] DEBUG - [DatabaseFixups/29DatabaseFixupsSyncCollections] Collections: We had 0 collections in the library already.
Feb 03, 2026 14:17:54.234 [126159707147064] DEBUG - [DatabaseFixups/29DatabaseFixupsSyncCollections] Collections: Synced tags in section 3 in 0ms.
Feb 03, 2026 14:17:54.234 [126159707147064] DEBUG - [DatabaseFixups/29DatabaseFixupsSyncCollections] Collections: Found 0 collections tags in section 3.
Feb 03, 2026 14:17:54.235 [126159707147064] DEBUG - [DatabaseFixups/29DatabaseFixupsSyncCollections] Collections: We had 0 collections in the library already.
Feb 03, 2026 14:17:54.235 [126159707147064] DEBUG - [DatabaseFixups/29DatabaseFixupsSyncCollections] Collections: Synced tags in section 3 in 0ms.
Feb 03, 2026 14:17:54.245 [126159707147064] DEBUG - [DatabaseFixups/29DatabaseFixupsSyncCollections] Collections: Refreshed attributes for 0 collections in section 3 in 10ms.
Feb 03, 2026 14:17:54.245 [126159707147064] DEBUG - [DatabaseFixups/29DatabaseFixupsSyncCollections] Collection: Refreshed visibility in section 3 in 0ms.
Feb 03, 2026 14:17:54.245 [126159707147064] DEBUG - [DatabaseFixups/29DatabaseFixupsSyncCollections] Fixup completed
Feb 03, 2026 14:17:54.245 [126159707147064] DEBUG - [DatabaseFixups/31DatabaseFixupsCleanupActivities] Executing fixup
Feb 03, 2026 14:17:54.253 [126159707147064] DEBUG - [DatabaseFixups/31DatabaseFixupsCleanupActivities] Fixup completed
Feb 03, 2026 14:17:54.253 [126159707147064] DEBUG - [DatabaseFixups/35DatabaseFixupsConsolidatePeopleTags] Executing fixup
Feb 03, 2026 14:17:54.257 [126159707147064] DEBUG - [DatabaseFixups/35DatabaseFixupsConsolidatePeopleTags] Fixup completed
Feb 03, 2026 14:17:54.263 [126159707147064] DEBUG - [DatabaseFixups/54DatabaseFixupsGarbageCollectTransientMetadataRelations] Executing fixup
Feb 03, 2026 14:17:54.263 [126159707147064] DEBUG - [DatabaseFixups/54DatabaseFixupsGarbageCollectTransientMetadataRelations] Fixup completed
Feb 03, 2026 14:17:54.263 [126159707147064] DEBUG - [DatabaseFixups/48DatabaseFixupsResetCorruptedMetadataItemClusters] Executing fixup
Feb 03, 2026 14:17:54.264 [126159707147064] DEBUG - [DatabaseFixups/48DatabaseFixupsResetCorruptedMetadataItemClusters] Fixup completed
Feb 03, 2026 14:17:54.267 [126159707147064] DEBUG - [DatabaseFixups] Running database fix-ups completed in 0.0 seconds.
Feb 03, 2026 14:17:54.334 [126159739050808] DEBUG - [HttpClient/HCl#8] HTTP/1.1 (0.2s) 200 response from GET http://127.0.0.1:37941/system/agents
Feb 03, 2026 14:17:54.335 [126159734635320] DEBUG - [com.plexapp.system] HTTP reply status 200, with 8986 bytes of content.
Feb 03, 2026 14:17:54.345 [126159734635320] DEBUG - The system knows about 12 agents.
Feb 03, 2026 14:17:54.364 [126159715752760] DEBUG - Starting plug-in /usr/lib/plexmediaserver/Resources/Plug-ins-f737b826c/LyricFind.bundle.
Feb 03, 2026 14:17:54.364 [126159687867192] DEBUG - Starting plug-in /usr/lib/plexmediaserver/Resources/Plug-ins-f737b826c/Media-Flags.bundle.
Feb 03, 2026 14:17:54.365 [126159689976632] DEBUG - Starting plug-in /usr/lib/plexmediaserver/Resources/Plug-ins-f737b826c/Musicbrainz.bundle.
Feb 03, 2026 14:17:54.365 [126159734635320] DEBUG - Waiting for 16 plug-ins to finish starting.
Feb 03, 2026 14:17:54.367 [126159689976632] DEBUG - Perfect cache hit, we don't need to start [org.musicbrainz.agents.music] yet.
Feb 03, 2026 14:17:54.369 [126159687867192] DEBUG - Starting plug-in /usr/lib/plexmediaserver/Resources/Plug-ins-f737b826c/PlexThemeMusic.bundle.
Feb 03, 2026 14:17:54.376 [126159698697016] DEBUG - PublicAddressManager: Obtaining public address and mapping port.
Feb 03, 2026 14:17:54.381 [126159689976632] DEBUG - Starting plug-in /usr/lib/plexmediaserver/Resources/Plug-ins-f737b826c/HTbackdrops.bundle.
Feb 03, 2026 14:17:54.382 [126159689976632] DEBUG - Perfect cache hit, we don't need to start [com.plexapp.agents.htbackdrops] yet.
Feb 03, 2026 14:17:54.382 [126159687867192] DEBUG - Perfect cache hit, we don't need to start [com.plexapp.agents.plexthememusic] yet.
Feb 03, 2026 14:17:54.388 [126159715752760] DEBUG - Perfect cache hit, we don't need to start [com.plexapp.agents.lyricfind] yet.
Feb 03, 2026 14:17:54.388 [126159715752760] DEBUG - Starting plug-in /usr/lib/plexmediaserver/Resources/Plug-ins-f737b826c/PersonalMedia.bundle.
Feb 03, 2026 14:17:54.388 [126159689976632] DEBUG - Starting plug-in /usr/lib/plexmediaserver/Resources/Plug-ins-f737b826c/TheTVDBv4.bundle.
Feb 03, 2026 14:17:54.389 [126159687867192] DEBUG - Starting plug-in /usr/lib/plexmediaserver/Resources/Plug-ins-f737b826c/WebClient.bundle.
Feb 03, 2026 14:17:54.396 [126159715752760] DEBUG - Perfect cache hit, we don't need to start [com.plexapp.agents.none] yet.
Feb 03, 2026 14:17:54.398 [126159687867192] DEBUG - Starting plug-in /usr/lib/plexmediaserver/Resources/Plug-ins-f737b826c/PlexMovie.bundle.
Feb 03, 2026 14:17:54.401 [126159715752760] DEBUG - Starting plug-in /usr/lib/plexmediaserver/Resources/Plug-ins-f737b826c/Scanners.bundle.
Feb 03, 2026 14:17:54.403 [126159687867192] DEBUG - Perfect cache hit, we don't need to start [com.plexapp.agents.imdb] yet.
Feb 03, 2026 14:17:54.391 [126159689976632] DEBUG - Perfect cache hit, we don't need to start [com.plexapp.agents.thetvdb] yet.
Feb 03, 2026 14:17:54.405 [126159715752760] DEBUG - Starting plug-in /usr/lib/plexmediaserver/Resources/Plug-ins-f737b826c/LastFM.bundle.
Feb 03, 2026 14:17:54.406 [126159689976632] DEBUG - Starting plug-in /usr/lib/plexmediaserver/Resources/Plug-ins-f737b826c/TheMovieDB.bundle.
Feb 03, 2026 14:17:54.407 [126159687867192] DEBUG - Starting plug-in /usr/lib/plexmediaserver/Resources/Plug-ins-f737b826c/LocalMedia.bundle.
Feb 03, 2026 14:17:54.408 [126159689976632] DEBUG - Perfect cache hit, we don't need to start [com.plexapp.agents.themoviedb] yet.
Feb 03, 2026 14:17:54.408 [126159689976632] DEBUG - Starting plug-in /usr/lib/plexmediaserver/Resources/Plug-ins-f737b826c/MoviePosterDB.bundle.
Feb 03, 2026 14:17:54.416 [126159715752760] DEBUG - Perfect cache hit, we don't need to start [com.plexapp.agents.lastfm] yet.
Feb 03, 2026 14:17:54.416 [126159715752760] DEBUG - Starting plug-in /usr/lib/plexmediaserver/Resources/Plug-ins-f737b826c/Framework.bundle.
Feb 03, 2026 14:17:54.419 [126159687867192] DEBUG - Perfect cache hit, we don't need to start [com.plexapp.agents.localmedia] yet.
Feb 03, 2026 14:17:54.419 [126159687867192] DEBUG - Starting plug-in /usr/lib/plexmediaserver/Resources/Plug-ins-f737b826c/Fanart-TV.bundle.
Feb 03, 2026 14:17:54.440 [126159689976632] DEBUG - Perfect cache hit, we don't need to start [com.plexapp.agents.movieposterdb] yet.
Feb 03, 2026 14:17:54.449 [126159687867192] DEBUG - Perfect cache hit, we don't need to start [com.plexapp.agents.fanarttv] yet.
Feb 03, 2026 14:17:54.459 [126159734635320] DEBUG - Starting scheduled updates, every 3600 seconds
Feb 03, 2026 14:17:54.459 [126159734635320] INFO - LibraryUpdateManager path watching is disabled
Feb 03, 2026 14:17:54.459 [126159734635320] DEBUG - Done waiting for all plug-ins to start.
Feb 03, 2026 14:17:54.459 [126159734635320] DEBUG - PluginRepository::setStartState: 3, complete
Feb 03, 2026 14:17:54.459 [126159673068344] DEBUG - Downloading document http://127.0.0.1:32400/:/plugins/com.plexapp.agents.imdb/prefs
Feb 03, 2026 14:17:54.459 [126159673068344] DEBUG - Translator: Found locale uk
Feb 03, 2026 14:17:54.459 [126159673068344] DEBUG - Translator: Found locale he
Feb 03, 2026 14:17:54.459 [126159673068344] DEBUG - Translator: Found locale lt
Feb 03, 2026 14:17:54.459 [126159673068344] DEBUG - Translator: Found locale pt
Feb 03, 2026 14:17:54.459 [126159673068344] DEBUG - Translator: Found locale cs_CZ
Feb 03, 2026 14:17:54.459 [126159673068344] DEBUG - Translator: Found locale hu
Feb 03, 2026 14:17:54.459 [126159673068344] DEBUG - Translator: Found locale ro
Feb 03, 2026 14:17:54.459 [126159673068344] DEBUG - Translator: Found locale af
Feb 03, 2026 14:17:54.459 [126159673068344] DEBUG - Translator: Found locale no
Feb 03, 2026 14:17:54.459 [126159673068344] DEBUG - Translator: Found locale es
Feb 03, 2026 14:17:54.459 [126159673068344] DEBUG - Translator: Found locale de
Feb 03, 2026 14:17:54.459 [126159673068344] DEBUG - Translator: Found locale en
Feb 03, 2026 14:17:54.459 [126159673068344] DEBUG - Translator: Found locale ar
Feb 03, 2026 14:17:54.459 [126159673068344] DEBUG - Translator: Found locale ko
Feb 03, 2026 14:17:54.459 [126159673068344] DEBUG - Translator: Found locale hr_HR
Feb 03, 2026 14:17:54.459 [126159673068344] DEBUG - Translator: Found locale zh_CN
Feb 03, 2026 14:17:54.459 [126159673068344] DEBUG - Translator: Found locale it
Feb 03, 2026 14:17:54.459 [126159673068344] DEBUG - Translator: Found locale sv
Feb 03, 2026 14:17:54.459 [126159673068344] DEBUG - Translator: Found locale fi
Feb 03, 2026 14:17:54.459 [126159673068344] DEBUG - Translator: Found locale ja_JP
Feb 03, 2026 14:17:54.459 [126159673068344] DEBUG - Translator: Found locale nl_BE
Feb 03, 2026 14:17:54.459 [126159673068344] DEBUG - Translator: Found locale hu_HU
Feb 03, 2026 14:17:54.459 [126159673068344] DEBUG - Translator: Found locale sr
Feb 03, 2026 14:17:54.459 [126159673068344] DEBUG - Translator: Found locale sk
Feb 03, 2026 14:17:54.459 [126159673068344] DEBUG - Translator: Found locale pt_BR
Feb 03, 2026 14:17:54.459 [126159673068344] DEBUG - Translator: Found locale nl
Feb 03, 2026 14:17:54.459 [126159673068344] DEBUG - Translator: Found locale et_EE
Feb 03, 2026 14:17:54.459 [126159673068344] DEBUG - Translator: Found locale fr
Feb 03, 2026 14:17:54.459 [126159673068344] DEBUG - Translator: Found locale sl
Feb 03, 2026 14:17:54.459 [126159673068344] DEBUG - Translator: Found locale ru
Feb 03, 2026 14:17:54.459 [126159673068344] DEBUG - Translator: Found locale da
Feb 03, 2026 14:17:54.459 [126159673068344] DEBUG - Translator: Found locale pl
Feb 03, 2026 14:17:54.514 [126159673068344] DEBUG - [Req#b] Starting file watcher for com.plexapp.agents.imdb
Feb 03, 2026 14:17:54.520 [126159673068344] DEBUG - [Req#b] Plugin: setting environment variable: 'PYTHONHOME=/usr/lib/plexmediaserver/Resources/Python'
Feb 03, 2026 14:17:54.520 [126159673068344] DEBUG - [Req#b] Plugin: setting environment variable: 'PYTHONPATH=/usr/lib/plexmediaserver/Resources/Python/python27.zip:/usr/lib/plexmediaserver/Resources/Python/lib/python2.7/site-packages'
Feb 03, 2026 14:17:54.526 [126159673068344] DEBUG - [Req#b] Spawned plug-in com.plexapp.agents.imdb with PID 308
Feb 03, 2026 14:17:54.526 [126159673068344] DEBUG - [Req#b] [com.plexapp.agents.imdb] Sending command: GET /:/prefixes
Feb 03, 2026 14:17:55.067 [126159739050808] DEBUG - [HttpClient/HCl#a] HTTP/1.1 (0.9s) 200 response from GET https://plex.tv/api/v2/user?includeSubscriptions=1&includeProviders=1 (reused)
Feb 03, 2026 14:17:55.075 [126159730326328] DEBUG - MyPlex: username is lucascnoman, login is lucas.noman7@gmail.com, home is 0, no pin
Feb 03, 2026 14:17:55.086 [126159717862200] DEBUG - [HCl#e] HTTP requesting GET https://plex.tv/api/v2/geoip
Feb 03, 2026 14:17:55.231 [126159739050808] DEBUG - [HttpClient/HCl#b] HTTP/1.1 (1.0s) 200 response from GET https://plex.tv/api/v2/release_channels?X-Plex-Token=xxxxxxxxxxxxxxxxxxxx
Feb 03, 2026 14:17:55.245 [126159739050808] DEBUG - [HttpClient/HCl#d] HTTP/1.1 (1.0s) 200 response from GET https://plex.tv/api/v2/user/privacy?X-Plex-Token=xxxxxxxxxxxxxxxxxxxx
Feb 03, 2026 14:17:55.245 [126159739050808] DEBUG - [HttpClient/HCl#e] HTTP/1.1 (0.2s) 200 response from GET https://plex.tv/api/v2/geoip (reused)
Feb 03, 2026 14:17:55.248 [126159717862200] DEBUG - [HCl#f] HTTP requesting GET https://plex.tv/api/v2/user/privacy?X-Plex-Token=xxxxxxxxxxxxxxxxxxxx
Feb 03, 2026 14:17:55.248 [126159756540728] DEBUG - [EventSourceClient/pubsub/66.228.61.220:443] Resolving 66.228.61.220 port 443
Feb 03, 2026 14:17:55.252 [126159756540728] DEBUG - [EventSourceClient/pubsub/66.228.61.220:443] Resolved 66.228.61.220 to 66.228.61.220:443
Feb 03, 2026 14:17:55.255 [126159694457656] DEBUG - [HCl#10] HTTP requesting GET https://plex.tv/api/v2/server/webhooks?X-Plex-Token=xxxxxxxxxxxxxxxxxxxx
Feb 03, 2026 14:17:55.361 [126159739050808] DEBUG - [HttpClient/HCl#9] HTTP/1.1 (1.2s) 200 response from GET https://v4.plex.tv/pms/:/ip
Feb 03, 2026 14:17:55.365 [126159726107448] DEBUG - PublicAddressManager: Got public IP from v4.plex.tv: 186.225.181.67
Feb 03, 2026 14:17:55.409 [126159739050808] DEBUG - [HttpClient/HCl#f] HTTP/1.1 (0.2s) 200 response from GET https://plex.tv/api/v2/user/privacy?X-Plex-Token=xxxxxxxxxxxxxxxxxxxx (reused)
Feb 03, 2026 14:17:55.418 [126159717862200] DEBUG - [HCl#11] HTTP requesting GET https://plex.tv/api/v2/release_channels?X-Plex-Token=xxxxxxxxxxxxxxxxxxxx
Feb 03, 2026 14:17:55.471 [126159739050808] DEBUG - [HttpClient/HCl#10] HTTP/1.1 (0.2s) 200 response from GET https://plex.tv/api/v2/server/webhooks?X-Plex-Token=xxxxxxxxxxxxxxxxxxxx (reused)
Feb 03, 2026 14:17:55.584 [126159739050808] DEBUG - [HttpClient/HCl#11] HTTP/1.1 (0.2s) 200 response from GET https://plex.tv/api/v2/release_channels?X-Plex-Token=xxxxxxxxxxxxxxxxxxxx (reused)
Feb 03, 2026 14:17:55.587 [126159717862200] DEBUG - [HCl#12] HTTP requesting GET https://plex.tv/api/v2/features?X-Plex-Token=xxxxxxxxxxxxxxxxxxxx
Feb 03, 2026 14:17:55.657 [126159756540728] DEBUG - [EventSourceClient/pubsub/66.228.61.220:443] Connected in 404 ms.
Feb 03, 2026 14:17:55.657 [126159756540728] DEBUG - [EventSourceClient/pubsub/66.228.61.220:443] Wrote data, reading reply.
Feb 03, 2026 14:17:55.686 [126159739050808] DEBUG - [HttpClient/HCl#c] HTTP/1.1 (1.5s) 200 response from GET https://plex.tv/api/v2/features?X-Plex-Token=xxxxxxxxxxxxxxxxxxxx
Feb 03, 2026 14:17:55.688 [126159700810552] DEBUG - [HCl#13] HTTP requesting GET https://plex.tv/api/v2/server/users/features
Feb 03, 2026 14:17:55.824 [126159739050808] DEBUG - [HttpClient/HCl#12] HTTP/1.1 (0.2s) 200 response from GET https://plex.tv/api/v2/features?X-Plex-Token=xxxxxxxxxxxxxxxxxxxx (reused)
Feb 03, 2026 14:17:55.825 [126159717862200] DEBUG - [HCl#14] HTTP requesting GET https://plex.tv/api/v2/server/users/features
Feb 03, 2026 14:17:55.863 [126159754431288] DEBUG - [EventSourceClient/pubsub/66.228.61.220:443] Read HTTP reply header.
Feb 03, 2026 14:17:55.863 [126159754431288] DEBUG - [EventSourceClient/pubsub/66.228.61.220:443] MyPlex: We appear to have regained Internet connectivity.
Feb 03, 2026 14:17:55.865 [126159754431288] DEBUG - [EventSourceClient/pubsub/66.228.61.220:443] PublicAddressManager: Obtaining public address and mapping port.
Feb 03, 2026 14:17:55.866 [126159754431288] DEBUG - [EventSourceClient/pubsub/66.228.61.220:443] MyPlex: async reachability check - current mapped state: 'Not Mapped'.
Feb 03, 2026 14:17:55.866 [126159754431288] WARN - [EventSourceClient/pubsub/66.228.61.220:443] MyPlex: attempted a reachability check but we're not yet mapped.
Feb 03, 2026 14:17:55.866 [126159754431288] DEBUG - [EventSourceClient/pubsub/66.228.61.220:443] Successfully connected to 66.228.61.220.
Feb 03, 2026 14:17:55.878 [126159739050808] DEBUG - [HttpClient/HCl#13] HTTP/1.1 (0.2s) 200 response from GET https://plex.tv/api/v2/server/users/features (reused)
Feb 03, 2026 14:17:56.023 [126159739050808] DEBUG - [HttpClient/HCl#14] HTTP/1.1 (0.2s) 200 response from GET https://plex.tv/api/v2/server/users/features (reused)
Feb 03, 2026 14:17:56.061 [126159717862200] DEBUG - CERT: Certificate will not expire soon; we'll check again in a week.
Feb 03, 2026 14:17:56.062 [126159666608952] DEBUG - MyPlex: sendMapping resetting state - previous mapping state: 'Not Mapped'.
Feb 03, 2026 14:17:56.062 [126159666608952] DEBUG - MyPlex: mapping state set to 'Unknown'.
Feb 03, 2026 14:17:56.066 [126159666608952] DEBUG - MyPlex: Sending Server Info to myPlex (user=lucas.noman7@gmail.com, ip=, port=0)
Feb 03, 2026 14:17:56.067 [126159666608952] DEBUG - [HCl#15] HTTP requesting POST https://plex.tv/servers.xml?auth_token=xxxxxxxxxxxxxxxxxxxx
Feb 03, 2026 14:17:56.067 [126159717862200] DEBUG - MyPlex: Updating device connections (from timer: 0)
Feb 03, 2026 14:17:56.068 [126159717862200] DEBUG - [HCl#16] HTTP requesting PUT https://plex.tv/devices/5e7f690a5d7aaebc45f52729540aadee813dd9f4?Connection[][uri]=http://192.168.1.100:32400&Connection[][uri]=http://172.19.0.1:32400&Connection[][uri]=http://172.18.0.1:32400&Connection[][uri]=http://172.20.0.1:32400&Connection[][uri]=http://172.17.0.1:32400&Connection[][uri]=http://[2804:98c:7032:d400:1e39:47ff:fe53:92f0]:32400&httpsEnabled=1&httpsRequired=0&dnsRebindingProtection=0&X-Plex-Token=xxxxxxxxxxxxxxxxxxxx
Feb 03, 2026 14:17:56.257 [126159739050808] DEBUG - [HttpClient/HCl#15] HTTP/1.1 (0.2s) 422 response from POST https://plex.tv/servers.xml?auth_token=xxxxxxxxxxxxxxxxxxxx (reused)
Feb 03, 2026 14:17:56.257 [126159666608952] DEBUG - MyPlex: Published Mapping State response was 422
Feb 03, 2026 14:17:56.257 [126159666608952] DEBUG - MyPlex: Got response for 5e7f690a5d7aaebc45f52729540aadee813dd9f4 ~ registered :0
Feb 03, 2026 14:17:56.257 [126159666608952] DEBUG - MyPlex: updating mapped state - current state: 'Not Mapped'
Feb 03, 2026 14:17:56.257 [126159666608952] DEBUG - MyPlex: mapping state set to 'Not Mapped'.
Feb 03, 2026 14:17:56.263 [126159739050808] DEBUG - [HttpClient/HCl#16] HTTP/1.1 (0.2s) 200 response from PUT https://plex.tv/devices/5e7f690a5d7aaebc45f52729540aadee813dd9f4?Connection[][uri]=http://192.168.1.100:32400&Connection[][uri]=http://172.19.0.1:32400&Connection[][uri]=http://172.18.0.1:32400&Connection[][uri]=http://172.20.0.1:32400&Connection[][uri]=http://172.17.0.1:32400&Connection[][uri]=http://[2804:98c:7032:d400:1e39:47ff:fe53:92f0]:32400&httpsEnabled=1&httpsRequired=0&dnsRebindingProtection=0&X-Plex-Token=xxxxxxxxxxxxxxxxxxxx (reused)
Feb 03, 2026 14:17:57.183 [126159723998008] DEBUG - Request: [127.0.0.1:57366 (Loopback)] GET /system/messaging/clear_events/com.plexapp.agents.imdb (3 live) #9 GZIP Signed-in Token (lucascnoman)
Feb 03, 2026 14:17:57.184 [126159723998008] DEBUG - [Req#9] [com.plexapp.system] Sending command over HTTP (GET): /system/messaging/clear_events/com.plexapp.agents.imdb
Feb 03, 2026 14:17:57.184 [126159723998008] DEBUG - [Req#9/HCl#17] HTTP requesting GET http://127.0.0.1:37941/system/messaging/clear_events/com.plexapp.agents.imdb
Feb 03, 2026 14:17:57.262 [126159739050808] DEBUG - [HttpClient/HCl#17] HTTP/1.1 (0.1s) 200 response from GET http://127.0.0.1:37941/system/messaging/clear_events/com.plexapp.agents.imdb (reused)
Feb 03, 2026 14:17:57.262 [126159723998008] DEBUG - [Req#9] [com.plexapp.system] HTTP reply status 200, with 0 bytes of content.
Feb 03, 2026 14:17:57.263 [126159754431288] DEBUG - Completed: [127.0.0.1:57366] 200 GET /system/messaging/clear_events/com.plexapp.agents.imdb (3 live) #9 GZIP 79ms 280 bytes
Feb 03, 2026 14:17:57.558 [126159728216888] DEBUG - NAT: UPnP, found device <http://192.168.1.1:38400/description.xml> with private address <192.168.1.100>
Feb 03, 2026 14:17:57.577 [126159723998008] DEBUG - Request: [127.0.0.1:57374 (Loopback)] GET /:/plugins/com.plexapp.system/resourceHashes (3 live) #12 GZIP Signed-in Token (lucascnoman)
Feb 03, 2026 14:17:57.578 [126159723998008] DEBUG - [Req#12] [com.plexapp.system] Sending command over HTTP (GET): /:/plugins/com.plexapp.system/resourceHashes
Feb 03, 2026 14:17:57.578 [126159723998008] DEBUG - [Req#12/HCl#18] HTTP requesting GET http://127.0.0.1:37941/:/plugins/com.plexapp.system/resourceHashes
Feb 03, 2026 14:17:57.798 [126159728216888] DEBUG - NAT: UPnP, usable device <http://192.168.1.1:38400/description.xml> with private address <192.168.1.100>.
Feb 03, 2026 14:17:57.862 [126159728216888] DEBUG - NAT: UPnP, mapped port 26227 to 192.168.1.100:32400.
Feb 03, 2026 14:17:57.862 [126159728216888] DEBUG - PublicAddressManager: Mapping succeeded for 192.168.1.100:26227.
Feb 03, 2026 14:17:57.864 [126159728216888] DEBUG - MyPlex: Updating device connections (from timer: 0)
Feb 03, 2026 14:17:57.864 [126159728216888] DEBUG - [HCl#19] HTTP requesting PUT https://plex.tv/devices/5e7f690a5d7aaebc45f52729540aadee813dd9f4?Connection[][uri]=http://192.168.1.100:32400&Connection[][uri]=http://172.19.0.1:32400&Connection[][uri]=http://172.18.0.1:32400&Connection[][uri]=http://172.20.0.1:32400&Connection[][uri]=http://172.17.0.1:32400&Connection[][uri]=http://[2804:98c:7032:d400:1e39:47ff:fe53:92f0]:32400&httpsEnabled=1&httpsRequired=0&dnsRebindingProtection=0&natLoopbackSupported=0&X-Plex-Token=xxxxxxxxxxxxxxxxxxxx
Feb 03, 2026 14:17:58.036 [126159739050808] DEBUG - [HttpClient/HCl#19] HTTP/1.1 (0.2s) 200 response from PUT https://plex.tv/devices/5e7f690a5d7aaebc45f52729540aadee813dd9f4?Connection[][uri]=http://192.168.1.100:32400&Connection[][uri]=http://172.19.0.1:32400&Connection[][uri]=http://172.18.0.1:32400&Connection[][uri]=http://172.20.0.1:32400&Connection[][uri]=http://172.17.0.1:32400&Connection[][uri]=http://[2804:98c:7032:d400:1e39:47ff:fe53:92f0]:32400&httpsEnabled=1&httpsRequired=0&dnsRebindingProtection=0&natLoopbackSupported=0&X-Plex-Token=xxxxxxxxxxxxxxxxxxxx (reused)
Feb 03, 2026 14:17:58.099 [126159739050808] DEBUG - [HttpClient/HCl#18] HTTP/1.1 (0.5s) 404 response from GET http://127.0.0.1:37941/:/plugins/com.plexapp.system/resourceHashes
Feb 03, 2026 14:17:58.100 [126159723998008] DEBUG - [Req#12] [com.plexapp.system] HTTP reply status 404, with 0 bytes of content.
Feb 03, 2026 14:17:58.100 [126159756540728] DEBUG - Completed: [127.0.0.1:57374] 404 GET /:/plugins/com.plexapp.system/resourceHashes (3 live) #12 GZIP 523ms 261 bytes
Feb 03, 2026 14:17:58.245 [126159707147064] DEBUG - DVR:Device: Discovering and refreshing all devices.
Feb 03, 2026 14:17:58.246 [126159707147064] DEBUG - Grabber: HDHomerun discovered 0 compatible devices.
Feb 03, 2026 14:17:58.246 [126159707147064] DEBUG - [HCl#1a] HTTP requesting POST http://127.0.0.1:32600/devices/discover
Feb 03, 2026 14:17:58.248 [126159698697016] DEBUG - [MediaProviderManager] Refreshing media providers
Feb 03, 2026 14:17:58.249 [126159698697016] DEBUG - [MediaProviderManager/Response::fetch/HCl#1b] HTTP requesting GET https://plex.tv/media/providers
Feb 03, 2026 14:17:58.358 [126159723998008] DEBUG - Request: [127.0.0.1:57390 (Loopback)] GET / (5 live) #14 GZIP Signed-in Token (lucascnoman)
Feb 03, 2026 14:17:58.360 [126159756540728] DEBUG - Completed: [127.0.0.1:57390] 200 GET / (5 live) #14 GZIP 7ms 4063 bytes
Feb 03, 2026 14:17:58.383 [126159723998008] DEBUG - Request: [127.0.0.1:57396 (Loopback)] GET /:/plugins/com.plexapp.system/messaging/function/X0J1bmRsZVNlcnZpY2U6QWxsU2VydmljZXM_/Y2VyZWFsMQoxCmxpc3QKMApyMAo_/Y2VyZWFsMQoxCmRpY3QKMApyMAo_ (4 live) #17 GZIP Signed-in Token (lucascnoman)
Feb 03, 2026 14:17:58.383 [126159723998008] DEBUG - [Req#17] [com.plexapp.system] Sending command over HTTP (GET): /:/plugins/com.plexapp.system/messaging/function/X0J1bmRsZVNlcnZpY2U6QWxsU2VydmljZXM_/Y2VyZWFsMQoxCmxpc3QKMApyMAo_/Y2VyZWFsMQoxCmRpY3QKMApyMAo_
Feb 03, 2026 14:17:58.385 [126159723998008] DEBUG - [Req#17/HCl#1e] HTTP requesting GET http://127.0.0.1:37941/:/plugins/com.plexapp.system/messaging/function/X0J1bmRsZVNlcnZpY2U6QWxsU2VydmljZXM_/Y2VyZWFsMQoxCmxpc3QKMApyMAo_/Y2VyZWFsMQoxCmRpY3QKMApyMAo_
Feb 03, 2026 14:17:58.591 [126159739050808] DEBUG - [HttpClient/HCl#1b] HTTP/1.1 (0.3s) 200 response from GET https://plex.tv/media/providers (reused)
Feb 03, 2026 14:17:58.597 [126159698697016] DEBUG - [MediaProviderManager] discovered cloud provider (Movies & Shows)
Feb 03, 2026 14:17:58.600 [126159698697016] DEBUG - [MediaProviderManager] discovered cloud provider (Metadata)
Feb 03, 2026 14:17:58.600 [126159698697016] DEBUG - [MediaProviderManager] loading cloud provider details (Metadata) (alive: 1)
Feb 03, 2026 14:17:58.600 [126159698697016] DEBUG - [MediaProviderManager] loading cloud provider details (Movies & Shows) (alive: 1)
Feb 03, 2026 14:17:58.600 [126159698697016] DEBUG - [MediaProviderManager] we had 2 cloud providers online, we now have 2
Feb 03, 2026 14:17:58.600 [126159698697016] DEBUG - [MediaProviderManager] cloud provider (Metadata) is online and available
Feb 03, 2026 14:17:58.600 [126159698697016] DEBUG - [MediaProviderManager] cloud provider (Movies & Shows) is online and available
Feb 03, 2026 14:17:58.600 [126159698697016] DEBUG - [MediaProviderManager] Media provider refresh complete
Feb 03, 2026 14:17:58.668 [126159739050808] DEBUG - [HttpClient/HCl#1e] HTTP/1.1 (0.1s) 200 response from GET http://127.0.0.1:37941/:/plugins/com.plexapp.system/messaging/function/X0J1bmRsZVNlcnZpY2U6QWxsU2VydmljZXM_/Y2VyZWFsMQoxCmxpc3QKMApyMAo_/Y2VyZWFsMQoxCmRpY3QKMApyMAo_
Feb 03, 2026 14:17:58.668 [126159723998008] DEBUG - [Req#17] [com.plexapp.system] HTTP reply status 200, with 516 bytes of content.
Feb 03, 2026 14:17:58.669 [126159756540728] DEBUG - Completed: [127.0.0.1:57396] 200 GET /:/plugins/com.plexapp.system/messaging/function/X0J1bmRsZVNlcnZpY2U6QWxsU2VydmljZXM_/Y2VyZWFsMQoxCmxpc3QKMApyMAo_/Y2VyZWFsMQoxCmRpY3QKMApyMAo_ (4 live) #17 GZIP 285ms 746 bytes
Feb 03, 2026 14:17:58.794 [126159726107448] DEBUG - NAT: UPnP, found device <http://192.168.1.1:38400/description.xml> with private address <192.168.1.100>
Feb 03, 2026 14:17:58.970 [126159726107448] DEBUG - NAT: UPnP, usable device <http://192.168.1.1:38400/description.xml> with private address <192.168.1.100>.
Feb 03, 2026 14:17:59.054 [126159726107448] DEBUG - NAT: UPnP, public address is 100.68.46.67
Feb 03, 2026 14:17:59.054 [126159726107448] DEBUG - PublicAddressManager: got WAN IP 100.68.46.67 from router
Feb 03, 2026 14:17:59.054 [126159726107448] WARN - PublicAddressManager: WAN IP on router does not match public IP from plex.tv
Feb 03, 2026 14:17:59.059 [126159726107448] DEBUG - [HCl#1f] HTTP requesting GET https://186-225-181-67.1bac40021f47432f9c1841e656677f93.plex.direct:26227/identity
Feb 03, 2026 14:17:59.194 [126159711464248] DEBUG - [NSB] NetworkServiceBrowser: SERVER arrived: 127.0.0.1 (lcn-home-server)
Feb 03, 2026 14:17:59.194 [126159711464248] DEBUG - [NSB] Notifying the system bundle an update to server /system/notify/serverUpdated?host=127.0.0.1
Feb 03, 2026 14:17:59.194 [126159711464248] DEBUG - [NSB] [com.plexapp.system] Sending command over HTTP (GET): /system/notify/serverUpdated?host=127.0.0.1
Feb 03, 2026 14:17:59.194 [126159711464248] DEBUG - [NSB/HCl#20] HTTP requesting GET http://127.0.0.1:37941/system/notify/serverUpdated?host=127.0.0.1
Feb 03, 2026 14:17:59.318 [126159723998008] DEBUG - Request: [127.0.0.1:57404 (Loopback)] GET /servers (3 live) #18 GZIP Signed-in Token (lucascnoman)
Feb 03, 2026 14:17:59.325 [126159754431288] DEBUG - Completed: [127.0.0.1:57404] 200 GET /servers (4 live) #18 GZIP 6ms 496 bytes
Feb 03, 2026 14:17:59.354 [126159739050808] DEBUG - [HttpClient/HCl#20] HTTP/1.1 (0.2s) 200 response from GET http://127.0.0.1:37941/system/notify/serverUpdated?host=127.0.0.1
Feb 03, 2026 14:17:59.358 [126159711464248] DEBUG - [NSB] [com.plexapp.system] HTTP reply status 200, with 0 bytes of content.
Feb 03, 2026 14:18:00.048 [126159723998008] DEBUG - Request: [127.0.0.1:57418 (Loopback)] GET /:/plugins/com.plexapp.system/messaging/function/X0FnZW50U2VydmljZTpVcGRhdGVJbmZv/Y2VyZWFsMQoxCmxpc3QKMApyMAo_/Y2VyZWFsMQo3CmRpY3QKbGlzdApkaWN0Cmxpc3QKbGlzdApsaXN0Cmxpc3QKMgpzMjMKY29tLnBsZXhhcHAuYWdlbnRzLmltZGJzMTAKaWRlbnRpZmllcnIxCnMxMAphZ2VudF9pbmZvMQpyMgoxMApyMwpzMTEKbWVkaWFfdHlwZXNyNApzMTIKYWNjZXB0c19mcm9tbnMxNApmYWxsYmFja19hZ2VudHI1CnMxNApjb250cmlidXRlc190b3I2CnM5Cmxhbmd1YWdlc2IxczIwCnBlcnNpc3Rfc3RvcmVkX2ZpbGVzaTAKczcKdmVyc2lvbmIxczE2CnByaW1hcnlfcHJvdmlkZXJiMXM1CnByZWZzczE5ClBsZXggTW92aWUgKExlZ2FjeSlzNApuYW1lMQpzNQpNb3ZpZTEKczI5CmNvbS5wbGV4YXBwLmFnZW50cy5sb2NhbG1lZGlhMQpzMjkKY29tLnBsZXhhcHAuYWdlbnRzLnRoZW1vdmllZGIzMwpzMgplbnMyCnN2czIKZnJzMgplc3MyCm5sczIKZGVzMgppdHMyCmRhczIKYXJzMgpjYXMyCnpoczIKY3NzMgpldHMyCmZpczIKZWxzMgpoZXMyCmhpczIKaHVzMgppZHMyCmphczIKa29zMgpsdnMyCm5vczIKZmFzMgpwbHMyCnB0czIKcm9zMgpydXMyCnNrczIKdGhzMgp0cnMyCnVrczIKdmlyMAo_ (3 live) #1b GZIP Signed-in Token (lucascnoman)
Feb 03, 2026 14:18:00.049 [126159723998008] DEBUG - [Req#1b] [com.plexapp.system] Sending command over HTTP (GET): /:/plugins/com.plexapp.system/messaging/function/X0FnZW50U2VydmljZTpVcGRhdGVJbmZv/Y2VyZWFsMQoxCmxpc3QKMApyMAo_/Y2VyZWFsMQo3CmRpY3QKbGlzdApkaWN0Cmxpc3QKbGlzdApsaXN0Cmxpc3QKMgpzMjMKY29tLnBsZXhhcHAuYWdlbnRzLmltZGJzMTAKaWRlbnRpZmllcnIxCnMxMAphZ2VudF9pbmZvMQpyMgoxMApyMwpzMTEKbWVkaWFfdHlwZXNyNApzMTIKYWNjZXB0c19mcm9tbnMxNApmYWxsYmFja19hZ2VudHI1CnMxNApjb250cmlidXRlc190b3I2CnM5Cmxhbmd1YWdlc2IxczIwCnBlcnNpc3Rfc3RvcmVkX2ZpbGVzaTAKczcKdmVyc2lvbmIxczE2CnByaW1hcnlfcHJvdmlkZXJiMXM1CnByZWZzczE5ClBsZXggTW92aWUgKExlZ2FjeSlzNApuYW1lMQpzNQpNb3ZpZTEKczI5CmNvbS5wbGV4YXBwLmFnZW50cy5sb2NhbG1lZGlhMQpzMjkKY29tLnBsZXhhcHAuYWdlbnRzLnRoZW1vdmllZGIzMwpzMgplbnMyCnN2czIKZnJzMgplc3MyCm5sczIKZGVzMgppdHMyCmRhczIKYXJzMgpjYXMyCnpoczIKY3NzMgpldHMyCmZpczIKZWxzMgpoZXMyCmhpczIKaHVzMgppZHMyCmphczIKa29zMgpsdnMyCm5vczIKZmFzMgpwbHMyCnB0czIKcm9zMgpydXMyCnNrczIKdGhzMgp0cnMyCnVrczIKdmlyMAo_
Feb 03, 2026 14:18:00.049 [126159723998008] DEBUG - [Req#1b/HCl#21] HTTP requesting GET http://127.0.0.1:37941/:/plugins/com.plexapp.system/messaging/function/X0FnZW50U2VydmljZTpVcGRhdGVJbmZv/Y2VyZWFsMQoxCmxpc3QKMApyMAo_/Y2VyZWFsMQo3CmRpY3QKbGlzdApkaWN0Cmxpc3QKbGlzdApsaXN0Cmxpc3QKMgpzMjMKY29tLnBsZXhhcHAuYWdlbnRzLmltZGJzMTAKaWRlbnRpZmllcnIxCnMxMAphZ2VudF9pbmZvMQpyMgoxMApyMwpzMTEKbWVkaWFfdHlwZXNyNApzMTIKYWNjZXB0c19mcm9tbnMxNApmYWxsYmFja19hZ2VudHI1CnMxNApjb250cmlidXRlc190b3I2CnM5Cmxhbmd1YWdlc2IxczIwCnBlcnNpc3Rfc3RvcmVkX2ZpbGVzaTAKczcKdmVyc2lvbmIxczE2CnByaW1hcnlfcHJvdmlkZXJiMXM1CnByZWZzczE5ClBsZXggTW92aWUgKExlZ2FjeSlzNApuYW1lMQpzNQpNb3ZpZTEKczI5CmNvbS5wbGV4YXBwLmFnZW50cy5sb2NhbG1lZGlhMQpzMjkKY29tLnBsZXhhcHAuYWdlbnRzLnRoZW1vdmllZGIzMwpzMgplbnMyCnN2czIKZnJzMgplc3MyCm5sczIKZGVzMgppdHMyCmRhczIKYXJzMgpjYXMyCnpoczIKY3NzMgpldHMyCmZpczIKZWxzMgpoZXMyCmhpczIKaHVzMgppZHMyCmphczIKa29zMgpsdnMyCm5vczIKZmFzMgpwbHMyCnB0czIKcm9zMgpydXMyCnNrczIKdGhzMgp0cnMyCnVrczIKdmlyMAo_
Feb 03, 2026 14:18:00.101 [126159739050808] DEBUG - [HttpClient/HCl#21] HTTP/1.1 (0.0s) 200 response from GET http://127.0.0.1:37941/:/plugins/com.plexapp.system/messaging/function/X0FnZW50U2VydmljZTpVcGRhdGVJbmZv/Y2VyZWFsMQoxCmxpc3QKMApyMAo_/Y2VyZWFsMQo3CmRpY3QKbGlzdApkaWN0Cmxpc3QKbGlzdApsaXN0Cmxpc3QKMgpzMjMKY29tLnBsZXhhcHAuYWdlbnRzLmltZGJzMTAKaWRlbnRpZmllcnIxCnMxMAphZ2VudF9pbmZvMQpyMgoxMApyMwpzMTEKbWVkaWFfdHlwZXNyNApzMTIKYWNjZXB0c19mcm9tbnMxNApmYWxsYmFja19hZ2VudHI1CnMxNApjb250cmlidXRlc190b3I2CnM5Cmxhbmd1YWdlc2IxczIwCnBlcnNpc3Rfc3RvcmVkX2ZpbGVzaTAKczcKdmVyc2lvbmIxczE2CnByaW1hcnlfcHJvdmlkZXJiMXM1CnByZWZzczE5ClBsZXggTW92aWUgKExlZ2FjeSlzNApuYW1lMQpzNQpNb3ZpZTEKczI5CmNvbS5wbGV4YXBwLmFnZW50cy5sb2NhbG1lZGlhMQpzMjkKY29tLnBsZXhhcHAuYWdlbnRzLnRoZW1vdmllZGIzMwpzMgplbnMyCnN2czIKZnJzMgplc3MyCm5sczIKZGVzMgppdHMyCmRhczIKYXJzMgpjYXMyCnpoczIKY3NzMgpldHMyCmZpczIKZWxzMgpoZXMyCmhpczIKaHVzMgppZHMyCmphczIKa29zMgpsdnMyCm5vczIKZmFzMgpwbHMyCnB0czIKcm9zMgpydXMyCnNrczIKdGhzMgp0cnMyCnVrczIKdmlyMAo_ (reused)
Feb 03, 2026 14:18:00.101 [126159723998008] DEBUG - [Req#1b] [com.plexapp.system] HTTP reply status 200, with 16 bytes of content.
Feb 03, 2026 14:18:00.102 [126159756540728] DEBUG - Completed: [127.0.0.1:57418] 200 GET /:/plugins/com.plexapp.system/messaging/function/X0FnZW50U2VydmljZTpVcGRhdGVJbmZv/Y2VyZWFsMQoxCmxpc3QKMApyMAo_/Y2VyZWFsMQo3CmRpY3QKbGlzdApkaWN0Cmxpc3QKbGlzdApsaXN0Cmxpc3QKMgpzMjMKY29tLnBsZXhhcHAuYWdlbnRzLmltZGJzMTAKaWRlbnRpZmllcnIxCnMxMAphZ2VudF9pbmZvMQpyMgoxMApyMwpzMTEKbWVkaWFfdHlwZXNyNApzMTIKYWNjZXB0c19mcm9tbnMxNApmYWxsYmFja19hZ2VudHI1CnMxNApjb250cmlidXRlc190b3I2CnM5Cmxhbmd1YWdlc2IxczIwCnBlcnNpc3Rfc3RvcmVkX2ZpbGVzaTAKczcKdmVyc2lvbmIxczE2CnByaW1hcnlfcHJvdmlkZXJiMXM1CnByZWZzczE5ClBsZXggTW92aWUgKExlZ2FjeSlzNApuYW1lMQpzNQpNb3ZpZTEKczI5CmNvbS5wbGV4YXBwLmFnZW50cy5sb2NhbG1lZGlhMQpzMjkKY29tLnBsZXhhcHAuYWdlbnRzLnRoZW1vdmllZGIzMwpzMgplbnMyCnN2czIKZnJzMgplc3MyCm5sczIKZGVzMgppdHMyCmRhczIKYXJzMgpjYXMyCnpoczIKY3NzMgpldHMyCmZpczIKZWxzMgpoZXMyCmhpczIKaHVzMgppZHMyCmphczIKa29zMgpsdnMyCm5vczIKZmFzMgpwbHMyCnB0czIKcm9zMgpydXMyCnNrczIKdGhzMgp0cnMyCnVrczIKdmlyMAo_ (4 live) #1b GZIP 53ms 415 bytes
Feb 03, 2026 14:18:00.116 [126159673068344] DEBUG - [Req#b] Reading 148 bytes in the body, code is 200
Feb 03, 2026 14:18:00.116 [126159673068344] DEBUG - [Req#b] [com.plexapp.agents.imdb] Plug-in running on port 39209.
Feb 03, 2026 14:18:00.119 [126159673068344] DEBUG - [Req#b] Read configuration for [com.plexapp.agents.imdb], had 0 prefixes
Feb 03, 2026 14:18:00.120 [126159673068344] DEBUG - [Req#b] [com.plexapp.agents.imdb] Sending command over HTTP (GET): /:/plugins/com.plexapp.agents.imdb/prefs
Feb 03, 2026 14:18:00.120 [126159673068344] DEBUG - [Req#b/HCl#22] HTTP requesting GET http://127.0.0.1:39209/:/plugins/com.plexapp.agents.imdb/prefs
Feb 03, 2026 14:18:00.225 [126159739050808] DEBUG - [HttpClient/HCl#22] HTTP/1.1 (0.1s) 200 response from GET http://127.0.0.1:39209/:/plugins/com.plexapp.agents.imdb/prefs
Feb 03, 2026 14:18:00.225 [126159673068344] DEBUG - [Req#b] [com.plexapp.agents.imdb] HTTP reply status 200, with 2224 bytes of content.
Feb 03, 2026 14:18:00.226 [126159673068344] DEBUG - Caching document http://127.0.0.1:32400/:/plugins/com.plexapp.agents.imdb/prefs as e0cd26ea3f3bbcc4fe7a4f845838fb85846aa05a
Feb 03, 2026 14:18:00.226 [126159673068344] DEBUG - IVA: Downloading trailer lists.
Feb 03, 2026 14:18:00.248 [126159683648312] DEBUG - [PubsubServerManager/process/HCl#24] HTTP requesting GET https://plex.tv/services/pubsub/servers
Feb 03, 2026 14:18:00.408 [126159739050808] DEBUG - [HttpClient/HCl#24] HTTP/1.1 (0.2s) 200 response from GET https://plex.tv/services/pubsub/servers (reused)
Feb 03, 2026 14:18:00.454 [126159673068344] DEBUG - IVA: Downloaded 38 trailers for source 1.
Feb 03, 2026 14:18:00.497 [126159673068344] DEBUG - IVA: Downloaded 28 trailers for source 2.
Feb 03, 2026 14:18:00.715 [126159739050808] DEBUG - [HttpClient/HCl#1a] HTTP/1.1 (2.5s) 200 response from POST http://127.0.0.1:32600/devices/discover
Feb 03, 2026 14:18:01.528 [126159683648312] DEBUG - [PubsubServerManager/process] Time to connect to 45.79.211.188 was 401 ms.
Feb 03, 2026 14:18:01.528 [126159683648312] DEBUG - [PubsubServerManager/process] Time to connect to 66.228.61.220 was 410 ms.
Feb 03, 2026 14:18:01.528 [126159683648312] DEBUG - [PubsubServerManager/process] Time to connect to 173.255.237.43 was 419 ms.
Feb 03, 2026 14:18:01.528 [126159683648312] DEBUG - [PubsubServerManager/process] Time to connect to 172.105.13.59 was 429 ms.
Feb 03, 2026 14:18:01.528 [126159683648312] DEBUG - [PubsubServerManager/process] Time to connect to 45.79.23.169 was 447 ms.
Feb 03, 2026 14:18:01.528 [126159683648312] DEBUG - [PubsubServerManager/process] Time to connect to 66.175.222.206 was 564 ms.
Feb 03, 2026 14:18:01.528 [126159683648312] DEBUG - [PubsubServerManager/process] Time to connect to 139.162.215.242 was 632 ms.
Feb 03, 2026 14:18:01.528 [126159683648312] DEBUG - [PubsubServerManager/process] Time to connect to 172.104.245.240 was 652 ms.
Feb 03, 2026 14:18:01.528 [126159683648312] DEBUG - [PubsubServerManager/process] Time to connect to 139.162.120.52 was 914 ms.
Feb 03, 2026 14:18:01.528 [126159683648312] DEBUG - [PubsubServerManager/process] Time to connect to 139.162.20.120 was 1117 ms.
Feb 03, 2026 14:18:01.528 [126159683648312] DEBUG - [PubsubServerManager/process] Updating best ping time for 66.228.61.220 to 410 ms.
Feb 03, 2026 14:18:01.791 [126159713573688] DEBUG - NetworkInterface: received Netlink message len=440, type=RTM_NEWLINK, flags=0x0
Feb 03, 2026 14:18:01.791 [126159713573688] DEBUG - NetworkInterface: Netlink information message family=7, type=1, index=30, flags=0x11043, change=0x0
Feb 03, 2026 14:18:01.791 [126159713573688] DEBUG - Network change.
Feb 03, 2026 14:18:01.791 [126159713573688] DEBUG - NetworkInterface: Notified of network changed (force=0)
Feb 03, 2026 14:18:01.792 [126159713573688] DEBUG - Network change notification but nothing changed.
Feb 03, 2026 14:18:01.792 [126159713573688] DEBUG - NetworkInterface: received Netlink message len=440, type=RTM_NEWLINK, flags=0x0
Feb 03, 2026 14:18:01.792 [126159713573688] DEBUG - NetworkInterface: Netlink information message family=7, type=1, index=31, flags=0x11043, change=0x0
Feb 03, 2026 14:18:01.792 [126159713573688] DEBUG - Network change.
Feb 03, 2026 14:18:01.792 [126159713573688] DEBUG - NetworkInterface: Notified of network changed (force=0)
Feb 03, 2026 14:18:01.793 [126159713573688] DEBUG - Network change notification but nothing changed.
Feb 03, 2026 14:18:01.793 [126159713573688] DEBUG - NetworkInterface: received Netlink message len=440, type=RTM_NEWLINK, flags=0x0
Feb 03, 2026 14:18:01.793 [126159713573688] DEBUG - NetworkInterface: Netlink information message family=7, type=1, index=28, flags=0x11043, change=0x0
Feb 03, 2026 14:18:01.793 [126159713573688] DEBUG - Network change.
Feb 03, 2026 14:18:01.793 [126159713573688] DEBUG - NetworkInterface: Notified of network changed (force=0)
Feb 03, 2026 14:18:01.794 [126159713573688] DEBUG - Network change notification but nothing changed.
Feb 03, 2026 14:18:01.794 [126159713573688] DEBUG - NetworkInterface: received Netlink message len=440, type=RTM_NEWLINK, flags=0x0
Feb 03, 2026 14:18:01.794 [126159713573688] DEBUG - NetworkInterface: Netlink information message family=7, type=1, index=29, flags=0x11043, change=0x0
Feb 03, 2026 14:18:01.794 [126159713573688] DEBUG - Network change.
Feb 03, 2026 14:18:01.794 [126159713573688] DEBUG - NetworkInterface: Notified of network changed (force=0)
Feb 03, 2026 14:18:01.796 [126159713573688] DEBUG - Network change notification but nothing changed.
Feb 03, 2026 14:18:01.796 [126159713573688] DEBUG - NetworkInterface: received Netlink message len=440, type=RTM_NEWLINK, flags=0x0
Feb 03, 2026 14:18:01.796 [126159713573688] DEBUG - NetworkInterface: Netlink information message family=7, type=1, index=27, flags=0x11043, change=0x0
Feb 03, 2026 14:18:01.796 [126159713573688] DEBUG - Network change.
Feb 03, 2026 14:18:01.796 [126159713573688] DEBUG - NetworkInterface: Notified of network changed (force=0)
Feb 03, 2026 14:18:01.799 [126159713573688] DEBUG - Network change notification but nothing changed.
Feb 03, 2026 14:18:01.799 [126159713573688] DEBUG - NetworkInterface: received Netlink message len=440, type=RTM_NEWLINK, flags=0x0
Feb 03, 2026 14:18:01.799 [126159713573688] DEBUG - NetworkInterface: Netlink information message family=7, type=1, index=26, flags=0x11043, change=0x0
Feb 03, 2026 14:18:01.799 [126159713573688] DEBUG - Network change.
Feb 03, 2026 14:18:01.799 [126159713573688] DEBUG - NetworkInterface: Notified of network changed (force=0)
Feb 03, 2026 14:18:01.800 [126159713573688] DEBUG - Network change notification but nothing changed.
Feb 03, 2026 14:18:02.060 [126159739050808] DEBUG - [HttpClient/HCl#1f] HTTP simulating 408 after curl timeout
Feb 03, 2026 14:18:02.063 [126159726107448] DEBUG - MyPlex: mapping state set to 'Mapped - Not Published'.
Feb 03, 2026 14:18:02.063 [126159726107448] DEBUG - MyPlex: sendMapping resetting state - previous mapping state: 'Mapped - Not Published'.
Feb 03, 2026 14:18:02.063 [126159726107448] DEBUG - MyPlex: mapping state set to 'Unknown'.
Feb 03, 2026 14:18:02.068 [126159726107448] DEBUG - MyPlex: Sending Server Info to myPlex (user=lucas.noman7@gmail.com, ip=186.225.181.67, port=26227)
Feb 03, 2026 14:18:02.068 [126159726107448] DEBUG - [HCl#26] HTTP requesting POST https://plex.tv/servers.xml?auth_token=xxxxxxxxxxxxxxxxxxxx
Feb 03, 2026 14:18:02.274 [126159739050808] DEBUG - [HttpClient/HCl#26] HTTP/1.1 (0.2s) 201 response from POST https://plex.tv/servers.xml?auth_token=xxxxxxxxxxxxxxxxxxxx (reused)
Feb 03, 2026 14:18:02.274 [126159726107448] DEBUG - MyPlex: Published Mapping State response was 201
Feb 03, 2026 14:18:02.274 [126159726107448] DEBUG - MyPlex: Got response for 5e7f690a5d7aaebc45f52729540aadee813dd9f4 ~ registered 186.225.181.67:26227
Feb 03, 2026 14:18:02.274 [126159726107448] DEBUG - MyPlex: updating mapped state - current state: 'Mapped - Not Published'
Feb 03, 2026 14:18:02.274 [126159726107448] DEBUG - MyPlex: mapping state set to 'Mapped - Publishing'.
Feb 03, 2026 14:18:02.274 [126159726107448] DEBUG - MyPlex: async reachability check - current mapped state: 'Mapped - Publishing'.
Feb 03, 2026 14:18:02.274 [126159726107448] DEBUG - MyPlex: Requesting reachability check.
Feb 03, 2026 14:18:02.274 [126159726107448] DEBUG - [HCl#27] HTTP requesting PUT https://plex.tv/api/servers/5e7f690a5d7aaebc45f52729540aadee813dd9f4/connectivity?X-Plex-Token=xxxxxxxxxxxxxxxxxxxx&asyncIdentifier=f9df26bc-dffc-4b0e-87f7-2e3ef50bf5fb
Feb 03, 2026 14:18:02.491 [126159739050808] DEBUG - [HttpClient/HCl#27] HTTP/1.1 (0.2s) 200 response from PUT https://plex.tv/api/servers/5e7f690a5d7aaebc45f52729540aadee813dd9f4/connectivity?X-Plex-Token=xxxxxxxxxxxxxxxxxxxx&asyncIdentifier=f9df26bc-dffc-4b0e-87f7-2e3ef50bf5fb (reused)
Feb 03, 2026 14:18:02.496 [126159726107448] DEBUG - MyPlex: Updating device connections (from timer: 0)
Feb 03, 2026 14:18:02.496 [126159726107448] DEBUG - [HCl#28] HTTP requesting PUT https://plex.tv/devices/5e7f690a5d7aaebc45f52729540aadee813dd9f4?Connection[][uri]=http://186.225.181.67:26227&Connection[][uri]=http://192.168.1.100:32400&Connection[][uri]=http://172.19.0.1:32400&Connection[][uri]=http://172.18.0.1:32400&Connection[][uri]=http://172.20.0.1:32400&Connection[][uri]=http://172.17.0.1:32400&Connection[][uri]=http://[2804:98c:7032:d400:1e39:47ff:fe53:92f0]:32400&httpsEnabled=1&httpsRequired=0&dnsRebindingProtection=0&natLoopbackSupported=0&X-Plex-Token=xxxxxxxxxxxxxxxxxxxx
Feb 03, 2026 14:18:02.673 [126159739050808] DEBUG - [HttpClient/HCl#28] HTTP/1.1 (0.2s) 200 response from PUT https://plex.tv/devices/5e7f690a5d7aaebc45f52729540aadee813dd9f4?Connection[][uri]=http://186.225.181.67:26227&Connection[][uri]=http://192.168.1.100:32400&Connection[][uri]=http://172.19.0.1:32400&Connection[][uri]=http://172.18.0.1:32400&Connection[][uri]=http://172.20.0.1:32400&Connection[][uri]=http://172.17.0.1:32400&Connection[][uri]=http://[2804:98c:7032:d400:1e39:47ff:fe53:92f0]:32400&httpsEnabled=1&httpsRequired=0&dnsRebindingProtection=0&natLoopbackSupported=0&X-Plex-Token=xxxxxxxxxxxxxxxxxxxx (reused)
Feb 03, 2026 14:18:02.786 [126159685757752] DEBUG - [MediaProviderManager/MetadataAgentManager] Found media provider for agent provider 'tv.plex.agents.movie' with source URI 'provider://tv.plex.provider.metadata'
Feb 03, 2026 14:18:02.787 [126159685757752] DEBUG - [MediaProviderManager/MetadataAgentManager] Found media provider for agent provider 'tv.plex.agents.series' with source URI 'provider://tv.plex.provider.metadata'
Feb 03, 2026 14:18:02.787 [126159685757752] DEBUG - [MediaProviderManager/MetadataAgentManager] Found media provider for agent provider 'tv.plex.agents.music' with source URI 'provider://tv.plex.provider.metadata'
Feb 03, 2026 14:18:02.787 [126159685757752] DEBUG - [MediaProviderManager/MetadataAgentManager] Found media provider for agent provider 'org.musicbrainz.agents.music' with source URI 'provider://tv.plex.provider.metadata'
Feb 03, 2026 14:18:04.221 [126159702919992] DEBUG - Grabber: Cleaning up orphaned grabs.
Feb 03, 2026 14:18:04.221 [126159702919992] DEBUG - Grabber: Cleaned up 0 decrepit directories in 0.0 sec.
Feb 03, 2026 14:18:04.222 [126159702919992] DEBUG - Activity: registered new activity 60509ce4-8a43-44a5-a240-82d261f60c99 - "Processing subscriptions"
Feb 03, 2026 14:18:04.222 [126159702919992] DEBUG - Subscription: Scheduling subscriptions.
Feb 03, 2026 14:18:04.222 [126159702919992] DEBUG - Subscription: Initialized 0 schedulers.
Feb 03, 2026 14:18:04.222 [126159702919992] DEBUG - Subscription: Starting with 0 grabs, scheduled 0 active ones preemptively.
Feb 03, 2026 14:18:04.222 [126159702919992] DEBUG - Subscription: Scheduled all subscriptions in 0 ms.
Feb 03, 2026 14:18:04.222 [126159702919992] DEBUG - Activity: Ended activity 60509ce4-8a43-44a5-a240-82d261f60c99.
Feb 03, 2026 14:18:04.222 [126159702919992] DEBUG - Subscription: There are 0 active grabs at the end.
Feb 03, 2026 14:18:04.222 [126159702919992] DEBUG - Activity: Ended activity 6b03c266-596d-4c48-a820-c8c9193c87cc.
Feb 03, 2026 14:18:04.222 [126159702919992] DEBUG - Subscription: Refreshed all content in 1 ms.
Feb 03, 2026 14:18:05.248 [126159677319992] DEBUG - [HCl#29] HTTP requesting GET https://plex.tv/api/resources.xml?includeHttps=1&includeRelay=1&auth_token=xxxxxxxxxxxxxxxxxxxx
Feb 03, 2026 14:18:05.390 [126159711464248] DEBUG - [NSB/SSDP] Parsing SSDP schema for http://192.168.1.1:38400/description.xml
Feb 03, 2026 14:18:05.403 [126159739050808] DEBUG - [HttpClient/HCl#2a] HTTP/1.1 (0.0s) 200 response from GET http://192.168.1.1:38400/description.xml
Feb 03, 2026 14:18:05.404 [126159711464248] DEBUG - [NSB/SSDP] found 3 SSDP devices via http://192.168.1.1:38400/description.xml
Feb 03, 2026 14:18:05.404 [126159711464248] DEBUG - [NSB/SSDP] SSDP arrived: 192.168.1.1 (PX3321-T1)
Feb 03, 2026 14:18:05.404 [126159711464248] DEBUG - [NSB/SSDP] SSDP arrived: 192.168.1.1 (WANDevice.1)
Feb 03, 2026 14:18:05.404 [126159711464248] DEBUG - [NSB/SSDP] SSDP arrived: 192.168.1.1 (WANConnectionDevice.1)
Feb 03, 2026 14:18:05.476 [126159739050808] DEBUG - [HttpClient/HCl#29] HTTP/1.1 (0.2s) 200 response from GET https://plex.tv/api/resources.xml?includeHttps=1&includeRelay=1&auth_token=xxxxxxxxxxxxxxxxxxxx (reused)
Feb 03, 2026 14:18:05.476 [126159677319992] DEBUG - Connection Tester: Testing the server Storage with 2 URLs.
Feb 03, 2026 14:18:05.477 [126159677319992] DEBUG - [HCl#2b] HTTP requesting GET https://192-168-1-100.00615f9ab6a041afb0fb5234cb9b7bad.plex.direct:32400
Feb 03, 2026 14:18:05.477 [126159677319992] DEBUG - [HCl#2c] HTTP requesting GET https://186-195-143-131.00615f9ab6a041afb0fb5234cb9b7bad.plex.direct:26619
Feb 03, 2026 14:18:05.532 [126159754431288] WARN - [CERT] TLS connection from [::ffff:192.168.1.100]:46914 came in with unrecognized plex.direct SNI name '192-168-1-100.00615f9ab6a041afb0fb5234cb9b7bad.plex.direct'; using installed plex.direct cert
Feb 03, 2026 14:18:05.540 [126159739050808] WARN - [HttpClient/HCl#2b] HTTP error requesting GET https://192-168-1-100.00615f9ab6a041afb0fb5234cb9b7bad.plex.direct:32400 (60, SSL peer certificate or SSH remote key was not OK) (SSL: no alternative certificate subject name matches target host name '192-168-1-100.00615f9ab6a041afb0fb5234cb9b7bad.plex.direct')
Feb 03, 2026 14:18:05.571 [126159739050808] WARN - [HttpClient/HCl#2c] HTTP error requesting GET https://186-195-143-131.00615f9ab6a041afb0fb5234cb9b7bad.plex.direct:26619 (7, Couldn't connect to server) (Failed to connect to 186-195-143-131.00615f9ab6a041afb0fb5234cb9b7bad.plex.direct port 26619 after 39 ms: Couldn't connect to server)
Feb 03, 2026 14:18:05.571 [126159707147064] WARN - Connection Tester: Error testing media server Storage in 94 ms.
Feb 03, 2026 14:18:05.571 [126159707147064] DEBUG - PromiseQueue: promise resolved (queued: 0, active: 0)
Feb 03, 2026 14:18:05.572 [126159677319992] DEBUG - Media Server: Tested all servers in 0.1 seconds.
Feb 03, 2026 14:18:05.572 [126159677319992] DEBUG - [HCl#2d] HTTP requesting GET /media/providers?includePreferences=1
Feb 03, 2026 14:18:05.572 [126159739050808] WARN - [HttpClient/HCl#2d] HTTP error requesting GET /media/providers?includePreferences=1 (3, URL using bad/illegal format or missing URL) (URL rejected: No host part in the URL)
Feb 03, 2026 14:18:07.523 [126159754431288] DEBUG - [EventSourceClient/pubsub/66.228.61.220:443] EventSource: Got event [data] '<Message address="186.225.181.67" port="26227" asyncIdentifier="f9df26bc-dffc-4b0e-87f7-2e3ef50bf5fb" connectivity="0" command="notifyConnectivity"/>'
Feb 03, 2026 14:18:07.524 [126159754431288] DEBUG - [EventSourceClient/pubsub/66.228.61.220:443] PubSub: Got notified of reachability for async identifier f9df26bc-dffc-4b0e-87f7-2e3ef50bf5fb: 0 for 186.225.181.67:26227 (responded in 5031 ms)
Feb 03, 2026 14:18:07.524 [126159754431288] DEBUG - [EventSourceClient/pubsub/66.228.61.220:443] MyPlex: reachability check - current mapping state: 'Mapped - Publishing'.
Feb 03, 2026 14:18:07.524 [126159754431288] ERROR - [EventSourceClient/pubsub/66.228.61.220:443] MyPlex: mapping failed due to potential double NAT configuration
Feb 03, 2026 14:18:07.524 [126159754431288] DEBUG - [EventSourceClient/pubsub/66.228.61.220:443] MyPlex: mapping state set to 'Mapped - Not Published (Double NAT)'.
Feb 03, 2026 14:18:18.165 [126159673068344] DEBUG - [HCl#2e] HTTP requesting GET https://plex.tv/api/v2/shared_sources/owned?machineIdentifier=5e7f690a5d7aaebc45f52729540aadee813dd9f4
Feb 03, 2026 14:18:18.646 [126159739050808] DEBUG - [HttpClient/HCl#2e] HTTP/1.1 (0.5s) 200 response from GET https://plex.tv/api/v2/shared_sources/owned?machineIdentifier=5e7f690a5d7aaebc45f52729540aadee813dd9f4
Feb 03, 2026 14:18:18.647 [126159673068344] DEBUG - [HCl#2f] HTTP requesting GET https://plex.tv/api/v2/server/access_tokens?auth_token=xxxxxxxxxxxxxxxxxxxx
Feb 03, 2026 14:18:18.846 [126159739050808] DEBUG - [HttpClient/HCl#2f] HTTP/1.1 (0.2s) 200 response from GET https://plex.tv/api/v2/server/access_tokens?auth_token=xxxxxxxxxxxxxxxxxxxx (reused)
Feb 03, 2026 14:18:18.846 [126159673068344] DEBUG - MyPlex: updating with 12 access tokens
Feb 03, 2026 14:18:18.847 [126159673068344] DEBUG - [HCl#30] HTTP requesting GET https://plex.tv/api/v2/server/users?auth_token=xxxxxxxxxxxxxxxxxxxx
Feb 03, 2026 14:18:19.010 [126159739050808] DEBUG - [HttpClient/HCl#30] HTTP/1.1 (0.2s) 200 response from GET https://plex.tv/api/v2/server/users?auth_token=xxxxxxxxxxxxxxxxxxxx (reused)
Feb 03, 2026 14:18:19.011 [126159730383672] DEBUG - [HCl#31] HTTP requesting GET https://plex.tv/api/v2/server/users/subscriptions?auth_token=xxxxxxxxxxxxxxxxxxxx
Feb 03, 2026 14:18:19.192 [126159739050808] DEBUG - [HttpClient/HCl#31] HTTP/1.1 (0.2s) 200 response from GET https://plex.tv/api/v2/server/users/subscriptions?auth_token=xxxxxxxxxxxxxxxxxxxx (reused)
Feb 03, 2026 14:18:19.193 [126159730383672] DEBUG - MyPlex: using cached data for request for https://plex.tv/api/v2/server/users/services?auth_token=xxxxxxxxxxxxxxxxxxxx
Feb 03, 2026 14:18:21.848 [126159673068344] DEBUG - [MediaProviderManager] Refreshing media providers
Feb 03, 2026 14:18:21.848 [126159673068344] DEBUG - [MediaProviderManager/Response::fetch/HCl#32] HTTP requesting GET https://plex.tv/media/providers
Feb 03, 2026 14:18:22.010 [126159739050808] DEBUG - [HttpClient/HCl#32] HTTP/1.1 (0.2s) 200 response from GET https://plex.tv/media/providers (reused)
Feb 03, 2026 14:18:22.010 [126159673068344] DEBUG - [MediaProviderManager] discovered cloud provider (Movies & Shows)
Feb 03, 2026 14:18:22.010 [126159673068344] DEBUG - [MediaProviderManager] discovered cloud provider (Metadata)
Feb 03, 2026 14:18:22.010 [126159673068344] DEBUG - [MediaProviderManager] loading cloud provider details (Metadata) (alive: 1)
Feb 03, 2026 14:18:22.010 [126159673068344] DEBUG - [MediaProviderManager] loading cloud provider details (Movies & Shows) (alive: 1)
Feb 03, 2026 14:18:22.010 [126159673068344] DEBUG - [MediaProviderManager] we had 2 cloud providers online, we now have 2
Feb 03, 2026 14:18:22.010 [126159673068344] DEBUG - [MediaProviderManager] cloud provider (Metadata) is online and available
Feb 03, 2026 14:18:22.010 [126159673068344] DEBUG - [MediaProviderManager] cloud provider (Movies & Shows) is online and available
Feb 03, 2026 14:18:22.010 [126159673068344] DEBUG - [MediaProviderManager] Media provider refresh complete
Feb 03, 2026 14:19:47.752 [126159730383672] DEBUG - BPQ: [Starting] -> [Processing]
Feb 03, 2026 14:19:47.754 [126159730383672] DEBUG - BPQ: generating queue items from 0 generator(s)
Feb 03, 2026 14:19:47.754 [126159730383672] DEBUG - BPQ: generated 0 item(s) for queue
Feb 03, 2026 14:19:47.754 [126159730383672] DEBUG - BPQ: [Processing] -> [Idle]
Feb 03, 2026 14:19:54.096 [126159723998008] DEBUG - Request: [127.0.0.1:36338 (Loopback)] GET /servers (2 live) #27 GZIP Signed-in Token (lucascnoman)
Feb 03, 2026 14:19:54.097 [126159756540728] DEBUG - Completed: [127.0.0.1:36338] 200 GET /servers (2 live) #27 GZIP 0ms 496 bytes
Feb 03, 2026 14:19:54.100 [126159723998008] DEBUG - Request: [127.0.0.1:36352 (Loopback)] GET / (2 live) #2a GZIP Signed-in Token (lucascnoman)
Feb 03, 2026 14:19:54.101 [126159754431288] DEBUG - Completed: [127.0.0.1:36352] 200 GET / (2 live) #2a GZIP 1ms 4061 bytes
Feb 03, 2026 14:19:54.104 [126159723998008] DEBUG - Request: [127.0.0.1:36356 (Loopback)] GET /library/sections (2 live) #2c GZIP Signed-in Token (lucascnoman)
Feb 03, 2026 14:19:54.108 [126159756540728] DEBUG - Completed: [127.0.0.1:36356] 200 GET /library/sections (2 live) #2c GZIP 3ms 792 bytes
Feb 03, 2026 14:19:54.110 [126159723998008] DEBUG - Request: [127.0.0.1:36358 (Loopback)] GET /channels/all (2 live) #2e GZIP Signed-in Token (lucascnoman)
Feb 03, 2026 14:19:54.110 [126159754431288] DEBUG - Completed: [127.0.0.1:36358] 200 GET /channels/all (2 live) #2e GZIP 0ms 387 bytes
Feb 03, 2026 14:19:54.114 [126159723998008] DEBUG - Request: [127.0.0.1:36370 (Loopback)] GET /library/sections (2 live) #30 GZIP Signed-in Token (lucascnoman)
Feb 03, 2026 14:19:54.114 [126159754431288] DEBUG - Completed: [127.0.0.1:36370] 200 GET /library/sections (2 live) #30 GZIP 0ms 792 bytes
Feb 03, 2026 14:19:54.117 [126159723998008] DEBUG - Request: [127.0.0.1:36376 (Loopback)] GET /channels/all (2 live) #32 GZIP Signed-in Token (lucascnoman)
Feb 03, 2026 14:19:54.117 [126159754431288] DEBUG - Completed: [127.0.0.1:36376] 200 GET /channels/all (2 live) #32 GZIP 0ms 387 bytes
Feb 03, 2026 14:20:00.024 [126159723998008] DEBUG - Request: [172.19.0.4:36330 (WAN)] GET /library/sections (2 live) #34 GZIP Signed-in Token (lucascnoman)
Feb 03, 2026 14:20:00.025 [126159754431288] DEBUG - Completed: [172.19.0.4:36330] 200 GET /library/sections (2 live) #34 GZIP 2ms 801 bytes (pipelined: 1)
Feb 03, 2026 14:20:00.032 [126159723998008] DEBUG - Request: [172.19.0.4:36330 (WAN)] GET /library/sections/1/all?type=1&sort=addedAt%3Adesc&addedAt%3E%3E=1770127500 (2 live) #37 Page 0-499 GZIP Signed-in Token (lucascnoman)
Feb 03, 2026 14:20:00.037 [126159723998008] DEBUG - [Req#37] Setting container serialization range to [0, 499] (total=-1)
Feb 03, 2026 14:20:00.041 [126159756540728] DEBUG - Completed: [172.19.0.4:36330] 200 GET /library/sections/1/all?type=1&sort=addedAt%3Adesc&addedAt%3E%3E=1770127500 (2 live) #37 GZIP Page 0-499 8ms 662 bytes (pipelined: 2)
Feb 03, 2026 14:20:00.045 [126159723998008] DEBUG - Request: [172.19.0.4:36330 (WAN)] GET /library/sections/3/all?type=4&sort=addedAt%3Adesc&addedAt%3E%3E=1770127500 (2 live) #38 Page 0-499 GZIP Signed-in Token (lucascnoman)
Feb 03, 2026 14:20:00.045 [126159723998008] DEBUG - [Req#38] Setting container serialization range to [0, 499] (total=-1)
Feb 03, 2026 14:20:00.049 [126159756540728] DEBUG - Completed: [172.19.0.4:36330] 200 GET /library/sections/3/all?type=4&sort=addedAt%3Adesc&addedAt%3E%3E=1770127500 (2 live) #38 GZIP Page 0-499 4ms 672 bytes (pipelined: 3)
Feb 03, 2026 14:20:00.052 [126159723998008] DEBUG - Request: [172.19.0.4:36330 (WAN)] GET /library/sections/2/all?type=4&sort=addedAt%3Adesc&addedAt%3E%3E=1770127500 (2 live) #39 Page 0-499 GZIP Signed-in Token (lucascnoman)
Feb 03, 2026 14:20:00.053 [126159723998008] DEBUG - [Req#39] Setting container serialization range to [0, 499] (total=-1)
Feb 03, 2026 14:20:00.056 [126159756540728] DEBUG - Completed: [172.19.0.4:36330] 200 GET /library/sections/2/all?type=4&sort=addedAt%3Adesc&addedAt%3E%3E=1770127500 (2 live) #39 GZIP Page 0-499 3ms 671 bytes (pipelined: 4)
Feb 03, 2026 14:21:10.249 [126159677319992] DEBUG - [ViewStateSync] Starting
Feb 03, 2026 14:21:10.249 [126159677319992] DEBUG - [ViewStateSync] Fetching user tokens
Feb 03, 2026 14:21:10.249 [126159677319992] DEBUG - [ViewStateSync/HCl#33] HTTP requesting GET https://plex.tv/api/v2/server/users/services?auth_token=xxxxxxxxxxxxxxxxxxxx
Feb 03, 2026 14:21:10.808 [126159739050808] DEBUG - [HttpClient/HCl#33] HTTP/1.1 (0.6s) 200 response from GET https://plex.tv/api/v2/server/users/services?auth_token=xxxxxxxxxxxxxxxxxxxx
Feb 03, 2026 14:21:10.810 [126159730416440] DEBUG - [ViewStateSync] Got token for user 1 (lucascnoman)
Feb 03, 2026 14:21:10.810 [126159730416440] DEBUG - [ViewStateSync] Got token for user 1617891 (viniciusmi00)
Feb 03, 2026 14:21:10.810 [126159730416440] DEBUG - [ViewStateSync/HCl#34] HTTP requesting GET https://plex.tv/api/v2/server/users/227321076/view_state_sync
Feb 03, 2026 14:21:10.976 [126159739050808] DEBUG - [HttpClient/HCl#34] HTTP/1.1 (0.2s) 200 response from GET https://plex.tv/api/v2/server/users/227321076/view_state_sync (reused)
Feb 03, 2026 14:21:10.976 [126159730416440] DEBUG - [ViewStateSync] Starting for user 1
Feb 03, 2026 14:21:10.976 [126159730416440] DEBUG - [ViewStateSync] Sending state
Feb 03, 2026 14:21:10.977 [126159730416440] DEBUG - [ViewStateSync] All state sent
Feb 03, 2026 14:21:10.977 [126159730416440] DEBUG - [ViewStateSync] Getting state
Feb 03, 2026 14:21:10.977 [126159730416440] DEBUG - [ViewStateSync/HCl#35] HTTP requesting GET https://scrobbles.plex.tv/state/227321076?after=MTc3MDA3Njc4NzY1MS02OTdiNWM3YzE1MWRmMTJmYjc1MmRlNGI%3D&count=100
Feb 03, 2026 14:21:11.237 [126159739050808] DEBUG - [HttpClient/HCl#35] HTTP/2.0 (0.3s) 200 response from GET https://scrobbles.plex.tv/state/227321076?after=MTc3MDA3Njc4NzY1MS02OTdiNWM3YzE1MWRmMTJmYjc1MmRlNGI%3D&count=100
Feb 03, 2026 14:21:11.237 [126159730416440] DEBUG - [ViewStateSync] Reading 0 states
Feb 03, 2026 14:21:11.237 [126159730416440] DEBUG - [ViewStateSync] Done getting states
Feb 03, 2026 14:21:11.237 [126159730416440] DEBUG - [ViewStateSync/HCl#36] HTTP requesting GET https://plex.tv/api/v2/server/users/1617891/view_state_sync
Feb 03, 2026 14:21:11.400 [126159739050808] DEBUG - [HttpClient/HCl#36] HTTP/1.1 (0.2s) 200 response from GET https://plex.tv/api/v2/server/users/1617891/view_state_sync (reused)
Feb 03, 2026 14:21:11.400 [126159730416440] DEBUG - [ViewStateSync] Starting for user 1617891
Feb 03, 2026 14:21:11.400 [126159730416440] DEBUG - [ViewStateSync] Sending state
Feb 03, 2026 14:21:11.400 [126159730416440] DEBUG - [ViewStateSync] All state sent
Feb 03, 2026 14:21:11.401 [126159730416440] DEBUG - [ViewStateSync] Getting state
Feb 03, 2026 14:21:11.401 [126159730416440] DEBUG - [ViewStateSync/HCl#37] HTTP requesting GET https://scrobbles.plex.tv/state/1617891?after=MTc2MTI3NDQ3NjI3MS02OGZhZWE2YzdhYzk1MjczNzY2YmQxNjU%3D&count=100
Feb 03, 2026 14:21:11.554 [126159739050808] DEBUG - [HttpClient/HCl#37] HTTP/2.0 (0.2s) 200 response from GET https://scrobbles.plex.tv/state/1617891?after=MTc2MTI3NDQ3NjI3MS02OGZhZWE2YzdhYzk1MjczNzY2YmQxNjU%3D&count=100 (reused)
Feb 03, 2026 14:21:11.554 [126159730416440] DEBUG - [ViewStateSync] Reading 0 states
Feb 03, 2026 14:21:11.554 [126159730416440] DEBUG - [ViewStateSync] Done getting states
Feb 03, 2026 14:21:11.554 [126159730416440] DEBUG - [ViewStateSync] Finished
