Jan 22, 2026 17:08:23.003 [125909353966336] INFO - Plex Media Scanner v1.42.2.10156-f737b826c - Docker Docker Container (LinuxServer.io) x86_64 - build: linux-x86_64 - GMT 00:00
Jan 22, 2026 17:08:23.003 [125909353966336] INFO - Linux version: 6.8.0-90-generic, language: en-US
Jan 22, 2026 17:08:23.004 [125909353966336] INFO - Processor: 4-core Intel(R) Core(TM) i7-5500U CPU @ 2.40GHz
Jan 22, 2026 17:08:23.005 [125909353966336] INFO - /usr/lib/plexmediaserver/Plex Media Scanner --match --type 2 --log-file-suffix  Matcher --item 21 --content-type=application/json
Jan 22, 2026 17:08:23.001 [125909354475264] DEBUG - Opening 20 database sessions to library (com.plexapp.plugins.library), SQLite 3.39.4, threadsafe=1
Jan 22, 2026 17:08:23.156 [125909354475264] DEBUG - Matcher: found 0 auxiliary files for Season 1
Jan 22, 2026 17:08:23.166 [125909354475264] DEBUG - Matcher: no sidecar subtitle files found for /animes/Attack on Titan (2013)/Season 1/Attack on Titan - S01E01 - To You, in 2,000 Years The Fall of Shiganshina (1) - Bluray-1080p.mkv
Jan 22, 2026 17:08:23.166 [125909354475264] DEBUG - Matcher: no sidecar subtitle files found for /animes/Attack on Titan (2013)/Season 1/Attack on Titan - S01E02 - That Day The Fall of Shiganshina (2) - Bluray-1080p.mkv
Jan 22, 2026 17:08:23.166 [125909354475264] DEBUG - Matcher: no sidecar subtitle files found for /animes/Attack on Titan (2013)/Season 1/Attack on Titan - S01E03 - A Dim Light Amid Despair Humanity's Comeback (1) - Bluray-1080p.mkv
Jan 22, 2026 17:08:23.166 [125909354475264] DEBUG - Matcher: no sidecar subtitle files found for /animes/Attack on Titan (2013)/Season 1/Attack on Titan - S01E04 - The Night of the Closing Ceremony Humanity's Comeback (2) - Bluray-1080p.mkv
Jan 22, 2026 17:08:23.166 [125909354475264] DEBUG - Matcher: no sidecar subtitle files found for /animes/Attack on Titan (2013)/Season 1/Attack on Titan - S01E05 - First Battle The Struggle for Trost (1) - Bluray-1080p.mkv
Jan 22, 2026 17:08:23.166 [125909354475264] DEBUG - Matcher: no sidecar subtitle files found for /animes/Attack on Titan (2013)/Season 1/Attack on Titan - S01E06 - The World the Girl Saw The Struggle for Trost (2) - Bluray-1080p.mkv
Jan 22, 2026 17:08:23.166 [125909354475264] DEBUG - Matcher: no sidecar subtitle files found for /animes/Attack on Titan (2013)/Season 1/Attack on Titan - S01E07 - Small Blade The Struggle for Trost (3) - Bluray-1080p.mkv
Jan 22, 2026 17:08:23.166 [125909354475264] DEBUG - Matcher: no sidecar subtitle files found for /animes/Attack on Titan (2013)/Season 1/Attack on Titan - S01E08 - I Can Hear His Heartbeat The Struggle for Trost (4) - Bluray-1080p.mkv
Jan 22, 2026 17:08:23.167 [125909354475264] DEBUG - Matcher: no sidecar subtitle files found for /animes/Attack on Titan (2013)/Season 1/Attack on Titan - S01E09 - Whereabouts of His Left Arm The Struggle for Trost (5) - Bluray-1080p.mkv
Jan 22, 2026 17:08:23.167 [125909354475264] DEBUG - Matcher: no sidecar subtitle files found for /animes/Attack on Titan (2013)/Season 1/Attack on Titan - S01E10 - Response The Struggle for Trost (6) - Bluray-1080p.mkv
Jan 22, 2026 17:08:23.167 [125909354475264] DEBUG - Matcher: no sidecar subtitle files found for /animes/Attack on Titan (2013)/Season 1/Attack on Titan - S01E11 - Idol The Struggle for Trost (7) - Bluray-1080p.mkv
Jan 22, 2026 17:08:23.167 [125909354475264] DEBUG - Matcher: no sidecar subtitle files found for /animes/Attack on Titan (2013)/Season 1/Attack on Titan - S01E12 - Wound The Struggle for Trost (8) - Bluray-1080p.mkv
Jan 22, 2026 17:08:23.167 [125909354475264] DEBUG - Matcher: no sidecar subtitle files found for /animes/Attack on Titan (2013)/Season 1/Attack on Titan - S01E13 - Primal Desire The Struggle for Trost (9) - Bluray-1080p.mkv
Jan 22, 2026 17:08:23.167 [125909354475264] DEBUG - Matcher: no sidecar subtitle files found for /animes/Attack on Titan (2013)/Season 1/Attack on Titan - S01E14 - Can't Look into His Eyes Yet Eve of the Counterattack (1) - Bluray-1080p.mkv
Jan 22, 2026 17:08:23.167 [125909354475264] DEBUG - Matcher: no sidecar subtitle files found for /animes/Attack on Titan (2013)/Season 1/Attack on Titan - S01E15 - Special Operations Squad Eve of the Counterattack (2) - Bluray-1080p.mkv
Jan 22, 2026 17:08:23.167 [125909354475264] DEBUG - Matcher: no sidecar subtitle files found for /animes/Attack on Titan (2013)/Season 1/Attack on Titan - S01E16 - What Needs to Be Done Now Eve of the Counterattack (3) - Bluray-1080p.mkv
Jan 22, 2026 17:08:23.167 [125909354475264] DEBUG - Matcher: no sidecar subtitle files found for /animes/Attack on Titan (2013)/Season 1/Attack on Titan - S01E17 - Female Titan The 57th Exterior Scouting Mission (1) - Bluray-1080p.mkv
Jan 22, 2026 17:08:23.167 [125909354475264] DEBUG - Matcher: no sidecar subtitle files found for /animes/Attack on Titan (2013)/Season 1/Attack on Titan - S01E18 - Forest of Giant Trees The 57th Exterior Scouting Mission (2) - Bluray-1080p.mkv
Jan 22, 2026 17:08:23.167 [125909354475264] DEBUG - Matcher: no sidecar subtitle files found for /animes/Attack on Titan (2013)/Season 1/Attack on Titan - S01E19 - Bite The 57th Exterior Scouting Mission (3) - Bluray-1080p.mkv
Jan 22, 2026 17:08:23.167 [125909354475264] DEBUG - Matcher: no sidecar subtitle files found for /animes/Attack on Titan (2013)/Season 1/Attack on Titan - S01E20 - Erwin Smith The 57th Exterior Scouting Mission (4) - Bluray-1080p.mkv
Jan 22, 2026 17:08:23.167 [125909354475264] DEBUG - Matcher: no sidecar subtitle files found for /animes/Attack on Titan (2013)/Season 1/Attack on Titan - S01E21 - Crushing Blow The 57th Exterior Scouting Mission (5) - Bluray-1080p.mkv
Jan 22, 2026 17:08:23.167 [125909354475264] DEBUG - Matcher: no sidecar subtitle files found for /animes/Attack on Titan (2013)/Season 1/Attack on Titan - S01E22 - The Defeated The 57th Exterior Scouting Mission (6) - Bluray-1080p.mkv
Jan 22, 2026 17:08:23.167 [125909354475264] DEBUG - Matcher: no sidecar subtitle files found for /animes/Attack on Titan (2013)/Season 1/Attack on Titan - S01E23 - Smile Assault on Stohess (1) - Bluray-1080p.mkv
Jan 22, 2026 17:08:23.167 [125909354475264] DEBUG - Matcher: no sidecar subtitle files found for /animes/Attack on Titan (2013)/Season 1/Attack on Titan - S01E24 - Mercy Assault on Stohess (2) - Bluray-1080p.mkv
Jan 22, 2026 17:08:23.167 [125909354475264] DEBUG - Matcher: no sidecar subtitle files found for /animes/Attack on Titan (2013)/Season 1/Attack on Titan - S01E25 - Wall Assault on Stohess (3) - Bluray-1080p.mkv
