Jan 29, 2026 12:09:39.224 [135687050025728] INFO - Plex Media Scanner v1.42.2.10156-f737b826c - Docker Docker Container (LinuxServer.io) x86_64 - build: linux-x86_64 - GMT 00:00
Jan 29, 2026 12:09:39.224 [135687050025728] INFO - Linux version: 6.8.0-90-generic, language: en-US
Jan 29, 2026 12:09:39.224 [135687050025728] INFO - Processor: 4-core Intel(R) Core(TM) i7-5500U CPU @ 2.40GHz
Jan 29, 2026 12:09:39.224 [135687050025728] INFO - /usr/lib/plexmediaserver/Plex Media Scanner --analyze --log-file-suffix  Analysis --no-thumbs --item 131,127
Jan 29, 2026 12:09:39.225 [135687050534656] DEBUG - Opening 20 database sessions to library (com.plexapp.plugins.library), SQLite 3.39.4, threadsafe=1
Jan 29, 2026 12:09:39.354 [135687050534656] DEBUG - Analyzing media parts for item 131 (Birthright): 194,214
Jan 29, 2026 12:09:39.354 [135687050534656] DEBUG - [ID 194] Media part analysis: /tv/Outlander Blood of My Blood (2025)/Season 1/Outlander Blood of My Blood - S01E06 - Birthright - WEBDL-720p.mkv
Jan 29, 2026 12:09:39.355 [135687050534656] DEBUG - [MI] Opening input file: "/tv/Outlander Blood of My Blood (2025)/Season 1/Outlander Blood of My Blood - S01E06 - Birthright - WEBDL-720p.mkv"
Jan 29, 2026 12:09:39.355 [135687050534656] DEBUG - [FFMPEG] - Opening '/tv/Outlander Blood of My Blood (2025)/Season 1/Outlander Blood of My Blood - S01E06 - Birthright - WEBDL-720p.mkv' for reading
Jan 29, 2026 12:09:39.355 [135687050534656] DEBUG - [FFMPEG] - Setting default whitelist 'file,crypto,data'
Jan 29, 2026 12:09:39.356 [135687050534656] ERROR - Exception analyzing media file '/tv/Outlander Blood of My Blood (2025)/Season 1/Outlander Blood of My Blood - S01E06 - Birthright - WEBDL-720p.mkv' (Could not parse /tv/Outlander Blood of My Blood (2025)/Season 1/Outlander Blood of My Blood - S01E06 - Birthright - WEBDL-720p.mkv (error=-2): No such file or directory)
Jan 29, 2026 12:09:39.357 [135687050534656] ERROR - Failed to successfully analyze part 194.
Jan 29, 2026 12:09:39.358 [135687050534656] DEBUG - [ID 214] Media part analysis: /tv/Outlander Blood of My Blood (2025)/Season 1/Outlander Blood of My Blood - S01E06 - Birthright - WEBDL-2160p Proper.mkv
Jan 29, 2026 12:09:39.358 [135687050534656] DEBUG - [MI] Opening input file: "/tv/Outlander Blood of My Blood (2025)/Season 1/Outlander Blood of My Blood - S01E06 - Birthright - WEBDL-2160p Proper.mkv"
Jan 29, 2026 12:09:39.358 [135687050534656] DEBUG - [FFMPEG] - Opening '/tv/Outlander Blood of My Blood (2025)/Season 1/Outlander Blood of My Blood - S01E06 - Birthright - WEBDL-2160p Proper.mkv' for reading
Jan 29, 2026 12:09:39.358 [135687050534656] DEBUG - [FFMPEG] - Setting default whitelist 'file,crypto,data'
Jan 29, 2026 12:09:39.359 [135687050534656] DEBUG - [FFMPEG] - Format matroska,webm probed with size=2048 and score=100
Jan 29, 2026 12:09:39.359 [135687050534656] DEBUG - [FFMPEG] - Unknown entry 0x22B59D at pos. 4447
Jan 29, 2026 12:09:39.359 [135687050534656] DEBUG - [FFMPEG] - Unknown entry 0x22B59D at pos. 4540
Jan 29, 2026 12:09:39.359 [135687050534656] DEBUG - [FFMPEG] - Unknown entry 0x22B59D at pos. 4588
Jan 29, 2026 12:09:39.359 [135687050534656] DEBUG - [FFMPEG] - Unknown entry 0x22B59D at pos. 4635
Jan 29, 2026 12:09:39.359 [135687050534656] DEBUG - [FFMPEG] - Unknown entry 0x22B59D at pos. 4679
Jan 29, 2026 12:09:39.359 [135687050534656] DEBUG - [FFMPEG] - Unknown entry 0x22B59D at pos. 4723
Jan 29, 2026 12:09:39.359 [135687050534656] DEBUG - [FFMPEG] - Unknown entry 0x22B59D at pos. 4770
Jan 29, 2026 12:09:39.359 [135687050534656] DEBUG - [FFMPEG] - Unknown entry 0x22B59D at pos. 4814
Jan 29, 2026 12:09:39.359 [135687050534656] DEBUG - [FFMPEG] - Unknown entry 0x22B59D at pos. 4858
Jan 29, 2026 12:09:39.359 [135687050534656] DEBUG - [FFMPEG] - Unknown entry 0x22B59D at pos. 4902
Jan 29, 2026 12:09:39.359 [135687050534656] DEBUG - [FFMPEG] - Unknown entry 0x22B59D at pos. 4946
Jan 29, 2026 12:09:39.359 [135687050534656] DEBUG - [FFMPEG] - Unknown entry 0x22B59D at pos. 4990
Jan 29, 2026 12:09:39.359 [135687050534656] DEBUG - [FFMPEG] - Unknown entry 0x437D at pos. 6390
Jan 29, 2026 12:09:39.359 [135687050534656] DEBUG - [FFMPEG] - Unknown entry 0x437D at pos. 6442
Jan 29, 2026 12:09:39.359 [135687050534656] DEBUG - [FFMPEG] - Unknown entry 0x437D at pos. 6495
Jan 29, 2026 12:09:39.359 [135687050534656] DEBUG - [FFMPEG] - Unknown entry 0x437D at pos. 6549
Jan 29, 2026 12:09:39.359 [135687050534656] DEBUG - [FFMPEG] - Unknown entry 0x437D at pos. 6603
Jan 29, 2026 12:09:39.359 [135687050534656] DEBUG - [FFMPEG] - Unknown entry 0x437D at pos. 6657
Jan 29, 2026 12:09:39.359 [135687050534656] DEBUG - [FFMPEG] - Unknown entry 0x437D at pos. 6709
Jan 29, 2026 12:09:39.359 [135687050534656] DEBUG - [FFMPEG] - Unknown entry 0x437D at pos. 6763
Jan 29, 2026 12:09:39.359 [135687050534656] DEBUG - [FFMPEG] - st:0 removing common factor 1000000 from timebase
Jan 29, 2026 12:09:39.359 [135687050534656] DEBUG - [FFMPEG] - st:1 removing common factor 1000000 from timebase
Jan 29, 2026 12:09:39.359 [135687050534656] DEBUG - [FFMPEG] - st:2 removing common factor 1000000 from timebase
Jan 29, 2026 12:09:39.359 [135687050534656] DEBUG - [FFMPEG] - st:3 removing common factor 1000000 from timebase
Jan 29, 2026 12:09:39.359 [135687050534656] DEBUG - [FFMPEG] - st:4 removing common factor 1000000 from timebase
Jan 29, 2026 12:09:39.359 [135687050534656] DEBUG - [FFMPEG] - st:5 removing common factor 1000000 from timebase
Jan 29, 2026 12:09:39.359 [135687050534656] DEBUG - [FFMPEG] - st:6 removing common factor 1000000 from timebase
Jan 29, 2026 12:09:39.359 [135687050534656] DEBUG - [FFMPEG] - st:7 removing common factor 1000000 from timebase
Jan 29, 2026 12:09:39.359 [135687050534656] DEBUG - [FFMPEG] - st:8 removing common factor 1000000 from timebase
Jan 29, 2026 12:09:39.359 [135687050534656] DEBUG - [FFMPEG] - st:9 removing common factor 1000000 from timebase
Jan 29, 2026 12:09:39.359 [135687050534656] DEBUG - [FFMPEG] - st:10 removing common factor 1000000 from timebase
Jan 29, 2026 12:09:39.359 [135687050534656] DEBUG - [FFMPEG] - st:11 removing common factor 1000000 from timebase
Jan 29, 2026 12:09:39.359 [135687050534656] DEBUG - [FFMPEG] - Before avformat_find_stream_info() pos: 6876 bytes read:35805 seeks:2 nb_streams:12
Jan 29, 2026 12:09:39.360 [135687050534656] DEBUG - [FFMPEG] - nal_unit_type: 32(VPS), nuh_layer_id: 0, temporal_id: 0
Jan 29, 2026 12:09:39.360 [135687050534656] DEBUG - [FFMPEG] - Decoding VPS
Jan 29, 2026 12:09:39.360 [135687050534656] DEBUG - [FFMPEG] - Main 10 profile bitstream
Jan 29, 2026 12:09:39.360 [135687050534656] DEBUG - [FFMPEG] - nal_unit_type: 33(SPS), nuh_layer_id: 0, temporal_id: 0
Jan 29, 2026 12:09:39.360 [135687050534656] DEBUG - [FFMPEG] - Decoding SPS
Jan 29, 2026 12:09:39.360 [135687050534656] DEBUG - [FFMPEG] - Main 10 profile bitstream
Jan 29, 2026 12:09:39.360 [135687050534656] DEBUG - [FFMPEG] - Decoding VUI
Jan 29, 2026 12:09:39.360 [135687050534656] DEBUG - [FFMPEG] - nal_unit_type: 34(PPS), nuh_layer_id: 0, temporal_id: 0
Jan 29, 2026 12:09:39.360 [135687050534656] DEBUG - [FFMPEG] - Decoding PPS
Jan 29, 2026 12:09:39.361 [135687050534656] DEBUG - [FFMPEG] - All info found
Jan 29, 2026 12:09:39.361 [135687050534656] DEBUG - [FFMPEG] - After avformat_find_stream_info() pos: 32698 bytes read:68573 seeks:2 frames:20
Jan 29, 2026 12:09:39.366 [135687050534656] DEBUG - [MI]  * a3b173388fc22f41581173aa2425d093394e800e [mkv hevc/eac3] Duration: 3506720ms, 3840x2160 (1.777778) 23.976fps, bitrate=18986kbps, audio channels=6, optimizedForStreaming=0 ("/tv/Outlander Blood of My Blood (2025)/Season 1/Outlander Blood of My Blood - S01E06 - Birthright - WEBDL-2160p Proper.mkv")
Jan 29, 2026 12:09:39.366 [135687050534656] DEBUG - [MI] Importing 8 media chapters.
Jan 29, 2026 12:09:39.367 [135687050534656] DEBUG - [MI] Closing input file: "/tv/Outlander Blood of My Blood (2025)/Season 1/Outlander Blood of My Blood - S01E06 - Birthright - WEBDL-2160p Proper.mkv"
Jan 29, 2026 12:09:39.367 [135687050534656] DEBUG - Committing media stream changes for part 214
Jan 29, 2026 12:09:39.368 [135687050534656] DEBUG - Updating media item 214, size=8322546753, metadata_item_id=131
Jan 29, 2026 12:09:39.368 [135687050534656] DEBUG - Updating part with ID=214 [/tv/Outlander Blood of My Blood (2025)/Season 1/Outlander Blood of My Blood - S01E06 - Birthright - WEBDL-2160p Proper.mkv]
Jan 29, 2026 12:09:39.369 [135687030971136] DEBUG - [HCl#1] HTTP requesting GET http://127.0.0.1:32400/:/metadata/notify/changeItemState?librarySectionID=2&metadataItemID=131&metadataType=4&state=-1&parentID=-1&rootID=-1&mediaState=analyzing
Jan 29, 2026 12:09:39.371 [135687030823680] DEBUG - [HttpClient/HCl#1] HTTP/1.1 (0.0s) 200 response from GET http://127.0.0.1:32400/:/metadata/notify/changeItemState?librarySectionID=2&metadataItemID=131&metadataType=4&state=-1&parentID=-1&rootID=-1&mediaState=analyzing
Jan 29, 2026 12:09:39.371 [135687030971136] DEBUG - [HCl#2] HTTP requesting GET http://127.0.0.1:32400/:/metadata/notify/changeItemState?librarySectionID=2&metadataItemID=131&metadataType=4&state=-1&parentID=-1&rootID=-1&mediaState=idle
Jan 29, 2026 12:09:39.372 [135687030823680] DEBUG - [HttpClient/HCl#2] HTTP/1.1 (0.0s) 200 response from GET http://127.0.0.1:32400/:/metadata/notify/changeItemState?librarySectionID=2&metadataItemID=131&metadataType=4&state=-1&parentID=-1&rootID=-1&mediaState=idle (reused)
Jan 29, 2026 12:09:39.375 [135687050534656] DEBUG - Downloading document http://127.0.0.1:32400/library/changestamp
Jan 29, 2026 12:09:39.375 [135687050534656] DEBUG - [HCl#3] HTTP requesting GET http://127.0.0.1:32400/library/changestamp
Jan 29, 2026 12:09:39.376 [135687030823680] DEBUG - [HttpClient/HCl#3] HTTP/1.1 (0.0s) 200 response from GET http://127.0.0.1:32400/library/changestamp (reused)
Jan 29, 2026 12:09:39.377 [135687050534656] DEBUG - Updating metadata item (save) (Birthright) with ID 131
Jan 29, 2026 12:09:39.379 [135687030971136] DEBUG - [HCl#4] HTTP requesting GET http://127.0.0.1:32400/:/metadata/flushMetadataCounterCache?metadataItemID=122
Jan 29, 2026 12:09:39.380 [135687050534656] DEBUG - Doing expensive tags write for 'Birthright' because something changed.
Jan 29, 2026 12:09:39.380 [135687030823680] DEBUG - [HttpClient/HCl#4] HTTP/1.1 (0.0s) 200 response from GET http://127.0.0.1:32400/:/metadata/flushMetadataCounterCache?metadataItemID=122 (reused)
Jan 29, 2026 12:09:39.381 [135687050534656] DEBUG - Downloading document http://127.0.0.1:32400/library/changestamp
Jan 29, 2026 12:09:39.381 [135687050534656] DEBUG - [HCl#5] HTTP requesting GET http://127.0.0.1:32400/library/changestamp
Jan 29, 2026 12:09:39.382 [135687030823680] DEBUG - [HttpClient/HCl#5] HTTP/1.1 (0.0s) 200 response from GET http://127.0.0.1:32400/library/changestamp (reused)
Jan 29, 2026 12:09:39.382 [135687050534656] DEBUG - Updating metadata item (save) (Birthright) with ID 131
Jan 29, 2026 12:09:39.389 [135687030971136] DEBUG - [HCl#6] HTTP requesting GET http://127.0.0.1:32400/:/metadata/flushMetadataCounterCache?metadataItemID=122
Jan 29, 2026 12:09:39.390 [135687030823680] DEBUG - [HttpClient/HCl#6] HTTP/1.1 (0.0s) 200 response from GET http://127.0.0.1:32400/:/metadata/flushMetadataCounterCache?metadataItemID=122 (reused)
Jan 29, 2026 12:09:39.393 [135687050534656] DEBUG - Analyzing media parts for item 127 (Something Borrowed): 184,215
Jan 29, 2026 12:09:39.393 [135687050534656] DEBUG - [ID 184] Media part analysis: /tv/Outlander Blood of My Blood (2025)/Season 1/Outlander Blood of My Blood - S01E10 - Something Borrowed - WEBDL-1080p.mkv
Jan 29, 2026 12:09:39.394 [135687050534656] DEBUG - [MI] Opening input file: "/tv/Outlander Blood of My Blood (2025)/Season 1/Outlander Blood of My Blood - S01E10 - Something Borrowed - WEBDL-1080p.mkv"
Jan 29, 2026 12:09:39.394 [135687050534656] DEBUG - [FFMPEG] - Opening '/tv/Outlander Blood of My Blood (2025)/Season 1/Outlander Blood of My Blood - S01E10 - Something Borrowed - WEBDL-1080p.mkv' for reading
Jan 29, 2026 12:09:39.394 [135687050534656] DEBUG - [FFMPEG] - Setting default whitelist 'file,crypto,data'
Jan 29, 2026 12:09:39.394 [135687050534656] ERROR - Exception analyzing media file '/tv/Outlander Blood of My Blood (2025)/Season 1/Outlander Blood of My Blood - S01E10 - Something Borrowed - WEBDL-1080p.mkv' (Could not parse /tv/Outlander Blood of My Blood (2025)/Season 1/Outlander Blood of My Blood - S01E10 - Something Borrowed - WEBDL-1080p.mkv (error=-2): No such file or directory)
Jan 29, 2026 12:09:39.394 [135687050534656] ERROR - Failed to successfully analyze part 184.
Jan 29, 2026 12:09:39.394 [135687050534656] DEBUG - [ID 215] Media part analysis: /tv/Outlander Blood of My Blood (2025)/Season 1/Outlander Blood of My Blood - S01E10 - Something Borrowed - WEBDL-2160p.mkv
Jan 29, 2026 12:09:39.395 [135687050534656] DEBUG - [MI] Opening input file: "/tv/Outlander Blood of My Blood (2025)/Season 1/Outlander Blood of My Blood - S01E10 - Something Borrowed - WEBDL-2160p.mkv"
Jan 29, 2026 12:09:39.395 [135687050534656] DEBUG - [FFMPEG] - Opening '/tv/Outlander Blood of My Blood (2025)/Season 1/Outlander Blood of My Blood - S01E10 - Something Borrowed - WEBDL-2160p.mkv' for reading
Jan 29, 2026 12:09:39.395 [135687050534656] DEBUG - [FFMPEG] - Setting default whitelist 'file,crypto,data'
Jan 29, 2026 12:09:39.395 [135687050534656] DEBUG - [FFMPEG] - Format matroska,webm probed with size=2048 and score=100
Jan 29, 2026 12:09:39.395 [135687050534656] DEBUG - [FFMPEG] - Unknown entry 0x22B59D at pos. 4471
Jan 29, 2026 12:09:39.395 [135687050534656] DEBUG - [FFMPEG] - Unknown entry 0x22B59D at pos. 4543
Jan 29, 2026 12:09:39.395 [135687050534656] DEBUG - [FFMPEG] - Unknown entry 0x22B59D at pos. 4614
Jan 29, 2026 12:09:39.395 [135687050534656] DEBUG - [FFMPEG] - Unknown entry 0x22B59D at pos. 4687
Jan 29, 2026 12:09:39.395 [135687050534656] DEBUG - [FFMPEG] - Unknown entry 0x22B59D at pos. 4742
Jan 29, 2026 12:09:39.395 [135687050534656] DEBUG - [FFMPEG] - Unknown entry 0x22B59D at pos. 4797
Jan 29, 2026 12:09:39.395 [135687050534656] DEBUG - [FFMPEG] - Unknown entry 0x22B59D at pos. 4865
Jan 29, 2026 12:09:39.395 [135687050534656] DEBUG - [FFMPEG] - Unknown entry 0x437D at pos. 6313
Jan 29, 2026 12:09:39.395 [135687050534656] DEBUG - [FFMPEG] - Unknown entry 0x437D at pos. 6360
Jan 29, 2026 12:09:39.395 [135687050534656] DEBUG - [FFMPEG] - Unknown entry 0x437D at pos. 6409
Jan 29, 2026 12:09:39.395 [135687050534656] DEBUG - [FFMPEG] - Unknown entry 0x437D at pos. 6456
Jan 29, 2026 12:09:39.395 [135687050534656] DEBUG - [FFMPEG] - Unknown entry 0x437D at pos. 6505
Jan 29, 2026 12:09:39.395 [135687050534656] DEBUG - [FFMPEG] - Unknown entry 0x437D at pos. 6559
Jan 29, 2026 12:09:39.395 [135687050534656] DEBUG - [FFMPEG] - st:0 removing common factor 1000000 from timebase
Jan 29, 2026 12:09:39.395 [135687050534656] DEBUG - [FFMPEG] - st:1 removing common factor 1000000 from timebase
Jan 29, 2026 12:09:39.395 [135687050534656] DEBUG - [FFMPEG] - st:2 removing common factor 1000000 from timebase
Jan 29, 2026 12:09:39.395 [135687050534656] DEBUG - [FFMPEG] - st:3 removing common factor 1000000 from timebase
Jan 29, 2026 12:09:39.395 [135687050534656] DEBUG - [FFMPEG] - st:4 removing common factor 1000000 from timebase
Jan 29, 2026 12:09:39.395 [135687050534656] DEBUG - [FFMPEG] - st:5 removing common factor 1000000 from timebase
Jan 29, 2026 12:09:39.395 [135687050534656] DEBUG - [FFMPEG] - st:6 removing common factor 1000000 from timebase
Jan 29, 2026 12:09:39.396 [135687050534656] DEBUG - [FFMPEG] - Before avformat_find_stream_info() pos: 6671 bytes read:35030 seeks:2 nb_streams:7
Jan 29, 2026 12:09:39.396 [135687050534656] DEBUG - [FFMPEG] - nal_unit_type: 32(VPS), nuh_layer_id: 0, temporal_id: 0
Jan 29, 2026 12:09:39.396 [135687050534656] DEBUG - [FFMPEG] - Decoding VPS
Jan 29, 2026 12:09:39.396 [135687050534656] DEBUG - [FFMPEG] - Main 10 profile bitstream
Jan 29, 2026 12:09:39.396 [135687050534656] DEBUG - [FFMPEG] - nal_unit_type: 33(SPS), nuh_layer_id: 0, temporal_id: 0
Jan 29, 2026 12:09:39.396 [135687050534656] DEBUG - [FFMPEG] - Decoding SPS
Jan 29, 2026 12:09:39.396 [135687050534656] DEBUG - [FFMPEG] - Main 10 profile bitstream
Jan 29, 2026 12:09:39.396 [135687050534656] DEBUG - [FFMPEG] - Decoding VUI
Jan 29, 2026 12:09:39.396 [135687050534656] DEBUG - [FFMPEG] - nal_unit_type: 34(PPS), nuh_layer_id: 0, temporal_id: 0
Jan 29, 2026 12:09:39.396 [135687050534656] DEBUG - [FFMPEG] - Decoding PPS
Jan 29, 2026 12:09:39.397 [135687050534656] DEBUG - [FFMPEG] - All info found
Jan 29, 2026 12:09:39.397 [135687050534656] DEBUG - [FFMPEG] - After avformat_find_stream_info() pos: 50563 bytes read:100566 seeks:2 frames:17
Jan 29, 2026 12:09:39.397 [135687050534656] DEBUG - [MI]  * ab6cd2e0ba242b1aa878983d502b10a47589d7c1 [mkv hevc/ac3] Duration: 5178633ms, 3840x2160 (1.777778) 23.976fps, bitrate=16622kbps, audio channels=6, optimizedForStreaming=0 ("/tv/Outlander Blood of My Blood (2025)/Season 1/Outlander Blood of My Blood - S01E10 - Something Borrowed - WEBDL-2160p.mkv")
Jan 29, 2026 12:09:39.397 [135687050534656] DEBUG - [MI] Importing 6 media chapters.
Jan 29, 2026 12:09:39.398 [135687050534656] DEBUG - [MI] Closing input file: "/tv/Outlander Blood of My Blood (2025)/Season 1/Outlander Blood of My Blood - S01E10 - Something Borrowed - WEBDL-2160p.mkv"
Jan 29, 2026 12:09:39.398 [135687050534656] DEBUG - Committing media stream changes for part 215
Jan 29, 2026 12:09:39.402 [135687050534656] DEBUG - Updating media item 215, size=10760135502, metadata_item_id=127
Jan 29, 2026 12:09:39.402 [135687050534656] DEBUG - Updating part with ID=215 [/tv/Outlander Blood of My Blood (2025)/Season 1/Outlander Blood of My Blood - S01E10 - Something Borrowed - WEBDL-2160p.mkv]
Jan 29, 2026 12:09:39.403 [135687030971136] DEBUG - [HCl#7] HTTP requesting GET http://127.0.0.1:32400/:/metadata/notify/changeItemState?librarySectionID=2&metadataItemID=127&metadataType=4&state=-1&parentID=-1&rootID=-1&mediaState=analyzing
Jan 29, 2026 12:09:39.407 [135687030823680] DEBUG - [HttpClient/HCl#7] HTTP/1.1 (0.0s) 200 response from GET http://127.0.0.1:32400/:/metadata/notify/changeItemState?librarySectionID=2&metadataItemID=127&metadataType=4&state=-1&parentID=-1&rootID=-1&mediaState=analyzing (reused)
Jan 29, 2026 12:09:39.408 [135687030971136] DEBUG - [HCl#8] HTTP requesting GET http://127.0.0.1:32400/:/metadata/notify/changeItemState?librarySectionID=2&metadataItemID=127&metadataType=4&state=-1&parentID=-1&rootID=-1&mediaState=idle
Jan 29, 2026 12:09:39.408 [135687050534656] DEBUG - Downloading document http://127.0.0.1:32400/library/changestamp
Jan 29, 2026 12:09:39.409 [135687050534656] DEBUG - [HCl#9] HTTP requesting GET http://127.0.0.1:32400/library/changestamp
Jan 29, 2026 12:09:39.410 [135687030823680] DEBUG - [HttpClient/HCl#9] HTTP/1.1 (0.0s) 200 response from GET http://127.0.0.1:32400/library/changestamp
Jan 29, 2026 12:09:39.410 [135687030823680] DEBUG - [HttpClient/HCl#8] HTTP/1.1 (0.0s) 200 response from GET http://127.0.0.1:32400/:/metadata/notify/changeItemState?librarySectionID=2&metadataItemID=127&metadataType=4&state=-1&parentID=-1&rootID=-1&mediaState=idle (reused)
Jan 29, 2026 12:09:39.410 [135687050534656] DEBUG - Updating metadata item (save) (Something Borrowed) with ID 127
Jan 29, 2026 12:09:39.411 [135687030971136] DEBUG - [HCl#a] HTTP requesting GET http://127.0.0.1:32400/:/metadata/flushMetadataCounterCache?metadataItemID=122
Jan 29, 2026 12:09:39.412 [135687050534656] DEBUG - Doing expensive tags write for 'Something Borrowed' because something changed.
Jan 29, 2026 12:09:39.413 [135687030823680] DEBUG - [HttpClient/HCl#a] HTTP/1.1 (0.0s) 200 response from GET http://127.0.0.1:32400/:/metadata/flushMetadataCounterCache?metadataItemID=122 (reused)
Jan 29, 2026 12:09:39.414 [135687050534656] DEBUG - Downloading document http://127.0.0.1:32400/library/changestamp
Jan 29, 2026 12:09:39.414 [135687050534656] DEBUG - [HCl#b] HTTP requesting GET http://127.0.0.1:32400/library/changestamp
Jan 29, 2026 12:09:39.415 [135687030823680] DEBUG - [HttpClient/HCl#b] HTTP/1.1 (0.0s) 200 response from GET http://127.0.0.1:32400/library/changestamp (reused)
Jan 29, 2026 12:09:39.415 [135687050534656] DEBUG - Updating metadata item (save) (Something Borrowed) with ID 127
Jan 29, 2026 12:09:39.416 [135687030971136] DEBUG - [HCl#c] HTTP requesting GET http://127.0.0.1:32400/:/metadata/flushMetadataCounterCache?metadataItemID=122
Jan 29, 2026 12:09:39.417 [135687030823680] DEBUG - [HttpClient/HCl#c] HTTP/1.1 (0.0s) 200 response from GET http://127.0.0.1:32400/:/metadata/flushMetadataCounterCache?metadataItemID=122 (reused)
