Jan 30, 2026 02:07:44.927 [131148015946496] INFO - Plex Media Scanner v1.42.2.10156-f737b826c - Docker Docker Container (LinuxServer.io) x86_64 - build: linux-x86_64 - GMT 00:00
Jan 30, 2026 02:07:44.927 [131148015946496] INFO - Linux version: 6.8.0-90-generic, language: en-US
Jan 30, 2026 02:07:44.927 [131148015946496] INFO - Processor: 4-core Intel(R) Core(TM) i7-5500U CPU @ 2.40GHz
Jan 30, 2026 02:07:44.927 [131148015946496] INFO - /usr/lib/plexmediaserver/Plex Media Scanner --analyze-deeply --item 153 --log-file-suffix  Deep Analysis
Jan 30, 2026 02:07:44.928 [131148016455424] DEBUG - Opening 20 database sessions to library (com.plexapp.plugins.library), SQLite 3.39.4, threadsafe=1
Jan 30, 2026 02:07:45.023 [131148016455424] DEBUG - [MI] Opening input file: "/tv/Senna (2024)/Season 1/Senna - S01E05 - Hero - WEBDL-1080p.mkv"
Jan 30, 2026 02:07:45.023 [131148016455424] DEBUG - [FFMPEG] - Opening '/tv/Senna (2024)/Season 1/Senna - S01E05 - Hero - WEBDL-1080p.mkv' for reading
Jan 30, 2026 02:07:45.023 [131148016455424] DEBUG - [FFMPEG] - Setting default whitelist 'file,crypto,data'
Jan 30, 2026 02:07:45.024 [131148016455424] DEBUG - [FFMPEG] - Format matroska,webm probed with size=2048 and score=100
Jan 30, 2026 02:07:45.024 [131148016455424] DEBUG - [FFMPEG] - Unknown entry 0x22B59D at pos. 4386
Jan 30, 2026 02:07:45.024 [131148016455424] DEBUG - [FFMPEG] - Unknown entry 0x22B59D at pos. 4465
Jan 30, 2026 02:07:45.024 [131148016455424] DEBUG - [FFMPEG] - Unknown entry 0x22B59D at pos. 4543
Jan 30, 2026 02:07:45.024 [131148016455424] DEBUG - [FFMPEG] - Unknown entry 0x22B59D at pos. 4614
Jan 30, 2026 02:07:45.024 [131148016455424] DEBUG - [FFMPEG] - Unknown entry 0x22B59D at pos. 4697
Jan 30, 2026 02:07:45.024 [131148016455424] DEBUG - [FFMPEG] - Unknown entry 0x22B59D at pos. 4771
Jan 30, 2026 02:07:45.024 [131148016455424] DEBUG - [FFMPEG] - Unknown entry 0x22B59D at pos. 4844
Jan 30, 2026 02:07:45.024 [131148016455424] DEBUG - [FFMPEG] - Unknown entry 0x22B59D at pos. 4896
Jan 30, 2026 02:07:45.024 [131148016455424] DEBUG - [FFMPEG] - Unknown entry 0x22B59D at pos. 4954
Jan 30, 2026 02:07:45.024 [131148016455424] DEBUG - [FFMPEG] - Unknown entry 0x22B59D at pos. 5025
Jan 30, 2026 02:07:45.024 [131148016455424] DEBUG - [FFMPEG] - Unknown entry 0x22B59D at pos. 5084
Jan 30, 2026 02:07:45.024 [131148016455424] DEBUG - [FFMPEG] - Unknown entry 0x22B59D at pos. 5143
Jan 30, 2026 02:07:45.024 [131148016455424] DEBUG - [FFMPEG] - Unknown entry 0x22B59D at pos. 5202
Jan 30, 2026 02:07:45.024 [131148016455424] DEBUG - [FFMPEG] - Unknown entry 0x22B59D at pos. 5261
Jan 30, 2026 02:07:45.024 [131148016455424] DEBUG - [FFMPEG] - Unknown entry 0x22B59D at pos. 5320
Jan 30, 2026 02:07:45.024 [131148016455424] DEBUG - [FFMPEG] - Unknown entry 0x22B59D at pos. 5379
Jan 30, 2026 02:07:45.024 [131148016455424] DEBUG - [FFMPEG] - Unknown entry 0x22B59D at pos. 5459
Jan 30, 2026 02:07:45.024 [131148016455424] DEBUG - [FFMPEG] - Unknown entry 0x22B59D at pos. 5521
Jan 30, 2026 02:07:45.024 [131148016455424] DEBUG - [FFMPEG] - Unknown entry 0x22B59D at pos. 5580
Jan 30, 2026 02:07:45.024 [131148016455424] DEBUG - [FFMPEG] - Unknown entry 0x22B59D at pos. 5639
Jan 30, 2026 02:07:45.024 [131148016455424] DEBUG - [FFMPEG] - Unknown entry 0x22B59D at pos. 5699
Jan 30, 2026 02:07:45.024 [131148016455424] DEBUG - [FFMPEG] - Unknown entry 0x22B59D at pos. 5758
Jan 30, 2026 02:07:45.024 [131148016455424] DEBUG - [FFMPEG] - Unknown entry 0x22B59D at pos. 5817
Jan 30, 2026 02:07:45.024 [131148016455424] DEBUG - [FFMPEG] - Unknown entry 0x22B59D at pos. 5876
Jan 30, 2026 02:07:45.024 [131148016455424] DEBUG - [FFMPEG] - Unknown entry 0x22B59D at pos. 5935
Jan 30, 2026 02:07:45.024 [131148016455424] DEBUG - [FFMPEG] - Unknown entry 0x22B59D at pos. 5994
Jan 30, 2026 02:07:45.024 [131148016455424] DEBUG - [FFMPEG] - Unknown entry 0x22B59D at pos. 6053
Jan 30, 2026 02:07:45.024 [131148016455424] DEBUG - [FFMPEG] - Unknown entry 0x22B59D at pos. 6112
Jan 30, 2026 02:07:45.024 [131148016455424] DEBUG - [FFMPEG] - Unknown entry 0x22B59D at pos. 6171
Jan 30, 2026 02:07:45.024 [131148016455424] DEBUG - [FFMPEG] - Unknown entry 0x22B59D at pos. 6230
Jan 30, 2026 02:07:45.024 [131148016455424] DEBUG - [FFMPEG] - Unknown entry 0x22B59D at pos. 6289
Jan 30, 2026 02:07:45.024 [131148016455424] DEBUG - [FFMPEG] - Unknown entry 0x22B59D at pos. 6348
Jan 30, 2026 02:07:45.024 [131148016455424] DEBUG - [FFMPEG] - Unknown entry 0x22B59D at pos. 6407
Jan 30, 2026 02:07:45.024 [131148016455424] DEBUG - [FFMPEG] - Unknown entry 0x22B59D at pos. 6466
Jan 30, 2026 02:07:45.024 [131148016455424] DEBUG - [FFMPEG] - Unknown entry 0x22B59D at pos. 6525
Jan 30, 2026 02:07:45.024 [131148016455424] DEBUG - [FFMPEG] - Unknown entry 0x22B59D at pos. 6584
Jan 30, 2026 02:07:45.024 [131148016455424] DEBUG - [FFMPEG] - Unknown entry 0x22B59D at pos. 6643
Jan 30, 2026 02:07:45.024 [131148016455424] DEBUG - [FFMPEG] - Unknown entry 0x22B59D at pos. 6702
Jan 30, 2026 02:07:45.024 [131148016455424] DEBUG - [FFMPEG] - Unknown entry 0x22B59D at pos. 6761
Jan 30, 2026 02:07:45.024 [131148016455424] DEBUG - [FFMPEG] - Unknown entry 0x22B59D at pos. 6820
Jan 30, 2026 02:07:45.024 [131148016455424] DEBUG - [FFMPEG] - Unknown entry 0x22B59D at pos. 6879
Jan 30, 2026 02:07:45.024 [131148016455424] DEBUG - [FFMPEG] - Unknown entry 0x22B59D at pos. 6956
Jan 30, 2026 02:07:45.024 [131148016455424] DEBUG - [FFMPEG] - Unknown entry 0x437D at pos. 8968
Jan 30, 2026 02:07:45.024 [131148016455424] DEBUG - [FFMPEG] - Unknown entry 0x437D at pos. 9015
Jan 30, 2026 02:07:45.024 [131148016455424] DEBUG - [FFMPEG] - Unknown entry 0x437D at pos. 9064
Jan 30, 2026 02:07:45.024 [131148016455424] DEBUG - [FFMPEG] - Unknown entry 0x437D at pos. 9114
Jan 30, 2026 02:07:45.025 [131148016455424] DEBUG - [FFMPEG] - st:0 removing common factor 1000000 from timebase
Jan 30, 2026 02:07:45.025 [131148016455424] DEBUG - [FFMPEG] - st:1 removing common factor 1000000 from timebase
Jan 30, 2026 02:07:45.025 [131148016455424] DEBUG - [FFMPEG] - st:2 removing common factor 1000000 from timebase
Jan 30, 2026 02:07:45.025 [131148016455424] DEBUG - [FFMPEG] - st:3 removing common factor 1000000 from timebase
Jan 30, 2026 02:07:45.025 [131148016455424] DEBUG - [FFMPEG] - st:4 removing common factor 1000000 from timebase
Jan 30, 2026 02:07:45.025 [131148016455424] DEBUG - [FFMPEG] - st:5 removing common factor 1000000 from timebase
Jan 30, 2026 02:07:45.025 [131148016455424] DEBUG - [FFMPEG] - st:6 removing common factor 1000000 from timebase
Jan 30, 2026 02:07:45.025 [131148016455424] DEBUG - [FFMPEG] - st:7 removing common factor 1000000 from timebase
Jan 30, 2026 02:07:45.025 [131148016455424] DEBUG - [FFMPEG] - st:8 removing common factor 1000000 from timebase
Jan 30, 2026 02:07:45.025 [131148016455424] DEBUG - [FFMPEG] - st:9 removing common factor 1000000 from timebase
Jan 30, 2026 02:07:45.025 [131148016455424] DEBUG - [FFMPEG] - st:10 removing common factor 1000000 from timebase
Jan 30, 2026 02:07:45.025 [131148016455424] DEBUG - [FFMPEG] - st:11 removing common factor 1000000 from timebase
Jan 30, 2026 02:07:45.025 [131148016455424] DEBUG - [FFMPEG] - st:12 removing common factor 1000000 from timebase
Jan 30, 2026 02:07:45.025 [131148016455424] DEBUG - [FFMPEG] - st:13 removing common factor 1000000 from timebase
Jan 30, 2026 02:07:45.025 [131148016455424] DEBUG - [FFMPEG] - st:14 removing common factor 1000000 from timebase
Jan 30, 2026 02:07:45.025 [131148016455424] DEBUG - [FFMPEG] - st:15 removing common factor 1000000 from timebase
Jan 30, 2026 02:07:45.025 [131148016455424] DEBUG - [FFMPEG] - st:16 removing common factor 1000000 from timebase
Jan 30, 2026 02:07:45.025 [131148016455424] DEBUG - [FFMPEG] - st:17 removing common factor 1000000 from timebase
Jan 30, 2026 02:07:45.025 [131148016455424] DEBUG - [FFMPEG] - st:18 removing common factor 1000000 from timebase
Jan 30, 2026 02:07:45.025 [131148016455424] DEBUG - [FFMPEG] - st:19 removing common factor 1000000 from timebase
Jan 30, 2026 02:07:45.025 [131148016455424] DEBUG - [FFMPEG] - st:20 removing common factor 1000000 from timebase
Jan 30, 2026 02:07:45.025 [131148016455424] DEBUG - [FFMPEG] - st:21 removing common factor 1000000 from timebase
Jan 30, 2026 02:07:45.025 [131148016455424] DEBUG - [FFMPEG] - st:22 removing common factor 1000000 from timebase
Jan 30, 2026 02:07:45.025 [131148016455424] DEBUG - [FFMPEG] - st:23 removing common factor 1000000 from timebase
Jan 30, 2026 02:07:45.025 [131148016455424] DEBUG - [FFMPEG] - st:24 removing common factor 1000000 from timebase
Jan 30, 2026 02:07:45.025 [131148016455424] DEBUG - [FFMPEG] - st:25 removing common factor 1000000 from timebase
Jan 30, 2026 02:07:45.025 [131148016455424] DEBUG - [FFMPEG] - st:26 removing common factor 1000000 from timebase
Jan 30, 2026 02:07:45.025 [131148016455424] DEBUG - [FFMPEG] - st:27 removing common factor 1000000 from timebase
Jan 30, 2026 02:07:45.025 [131148016455424] DEBUG - [FFMPEG] - st:28 removing common factor 1000000 from timebase
Jan 30, 2026 02:07:45.025 [131148016455424] DEBUG - [FFMPEG] - st:29 removing common factor 1000000 from timebase
Jan 30, 2026 02:07:45.025 [131148016455424] DEBUG - [FFMPEG] - st:30 removing common factor 1000000 from timebase
Jan 30, 2026 02:07:45.025 [131148016455424] DEBUG - [FFMPEG] - st:31 removing common factor 1000000 from timebase
Jan 30, 2026 02:07:45.025 [131148016455424] DEBUG - [FFMPEG] - st:32 removing common factor 1000000 from timebase
Jan 30, 2026 02:07:45.025 [131148016455424] DEBUG - [FFMPEG] - st:33 removing common factor 1000000 from timebase
Jan 30, 2026 02:07:45.025 [131148016455424] DEBUG - [FFMPEG] - st:34 removing common factor 1000000 from timebase
Jan 30, 2026 02:07:45.025 [131148016455424] DEBUG - [FFMPEG] - st:35 removing common factor 1000000 from timebase
Jan 30, 2026 02:07:45.025 [131148016455424] DEBUG - [FFMPEG] - st:36 removing common factor 1000000 from timebase
Jan 30, 2026 02:07:45.025 [131148016455424] DEBUG - [FFMPEG] - st:37 removing common factor 1000000 from timebase
Jan 30, 2026 02:07:45.025 [131148016455424] DEBUG - [FFMPEG] - st:38 removing common factor 1000000 from timebase
Jan 30, 2026 02:07:45.025 [131148016455424] DEBUG - [FFMPEG] - st:39 removing common factor 1000000 from timebase
Jan 30, 2026 02:07:45.025 [131148016455424] DEBUG - [FFMPEG] - st:40 removing common factor 1000000 from timebase
Jan 30, 2026 02:07:45.025 [131148016455424] DEBUG - [FFMPEG] - st:41 removing common factor 1000000 from timebase
Jan 30, 2026 02:07:45.025 [131148016455424] DEBUG - [FFMPEG] - Before avformat_find_stream_info() pos: 9226 bytes read:43936 seeks:2 nb_streams:42
Jan 30, 2026 02:07:45.026 [131148016455424] DEBUG - [FFMPEG] - nal_unit_type: 7(SPS), nal_ref_idc: 3
Jan 30, 2026 02:07:45.026 [131148016455424] DEBUG - [FFMPEG] - nal_unit_type: 8(PPS), nal_ref_idc: 3
Jan 30, 2026 02:07:45.027 [131148016455424] DEBUG - [FFMPEG] - nal_unit_type: 7(SPS), nal_ref_idc: 3
Jan 30, 2026 02:07:45.027 [131148016455424] DEBUG - [FFMPEG] - nal_unit_type: 8(PPS), nal_ref_idc: 3
Jan 30, 2026 02:07:45.027 [131148016455424] DEBUG - [FFMPEG] - nal_unit_type: 6(SEI), nal_ref_idc: 0
Jan 30, 2026 02:07:45.027 [131148016455424] DEBUG - [FFMPEG] - nal_unit_type: 6(SEI), nal_ref_idc: 0
Jan 30, 2026 02:07:45.027 [131148016455424] DEBUG - [FFMPEG] - nal_unit_type: 6(SEI), nal_ref_idc: 0
Jan 30, 2026 02:07:45.027 [131148016455424] DEBUG - [FFMPEG] - nal_unit_type: 5(IDR), nal_ref_idc: 3
Jan 30, 2026 02:07:45.027 [131148016455424] DEBUG - [FFMPEG] - Format yuv420p chosen by get_format().
Jan 30, 2026 02:07:45.030 [131148016455424] DEBUG - [FFMPEG] - no picture 
Jan 30, 2026 02:07:45.032 [131148016455424] DEBUG - [FFMPEG] - nal_unit_type: 6(SEI), nal_ref_idc: 0
Jan 30, 2026 02:07:45.032 [131148016455424] DEBUG - [FFMPEG] - nal_unit_type: 1(Coded slice of a non-IDR picture), nal_ref_idc: 2
Jan 30, 2026 02:07:45.036 [131148016455424] DEBUG - [FFMPEG] - nal_unit_type: 6(SEI), nal_ref_idc: 0
Jan 30, 2026 02:07:45.036 [131148016455424] DEBUG - [FFMPEG] - nal_unit_type: 1(Coded slice of a non-IDR picture), nal_ref_idc: 0
Jan 30, 2026 02:07:45.041 [131148016455424] DEBUG - [FFMPEG] - nal_unit_type: 6(SEI), nal_ref_idc: 0
Jan 30, 2026 02:07:45.041 [131148016455424] DEBUG - [FFMPEG] - nal_unit_type: 1(Coded slice of a non-IDR picture), nal_ref_idc: 0
Jan 30, 2026 02:07:45.046 [131148016455424] DEBUG - [FFMPEG] - nal_unit_type: 6(SEI), nal_ref_idc: 0
Jan 30, 2026 02:07:45.046 [131148016455424] DEBUG - [FFMPEG] - nal_unit_type: 1(Coded slice of a non-IDR picture), nal_ref_idc: 2
Jan 30, 2026 02:07:45.048 [131148016455424] DEBUG - [FFMPEG] - nal_unit_type: 6(SEI), nal_ref_idc: 0
Jan 30, 2026 02:07:45.048 [131148016455424] DEBUG - [FFMPEG] - nal_unit_type: 1(Coded slice of a non-IDR picture), nal_ref_idc: 0
Jan 30, 2026 02:07:45.050 [131148016455424] DEBUG - [FFMPEG] - nal_unit_type: 6(SEI), nal_ref_idc: 0
Jan 30, 2026 02:07:45.050 [131148016455424] DEBUG - [FFMPEG] - nal_unit_type: 1(Coded slice of a non-IDR picture), nal_ref_idc: 0
Jan 30, 2026 02:07:45.055 [131148016455424] DEBUG - [FFMPEG] - nal_unit_type: 6(SEI), nal_ref_idc: 0
Jan 30, 2026 02:07:45.055 [131148016455424] DEBUG - [FFMPEG] - nal_unit_type: 1(Coded slice of a non-IDR picture), nal_ref_idc: 2
Jan 30, 2026 02:07:45.057 [131148016455424] DEBUG - [FFMPEG] - All info found
Jan 30, 2026 02:07:45.059 [131148016455424] DEBUG - [FFMPEG] - After avformat_find_stream_info() pos: 109535 bytes read:175008 seeks:2 frames:39
Jan 30, 2026 02:07:46.260 [131148016455424] DEBUG - Deep Analysis: Read 10000 packets at 107.250000
Jan 30, 2026 02:07:47.581 [131148016455424] DEBUG - Deep Analysis: Read 20000 packets at 215.744000
Jan 30, 2026 02:07:48.890 [131148016455424] DEBUG - Deep Analysis: Read 30000 packets at 329.408000
Jan 30, 2026 02:07:50.159 [131148016455424] DEBUG - Deep Analysis: Read 40000 packets at 435.232000
Jan 30, 2026 02:07:51.307 [131148016455424] DEBUG - Deep Analysis: Read 50000 packets at 543.552000
Jan 30, 2026 02:07:52.456 [131148016455424] DEBUG - Deep Analysis: Read 60000 packets at 653.120000
Jan 30, 2026 02:07:53.679 [131148016455424] DEBUG - Deep Analysis: Read 70000 packets at 763.808000
Jan 30, 2026 02:07:54.794 [131148016455424] DEBUG - Deep Analysis: Read 80000 packets at 867.712000
Jan 30, 2026 02:07:55.926 [131148016455424] DEBUG - Deep Analysis: Read 90000 packets at 975.136000
Jan 30, 2026 02:07:57.205 [131148016455424] DEBUG - Deep Analysis: Read 100000 packets at 1083.458000
Jan 30, 2026 02:07:58.394 [131148016455424] DEBUG - Deep Analysis: Read 110000 packets at 1191.667000
Jan 30, 2026 02:07:59.557 [131148016455424] DEBUG - Deep Analysis: Read 120000 packets at 1302.958000
Jan 30, 2026 02:08:00.709 [131148016455424] DEBUG - Deep Analysis: Read 130000 packets at 1406.688000
Jan 30, 2026 02:08:01.782 [131148016455424] DEBUG - Deep Analysis: Read 140000 packets at 1509.292000
Jan 30, 2026 02:08:02.909 [131148016455424] DEBUG - Deep Analysis: Read 150000 packets at 1613.833000
Jan 30, 2026 02:08:04.132 [131148016455424] DEBUG - Deep Analysis: Read 160000 packets at 1716.864000
Jan 30, 2026 02:08:05.250 [131148016455424] DEBUG - Deep Analysis: Read 170000 packets at 1823.680000
Jan 30, 2026 02:08:06.332 [131148016455424] DEBUG - Deep Analysis: Read 180000 packets at 1924.800000
Jan 30, 2026 02:08:07.482 [131148016455424] DEBUG - Deep Analysis: Read 190000 packets at 2028.288000
Jan 30, 2026 02:08:08.592 [131148016455424] DEBUG - Deep Analysis: Read 200000 packets at 2134.375000
Jan 30, 2026 02:08:09.838 [131148016455424] DEBUG - Deep Analysis: Read 210000 packets at 2243.488000
Jan 30, 2026 02:08:11.033 [131148016455424] DEBUG - Deep Analysis: Read 220000 packets at 2350.048000
Jan 30, 2026 02:08:12.221 [131148016455424] DEBUG - Deep Analysis: Read 230000 packets at 2464.875000
Jan 30, 2026 02:08:13.462 [131148016455424] DEBUG - Deep Analysis: Read 240000 packets at 2576.960000
Jan 30, 2026 02:08:14.614 [131148016455424] DEBUG - Deep Analysis: Read 250000 packets at 2687.456000
Jan 30, 2026 02:08:15.821 [131148016455424] DEBUG - Deep Analysis: Read 260000 packets at 2795.833000
Jan 30, 2026 02:08:17.032 [131148016455424] DEBUG - Deep Analysis: Read 270000 packets at 2900.928000
Jan 30, 2026 02:08:18.171 [131148016455424] DEBUG - Deep Analysis: Read 280000 packets at 3004.000000
Jan 30, 2026 02:08:19.303 [131148016455424] DEBUG - Deep Analysis: Read 290000 packets at 3108.192000
Jan 30, 2026 02:08:20.471 [131148016455424] DEBUG - Deep Analysis: Read 300000 packets at 3214.816000
Jan 30, 2026 02:08:21.705 [131148016455424] DEBUG - Deep Analysis: Read 310000 packets at 3322.592000
Jan 30, 2026 02:08:22.909 [131148016455424] DEBUG - Deep Analysis: Read 320000 packets at 3426.750000
Jan 30, 2026 02:08:23.398 [131148016455424] DEBUG - Deep Analysis: Read 330000 packets at 3541.792000
Jan 30, 2026 02:08:23.936 [131148016455424] DEBUG - Deep Analysis: Read 340000 packets at 3657.292000
Jan 30, 2026 02:08:24.513 [131148016455424] DEBUG - Deep Analysis: Read 350000 packets at 3773.152000
Jan 30, 2026 02:08:25.098 [131148016455424] DEBUG - Deep Analysis: Read 360000 packets at 3888.640000
Jan 30, 2026 02:08:25.654 [131148016455424] DEBUG - Deep Analysis: Read 370000 packets at 4004.288000
Jan 30, 2026 02:08:26.164 [131148016455424] DEBUG - Deep Analysis: Read 380000 packets at 4119.424000
Jan 30, 2026 02:08:26.368 [131148016455424] DEBUG - Deep Analysis: Sorting packets
Jan 30, 2026 02:08:26.418 [131148016455424] DEBUG - Deep Analysis: Performing file bitrate analysis
Jan 30, 2026 02:08:26.498 [131148016455424] DEBUG - Deep Analysis: Performing stream bitrate analysis on stream 0
Jan 30, 2026 02:08:26.519 [131148016455424] DEBUG - Deep Analysis: Performing stream bitrate analysis on stream 1
Jan 30, 2026 02:08:26.529 [131148016455424] DEBUG - Deep Analysis: Performing stream bitrate analysis on stream 2
Jan 30, 2026 02:08:26.538 [131148016455424] DEBUG - Deep Analysis: Performing stream bitrate analysis on stream 3
Jan 30, 2026 02:08:26.539 [131148016455424] DEBUG - Deep Analysis: Performing stream bitrate analysis on stream 4
Jan 30, 2026 02:08:26.540 [131148016455424] DEBUG - Deep Analysis: Performing stream bitrate analysis on stream 5
Jan 30, 2026 02:08:26.540 [131148016455424] DEBUG - Deep Analysis: Performing stream bitrate analysis on stream 6
Jan 30, 2026 02:08:26.541 [131148016455424] DEBUG - Deep Analysis: Performing stream bitrate analysis on stream 7
Jan 30, 2026 02:08:26.541 [131148016455424] DEBUG - Deep Analysis: Performing stream bitrate analysis on stream 8
Jan 30, 2026 02:08:26.542 [131148016455424] DEBUG - Deep Analysis: Performing stream bitrate analysis on stream 9
Jan 30, 2026 02:08:26.543 [131148016455424] DEBUG - Deep Analysis: Performing stream bitrate analysis on stream 10
Jan 30, 2026 02:08:26.543 [131148016455424] DEBUG - Deep Analysis: Performing stream bitrate analysis on stream 11
Jan 30, 2026 02:08:26.544 [131148016455424] DEBUG - Deep Analysis: Performing stream bitrate analysis on stream 12
Jan 30, 2026 02:08:26.544 [131148016455424] DEBUG - Deep Analysis: Performing stream bitrate analysis on stream 13
Jan 30, 2026 02:08:26.545 [131148016455424] DEBUG - Deep Analysis: Performing stream bitrate analysis on stream 14
Jan 30, 2026 02:08:26.545 [131148016455424] DEBUG - Deep Analysis: Performing stream bitrate analysis on stream 15
Jan 30, 2026 02:08:26.546 [131148016455424] DEBUG - Deep Analysis: Performing stream bitrate analysis on stream 16
Jan 30, 2026 02:08:26.546 [131148016455424] DEBUG - Deep Analysis: Performing stream bitrate analysis on stream 17
Jan 30, 2026 02:08:26.547 [131148016455424] DEBUG - Deep Analysis: Performing stream bitrate analysis on stream 18
Jan 30, 2026 02:08:26.547 [131148016455424] DEBUG - Deep Analysis: Performing stream bitrate analysis on stream 19
Jan 30, 2026 02:08:26.548 [131148016455424] DEBUG - Deep Analysis: Performing stream bitrate analysis on stream 20
Jan 30, 2026 02:08:26.548 [131148016455424] DEBUG - Deep Analysis: Performing stream bitrate analysis on stream 21
Jan 30, 2026 02:08:26.549 [131148016455424] DEBUG - Deep Analysis: Performing stream bitrate analysis on stream 22
Jan 30, 2026 02:08:26.550 [131148016455424] DEBUG - Deep Analysis: Performing stream bitrate analysis on stream 23
Jan 30, 2026 02:08:26.550 [131148016455424] DEBUG - Deep Analysis: Performing stream bitrate analysis on stream 24
Jan 30, 2026 02:08:26.551 [131148016455424] DEBUG - Deep Analysis: Performing stream bitrate analysis on stream 25
Jan 30, 2026 02:08:26.551 [131148016455424] DEBUG - Deep Analysis: Performing stream bitrate analysis on stream 26
Jan 30, 2026 02:08:26.552 [131148016455424] DEBUG - Deep Analysis: Performing stream bitrate analysis on stream 27
Jan 30, 2026 02:08:26.552 [131148016455424] DEBUG - Deep Analysis: Performing stream bitrate analysis on stream 28
Jan 30, 2026 02:08:26.553 [131148016455424] DEBUG - Deep Analysis: Performing stream bitrate analysis on stream 29
Jan 30, 2026 02:08:26.553 [131148016455424] DEBUG - Deep Analysis: Performing stream bitrate analysis on stream 30
Jan 30, 2026 02:08:26.554 [131148016455424] DEBUG - Deep Analysis: Performing stream bitrate analysis on stream 31
Jan 30, 2026 02:08:26.554 [131148016455424] DEBUG - Deep Analysis: Performing stream bitrate analysis on stream 32
Jan 30, 2026 02:08:26.555 [131148016455424] DEBUG - Deep Analysis: Performing stream bitrate analysis on stream 33
Jan 30, 2026 02:08:26.555 [131148016455424] DEBUG - Deep Analysis: Performing stream bitrate analysis on stream 34
Jan 30, 2026 02:08:26.556 [131148016455424] DEBUG - Deep Analysis: Performing stream bitrate analysis on stream 35
Jan 30, 2026 02:08:26.557 [131148016455424] DEBUG - Deep Analysis: Performing stream bitrate analysis on stream 36
Jan 30, 2026 02:08:26.557 [131148016455424] DEBUG - Deep Analysis: Performing stream bitrate analysis on stream 37
Jan 30, 2026 02:08:26.558 [131148016455424] DEBUG - Deep Analysis: Performing stream bitrate analysis on stream 38
Jan 30, 2026 02:08:26.558 [131148016455424] DEBUG - Deep Analysis: Performing stream bitrate analysis on stream 39
Jan 30, 2026 02:08:26.559 [131148016455424] DEBUG - Deep Analysis: Performing stream bitrate analysis on stream 40
Jan 30, 2026 02:08:26.559 [131148016455424] DEBUG - Deep Analysis: Performing stream bitrate analysis on stream 41
Jan 30, 2026 02:08:26.560 [131148016455424] DEBUG - Deep Analysis: Saving GoP analysis for stream 0
Jan 30, 2026 02:08:26.564 [131148016455424] DEBUG - Deep Analysis: Saving bitrate analysis
Jan 30, 2026 02:08:26.564 [131148016455424] DEBUG - Updating part with ID=220 [/tv/Senna (2024)/Season 1/Senna - S01E05 - Hero - WEBDL-1080p.mkv]
Jan 30, 2026 02:08:26.568 [131148016455424] DEBUG - [MI] Closing input file: "/tv/Senna (2024)/Season 1/Senna - S01E05 - Hero - WEBDL-1080p.mkv"
Jan 30, 2026 02:08:26.568 [131148016455424] DEBUG - Updating media item 220, size=3051215867, metadata_item_id=153
Jan 30, 2026 02:08:26.568 [131148016455424] DEBUG - Updating part with ID=220 [/tv/Senna (2024)/Season 1/Senna - S01E05 - Hero - WEBDL-1080p.mkv]
