Jan 30, 2026 02:08:26.593 [135308151868160] INFO - Plex Media Scanner v1.42.2.10156-f737b826c - Docker Docker Container (LinuxServer.io) x86_64 - build: linux-x86_64 - GMT 00:00
Jan 30, 2026 02:08:26.594 [135308151868160] INFO - Linux version: 6.8.0-90-generic, language: en-US
Jan 30, 2026 02:08:26.594 [135308151868160] INFO - Processor: 4-core Intel(R) Core(TM) i7-5500U CPU @ 2.40GHz
Jan 30, 2026 02:08:26.594 [135308151868160] INFO - /usr/lib/plexmediaserver/Plex Media Scanner --analyze-deeply --item 149 --log-file-suffix  Deep Analysis
Jan 30, 2026 02:08:26.595 [135308152377088] DEBUG - Opening 20 database sessions to library (com.plexapp.plugins.library), SQLite 3.39.4, threadsafe=1
Jan 30, 2026 02:08:26.690 [135308152377088] DEBUG - [MI] Opening input file: "/tv/Senna (2024)/Season 1/Senna - S01E01 - Calling - WEBDL-1080p.mkv"
Jan 30, 2026 02:08:26.690 [135308152377088] DEBUG - [FFMPEG] - Opening '/tv/Senna (2024)/Season 1/Senna - S01E01 - Calling - WEBDL-1080p.mkv' for reading
Jan 30, 2026 02:08:26.690 [135308152377088] DEBUG - [FFMPEG] - Setting default whitelist 'file,crypto,data'
Jan 30, 2026 02:08:26.690 [135308152377088] DEBUG - [FFMPEG] - Format matroska,webm probed with size=2048 and score=100
Jan 30, 2026 02:08:26.690 [135308152377088] DEBUG - [FFMPEG] - Unknown entry 0x22B59D at pos. 4386
Jan 30, 2026 02:08:26.690 [135308152377088] DEBUG - [FFMPEG] - Unknown entry 0x22B59D at pos. 4465
Jan 30, 2026 02:08:26.690 [135308152377088] DEBUG - [FFMPEG] - Unknown entry 0x22B59D at pos. 4543
Jan 30, 2026 02:08:26.690 [135308152377088] DEBUG - [FFMPEG] - Unknown entry 0x22B59D at pos. 4614
Jan 30, 2026 02:08:26.690 [135308152377088] DEBUG - [FFMPEG] - Unknown entry 0x22B59D at pos. 4697
Jan 30, 2026 02:08:26.690 [135308152377088] DEBUG - [FFMPEG] - Unknown entry 0x22B59D at pos. 4771
Jan 30, 2026 02:08:26.690 [135308152377088] DEBUG - [FFMPEG] - Unknown entry 0x22B59D at pos. 4844
Jan 30, 2026 02:08:26.690 [135308152377088] DEBUG - [FFMPEG] - Unknown entry 0x22B59D at pos. 4896
Jan 30, 2026 02:08:26.690 [135308152377088] DEBUG - [FFMPEG] - Unknown entry 0x22B59D at pos. 4954
Jan 30, 2026 02:08:26.690 [135308152377088] DEBUG - [FFMPEG] - Unknown entry 0x22B59D at pos. 5025
Jan 30, 2026 02:08:26.690 [135308152377088] DEBUG - [FFMPEG] - Unknown entry 0x22B59D at pos. 5084
Jan 30, 2026 02:08:26.691 [135308152377088] DEBUG - [FFMPEG] - Unknown entry 0x22B59D at pos. 5143
Jan 30, 2026 02:08:26.691 [135308152377088] DEBUG - [FFMPEG] - Unknown entry 0x22B59D at pos. 5202
Jan 30, 2026 02:08:26.691 [135308152377088] DEBUG - [FFMPEG] - Unknown entry 0x22B59D at pos. 5261
Jan 30, 2026 02:08:26.691 [135308152377088] DEBUG - [FFMPEG] - Unknown entry 0x22B59D at pos. 5320
Jan 30, 2026 02:08:26.691 [135308152377088] DEBUG - [FFMPEG] - Unknown entry 0x22B59D at pos. 5379
Jan 30, 2026 02:08:26.691 [135308152377088] DEBUG - [FFMPEG] - Unknown entry 0x22B59D at pos. 5459
Jan 30, 2026 02:08:26.691 [135308152377088] DEBUG - [FFMPEG] - Unknown entry 0x22B59D at pos. 5521
Jan 30, 2026 02:08:26.691 [135308152377088] DEBUG - [FFMPEG] - Unknown entry 0x22B59D at pos. 5580
Jan 30, 2026 02:08:26.691 [135308152377088] DEBUG - [FFMPEG] - Unknown entry 0x22B59D at pos. 5639
Jan 30, 2026 02:08:26.691 [135308152377088] DEBUG - [FFMPEG] - Unknown entry 0x22B59D at pos. 5699
Jan 30, 2026 02:08:26.691 [135308152377088] DEBUG - [FFMPEG] - Unknown entry 0x22B59D at pos. 5758
Jan 30, 2026 02:08:26.691 [135308152377088] DEBUG - [FFMPEG] - Unknown entry 0x22B59D at pos. 5817
Jan 30, 2026 02:08:26.691 [135308152377088] DEBUG - [FFMPEG] - Unknown entry 0x22B59D at pos. 5876
Jan 30, 2026 02:08:26.691 [135308152377088] DEBUG - [FFMPEG] - Unknown entry 0x22B59D at pos. 5935
Jan 30, 2026 02:08:26.691 [135308152377088] DEBUG - [FFMPEG] - Unknown entry 0x22B59D at pos. 5994
Jan 30, 2026 02:08:26.691 [135308152377088] DEBUG - [FFMPEG] - Unknown entry 0x22B59D at pos. 6053
Jan 30, 2026 02:08:26.691 [135308152377088] DEBUG - [FFMPEG] - Unknown entry 0x22B59D at pos. 6112
Jan 30, 2026 02:08:26.691 [135308152377088] DEBUG - [FFMPEG] - Unknown entry 0x22B59D at pos. 6171
Jan 30, 2026 02:08:26.691 [135308152377088] DEBUG - [FFMPEG] - Unknown entry 0x22B59D at pos. 6229
Jan 30, 2026 02:08:26.691 [135308152377088] DEBUG - [FFMPEG] - Unknown entry 0x22B59D at pos. 6288
Jan 30, 2026 02:08:26.691 [135308152377088] DEBUG - [FFMPEG] - Unknown entry 0x22B59D at pos. 6347
Jan 30, 2026 02:08:26.691 [135308152377088] DEBUG - [FFMPEG] - Unknown entry 0x22B59D at pos. 6406
Jan 30, 2026 02:08:26.691 [135308152377088] DEBUG - [FFMPEG] - Unknown entry 0x22B59D at pos. 6465
Jan 30, 2026 02:08:26.691 [135308152377088] DEBUG - [FFMPEG] - Unknown entry 0x22B59D at pos. 6524
Jan 30, 2026 02:08:26.691 [135308152377088] DEBUG - [FFMPEG] - Unknown entry 0x22B59D at pos. 6583
Jan 30, 2026 02:08:26.691 [135308152377088] DEBUG - [FFMPEG] - Unknown entry 0x22B59D at pos. 6642
Jan 30, 2026 02:08:26.691 [135308152377088] DEBUG - [FFMPEG] - Unknown entry 0x22B59D at pos. 6701
Jan 30, 2026 02:08:26.691 [135308152377088] DEBUG - [FFMPEG] - Unknown entry 0x22B59D at pos. 6760
Jan 30, 2026 02:08:26.691 [135308152377088] DEBUG - [FFMPEG] - Unknown entry 0x22B59D at pos. 6819
Jan 30, 2026 02:08:26.691 [135308152377088] DEBUG - [FFMPEG] - Unknown entry 0x22B59D at pos. 6878
Jan 30, 2026 02:08:26.691 [135308152377088] DEBUG - [FFMPEG] - Unknown entry 0x22B59D at pos. 6955
Jan 30, 2026 02:08:26.691 [135308152377088] DEBUG - [FFMPEG] - Unknown entry 0x437D at pos. 8965
Jan 30, 2026 02:08:26.691 [135308152377088] DEBUG - [FFMPEG] - Unknown entry 0x437D at pos. 9015
Jan 30, 2026 02:08:26.691 [135308152377088] DEBUG - [FFMPEG] - st:0 removing common factor 1000000 from timebase
Jan 30, 2026 02:08:26.691 [135308152377088] DEBUG - [FFMPEG] - st:1 removing common factor 1000000 from timebase
Jan 30, 2026 02:08:26.691 [135308152377088] DEBUG - [FFMPEG] - st:2 removing common factor 1000000 from timebase
Jan 30, 2026 02:08:26.691 [135308152377088] DEBUG - [FFMPEG] - st:3 removing common factor 1000000 from timebase
Jan 30, 2026 02:08:26.691 [135308152377088] DEBUG - [FFMPEG] - st:4 removing common factor 1000000 from timebase
Jan 30, 2026 02:08:26.691 [135308152377088] DEBUG - [FFMPEG] - st:5 removing common factor 1000000 from timebase
Jan 30, 2026 02:08:26.691 [135308152377088] DEBUG - [FFMPEG] - st:6 removing common factor 1000000 from timebase
Jan 30, 2026 02:08:26.691 [135308152377088] DEBUG - [FFMPEG] - st:7 removing common factor 1000000 from timebase
Jan 30, 2026 02:08:26.691 [135308152377088] DEBUG - [FFMPEG] - st:8 removing common factor 1000000 from timebase
Jan 30, 2026 02:08:26.691 [135308152377088] DEBUG - [FFMPEG] - st:9 removing common factor 1000000 from timebase
Jan 30, 2026 02:08:26.691 [135308152377088] DEBUG - [FFMPEG] - st:10 removing common factor 1000000 from timebase
Jan 30, 2026 02:08:26.691 [135308152377088] DEBUG - [FFMPEG] - st:11 removing common factor 1000000 from timebase
Jan 30, 2026 02:08:26.691 [135308152377088] DEBUG - [FFMPEG] - st:12 removing common factor 1000000 from timebase
Jan 30, 2026 02:08:26.691 [135308152377088] DEBUG - [FFMPEG] - st:13 removing common factor 1000000 from timebase
Jan 30, 2026 02:08:26.691 [135308152377088] DEBUG - [FFMPEG] - st:14 removing common factor 1000000 from timebase
Jan 30, 2026 02:08:26.691 [135308152377088] DEBUG - [FFMPEG] - st:15 removing common factor 1000000 from timebase
Jan 30, 2026 02:08:26.691 [135308152377088] DEBUG - [FFMPEG] - st:16 removing common factor 1000000 from timebase
Jan 30, 2026 02:08:26.691 [135308152377088] DEBUG - [FFMPEG] - st:17 removing common factor 1000000 from timebase
Jan 30, 2026 02:08:26.691 [135308152377088] DEBUG - [FFMPEG] - st:18 removing common factor 1000000 from timebase
Jan 30, 2026 02:08:26.691 [135308152377088] DEBUG - [FFMPEG] - st:19 removing common factor 1000000 from timebase
Jan 30, 2026 02:08:26.691 [135308152377088] DEBUG - [FFMPEG] - st:20 removing common factor 1000000 from timebase
Jan 30, 2026 02:08:26.691 [135308152377088] DEBUG - [FFMPEG] - st:21 removing common factor 1000000 from timebase
Jan 30, 2026 02:08:26.691 [135308152377088] DEBUG - [FFMPEG] - st:22 removing common factor 1000000 from timebase
Jan 30, 2026 02:08:26.691 [135308152377088] DEBUG - [FFMPEG] - st:23 removing common factor 1000000 from timebase
Jan 30, 2026 02:08:26.691 [135308152377088] DEBUG - [FFMPEG] - st:24 removing common factor 1000000 from timebase
Jan 30, 2026 02:08:26.691 [135308152377088] DEBUG - [FFMPEG] - st:25 removing common factor 1000000 from timebase
Jan 30, 2026 02:08:26.691 [135308152377088] DEBUG - [FFMPEG] - st:26 removing common factor 1000000 from timebase
Jan 30, 2026 02:08:26.691 [135308152377088] DEBUG - [FFMPEG] - st:27 removing common factor 1000000 from timebase
Jan 30, 2026 02:08:26.691 [135308152377088] DEBUG - [FFMPEG] - st:28 removing common factor 1000000 from timebase
Jan 30, 2026 02:08:26.691 [135308152377088] DEBUG - [FFMPEG] - st:29 removing common factor 1000000 from timebase
Jan 30, 2026 02:08:26.691 [135308152377088] DEBUG - [FFMPEG] - st:30 removing common factor 1000000 from timebase
Jan 30, 2026 02:08:26.691 [135308152377088] DEBUG - [FFMPEG] - st:31 removing common factor 1000000 from timebase
Jan 30, 2026 02:08:26.691 [135308152377088] DEBUG - [FFMPEG] - st:32 removing common factor 1000000 from timebase
Jan 30, 2026 02:08:26.691 [135308152377088] DEBUG - [FFMPEG] - st:33 removing common factor 1000000 from timebase
Jan 30, 2026 02:08:26.691 [135308152377088] DEBUG - [FFMPEG] - st:34 removing common factor 1000000 from timebase
Jan 30, 2026 02:08:26.691 [135308152377088] DEBUG - [FFMPEG] - st:35 removing common factor 1000000 from timebase
Jan 30, 2026 02:08:26.691 [135308152377088] DEBUG - [FFMPEG] - st:36 removing common factor 1000000 from timebase
Jan 30, 2026 02:08:26.691 [135308152377088] DEBUG - [FFMPEG] - st:37 removing common factor 1000000 from timebase
Jan 30, 2026 02:08:26.691 [135308152377088] DEBUG - [FFMPEG] - st:38 removing common factor 1000000 from timebase
Jan 30, 2026 02:08:26.691 [135308152377088] DEBUG - [FFMPEG] - st:39 removing common factor 1000000 from timebase
Jan 30, 2026 02:08:26.691 [135308152377088] DEBUG - [FFMPEG] - st:40 removing common factor 1000000 from timebase
Jan 30, 2026 02:08:26.691 [135308152377088] DEBUG - [FFMPEG] - st:41 removing common factor 1000000 from timebase
Jan 30, 2026 02:08:26.692 [135308152377088] DEBUG - [FFMPEG] - Before avformat_find_stream_info() pos: 9127 bytes read:43932 seeks:2 nb_streams:42
Jan 30, 2026 02:08:26.692 [135308152377088] DEBUG - [FFMPEG] - nal_unit_type: 7(SPS), nal_ref_idc: 3
Jan 30, 2026 02:08:26.692 [135308152377088] DEBUG - [FFMPEG] - nal_unit_type: 8(PPS), nal_ref_idc: 3
Jan 30, 2026 02:08:26.693 [135308152377088] DEBUG - [FFMPEG] - nal_unit_type: 7(SPS), nal_ref_idc: 3
Jan 30, 2026 02:08:26.693 [135308152377088] DEBUG - [FFMPEG] - nal_unit_type: 8(PPS), nal_ref_idc: 3
Jan 30, 2026 02:08:26.694 [135308152377088] DEBUG - [FFMPEG] - nal_unit_type: 6(SEI), nal_ref_idc: 0
Jan 30, 2026 02:08:26.694 [135308152377088] DEBUG - [FFMPEG] - nal_unit_type: 6(SEI), nal_ref_idc: 0
Jan 30, 2026 02:08:26.694 [135308152377088] DEBUG - [FFMPEG] - nal_unit_type: 6(SEI), nal_ref_idc: 0
Jan 30, 2026 02:08:26.694 [135308152377088] DEBUG - [FFMPEG] - nal_unit_type: 5(IDR), nal_ref_idc: 3
Jan 30, 2026 02:08:26.694 [135308152377088] DEBUG - [FFMPEG] - Format yuv420p chosen by get_format().
Jan 30, 2026 02:08:26.696 [135308152377088] DEBUG - [FFMPEG] - no picture 
Jan 30, 2026 02:08:26.698 [135308152377088] DEBUG - [FFMPEG] - nal_unit_type: 6(SEI), nal_ref_idc: 0
Jan 30, 2026 02:08:26.698 [135308152377088] DEBUG - [FFMPEG] - nal_unit_type: 1(Coded slice of a non-IDR picture), nal_ref_idc: 2
Jan 30, 2026 02:08:26.702 [135308152377088] DEBUG - [FFMPEG] - nal_unit_type: 6(SEI), nal_ref_idc: 0
Jan 30, 2026 02:08:26.702 [135308152377088] DEBUG - [FFMPEG] - nal_unit_type: 1(Coded slice of a non-IDR picture), nal_ref_idc: 0
Jan 30, 2026 02:08:26.707 [135308152377088] DEBUG - [FFMPEG] - nal_unit_type: 6(SEI), nal_ref_idc: 0
Jan 30, 2026 02:08:26.707 [135308152377088] DEBUG - [FFMPEG] - nal_unit_type: 1(Coded slice of a non-IDR picture), nal_ref_idc: 0
Jan 30, 2026 02:08:26.712 [135308152377088] DEBUG - [FFMPEG] - nal_unit_type: 6(SEI), nal_ref_idc: 0
Jan 30, 2026 02:08:26.712 [135308152377088] DEBUG - [FFMPEG] - nal_unit_type: 1(Coded slice of a non-IDR picture), nal_ref_idc: 2
Jan 30, 2026 02:08:26.714 [135308152377088] DEBUG - [FFMPEG] - nal_unit_type: 6(SEI), nal_ref_idc: 0
Jan 30, 2026 02:08:26.714 [135308152377088] DEBUG - [FFMPEG] - nal_unit_type: 1(Coded slice of a non-IDR picture), nal_ref_idc: 0
Jan 30, 2026 02:08:26.716 [135308152377088] DEBUG - [FFMPEG] - nal_unit_type: 6(SEI), nal_ref_idc: 0
Jan 30, 2026 02:08:26.716 [135308152377088] DEBUG - [FFMPEG] - nal_unit_type: 1(Coded slice of a non-IDR picture), nal_ref_idc: 0
Jan 30, 2026 02:08:26.721 [135308152377088] DEBUG - [FFMPEG] - nal_unit_type: 6(SEI), nal_ref_idc: 0
Jan 30, 2026 02:08:26.721 [135308152377088] DEBUG - [FFMPEG] - nal_unit_type: 1(Coded slice of a non-IDR picture), nal_ref_idc: 2
Jan 30, 2026 02:08:26.723 [135308152377088] DEBUG - [FFMPEG] - All info found
Jan 30, 2026 02:08:26.725 [135308152377088] DEBUG - [FFMPEG] - After avformat_find_stream_info() pos: 109436 bytes read:175004 seeks:2 frames:39
Jan 30, 2026 02:08:27.769 [135308152377088] DEBUG - Deep Analysis: Read 10000 packets at 113.472000
Jan 30, 2026 02:08:28.896 [135308152377088] DEBUG - Deep Analysis: Read 20000 packets at 216.928000
Jan 30, 2026 02:08:30.077 [135308152377088] DEBUG - Deep Analysis: Read 30000 packets at 327.872000
Jan 30, 2026 02:08:31.213 [135308152377088] DEBUG - Deep Analysis: Read 40000 packets at 436.875000
Jan 30, 2026 02:08:32.455 [135308152377088] DEBUG - Deep Analysis: Read 50000 packets at 542.720000
Jan 30, 2026 02:08:33.598 [135308152377088] DEBUG - Deep Analysis: Read 60000 packets at 645.458000
Jan 30, 2026 02:08:34.663 [135308152377088] DEBUG - Deep Analysis: Read 70000 packets at 747.168000
Jan 30, 2026 02:08:35.377 [135308152377088] DEBUG - Deep Analysis: Read 80000 packets at 851.936000
Jan 30, 2026 02:08:36.541 [135308152377088] DEBUG - Deep Analysis: Read 90000 packets at 959.792000
Jan 30, 2026 02:08:37.679 [135308152377088] DEBUG - Deep Analysis: Read 100000 packets at 1063.792000
Jan 30, 2026 02:08:38.945 [135308152377088] DEBUG - Deep Analysis: Read 110000 packets at 1174.958000
Jan 30, 2026 02:08:40.080 [135308152377088] DEBUG - Deep Analysis: Read 120000 packets at 1281.917000
Jan 30, 2026 02:08:41.212 [135308152377088] DEBUG - Deep Analysis: Read 130000 packets at 1385.984000
Jan 30, 2026 02:08:42.367 [135308152377088] DEBUG - Deep Analysis: Read 140000 packets at 1492.208000
Jan 30, 2026 02:08:43.529 [135308152377088] DEBUG - Deep Analysis: Read 150000 packets at 1600.708000
Jan 30, 2026 02:08:44.698 [135308152377088] DEBUG - Deep Analysis: Read 160000 packets at 1708.960000
Jan 30, 2026 02:08:45.811 [135308152377088] DEBUG - Deep Analysis: Read 170000 packets at 1813.250000
Jan 30, 2026 02:08:46.959 [135308152377088] DEBUG - Deep Analysis: Read 180000 packets at 1917.568000
Jan 30, 2026 02:08:48.102 [135308152377088] DEBUG - Deep Analysis: Read 190000 packets at 2026.041000
Jan 30, 2026 02:08:49.292 [135308152377088] DEBUG - Deep Analysis: Read 200000 packets at 2132.960000
Jan 30, 2026 02:08:50.481 [135308152377088] DEBUG - Deep Analysis: Read 210000 packets at 2237.216000
Jan 30, 2026 02:08:51.588 [135308152377088] DEBUG - Deep Analysis: Read 220000 packets at 2342.848000
Jan 30, 2026 02:08:52.692 [135308152377088] DEBUG - Deep Analysis: Read 230000 packets at 2444.167000
Jan 30, 2026 02:08:53.793 [135308152377088] DEBUG - Deep Analysis: Read 240000 packets at 2546.333000
Jan 30, 2026 02:08:54.945 [135308152377088] DEBUG - Deep Analysis: Read 250000 packets at 2654.048000
Jan 30, 2026 02:08:56.155 [135308152377088] DEBUG - Deep Analysis: Read 260000 packets at 2760.640000
Jan 30, 2026 02:08:57.307 [135308152377088] DEBUG - Deep Analysis: Read 270000 packets at 2863.542000
Jan 30, 2026 02:08:58.416 [135308152377088] DEBUG - Deep Analysis: Read 280000 packets at 2974.708000
Jan 30, 2026 02:08:58.822 [135308152377088] DEBUG - Deep Analysis: Read 290000 packets at 3090.272000
Jan 30, 2026 02:08:59.356 [135308152377088] DEBUG - Deep Analysis: Read 300000 packets at 3205.708000
Jan 30, 2026 02:08:59.934 [135308152377088] DEBUG - Deep Analysis: Read 310000 packets at 3321.536000
Jan 30, 2026 02:09:00.553 [135308152377088] DEBUG - Deep Analysis: Read 320000 packets at 3436.992000
Jan 30, 2026 02:09:01.097 [135308152377088] DEBUG - Deep Analysis: Read 330000 packets at 3552.224000
Jan 30, 2026 02:09:01.526 [135308152377088] DEBUG - Deep Analysis: Read 340000 packets at 3667.776000
Jan 30, 2026 02:09:01.583 [135308152377088] DEBUG - Deep Analysis: Sorting packets
Jan 30, 2026 02:09:01.631 [135308152377088] DEBUG - Deep Analysis: Performing file bitrate analysis
Jan 30, 2026 02:09:01.722 [135308152377088] DEBUG - Deep Analysis: Performing stream bitrate analysis on stream 0
Jan 30, 2026 02:09:01.740 [135308152377088] DEBUG - Deep Analysis: Performing stream bitrate analysis on stream 1
Jan 30, 2026 02:09:01.749 [135308152377088] DEBUG - Deep Analysis: Performing stream bitrate analysis on stream 2
Jan 30, 2026 02:09:01.758 [135308152377088] DEBUG - Deep Analysis: Performing stream bitrate analysis on stream 3
Jan 30, 2026 02:09:01.759 [135308152377088] DEBUG - Deep Analysis: Performing stream bitrate analysis on stream 4
Jan 30, 2026 02:09:01.759 [135308152377088] DEBUG - Deep Analysis: Performing stream bitrate analysis on stream 5
Jan 30, 2026 02:09:01.760 [135308152377088] DEBUG - Deep Analysis: Performing stream bitrate analysis on stream 6
Jan 30, 2026 02:09:01.760 [135308152377088] DEBUG - Deep Analysis: Performing stream bitrate analysis on stream 7
Jan 30, 2026 02:09:01.761 [135308152377088] DEBUG - Deep Analysis: Performing stream bitrate analysis on stream 8
Jan 30, 2026 02:09:01.761 [135308152377088] DEBUG - Deep Analysis: Performing stream bitrate analysis on stream 9
Jan 30, 2026 02:09:01.762 [135308152377088] DEBUG - Deep Analysis: Performing stream bitrate analysis on stream 10
Jan 30, 2026 02:09:01.762 [135308152377088] DEBUG - Deep Analysis: Performing stream bitrate analysis on stream 11
Jan 30, 2026 02:09:01.763 [135308152377088] DEBUG - Deep Analysis: Performing stream bitrate analysis on stream 12
Jan 30, 2026 02:09:01.763 [135308152377088] DEBUG - Deep Analysis: Performing stream bitrate analysis on stream 13
Jan 30, 2026 02:09:01.764 [135308152377088] DEBUG - Deep Analysis: Performing stream bitrate analysis on stream 14
Jan 30, 2026 02:09:01.764 [135308152377088] DEBUG - Deep Analysis: Performing stream bitrate analysis on stream 15
Jan 30, 2026 02:09:01.765 [135308152377088] DEBUG - Deep Analysis: Performing stream bitrate analysis on stream 16
Jan 30, 2026 02:09:01.765 [135308152377088] DEBUG - Deep Analysis: Performing stream bitrate analysis on stream 17
Jan 30, 2026 02:09:01.766 [135308152377088] DEBUG - Deep Analysis: Performing stream bitrate analysis on stream 18
Jan 30, 2026 02:09:01.766 [135308152377088] DEBUG - Deep Analysis: Performing stream bitrate analysis on stream 19
Jan 30, 2026 02:09:01.767 [135308152377088] DEBUG - Deep Analysis: Performing stream bitrate analysis on stream 20
Jan 30, 2026 02:09:01.767 [135308152377088] DEBUG - Deep Analysis: Performing stream bitrate analysis on stream 21
Jan 30, 2026 02:09:01.768 [135308152377088] DEBUG - Deep Analysis: Performing stream bitrate analysis on stream 22
Jan 30, 2026 02:09:01.768 [135308152377088] DEBUG - Deep Analysis: Performing stream bitrate analysis on stream 23
Jan 30, 2026 02:09:01.768 [135308152377088] DEBUG - Deep Analysis: Performing stream bitrate analysis on stream 24
Jan 30, 2026 02:09:01.769 [135308152377088] DEBUG - Deep Analysis: Performing stream bitrate analysis on stream 25
Jan 30, 2026 02:09:01.769 [135308152377088] DEBUG - Deep Analysis: Performing stream bitrate analysis on stream 26
Jan 30, 2026 02:09:01.770 [135308152377088] DEBUG - Deep Analysis: Performing stream bitrate analysis on stream 27
Jan 30, 2026 02:09:01.770 [135308152377088] DEBUG - Deep Analysis: Performing stream bitrate analysis on stream 28
Jan 30, 2026 02:09:01.771 [135308152377088] DEBUG - Deep Analysis: Performing stream bitrate analysis on stream 29
Jan 30, 2026 02:09:01.771 [135308152377088] DEBUG - Deep Analysis: Performing stream bitrate analysis on stream 30
Jan 30, 2026 02:09:01.772 [135308152377088] DEBUG - Deep Analysis: Performing stream bitrate analysis on stream 31
Jan 30, 2026 02:09:01.772 [135308152377088] DEBUG - Deep Analysis: Performing stream bitrate analysis on stream 32
Jan 30, 2026 02:09:01.773 [135308152377088] DEBUG - Deep Analysis: Performing stream bitrate analysis on stream 33
Jan 30, 2026 02:09:01.773 [135308152377088] DEBUG - Deep Analysis: Performing stream bitrate analysis on stream 34
Jan 30, 2026 02:09:01.774 [135308152377088] DEBUG - Deep Analysis: Performing stream bitrate analysis on stream 35
Jan 30, 2026 02:09:01.774 [135308152377088] DEBUG - Deep Analysis: Performing stream bitrate analysis on stream 36
Jan 30, 2026 02:09:01.775 [135308152377088] DEBUG - Deep Analysis: Performing stream bitrate analysis on stream 37
Jan 30, 2026 02:09:01.775 [135308152377088] DEBUG - Deep Analysis: Performing stream bitrate analysis on stream 38
Jan 30, 2026 02:09:01.775 [135308152377088] DEBUG - Deep Analysis: Performing stream bitrate analysis on stream 39
Jan 30, 2026 02:09:01.776 [135308152377088] DEBUG - Deep Analysis: Performing stream bitrate analysis on stream 40
Jan 30, 2026 02:09:01.776 [135308152377088] DEBUG - Deep Analysis: Performing stream bitrate analysis on stream 41
Jan 30, 2026 02:09:01.777 [135308152377088] DEBUG - Deep Analysis: Saving GoP analysis for stream 0
Jan 30, 2026 02:09:01.780 [135308152377088] DEBUG - Deep Analysis: Saving bitrate analysis
Jan 30, 2026 02:09:01.781 [135308152377088] DEBUG - Updating part with ID=216 [/tv/Senna (2024)/Season 1/Senna - S01E01 - Calling - WEBDL-1080p.mkv]
Jan 30, 2026 02:09:01.784 [135308152377088] DEBUG - [MI] Closing input file: "/tv/Senna (2024)/Season 1/Senna - S01E01 - Calling - WEBDL-1080p.mkv"
Jan 30, 2026 02:09:01.785 [135308152377088] DEBUG - Updating media item 216, size=2646038935, metadata_item_id=149
Jan 30, 2026 02:09:01.785 [135308152377088] DEBUG - Updating part with ID=216 [/tv/Senna (2024)/Season 1/Senna - S01E01 - Calling - WEBDL-1080p.mkv]
