Jan 22, 2026 17:10:35.055 [0x78b97aabab38] INFO - Plex Tuner Service v1.42.2.10156-f737b826c - Docker Docker Container (LinuxServer.io) x86_64 - build: 
Jan 22, 2026 17:10:35.058 [0x78b97aabab38] INFO - Linux version: 6.8.0-90-generic (#91-Ubuntu SMP PREEMPT_DYNAMIC Tue Nov 18 14:14:30 UTC 2025), language: en-US
Jan 22, 2026 17:10:35.058 [0x78b97aabab38] INFO - Processor Intel(R) Core(TM) i7-5500U CPU @ 2.40GHz
Jan 22, 2026 17:10:35.058 [0x78b97aabab38] INFO - /usr/lib/plexmediaserver/Plex Tuner Service /usr/lib/plexmediaserver/Resources/Tuner/Private /usr/lib/plexmediaserver/Resources/Tuner/Shared 1.42.2.10156-f737b826c 32600
Jan 22, 2026 17:10:35.054 [0x78b97c62b808] INFO - [I] broker_t::start...
Jan 22, 2026 17:10:35.060 [0x78b97c62b808] INFO - [I] device_manager_t::init.
Jan 22, 2026 17:10:35.060 [0x78b97c62b808] INFO - [I] device_manager_t::init. Initialize provider manager
Jan 22, 2026 17:10:35.060 [0x78b97c62b808] INFO - [I] device_manager_t::init. Initialize all device auxes
Jan 22, 2026 17:10:35.060 [0x78b97c62b808] INFO - [I] dvb_device_factory_t::get_aux_list
Jan 22, 2026 17:10:35.060 [0x78b97c62b808] INFO - [I] tvbutler_aux_t::init
Jan 22, 2026 17:10:35.064 [0x78b97c62b808] INFO - [I] web_server_t::start. Starting web server on port 32600
Jan 22, 2026 17:10:43.026 [0x78b97a82eb38] INFO - [I] web_service_t::process_device_discovery
Jan 22, 2026 17:10:43.026 [0x78b97a82eb38] INFO - [I] device_reactor_t::get_device_list ()
Jan 22, 2026 17:10:45.034 [0x78b97a82eb38] INFO - [I] SAT2IP - discover_satip_servers(): no servers found
Jan 22, 2026 17:10:45.456 [0x78b97a82eb38] INFO - [I] v4l::DeviceGetList_impl. getting v4l device list
Jan 22, 2026 17:10:45.464 [0x78b97a82eb38] INFO - [I] onetv_factory::DeviceGetListEx >>
Jan 22, 2026 17:10:45.464 [0x78b97a82eb38] WARN - [W] onetv_factory::DeviceGetListEx. libusb_init returned an error -99
Jan 22, 2026 17:20:14.616 [0x78b97c62b808] INFO - Received SIGINT: Interrupt from keyboard.
Jan 22, 2026 17:20:14.662 [0x78b97c62b808] INFO - [I] device_manager_t::term
Jan 22, 2026 17:20:14.662 [0x78b97c62b808] INFO - [I] device_manager_t::term. Stop all devices
Jan 22, 2026 17:20:14.662 [0x78b97c62b808] INFO - [I] device_manager_t::term. Shut down all device auxes
Jan 22, 2026 17:20:14.662 [0x78b97c62b808] INFO - [I] tvbutler_aux_t::term
Jan 22, 2026 17:20:14.663 [0x78b97c62b808] INFO - [I] web_server_t::stop. Web server is stopped
