Jan 22, 2026 16:55:55.154 [126194847243064] INFO - Plex Media Server v1.42.2.10156-f737b826c - Docker Docker Container (LinuxServer.io) x86_64 - build: linux-x86_64 debian - GMT 00:00
Jan 22, 2026 16:55:55.154 [126194847243064] INFO - Linux version: 6.8.0-90-generic, language: en-US
Jan 22, 2026 16:55:55.154 [126194847243064] INFO - Processor: 4-core Intel(R) Core(TM) i7-5500U CPU @ 2.40GHz
Jan 22, 2026 16:55:55.155 [126194847243064] INFO - Compiler is - Clang 11.0.1 (https://plex.tv 9b997da8e5b47bdb4a9425b3a3b290be393b4b1f)
Jan 22, 2026 16:55:55.155 [126194847243064] INFO - /usr/lib/plexmediaserver/Plex Media Server
Jan 22, 2026 16:55:55.155 [126194849786512] DEBUG - BPQ: [Idle] -> [Starting]
Jan 22, 2026 16:55:55.155 [126194849786512] DEBUG - FeatureManager: Using cached data for features list
Jan 22, 2026 16:55:55.160 [126194849786512] DEBUG - MyPlex: mapping state set to 'Unknown'.
Jan 22, 2026 16:55:55.161 [126194849786512] DEBUG - Relay: read 0 cached entries from hosts file
Jan 22, 2026 16:55:55.161 [126194849786512] DEBUG - Opening 20 database sessions to library (com.plexapp.plugins.library), SQLite 3.39.4, threadsafe=1
Jan 22, 2026 16:55:55.228 [126194849786512] DEBUG - MyPlex: no cached data to load for request for https://plex.tv/api/v2/server/users/features
Jan 22, 2026 16:55:55.266 [126194849786512] DEBUG - HttpServer: Listening on IPv6 as well as IPv4.
Jan 22, 2026 16:55:55.266 [126194849786512] DEBUG - HttpServer: Listening on port 32400.
Jan 22, 2026 16:55:55.266 [126194849786512] DEBUG - HttpServer: Listening on port 32401.
Jan 22, 2026 16:55:55.266 [126194849786512] DEBUG - Running server...
Jan 22, 2026 16:55:55.267 [126194849786512] INFO - Running migrations. (EPG 0)
Jan 22, 2026 16:55:55.267 [126194829511480] DEBUG - HttpServer: Set up a thread pool with 2 threads.
Jan 22, 2026 16:55:55.267 [126194849786512] DEBUG - Captured session 0.
Jan 22, 2026 16:55:55.267 [126194849786512] DEBUG - Captured session 1.
Jan 22, 2026 16:55:55.267 [126194849786512] DEBUG - Captured session 2.
Jan 22, 2026 16:55:55.267 [126194849786512] DEBUG - Captured session 3.
Jan 22, 2026 16:55:55.267 [126194849786512] DEBUG - Captured session 4.
Jan 22, 2026 16:55:55.267 [126194849786512] DEBUG - Captured session 5.
Jan 22, 2026 16:55:55.267 [126194849786512] DEBUG - Captured session 6.
Jan 22, 2026 16:55:55.267 [126194849786512] DEBUG - Captured session 7.
Jan 22, 2026 16:55:55.267 [126194849786512] DEBUG - Captured session 8.
Jan 22, 2026 16:55:55.267 [126194849786512] DEBUG - Captured session 9.
Jan 22, 2026 16:55:55.267 [126194849786512] DEBUG - Captured session 10.
Jan 22, 2026 16:55:55.267 [126194849786512] DEBUG - Captured session 11.
Jan 22, 2026 16:55:55.267 [126194849786512] DEBUG - Captured session 12.
Jan 22, 2026 16:55:55.267 [126194849786512] DEBUG - Captured session 13.
Jan 22, 2026 16:55:55.267 [126194849786512] DEBUG - Captured session 14.
Jan 22, 2026 16:55:55.267 [126194849786512] DEBUG - Captured session 15.
Jan 22, 2026 16:55:55.267 [126194849786512] DEBUG - Captured session 16.
Jan 22, 2026 16:55:55.267 [126194849786512] DEBUG - Captured session 17.
Jan 22, 2026 16:55:55.267 [126194849786512] DEBUG - Captured session 18.
Jan 22, 2026 16:55:55.267 [126194849786512] DEBUG - Captured session 19.
Jan 22, 2026 16:55:55.272 [126194849786512] DEBUG - ChangestampAllocator: initialized to 0
Jan 22, 2026 16:55:55.272 [126194849786512] DEBUG - Opening 2 database sessions to library (com.plexapp.plugins.library.blobs), SQLite 3.39.4, threadsafe=1
Jan 22, 2026 16:55:55.279 [126194849786512] INFO - Running migrations. (EPG 0)
Jan 22, 2026 16:55:55.279 [126194849786512] DEBUG - Captured session 0.
Jan 22, 2026 16:55:55.279 [126194849786512] DEBUG - Captured session 1.
Jan 22, 2026 16:55:55.306 [126194842573624] DEBUG - Grabber: Cleaning up orphaned grabs.
Jan 22, 2026 16:55:55.306 [126194842573624] DEBUG - Grabber: Cleaned up 0 decrepit directories in 0.0 sec.
Jan 22, 2026 16:55:55.307 [126194849786512] DEBUG - Media Provider: Registering provider com.plexapp.plugins.library
Jan 22, 2026 16:55:55.307 [126194849786512] DEBUG - Auth: Refreshing tokens inside the token-based authentication filter.
Jan 22, 2026 16:55:55.307 [126194842573624] DEBUG - Auth: Refreshing tokens inside the token-based authentication filter.
Jan 22, 2026 16:55:55.308 [126194849786512] DEBUG - Opening 1 database sessions to library (), SQLite 3.39.4, threadsafe=1
Jan 22, 2026 16:55:55.311 [126194825399096] DEBUG - File "/usr/lib/plexmediaserver/Resources/Plug-ins-f737b826c" changed: -1 => 2026-01-19 09:43:43 (1768815823).
Jan 22, 2026 16:55:55.311 [126194825399096] DEBUG - File "/config/Library/Application Support/Plex Media Server/Plug-ins" changed: -1 => 2026-01-20 16:30:31 (1768926631).
Jan 22, 2026 16:55:55.311 [126194825399096] DEBUG - Scanning for plug-ins in "/usr/lib/plexmediaserver/Resources/Plug-ins-f737b826c"
Jan 22, 2026 16:55:55.314 [126194825399096] DEBUG - Scanning for plug-ins in "/config/Library/Application Support/Plex Media Server/Plug-ins"
Jan 22, 2026 16:55:55.314 [126194825399096] DEBUG - PluginRepository::setStartState: 1, startingSystem
Jan 22, 2026 16:55:55.314 [126194825399096] DEBUG - Starting plug-in /usr/lib/plexmediaserver/Resources/Plug-ins-f737b826c/System.bundle.
Jan 22, 2026 16:55:55.315 [126194825399096] DEBUG - [com.plexapp.system] Setting plug-in to always running (daemon mode).
Jan 22, 2026 16:55:55.315 [126194825399096] DEBUG - Starting file watcher for com.plexapp.system
Jan 22, 2026 16:55:55.315 [126194825399096] DEBUG - Plugin: setting environment variable: 'PYTHONHOME=/usr/lib/plexmediaserver/Resources/Python'
Jan 22, 2026 16:55:55.315 [126194825399096] DEBUG - Plugin: setting environment variable: 'PYTHONPATH=/usr/lib/plexmediaserver/Resources/Python/python27.zip:/usr/lib/plexmediaserver/Resources/Python/lib/python2.7/site-packages'
Jan 22, 2026 16:55:55.317 [126194825399096] DEBUG - Spawned plug-in com.plexapp.system with PID 202
Jan 22, 2026 16:55:55.317 [126194825399096] DEBUG - [com.plexapp.system] Sending command: GET /:/prefixes
Jan 22, 2026 16:55:56.132 [126194832735032] DEBUG - Request: didn't get any data from [::1]:51676: End of file
Jan 22, 2026 16:55:56.373 [126194820983608] DEBUG - Request: [127.0.0.1:35012 (Loopback)] GET /:/plugins/com.plexapp.system/messaging/function/X0J1bmRsZVNlcnZpY2U6QWxsU2VydmljZXM_/Y2VyZWFsMQoxCmxpc3QKMApyMAo_/Y2VyZWFsMQoxCmRpY3QKMApyMAo_ (3 live) #3 GZIP Token ()
Jan 22, 2026 16:55:56.373 [126194832735032] DEBUG - Completed: [127.0.0.1:35012] 503 GET /:/plugins/com.plexapp.system/messaging/function/X0J1bmRsZVNlcnZpY2U6QWxsU2VydmljZXM_/Y2VyZWFsMQoxCmxpc3QKMApyMAo_/Y2VyZWFsMQoxCmRpY3QKMApyMAo_ (3 live) #3 GZIP 0ms 436 bytes
Jan 22, 2026 16:55:56.375 [126194820983608] DEBUG - Request: [127.0.0.1:35016 (Loopback)] GET / (4 live) #4 GZIP Token ()
Jan 22, 2026 16:55:56.375 [126194832735032] DEBUG - Completed: [127.0.0.1:35016] 503 GET / (4 live) #4 GZIP 0ms 436 bytes
Jan 22, 2026 16:55:57.098 [126194820983608] DEBUG - Request: [127.0.0.1:35024 (Loopback)] GET /servers (4 live) #5 GZIP Token ()
Jan 22, 2026 16:55:57.098 [126194834844472] DEBUG - Completed: [127.0.0.1:35024] 503 GET /servers (4 live) #5 GZIP 0ms 436 bytes
Jan 22, 2026 16:55:57.113 [126194825399096] DEBUG - Reading 486 bytes in the body, code is 200
Jan 22, 2026 16:55:57.113 [126194825399096] DEBUG - [com.plexapp.system] Plug-in running on port 42575.
Jan 22, 2026 16:55:57.113 [126194825399096] DEBUG -  * Plug-in handles prefix: /system
Jan 22, 2026 16:55:57.113 [126194825399096] DEBUG -  * Plug-in handles prefix: /player
Jan 22, 2026 16:55:57.113 [126194825399096] DEBUG - Read configuration for [com.plexapp.system], had 2 prefixes
Jan 22, 2026 16:55:57.113 [126194825399096] DEBUG - Done with 1 synchronous plug-in starts, starting the rest in parallel.
Jan 22, 2026 16:55:57.113 [126194825399096] DEBUG - PluginRepository::setStartState: 2, startingPlugins
Jan 22, 2026 16:55:57.113 [126194825399096] DEBUG - Updating the list of agents known by the system.
Jan 22, 2026 16:55:57.113 [126194825399096] DEBUG - [com.plexapp.system] Sending command over HTTP (GET): /system/agents
Jan 22, 2026 16:55:57.114 [126194825399096] DEBUG - [HCl#1] HTTP requesting GET http://127.0.0.1:42575/system/agents
Jan 22, 2026 16:55:57.114 [126194849786512] DEBUG - Image transcode cache directory: "/config/Library/Application Support/Plex Media Server/Cache/PhotoTranscoder"
Jan 22, 2026 16:55:57.115 [126194849786512] DEBUG - Transcoder: Cleaning old transcode directories.
Jan 22, 2026 16:55:57.115 [126194849786512] DEBUG - MyPlex: stop public ip check and mapping - current mapped state: 'Unknown'.
Jan 22, 2026 16:55:57.116 [126194849786512] DEBUG - NetworkInterface: Starting watch thread.
Jan 22, 2026 16:55:57.116 [126194849786512] DEBUG - Network change.
Jan 22, 2026 16:55:57.116 [126194849786512] DEBUG - NetworkInterface: Notified of network changed (force=0)
Jan 22, 2026 16:55:57.116 [126194814442296] DEBUG - NetworkInterface: Watching for changes on the interfaces.
Jan 22, 2026 16:55:57.117 [126194849786512] DEBUG - Detected primary interface: 172.19.0.3
Jan 22, 2026 16:55:57.117 [126194849786512] DEBUG - Network interfaces:
Jan 22, 2026 16:55:57.117 [126194849786512] DEBUG -  * 1 lo (127.0.0.1) (00-00-00-00-00-00) (loopback: 1)
Jan 22, 2026 16:55:57.117 [126194849786512] DEBUG -  * 2 eth0 (172.19.0.3) (82-6F-4D-2F-26-26) (loopback: 0)
Jan 22, 2026 16:55:57.117 [126194849786512] DEBUG -  * 1 lo (::1) (00-00-00-00-00-00) (loopback: 1)
Jan 22, 2026 16:55:57.117 [126194849786512] DEBUG - Creating NetworkServices singleton.
Jan 22, 2026 16:55:57.117 [126194849786512] DEBUG - NetworkServices: Initializing...
Jan 22, 2026 16:55:57.117 [126194849786512] DEBUG - NetworkService: Creating new service.
Jan 22, 2026 16:55:57.117 [126194849786512] DEBUG - NetworkService: Got notification of changed network (first change: 1)
Jan 22, 2026 16:55:57.117 [126194849786512] DEBUG - NetworkService: Quick dispatch of network change.
Jan 22, 2026 16:55:57.117 [126194812332856] DEBUG - Network change for advertiser.
Jan 22, 2026 16:55:57.117 [126194849786512] DEBUG - NetworkService: Creating new service.
Jan 22, 2026 16:55:57.117 [126194849786512] DEBUG - NetworkService: Got notification of changed network (first change: 1)
Jan 22, 2026 16:55:57.117 [126194849786512] DEBUG - NetworkService: Quick dispatch of network change.
Jan 22, 2026 16:55:57.117 [126194812332856] DEBUG - NetworkService: Setting up multicast listener on 0.0.0.0:32414
Jan 22, 2026 16:55:57.117 [126194849786512] DEBUG - NetworkService: Creating new service.
Jan 22, 2026 16:55:57.117 [126194849786512] DEBUG - NetworkService: Got notification of changed network (first change: 1)
Jan 22, 2026 16:55:57.117 [126194849786512] DEBUG - NetworkService: Quick dispatch of network change.
Jan 22, 2026 16:55:57.117 [126194849786512] DEBUG - NetworkService: Creating new service.
Jan 22, 2026 16:55:57.117 [126194849786512] DEBUG - NetworkService: Got notification of changed network (first change: 1)
Jan 22, 2026 16:55:57.117 [126194849786512] DEBUG - NetworkService: Quick dispatch of network change.
Jan 22, 2026 16:55:57.117 [126194849786512] DEBUG - NetworkService: Creating new service.
Jan 22, 2026 16:55:57.117 [126194849786512] DEBUG - NetworkService: Got notification of changed network (first change: 1)
Jan 22, 2026 16:55:57.117 [126194849786512] DEBUG - NetworkService: Quick dispatch of network change.
Jan 22, 2026 16:55:57.117 [126194849786512] DEBUG - NetworkService: Creating new service.
Jan 22, 2026 16:55:57.117 [126194849786512] DEBUG - NetworkService: Got notification of changed network (first change: 1)
Jan 22, 2026 16:55:57.117 [126194849786512] DEBUG - NetworkService: Quick dispatch of network change.
Jan 22, 2026 16:55:57.118 [126194812332856] DEBUG - Network change for advertiser.
Jan 22, 2026 16:55:57.118 [126194812332856] DEBUG - NetworkService: Setting up multicast listener on 0.0.0.0:32410
Jan 22, 2026 16:55:57.119 [126194812332856] DEBUG - Network change for advertiser.
Jan 22, 2026 16:55:57.119 [126194812332856] DEBUG - NetworkService: Setting up multicast listener on 0.0.0.0:32412
Jan 22, 2026 16:55:57.119 [126194812332856] DEBUG - NetworkService: Network change for browser (polled=0), closing 0 browse sockets.
Jan 22, 2026 16:55:57.119 [126194812332856] DEBUG - NetworkService: Setting up multicast listener on 0.0.0.0:32413
Jan 22, 2026 16:55:57.119 [126194812332856] DEBUG - NetworkService: Browsing on interface 127.0.0.1 on broadcast address 127.255.255.255 (index: 0)
Jan 22, 2026 16:55:57.119 [126194812332856] DEBUG - NetworkService: Browsing on interface 172.19.0.3 on broadcast address 172.19.255.255 (index: 1)
Jan 22, 2026 16:55:57.119 [126194812332856] DEBUG - NetworkService: Network change for browser (polled=1), closing 0 browse sockets.
Jan 22, 2026 16:55:57.119 [126194812332856] DEBUG - NetworkService: Browsing on interface 127.0.0.1 on broadcast address 127.255.255.255 (index: 0)
Jan 22, 2026 16:55:57.119 [126194812332856] DEBUG - NetworkService: Browsing on interface 172.19.0.3 on broadcast address 172.19.255.255 (index: 1)
Jan 22, 2026 16:55:57.119 [126194812332856] DEBUG - NetworkService: Network change for browser (polled=0), closing 0 browse sockets.
Jan 22, 2026 16:55:57.119 [126194812332856] DEBUG - NetworkService: Setting up multicast listener on 0.0.0.0:1901
Jan 22, 2026 16:55:57.119 [126194812332856] DEBUG - NetworkService: Browsing on interface 172.19.0.3 on broadcast address 239.255.255.250 (index: 0)
Jan 22, 2026 16:55:57.120 [126194808019768] DEBUG - [ChildProcessMonitor] Plex Tuner Service starting.
Jan 22, 2026 16:55:57.120 [126194808019768] DEBUG - [ChildProcessMonitor/JobRunner] Job running: "/usr/lib/plexmediaserver/Plex Tuner Service" /usr/lib/plexmediaserver/Resources/Tuner/Private /usr/lib/plexmediaserver/Resources/Tuner/Shared 1.42.2.10156-f737b826c 32600
Jan 22, 2026 16:55:57.120 [126194801691448] DEBUG - [DatabaseFixups] Running fix-ups.
Jan 22, 2026 16:55:57.120 [126194801691448] DEBUG - [DatabaseFixups/31DatabaseFixupsCleanupRetroGames] Executing fixup
Jan 22, 2026 16:55:57.120 [126194801691448] DEBUG - [DatabaseFixups/31DatabaseFixupsCleanupRetroGames] Fixup completed
Jan 22, 2026 16:55:57.120 [126194801691448] DEBUG - [DatabaseFixups/39DatabaseFixupsEnsureLibrarySectionUuids] Executing fixup
Jan 22, 2026 16:55:57.120 [126194849786512] DEBUG - Waiting for server condition to be signaled.
Jan 22, 2026 16:55:57.121 [126194803800888] DEBUG - [HCl#2] HTTP requesting GET https://plex.tv/api/v2/release_channels?X-Plex-Token=
Jan 22, 2026 16:55:57.121 [126194808019768] DEBUG - [ChildProcessMonitor/JobRunner] Jobs: Starting child process with pid 264
Jan 22, 2026 16:55:57.121 [126194791111480] DEBUG - DVR: Starting up.
Jan 22, 2026 16:55:57.122 [126194799582008] DEBUG - [HCl#4] HTTP requesting GET https://plex.tv/api/v2/features?X-Plex-Token=
Jan 22, 2026 16:55:57.122 [126194805910328] DEBUG - [HCl#3] HTTP requesting GET https://plex.tv/api/v2/user/privacy?X-Plex-Token=
Jan 22, 2026 16:55:57.123 [126194801691448] DEBUG - [DatabaseFixups/39DatabaseFixupsEnsureLibrarySectionUuids] Fixup completed
Jan 22, 2026 16:55:57.123 [126194801691448] DEBUG - [DatabaseFixups/38DatabaseFixupsEnsureMetadataItemHashes] Executing fixup
Jan 22, 2026 16:55:57.123 [126194801691448] DEBUG - [DatabaseFixups/38DatabaseFixupsEnsureMetadataItemHashes] Fixup completed
Jan 22, 2026 16:55:57.123 [126194801691448] DEBUG - [DatabaseFixups/39DatabaseFixupsSetDefaultAccountLanguage] Executing fixup
Jan 22, 2026 16:55:57.124 [126194801691448] DEBUG - [DatabaseFixups/39DatabaseFixupsSetDefaultAccountLanguage] Fixup completed
Jan 22, 2026 16:55:57.124 [126194801691448] DEBUG - [DatabaseFixups/52DatabaseFixupsCreateDefaultMediaProcessingTargetTags] Executing fixup
Jan 22, 2026 16:55:57.124 [126194801691448] DEBUG - [DatabaseFixups/52DatabaseFixupsCreateDefaultMediaProcessingTargetTags] Fixup completed
Jan 22, 2026 16:55:57.124 [126194801691448] DEBUG - [DatabaseFixups/43DatabaseFixupsUpdateAutomaticLibraryFolders] Executing fixup
Jan 22, 2026 16:55:57.124 [126194801691448] DEBUG - [DatabaseFixups/43DatabaseFixupsUpdateAutomaticLibraryFolders] Fixup completed
Jan 22, 2026 16:55:57.124 [126194801691448] DEBUG - [DatabaseFixups/29DatabaseFixupsSyncCollections] Executing fixup
Jan 22, 2026 16:55:57.124 [126194801691448] DEBUG - [DatabaseFixups/29DatabaseFixupsSyncCollections] Fixup completed
Jan 22, 2026 16:55:57.124 [126194801691448] DEBUG - [DatabaseFixups/31DatabaseFixupsCleanupActivities] Executing fixup
Jan 22, 2026 16:55:57.124 [126194801691448] DEBUG - [DatabaseFixups/31DatabaseFixupsCleanupActivities] Fixup completed
Jan 22, 2026 16:55:57.124 [126194801691448] DEBUG - [DatabaseFixups/35DatabaseFixupsConsolidatePeopleTags] Executing fixup
Jan 22, 2026 16:55:57.125 [126194801691448] DEBUG - [DatabaseFixups/35DatabaseFixupsConsolidatePeopleTags] Fixup completed
Jan 22, 2026 16:55:57.125 [126194801691448] DEBUG - [DatabaseFixups/54DatabaseFixupsGarbageCollectTransientMetadataRelations] Executing fixup
Jan 22, 2026 16:55:57.125 [126194801691448] DEBUG - [DatabaseFixups/54DatabaseFixupsGarbageCollectTransientMetadataRelations] Fixup completed
Jan 22, 2026 16:55:57.125 [126194801691448] DEBUG - [DatabaseFixups/48DatabaseFixupsResetCorruptedMetadataItemClusters] Executing fixup
Jan 22, 2026 16:55:57.125 [126194801691448] DEBUG - [DatabaseFixups/48DatabaseFixupsResetCorruptedMetadataItemClusters] Fixup completed
Jan 22, 2026 16:55:57.125 [126194801691448] DEBUG - [DatabaseFixups] Running database fix-ups completed in 0.0 seconds.
Jan 22, 2026 16:55:57.126 [126194793245496] DEBUG - MyPlex: Sending unclaimed device connections
Jan 22, 2026 16:55:57.126 [126194793245496] DEBUG - [HCl#5] HTTP requesting POST https://plex.tv/devices/5e7f690a5d7aaebc45f52729540aadee813dd9f4/unclaimed?Connection[][uri]=http://172.19.0.3:32400
Jan 22, 2026 16:55:57.127 [126194791111480] DEBUG - Activity: registered new activity 97914f94-d64f-4289-9ab2-6f9d19575cf5 - "Processing subscriptions"
Jan 22, 2026 16:55:57.152 [126194842573624] DEBUG - [JobRunner] Job running: /usr/lib/plexmediaserver/CrashUploader "--directory=/config/Library/Application Support/Plex Media Server/Crash Reports/1.42.2.10156-f737b826c" --version=1.42.2.10156-f737b826c --platform=Linux --platformVersion=6.8.0-90-generic --serverUuid=5e7f690a5d7aaebc45f52729540aadee813dd9f4 --userId=NOUSERID --sentryUrl=https://o17675.ingest.sentry.io/api/1233455/ --sentryKey=xxxxxxxxxxxxxxxxxxxxxxxxxxxxxxxx --vendor=Docker --model=x86_64 "--device=Docker Container (LinuxServer.io)"
Jan 22, 2026 16:55:57.152 [126194842573624] DEBUG - [JobRunner] Jobs: Starting child process with pid 290
Jan 22, 2026 16:55:57.162 [126194845043512] DEBUG - Jobs: '/usr/lib/plexmediaserver/CrashUploader' exit code for process 290 is 0 (success)
Jan 22, 2026 16:55:57.166 [126194818661176] DEBUG - [HttpClient/HCl#1] HTTP/1.1 (0.1s) 200 response from GET http://127.0.0.1:42575/system/agents
Jan 22, 2026 16:55:57.166 [126194825399096] DEBUG - [com.plexapp.system] HTTP reply status 200, with 8986 bytes of content.
Jan 22, 2026 16:55:57.168 [126194825399096] DEBUG - The system knows about 12 agents.
Jan 22, 2026 16:55:57.168 [126194780265272] DEBUG - Starting plug-in /usr/lib/plexmediaserver/Resources/Plug-ins-f737b826c/LyricFind.bundle.
Jan 22, 2026 16:55:57.169 [126194776046392] DEBUG - Starting plug-in /usr/lib/plexmediaserver/Resources/Plug-ins-f737b826c/Musicbrainz.bundle.
Jan 22, 2026 16:55:57.169 [126194825399096] DEBUG - Waiting for 16 plug-ins to finish starting.
Jan 22, 2026 16:55:57.169 [126194778155832] DEBUG - Starting plug-in /usr/lib/plexmediaserver/Resources/Plug-ins-f737b826c/Media-Flags.bundle.
Jan 22, 2026 16:55:57.170 [126194778155832] DEBUG - Starting plug-in /usr/lib/plexmediaserver/Resources/Plug-ins-f737b826c/PlexThemeMusic.bundle.
Jan 22, 2026 16:55:57.170 [126194780265272] DEBUG - Perfect cache hit, we don't need to start [com.plexapp.agents.lyricfind] yet.
Jan 22, 2026 16:55:57.170 [126194780265272] DEBUG - Starting plug-in /usr/lib/plexmediaserver/Resources/Plug-ins-f737b826c/TheTVDB.bundle.
Jan 22, 2026 16:55:57.171 [126194776046392] DEBUG - Perfect cache hit, we don't need to start [org.musicbrainz.agents.music] yet.
Jan 22, 2026 16:55:57.171 [126194776046392] DEBUG - Starting plug-in /usr/lib/plexmediaserver/Resources/Plug-ins-f737b826c/HTbackdrops.bundle.
Jan 22, 2026 16:55:57.173 [126194778155832] DEBUG - Perfect cache hit, we don't need to start [com.plexapp.agents.plexthememusic] yet.
Jan 22, 2026 16:55:57.173 [126194778155832] DEBUG - Starting plug-in /usr/lib/plexmediaserver/Resources/Plug-ins-f737b826c/PersonalMedia.bundle.
Jan 22, 2026 16:55:57.174 [126194776046392] DEBUG - Perfect cache hit, we don't need to start [com.plexapp.agents.htbackdrops] yet.
Jan 22, 2026 16:55:57.174 [126194776046392] DEBUG - Starting plug-in /usr/lib/plexmediaserver/Resources/Plug-ins-f737b826c/WebClient.bundle.
Jan 22, 2026 16:55:57.175 [126194778155832] DEBUG - Perfect cache hit, we don't need to start [com.plexapp.agents.none] yet.
Jan 22, 2026 16:55:57.175 [126194778155832] DEBUG - Starting plug-in /usr/lib/plexmediaserver/Resources/Plug-ins-f737b826c/PlexMovie.bundle.
Jan 22, 2026 16:55:57.177 [126194778155832] DEBUG - Perfect cache hit, we don't need to start [com.plexapp.agents.imdb] yet.
Jan 22, 2026 16:55:57.177 [126194778155832] DEBUG - Starting plug-in /usr/lib/plexmediaserver/Resources/Plug-ins-f737b826c/Scanners.bundle.
Jan 22, 2026 16:55:57.177 [126194780265272] DEBUG - Perfect cache hit, we don't need to start [com.plexapp.agents.thetvdb] yet.
Jan 22, 2026 16:55:57.177 [126194780265272] DEBUG - Starting plug-in /usr/lib/plexmediaserver/Resources/Plug-ins-f737b826c/LastFM.bundle.
Jan 22, 2026 16:55:57.178 [126194776046392] DEBUG - Starting plug-in /usr/lib/plexmediaserver/Resources/Plug-ins-f737b826c/TheMovieDB.bundle.
Jan 22, 2026 16:55:57.178 [126194778155832] DEBUG - Starting plug-in /usr/lib/plexmediaserver/Resources/Plug-ins-f737b826c/LocalMedia.bundle.
Jan 22, 2026 16:55:57.180 [126194778155832] DEBUG - Perfect cache hit, we don't need to start [com.plexapp.agents.localmedia] yet.
Jan 22, 2026 16:55:57.180 [126194778155832] DEBUG - Starting plug-in /usr/lib/plexmediaserver/Resources/Plug-ins-f737b826c/MoviePosterDB.bundle.
Jan 22, 2026 16:55:57.181 [126194780265272] DEBUG - Perfect cache hit, we don't need to start [com.plexapp.agents.lastfm] yet.
Jan 22, 2026 16:55:57.181 [126194780265272] DEBUG - Starting plug-in /usr/lib/plexmediaserver/Resources/Plug-ins-f737b826c/Framework.bundle.
Jan 22, 2026 16:55:57.182 [126194778155832] DEBUG - Perfect cache hit, we don't need to start [com.plexapp.agents.movieposterdb] yet.
Jan 22, 2026 16:55:57.182 [126194776046392] DEBUG - Perfect cache hit, we don't need to start [com.plexapp.agents.themoviedb] yet.
Jan 22, 2026 16:55:57.182 [126194778155832] DEBUG - Starting plug-in /usr/lib/plexmediaserver/Resources/Plug-ins-f737b826c/Fanart-TV.bundle.
Jan 22, 2026 16:55:57.183 [126194778155832] DEBUG - Perfect cache hit, we don't need to start [com.plexapp.agents.fanarttv] yet.
Jan 22, 2026 16:55:57.184 [126194825399096] DEBUG - Starting scheduled updates, every 3600 seconds
Jan 22, 2026 16:55:57.184 [126194825399096] INFO - LibraryUpdateManager path watching is disabled
Jan 22, 2026 16:55:57.184 [126194825399096] DEBUG - Done waiting for all plug-ins to start.
Jan 22, 2026 16:55:57.184 [126194825399096] DEBUG - PluginRepository::setStartState: 3, complete
Jan 22, 2026 16:55:57.185 [126194795363128] DEBUG - Downloading document http://127.0.0.1:32400/:/plugins/com.plexapp.agents.imdb/prefs
Jan 22, 2026 16:55:57.185 [126194795363128] DEBUG - Translator: Found locale uk
Jan 22, 2026 16:55:57.185 [126194795363128] DEBUG - Translator: Found locale he
Jan 22, 2026 16:55:57.185 [126194795363128] DEBUG - Translator: Found locale lt
Jan 22, 2026 16:55:57.185 [126194795363128] DEBUG - Translator: Found locale pt
Jan 22, 2026 16:55:57.185 [126194795363128] DEBUG - Translator: Found locale cs_CZ
Jan 22, 2026 16:55:57.185 [126194795363128] DEBUG - Translator: Found locale hu
Jan 22, 2026 16:55:57.185 [126194795363128] DEBUG - Translator: Found locale ro
Jan 22, 2026 16:55:57.185 [126194795363128] DEBUG - Translator: Found locale af
Jan 22, 2026 16:55:57.185 [126194795363128] DEBUG - Translator: Found locale no
Jan 22, 2026 16:55:57.185 [126194795363128] DEBUG - Translator: Found locale es
Jan 22, 2026 16:55:57.185 [126194795363128] DEBUG - Translator: Found locale de
Jan 22, 2026 16:55:57.185 [126194795363128] DEBUG - Translator: Found locale en
Jan 22, 2026 16:55:57.185 [126194795363128] DEBUG - Translator: Found locale ar
Jan 22, 2026 16:55:57.185 [126194795363128] DEBUG - Translator: Found locale ko
Jan 22, 2026 16:55:57.185 [126194795363128] DEBUG - Translator: Found locale hr_HR
Jan 22, 2026 16:55:57.185 [126194795363128] DEBUG - Translator: Found locale zh_CN
Jan 22, 2026 16:55:57.185 [126194795363128] DEBUG - Translator: Found locale it
Jan 22, 2026 16:55:57.185 [126194795363128] DEBUG - Translator: Found locale sv
Jan 22, 2026 16:55:57.185 [126194795363128] DEBUG - Translator: Found locale fi
Jan 22, 2026 16:55:57.185 [126194795363128] DEBUG - Translator: Found locale ja_JP
Jan 22, 2026 16:55:57.185 [126194795363128] DEBUG - Translator: Found locale nl_BE
Jan 22, 2026 16:55:57.185 [126194795363128] DEBUG - Translator: Found locale hu_HU
Jan 22, 2026 16:55:57.185 [126194795363128] DEBUG - Translator: Found locale sr
Jan 22, 2026 16:55:57.185 [126194795363128] DEBUG - Translator: Found locale sk
Jan 22, 2026 16:55:57.185 [126194795363128] DEBUG - Translator: Found locale pt_BR
Jan 22, 2026 16:55:57.185 [126194795363128] DEBUG - Translator: Found locale nl
Jan 22, 2026 16:55:57.185 [126194795363128] DEBUG - Translator: Found locale et_EE
Jan 22, 2026 16:55:57.185 [126194795363128] DEBUG - Translator: Found locale fr
Jan 22, 2026 16:55:57.185 [126194795363128] DEBUG - Translator: Found locale sl
Jan 22, 2026 16:55:57.185 [126194795363128] DEBUG - Translator: Found locale ru
Jan 22, 2026 16:55:57.185 [126194795363128] DEBUG - Translator: Found locale da
Jan 22, 2026 16:55:57.185 [126194795363128] DEBUG - Translator: Found locale pl
Jan 22, 2026 16:55:57.190 [126194795363128] DEBUG - [Req#c] Starting file watcher for com.plexapp.agents.imdb
Jan 22, 2026 16:55:57.190 [126194795363128] DEBUG - [Req#c] Plugin: setting environment variable: 'PYTHONHOME=/usr/lib/plexmediaserver/Resources/Python'
Jan 22, 2026 16:55:57.191 [126194795363128] DEBUG - [Req#c] Plugin: setting environment variable: 'PYTHONPATH=/usr/lib/plexmediaserver/Resources/Python/python27.zip:/usr/lib/plexmediaserver/Resources/Python/lib/python2.7/site-packages'
Jan 22, 2026 16:55:57.191 [126194795363128] DEBUG - [Req#c] Spawned plug-in com.plexapp.agents.imdb with PID 305
Jan 22, 2026 16:55:57.191 [126194795363128] DEBUG - [Req#c] [com.plexapp.agents.imdb] Sending command: GET /:/prefixes
Jan 22, 2026 16:55:57.569 [126194818661176] DEBUG - [HttpClient/HCl#2] HTTP/1.1 (0.4s) 200 response from GET https://plex.tv/api/v2/release_channels?X-Plex-Token=
Jan 22, 2026 16:55:57.592 [126194818661176] DEBUG - [HttpClient/HCl#4] HTTP/1.1 (0.5s) 200 response from GET https://plex.tv/api/v2/features?X-Plex-Token=
Jan 22, 2026 16:55:57.593 [126194799582008] DEBUG - [HCl#6] HTTP requesting GET https://plex.tv/api/v2/server/users/features
Jan 22, 2026 16:55:57.629 [126194818661176] DEBUG - [HttpClient/HCl#3] HTTP/1.1 (0.5s) 200 response from GET https://plex.tv/api/v2/user/privacy?X-Plex-Token=
Jan 22, 2026 16:55:57.645 [126194818661176] DEBUG - [HttpClient/HCl#5] HTTP/1.1 (0.5s) 200 response from POST https://plex.tv/devices/5e7f690a5d7aaebc45f52729540aadee813dd9f4/unclaimed?Connection[][uri]=http://172.19.0.3:32400
Jan 22, 2026 16:55:57.735 [126194818661176] DEBUG - [HttpClient/HCl#6] HTTP/1.1 (0.1s) 401 response from GET https://plex.tv/api/v2/server/users/features (reused)
Jan 22, 2026 16:55:57.735 [126194788985656] ERROR - MyPlex: Error 401 requesting JSON from: https://plex.tv/api/v2/server/users/features
Jan 22, 2026 16:55:57.735 [126194799582008] WARN - FeatureManager: Couldn't get features. Trying again soon.
Jan 22, 2026 16:55:58.007 [126194820983608] DEBUG - Request: [127.0.0.1:35026 (Loopback)] GET /system/messaging/clear_events/com.plexapp.agents.imdb (4 live) #8 GZIP Token ()
Jan 22, 2026 16:55:58.008 [126194820983608] DEBUG - [Req#8] [com.plexapp.system] Sending command over HTTP (GET): /system/messaging/clear_events/com.plexapp.agents.imdb
Jan 22, 2026 16:55:58.008 [126194820983608] DEBUG - [Req#8/HCl#7] HTTP requesting GET http://127.0.0.1:42575/system/messaging/clear_events/com.plexapp.agents.imdb
Jan 22, 2026 16:55:58.043 [126194818661176] DEBUG - [HttpClient/HCl#7] HTTP/1.1 (0.0s) 200 response from GET http://127.0.0.1:42575/system/messaging/clear_events/com.plexapp.agents.imdb
Jan 22, 2026 16:55:58.043 [126194820983608] DEBUG - [Req#8] [com.plexapp.system] HTTP reply status 200, with 0 bytes of content.
Jan 22, 2026 16:55:58.043 [126194832735032] DEBUG - Completed: [127.0.0.1:35026] 200 GET /system/messaging/clear_events/com.plexapp.agents.imdb (4 live) #8 GZIP 36ms 280 bytes
Jan 22, 2026 16:55:58.149 [126194820983608] DEBUG - Request: [127.0.0.1:35038 (Loopback)] GET /:/plugins/com.plexapp.system/resourceHashes (4 live) #d GZIP Token ()
Jan 22, 2026 16:55:58.149 [126194820983608] DEBUG - [Req#d] [com.plexapp.system] Sending command over HTTP (GET): /:/plugins/com.plexapp.system/resourceHashes
Jan 22, 2026 16:55:58.149 [126194820983608] DEBUG - [Req#d/HCl#8] HTTP requesting GET http://127.0.0.1:42575/:/plugins/com.plexapp.system/resourceHashes
Jan 22, 2026 16:55:58.674 [126194818661176] DEBUG - [HttpClient/HCl#8] HTTP/1.1 (0.5s) 404 response from GET http://127.0.0.1:42575/:/plugins/com.plexapp.system/resourceHashes
Jan 22, 2026 16:55:58.674 [126194820983608] DEBUG - [Req#d] [com.plexapp.system] HTTP reply status 404, with 0 bytes of content.
Jan 22, 2026 16:55:58.674 [126194832735032] DEBUG - Completed: [127.0.0.1:35038] 404 GET /:/plugins/com.plexapp.system/resourceHashes (4 live) #d GZIP 525ms 261 bytes
Jan 22, 2026 16:55:58.687 [126194820983608] DEBUG - Request: [127.0.0.1:35044 (Loopback)] GET /:/plugins/com.plexapp.system/messaging/function/X0J1bmRsZVNlcnZpY2U6QWxsU2VydmljZXM_/Y2VyZWFsMQoxCmxpc3QKMApyMAo_/Y2VyZWFsMQoxCmRpY3QKMApyMAo_ (4 live) #f GZIP Token ()
Jan 22, 2026 16:55:58.687 [126194820983608] DEBUG - [Req#f] [com.plexapp.system] Sending command over HTTP (GET): /:/plugins/com.plexapp.system/messaging/function/X0J1bmRsZVNlcnZpY2U6QWxsU2VydmljZXM_/Y2VyZWFsMQoxCmxpc3QKMApyMAo_/Y2VyZWFsMQoxCmRpY3QKMApyMAo_
Jan 22, 2026 16:55:58.687 [126194820983608] DEBUG - [Req#f/HCl#9] HTTP requesting GET http://127.0.0.1:42575/:/plugins/com.plexapp.system/messaging/function/X0J1bmRsZVNlcnZpY2U6QWxsU2VydmljZXM_/Y2VyZWFsMQoxCmxpc3QKMApyMAo_/Y2VyZWFsMQoxCmRpY3QKMApyMAo_
Jan 22, 2026 16:55:58.688 [126194784676664] DEBUG - Request: [127.0.0.1:35046 (Loopback)] GET / (5 live) #11 GZIP Token ()
Jan 22, 2026 16:55:58.690 [126194834844472] DEBUG - Completed: [127.0.0.1:35046] 200 GET / (5 live) #11 GZIP 1ms 2584 bytes
Jan 22, 2026 16:55:58.693 [126194818661176] DEBUG - [HttpClient/HCl#9] HTTP/1.1 (0.0s) 200 response from GET http://127.0.0.1:42575/:/plugins/com.plexapp.system/messaging/function/X0J1bmRsZVNlcnZpY2U6QWxsU2VydmljZXM_/Y2VyZWFsMQoxCmxpc3QKMApyMAo_/Y2VyZWFsMQoxCmRpY3QKMApyMAo_
Jan 22, 2026 16:55:58.693 [126194820983608] DEBUG - [Req#f] [com.plexapp.system] HTTP reply status 200, with 516 bytes of content.
Jan 22, 2026 16:55:58.693 [126194834844472] DEBUG - Completed: [127.0.0.1:35044] 200 GET /:/plugins/com.plexapp.system/messaging/function/X0J1bmRsZVNlcnZpY2U6QWxsU2VydmljZXM_/Y2VyZWFsMQoxCmxpc3QKMApyMAo_/Y2VyZWFsMQoxCmRpY3QKMApyMAo_ (4 live) #f GZIP 6ms 746 bytes
Jan 22, 2026 16:55:59.292 [126194784676664] DEBUG - Request: [127.0.0.1:35048 (Loopback)] GET /:/plugins/com.plexapp.system/messaging/function/X0FnZW50U2VydmljZTpVcGRhdGVJbmZv/Y2VyZWFsMQoxCmxpc3QKMApyMAo_/Y2VyZWFsMQo3CmRpY3QKbGlzdApkaWN0Cmxpc3QKbGlzdApsaXN0Cmxpc3QKMgpzMjMKY29tLnBsZXhhcHAuYWdlbnRzLmltZGJzMTAKaWRlbnRpZmllcnIxCnMxMAphZ2VudF9pbmZvMQpyMgoxMApyMwpzMTEKbWVkaWFfdHlwZXNyNApzMTIKYWNjZXB0c19mcm9tbnMxNApmYWxsYmFja19hZ2VudHI1CnMxNApjb250cmlidXRlc190b3I2CnM5Cmxhbmd1YWdlc2IxczIwCnBlcnNpc3Rfc3RvcmVkX2ZpbGVzaTAKczcKdmVyc2lvbmIxczE2CnByaW1hcnlfcHJvdmlkZXJiMXM1CnByZWZzczE5ClBsZXggTW92aWUgKExlZ2FjeSlzNApuYW1lMQpzNQpNb3ZpZTEKczI5CmNvbS5wbGV4YXBwLmFnZW50cy5sb2NhbG1lZGlhMQpzMjkKY29tLnBsZXhhcHAuYWdlbnRzLnRoZW1vdmllZGIzMwpzMgplbnMyCnN2czIKZnJzMgplc3MyCm5sczIKZGVzMgppdHMyCmRhczIKYXJzMgpjYXMyCnpoczIKY3NzMgpldHMyCmZpczIKZWxzMgpoZXMyCmhpczIKaHVzMgppZHMyCmphczIKa29zMgpsdnMyCm5vczIKZmFzMgpwbHMyCnB0czIKcm9zMgpydXMyCnNrczIKdGhzMgp0cnMyCnVrczIKdmlyMAo_ (4 live) #12 GZIP Token ()
Jan 22, 2026 16:55:59.293 [126194784676664] DEBUG - [Req#12] [com.plexapp.system] Sending command over HTTP (GET): /:/plugins/com.plexapp.system/messaging/function/X0FnZW50U2VydmljZTpVcGRhdGVJbmZv/Y2VyZWFsMQoxCmxpc3QKMApyMAo_/Y2VyZWFsMQo3CmRpY3QKbGlzdApkaWN0Cmxpc3QKbGlzdApsaXN0Cmxpc3QKMgpzMjMKY29tLnBsZXhhcHAuYWdlbnRzLmltZGJzMTAKaWRlbnRpZmllcnIxCnMxMAphZ2VudF9pbmZvMQpyMgoxMApyMwpzMTEKbWVkaWFfdHlwZXNyNApzMTIKYWNjZXB0c19mcm9tbnMxNApmYWxsYmFja19hZ2VudHI1CnMxNApjb250cmlidXRlc190b3I2CnM5Cmxhbmd1YWdlc2IxczIwCnBlcnNpc3Rfc3RvcmVkX2ZpbGVzaTAKczcKdmVyc2lvbmIxczE2CnByaW1hcnlfcHJvdmlkZXJiMXM1CnByZWZzczE5ClBsZXggTW92aWUgKExlZ2FjeSlzNApuYW1lMQpzNQpNb3ZpZTEKczI5CmNvbS5wbGV4YXBwLmFnZW50cy5sb2NhbG1lZGlhMQpzMjkKY29tLnBsZXhhcHAuYWdlbnRzLnRoZW1vdmllZGIzMwpzMgplbnMyCnN2czIKZnJzMgplc3MyCm5sczIKZGVzMgppdHMyCmRhczIKYXJzMgpjYXMyCnpoczIKY3NzMgpldHMyCmZpczIKZWxzMgpoZXMyCmhpczIKaHVzMgppZHMyCmphczIKa29zMgpsdnMyCm5vczIKZmFzMgpwbHMyCnB0czIKcm9zMgpydXMyCnNrczIKdGhzMgp0cnMyCnVrczIKdmlyMAo_
Jan 22, 2026 16:55:59.293 [126194784676664] DEBUG - [Req#12/HCl#a] HTTP requesting GET http://127.0.0.1:42575/:/plugins/com.plexapp.system/messaging/function/X0FnZW50U2VydmljZTpVcGRhdGVJbmZv/Y2VyZWFsMQoxCmxpc3QKMApyMAo_/Y2VyZWFsMQo3CmRpY3QKbGlzdApkaWN0Cmxpc3QKbGlzdApsaXN0Cmxpc3QKMgpzMjMKY29tLnBsZXhhcHAuYWdlbnRzLmltZGJzMTAKaWRlbnRpZmllcnIxCnMxMAphZ2VudF9pbmZvMQpyMgoxMApyMwpzMTEKbWVkaWFfdHlwZXNyNApzMTIKYWNjZXB0c19mcm9tbnMxNApmYWxsYmFja19hZ2VudHI1CnMxNApjb250cmlidXRlc190b3I2CnM5Cmxhbmd1YWdlc2IxczIwCnBlcnNpc3Rfc3RvcmVkX2ZpbGVzaTAKczcKdmVyc2lvbmIxczE2CnByaW1hcnlfcHJvdmlkZXJiMXM1CnByZWZzczE5ClBsZXggTW92aWUgKExlZ2FjeSlzNApuYW1lMQpzNQpNb3ZpZTEKczI5CmNvbS5wbGV4YXBwLmFnZW50cy5sb2NhbG1lZGlhMQpzMjkKY29tLnBsZXhhcHAuYWdlbnRzLnRoZW1vdmllZGIzMwpzMgplbnMyCnN2czIKZnJzMgplc3MyCm5sczIKZGVzMgppdHMyCmRhczIKYXJzMgpjYXMyCnpoczIKY3NzMgpldHMyCmZpczIKZWxzMgpoZXMyCmhpczIKaHVzMgppZHMyCmphczIKa29zMgpsdnMyCm5vczIKZmFzMgpwbHMyCnB0czIKcm9zMgpydXMyCnNrczIKdGhzMgp0cnMyCnVrczIKdmlyMAo_
Jan 22, 2026 16:55:59.298 [126194818661176] DEBUG - [HttpClient/HCl#a] HTTP/1.1 (0.0s) 200 response from GET http://127.0.0.1:42575/:/plugins/com.plexapp.system/messaging/function/X0FnZW50U2VydmljZTpVcGRhdGVJbmZv/Y2VyZWFsMQoxCmxpc3QKMApyMAo_/Y2VyZWFsMQo3CmRpY3QKbGlzdApkaWN0Cmxpc3QKbGlzdApsaXN0Cmxpc3QKMgpzMjMKY29tLnBsZXhhcHAuYWdlbnRzLmltZGJzMTAKaWRlbnRpZmllcnIxCnMxMAphZ2VudF9pbmZvMQpyMgoxMApyMwpzMTEKbWVkaWFfdHlwZXNyNApzMTIKYWNjZXB0c19mcm9tbnMxNApmYWxsYmFja19hZ2VudHI1CnMxNApjb250cmlidXRlc190b3I2CnM5Cmxhbmd1YWdlc2IxczIwCnBlcnNpc3Rfc3RvcmVkX2ZpbGVzaTAKczcKdmVyc2lvbmIxczE2CnByaW1hcnlfcHJvdmlkZXJiMXM1CnByZWZzczE5ClBsZXggTW92aWUgKExlZ2FjeSlzNApuYW1lMQpzNQpNb3ZpZTEKczI5CmNvbS5wbGV4YXBwLmFnZW50cy5sb2NhbG1lZGlhMQpzMjkKY29tLnBsZXhhcHAuYWdlbnRzLnRoZW1vdmllZGIzMwpzMgplbnMyCnN2czIKZnJzMgplc3MyCm5sczIKZGVzMgppdHMyCmRhczIKYXJzMgpjYXMyCnpoczIKY3NzMgpldHMyCmZpczIKZWxzMgpoZXMyCmhpczIKaHVzMgppZHMyCmphczIKa29zMgpsdnMyCm5vczIKZmFzMgpwbHMyCnB0czIKcm9zMgpydXMyCnNrczIKdGhzMgp0cnMyCnVrczIKdmlyMAo_
Jan 22, 2026 16:55:59.298 [126194784676664] DEBUG - [Req#12] [com.plexapp.system] HTTP reply status 200, with 16 bytes of content.
Jan 22, 2026 16:55:59.298 [126194834844472] DEBUG - Completed: [127.0.0.1:35048] 200 GET /:/plugins/com.plexapp.system/messaging/function/X0FnZW50U2VydmljZTpVcGRhdGVJbmZv/Y2VyZWFsMQoxCmxpc3QKMApyMAo_/Y2VyZWFsMQo3CmRpY3QKbGlzdApkaWN0Cmxpc3QKbGlzdApsaXN0Cmxpc3QKMgpzMjMKY29tLnBsZXhhcHAuYWdlbnRzLmltZGJzMTAKaWRlbnRpZmllcnIxCnMxMAphZ2VudF9pbmZvMQpyMgoxMApyMwpzMTEKbWVkaWFfdHlwZXNyNApzMTIKYWNjZXB0c19mcm9tbnMxNApmYWxsYmFja19hZ2VudHI1CnMxNApjb250cmlidXRlc190b3I2CnM5Cmxhbmd1YWdlc2IxczIwCnBlcnNpc3Rfc3RvcmVkX2ZpbGVzaTAKczcKdmVyc2lvbmIxczE2CnByaW1hcnlfcHJvdmlkZXJiMXM1CnByZWZzczE5ClBsZXggTW92aWUgKExlZ2FjeSlzNApuYW1lMQpzNQpNb3ZpZTEKczI5CmNvbS5wbGV4YXBwLmFnZW50cy5sb2NhbG1lZGlhMQpzMjkKY29tLnBsZXhhcHAuYWdlbnRzLnRoZW1vdmllZGIzMwpzMgplbnMyCnN2czIKZnJzMgplc3MyCm5sczIKZGVzMgppdHMyCmRhczIKYXJzMgpjYXMyCnpoczIKY3NzMgpldHMyCmZpczIKZWxzMgpoZXMyCmhpczIKaHVzMgppZHMyCmphczIKa29zMgpsdnMyCm5vczIKZmFzMgpwbHMyCnB0czIKcm9zMgpydXMyCnNrczIKdGhzMgp0cnMyCnVrczIKdmlyMAo_ (4 live) #12 GZIP 5ms 415 bytes
Jan 22, 2026 16:55:59.303 [126194795363128] DEBUG - [Req#c] Reading 148 bytes in the body, code is 200
Jan 22, 2026 16:55:59.303 [126194795363128] DEBUG - [Req#c] [com.plexapp.agents.imdb] Plug-in running on port 32833.
Jan 22, 2026 16:55:59.303 [126194795363128] DEBUG - [Req#c] Read configuration for [com.plexapp.agents.imdb], had 0 prefixes
Jan 22, 2026 16:55:59.303 [126194795363128] DEBUG - [Req#c] [com.plexapp.agents.imdb] Sending command over HTTP (GET): /:/plugins/com.plexapp.agents.imdb/prefs
Jan 22, 2026 16:55:59.303 [126194795363128] DEBUG - [Req#c/HCl#b] HTTP requesting GET http://127.0.0.1:32833/:/plugins/com.plexapp.agents.imdb/prefs
Jan 22, 2026 16:55:59.333 [126194818661176] DEBUG - [HttpClient/HCl#b] HTTP/1.1 (0.0s) 200 response from GET http://127.0.0.1:32833/:/plugins/com.plexapp.agents.imdb/prefs
Jan 22, 2026 16:55:59.333 [126194795363128] DEBUG - [Req#c] [com.plexapp.agents.imdb] HTTP reply status 200, with 2224 bytes of content.
Jan 22, 2026 16:55:59.333 [126194795363128] DEBUG - Caching document http://127.0.0.1:32400/:/plugins/com.plexapp.agents.imdb/prefs as 8c1324fec84019b63df662c9b796e7683aa35a20
Jan 22, 2026 16:55:59.333 [126194795363128] DEBUG - IVA: Downloading trailer lists.
Jan 22, 2026 16:55:59.498 [126194795363128] DEBUG - IVA: Downloaded 8 trailers for source 1.
Jan 22, 2026 16:55:59.537 [126194795363128] DEBUG - IVA: Downloaded 28 trailers for source 2.
Jan 22, 2026 16:56:00.127 [126194842573624] DEBUG - [MediaProviderManager] Refreshing media providers
Jan 22, 2026 16:56:00.372 [126194842573624] DEBUG - [MediaProviderManager] we had 0 cloud providers online, we now have 1
Jan 22, 2026 16:56:00.372 [126194842573624] DEBUG - [MediaProviderManager] cloud provider (Metadata) is online and available
Jan 22, 2026 16:56:00.373 [126194842573624] DEBUG - [MediaProviderManager/MetadataAgentManager] Found media provider for agent provider 'tv.plex.agents.movie' with source URI 'provider://tv.plex.provider.metadata'
Jan 22, 2026 16:56:00.374 [126194842573624] DEBUG - [MediaProviderManager/MetadataAgentManager] Found media provider for agent provider 'tv.plex.agents.series' with source URI 'provider://tv.plex.provider.metadata'
Jan 22, 2026 16:56:00.374 [126194842573624] DEBUG - [MediaProviderManager/MetadataAgentManager] Found media provider for agent provider 'tv.plex.agents.music' with source URI 'provider://tv.plex.provider.metadata'
Jan 22, 2026 16:56:00.374 [126194842573624] DEBUG - [MediaProviderManager/MetadataAgentManager] Found media provider for agent provider 'org.musicbrainz.agents.music' with source URI 'provider://tv.plex.provider.metadata'
Jan 22, 2026 16:56:00.374 [126194842573624] DEBUG - [MediaProviderManager] Media provider refresh complete
Jan 22, 2026 16:56:02.118 [126194812332856] DEBUG - [NSB] NetworkServiceBrowser: SERVER arrived: 127.0.0.1 (b64813bf1d7a)
Jan 22, 2026 16:56:02.118 [126194812332856] DEBUG - [NSB] Notifying the system bundle an update to server /system/notify/serverUpdated?host=127.0.0.1
Jan 22, 2026 16:56:02.118 [126194812332856] DEBUG - [NSB] [com.plexapp.system] Sending command over HTTP (GET): /system/notify/serverUpdated?host=127.0.0.1
Jan 22, 2026 16:56:02.118 [126194812332856] DEBUG - [NSB/HCl#13] HTTP requesting GET http://127.0.0.1:42575/system/notify/serverUpdated?host=127.0.0.1
Jan 22, 2026 16:56:02.122 [126194784676664] DEBUG - Request: [127.0.0.1:47084 (Loopback)] GET /servers (3 live) #15 GZIP Token ()
Jan 22, 2026 16:56:02.123 [126194832735032] DEBUG - Completed: [127.0.0.1:47084] 200 GET /servers (3 live) #15 GZIP 0ms 491 bytes
Jan 22, 2026 16:56:02.126 [126194818661176] DEBUG - [HttpClient/HCl#13] HTTP/1.1 (0.0s) 200 response from GET http://127.0.0.1:42575/system/notify/serverUpdated?host=127.0.0.1
Jan 22, 2026 16:56:02.126 [126194812332856] DEBUG - [NSB] [com.plexapp.system] HTTP reply status 200, with 0 bytes of content.
Jan 22, 2026 16:56:05.310 [126194803800888] DEBUG - DVR:Device: Discovering and refreshing all devices.
Jan 22, 2026 16:56:05.310 [126194803800888] DEBUG - Grabber: HDHomerun discovered 0 compatible devices.
Jan 22, 2026 16:56:05.311 [126194803800888] DEBUG - [HCl#14] HTTP requesting POST http://127.0.0.1:32600/devices/discover
Jan 22, 2026 16:56:07.128 [126194765318968] DEBUG - Grabber: Cleaning up orphaned grabs.
Jan 22, 2026 16:56:07.128 [126194765318968] DEBUG - Grabber: Cleaned up 0 decrepit directories in 0.0 sec.
Jan 22, 2026 16:56:07.128 [126194765318968] DEBUG - Activity: registered new activity 9dd4663b-8bb4-44d8-be8c-1a578d4bf422 - "Processing subscriptions"
Jan 22, 2026 16:56:07.128 [126194765318968] DEBUG - Subscription: Scheduling subscriptions.
Jan 22, 2026 16:56:07.129 [126194765318968] DEBUG - Subscription: Initialized 0 schedulers.
Jan 22, 2026 16:56:07.129 [126194765318968] DEBUG - Subscription: Starting with 0 grabs, scheduled 0 active ones preemptively.
Jan 22, 2026 16:56:07.129 [126194765318968] DEBUG - Subscription: Scheduled all subscriptions in 0 ms.
Jan 22, 2026 16:56:07.129 [126194765318968] DEBUG - Activity: Ended activity 9dd4663b-8bb4-44d8-be8c-1a578d4bf422.
Jan 22, 2026 16:56:07.129 [126194765318968] DEBUG - Subscription: There are 0 active grabs at the end.
Jan 22, 2026 16:56:07.129 [126194765318968] DEBUG - Activity: Ended activity 97914f94-d64f-4289-9ab2-6f9d19575cf5.
Jan 22, 2026 16:56:07.129 [126194765318968] DEBUG - Subscription: Refreshed all content in 1 ms.
Jan 22, 2026 16:56:07.751 [126194818661176] DEBUG - [HttpClient/HCl#14] HTTP/1.1 (2.4s) 200 response from POST http://127.0.0.1:32600/devices/discover
Jan 22, 2026 16:56:33.779 [126194784676664] DEBUG - Request: [192.168.1.19:61800 (WAN)] GET /web/index.html (2 live) #1b GZIP
Jan 22, 2026 16:56:33.790 [126194784676664] DEBUG - [Req#1b] Final path: "/usr/lib/plexmediaserver/Resources/Plug-ins-f737b826c/WebClient.bundle/Contents/Resources/index.html"
Jan 22, 2026 16:56:33.790 [126194784676664] DEBUG - Content-Length of /usr/lib/plexmediaserver/Resources/Plug-ins-f737b826c/WebClient.bundle/Contents/Resources/index.html is 30234 (of total: 30234).
Jan 22, 2026 16:56:33.791 [126194832735032] DEBUG - Completed: [192.168.1.19:61800] 200 GET /web/index.html (2 live) #1b GZIP 11ms 30234 bytes (pipelined: 1)
Jan 22, 2026 16:56:33.835 [126194784676664] DEBUG - Request: [192.168.1.19:61800 (WAN)] GET /web/3115-3115-392610b7bb1c3beeb77e-plex-4.147.1-4ca0656.css (2 live) #1f GZIP
Jan 22, 2026 16:56:33.835 [126194784676664] DEBUG - [Req#1f] Final path: "/usr/lib/plexmediaserver/Resources/Plug-ins-f737b826c/WebClient.bundle/Contents/Resources/3115-3115-392610b7bb1c3beeb77e-plex-4.147.1-4ca0656.css"
Jan 22, 2026 16:56:33.836 [126194784676664] DEBUG - Content-Length of /usr/lib/plexmediaserver/Resources/Plug-ins-f737b826c/WebClient.bundle/Contents/Resources/3115-3115-392610b7bb1c3beeb77e-plex-4.147.1-4ca0656.css is 87310 (of total: 87310).
Jan 22, 2026 16:56:33.837 [126194834844472] DEBUG - Completed: [192.168.1.19:61800] 200 GET /web/3115-3115-392610b7bb1c3beeb77e-plex-4.147.1-4ca0656.css (2 live) #1f GZIP 2ms 87310 bytes (pipelined: 2)
Jan 22, 2026 16:56:33.846 [126194784676664] DEBUG - Request: [192.168.1.19:61802 (WAN)] GET /web/main-8792-681b145bfe8a22701a49-plex-4.147.1-4ca0656.css (5 live) #1e GZIP
Jan 22, 2026 16:56:33.847 [126194821008184] DEBUG - Request: [192.168.1.19:61803 (WAN)] GET /web/js/3115-3115-392610b7bb1c3beeb77e-plex-4.147.1-4ca0656.js (5 live) #21 GZIP
Jan 22, 2026 16:56:33.847 [126194784676664] DEBUG - [Req#1e] Final path: "/usr/lib/plexmediaserver/Resources/Plug-ins-f737b826c/WebClient.bundle/Contents/Resources/main-8792-681b145bfe8a22701a49-plex-4.147.1-4ca0656.css"
Jan 22, 2026 16:56:33.847 [126194810223416] DEBUG - Request: [192.168.1.19:61804 (WAN)] GET /web/js/main-8792-681b145bfe8a22701a49-plex-4.147.1-4ca0656.js (5 live) #22 GZIP
Jan 22, 2026 16:56:33.847 [126194821008184] DEBUG - [Req#21] Final path: "/usr/lib/plexmediaserver/Resources/Plug-ins-f737b826c/WebClient.bundle/Contents/Resources/js/3115-3115-392610b7bb1c3beeb77e-plex-4.147.1-4ca0656.js"
Jan 22, 2026 16:56:33.847 [126194784676664] DEBUG - Content-Length of /usr/lib/plexmediaserver/Resources/Plug-ins-f737b826c/WebClient.bundle/Contents/Resources/main-8792-681b145bfe8a22701a49-plex-4.147.1-4ca0656.css is 470194 (of total: 470194).
Jan 22, 2026 16:56:33.847 [126194821008184] DEBUG - Content-Length of /usr/lib/plexmediaserver/Resources/Plug-ins-f737b826c/WebClient.bundle/Contents/Resources/js/3115-3115-392610b7bb1c3beeb77e-plex-4.147.1-4ca0656.js is 1970707 (of total: 1970707).
Jan 22, 2026 16:56:33.847 [126194810223416] DEBUG - [Req#22] Final path: "/usr/lib/plexmediaserver/Resources/Plug-ins-f737b826c/WebClient.bundle/Contents/Resources/js/main-8792-681b145bfe8a22701a49-plex-4.147.1-4ca0656.js"
Jan 22, 2026 16:56:33.847 [126194810223416] DEBUG - Content-Length of /usr/lib/plexmediaserver/Resources/Plug-ins-f737b826c/WebClient.bundle/Contents/Resources/js/main-8792-681b145bfe8a22701a49-plex-4.147.1-4ca0656.js is 3506340 (of total: 3506340).
Jan 22, 2026 16:56:33.873 [126194832735032] DEBUG - Completed: [192.168.1.19:61802] 200 GET /web/main-8792-681b145bfe8a22701a49-plex-4.147.1-4ca0656.css (5 live) #1e GZIP 27ms 470194 bytes (pipelined: 1)
Jan 22, 2026 16:56:34.022 [126194832735032] DEBUG - Completed: [192.168.1.19:61803] 200 GET /web/js/3115-3115-392610b7bb1c3beeb77e-plex-4.147.1-4ca0656.js (5 live) #21 GZIP 175ms 1970707 bytes (pipelined: 1)
Jan 22, 2026 16:56:34.244 [126194832735032] DEBUG - Completed: [192.168.1.19:61804] 200 GET /web/js/main-8792-681b145bfe8a22701a49-plex-4.147.1-4ca0656.js (5 live) #22 GZIP 397ms 3506340 bytes (pipelined: 1)
Jan 22, 2026 16:56:34.491 [126194784676664] DEBUG - Request: [192.168.1.19:61803 (WAN)] GET /web/js/chunk-9769-b7e0256d97b09847c163-plex-4.147.1-4ca0656.js (5 live) #25 GZIP
Jan 22, 2026 16:56:34.491 [126194821008184] DEBUG - Request: [192.168.1.19:61802 (WAN)] GET /web/js/chunk-2825-6db049cd5a1feb0cd7d9-plex-4.147.1-4ca0656.js (5 live) #24 GZIP
Jan 22, 2026 16:56:34.491 [126194810223416] DEBUG - Request: [192.168.1.19:61804 (WAN)] GET /web/js/chunk-3332-e6e7580df6434b9a6c19-plex-4.147.1-4ca0656.js (5 live) #26 GZIP
Jan 22, 2026 16:56:34.492 [126194821008184] DEBUG - [Req#24] Final path: "/usr/lib/plexmediaserver/Resources/Plug-ins-f737b826c/WebClient.bundle/Contents/Resources/js/chunk-2825-6db049cd5a1feb0cd7d9-plex-4.147.1-4ca0656.js"
Jan 22, 2026 16:56:34.492 [126194821008184] DEBUG - Content-Length of /usr/lib/plexmediaserver/Resources/Plug-ins-f737b826c/WebClient.bundle/Contents/Resources/js/chunk-2825-6db049cd5a1feb0cd7d9-plex-4.147.1-4ca0656.js is 22744 (of total: 22744).
Jan 22, 2026 16:56:34.492 [126194810223416] DEBUG - [Req#26] Final path: "/usr/lib/plexmediaserver/Resources/Plug-ins-f737b826c/WebClient.bundle/Contents/Resources/js/chunk-3332-e6e7580df6434b9a6c19-plex-4.147.1-4ca0656.js"
Jan 22, 2026 16:56:34.492 [126194810223416] DEBUG - Content-Length of /usr/lib/plexmediaserver/Resources/Plug-ins-f737b826c/WebClient.bundle/Contents/Resources/js/chunk-3332-e6e7580df6434b9a6c19-plex-4.147.1-4ca0656.js is 3194 (of total: 3194).
Jan 22, 2026 16:56:34.492 [126194784676664] DEBUG - [Req#25] Final path: "/usr/lib/plexmediaserver/Resources/Plug-ins-f737b826c/WebClient.bundle/Contents/Resources/js/chunk-9769-b7e0256d97b09847c163-plex-4.147.1-4ca0656.js"
Jan 22, 2026 16:56:34.492 [126194784676664] DEBUG - Content-Length of /usr/lib/plexmediaserver/Resources/Plug-ins-f737b826c/WebClient.bundle/Contents/Resources/js/chunk-9769-b7e0256d97b09847c163-plex-4.147.1-4ca0656.js is 45612 (of total: 45612).
Jan 22, 2026 16:56:34.493 [126194834844472] DEBUG - Completed: [192.168.1.19:61802] 200 GET /web/js/chunk-2825-6db049cd5a1feb0cd7d9-plex-4.147.1-4ca0656.js (5 live) #24 GZIP 1ms 22744 bytes (pipelined: 2)
Jan 22, 2026 16:56:34.493 [126194834844472] DEBUG - Completed: [192.168.1.19:61803] 200 GET /web/js/chunk-9769-b7e0256d97b09847c163-plex-4.147.1-4ca0656.js (5 live) #25 GZIP 1ms 45612 bytes (pipelined: 2)
Jan 22, 2026 16:56:34.493 [126194834844472] DEBUG - Completed: [192.168.1.19:61804] 200 GET /web/js/chunk-3332-e6e7580df6434b9a6c19-plex-4.147.1-4ca0656.js (5 live) #26 GZIP 1ms 3194 bytes (pipelined: 2)
Jan 22, 2026 16:56:34.494 [126194821008184] DEBUG - Request: [192.168.1.19:61800 (WAN)] GET /web/chunk-3126-92247d220836cc51bcab-plex-4.147.1-4ca0656.css (5 live) #20 GZIP
Jan 22, 2026 16:56:34.494 [126194821008184] DEBUG - [Req#20] Final path: "/usr/lib/plexmediaserver/Resources/Plug-ins-f737b826c/WebClient.bundle/Contents/Resources/chunk-3126-92247d220836cc51bcab-plex-4.147.1-4ca0656.css"
Jan 22, 2026 16:56:34.494 [126194821008184] DEBUG - Content-Length of /usr/lib/plexmediaserver/Resources/Plug-ins-f737b826c/WebClient.bundle/Contents/Resources/chunk-3126-92247d220836cc51bcab-plex-4.147.1-4ca0656.css is 17711 (of total: 17711).
Jan 22, 2026 16:56:34.495 [126194832735032] DEBUG - Completed: [192.168.1.19:61800] 200 GET /web/chunk-3126-92247d220836cc51bcab-plex-4.147.1-4ca0656.css (5 live) #20 GZIP 1ms 17711 bytes (pipelined: 3)
Jan 22, 2026 16:56:34.500 [126194810223416] DEBUG - Request: [192.168.1.19:61805 (WAN)] GET /web/translations/en.json (7 live) #23 GZIP
Jan 22, 2026 16:56:34.500 [126194784676664] DEBUG - Request: [192.168.1.19:61806 (WAN)] GET /web/favicon.ico (7 live) #2b GZIP
Jan 22, 2026 16:56:34.500 [126194784676664] DEBUG - [Req#2b] Final path: "/usr/lib/plexmediaserver/Resources/Plug-ins-f737b826c/WebClient.bundle/Contents/Resources/favicon.ico"
Jan 22, 2026 16:56:34.500 [126194810223416] DEBUG - [Req#23] Final path: "/usr/lib/plexmediaserver/Resources/Plug-ins-f737b826c/WebClient.bundle/Contents/Resources/translations/en.json"
Jan 22, 2026 16:56:34.500 [126194784676664] DEBUG - Content-Length of /usr/lib/plexmediaserver/Resources/Plug-ins-f737b826c/WebClient.bundle/Contents/Resources/favicon.ico is 5430 (of total: 5430).
Jan 22, 2026 16:56:34.500 [126194810223416] DEBUG - Content-Length of /usr/lib/plexmediaserver/Resources/Plug-ins-f737b826c/WebClient.bundle/Contents/Resources/translations/en.json is 2 (of total: 2).
Jan 22, 2026 16:56:34.501 [126194832735032] DEBUG - Completed: [192.168.1.19:61805] 200 GET /web/translations/en.json (7 live) #23 GZIP 0ms 2 bytes (pipelined: 1)
Jan 22, 2026 16:56:34.501 [126194832735032] DEBUG - Completed: [192.168.1.19:61806] 200 GET /web/favicon.ico (7 live) #2b GZIP 1ms 5430 bytes (pipelined: 1)
Jan 22, 2026 16:56:34.502 [126194821008184] DEBUG - Request: [192.168.1.19:61803 (WAN)] GET /web/chunk-2622-2cc9649a4c62b3431337-plex-4.147.1-4ca0656.css (7 live) #28 GZIP
Jan 22, 2026 16:56:34.502 [126194821008184] DEBUG - [Req#28] Final path: "/usr/lib/plexmediaserver/Resources/Plug-ins-f737b826c/WebClient.bundle/Contents/Resources/chunk-2622-2cc9649a4c62b3431337-plex-4.147.1-4ca0656.css"
Jan 22, 2026 16:56:34.502 [126194821008184] DEBUG - Content-Length of /usr/lib/plexmediaserver/Resources/Plug-ins-f737b826c/WebClient.bundle/Contents/Resources/chunk-2622-2cc9649a4c62b3431337-plex-4.147.1-4ca0656.css is 3317 (of total: 3317).
Jan 22, 2026 16:56:34.502 [126194821008184] DEBUG - Request: [192.168.1.19:61804 (WAN)] GET /web/js/chunk-3126-92247d220836cc51bcab-plex-4.147.1-4ca0656.js (7 live) #29 GZIP
Jan 22, 2026 16:56:34.502 [126194821008184] DEBUG - [Req#29] Final path: "/usr/lib/plexmediaserver/Resources/Plug-ins-f737b826c/WebClient.bundle/Contents/Resources/js/chunk-3126-92247d220836cc51bcab-plex-4.147.1-4ca0656.js"
Jan 22, 2026 16:56:34.502 [126194821008184] DEBUG - Content-Length of /usr/lib/plexmediaserver/Resources/Plug-ins-f737b826c/WebClient.bundle/Contents/Resources/js/chunk-3126-92247d220836cc51bcab-plex-4.147.1-4ca0656.js is 84147 (of total: 84147).
Jan 22, 2026 16:56:34.503 [126194832735032] DEBUG - Completed: [192.168.1.19:61803] 200 GET /web/chunk-2622-2cc9649a4c62b3431337-plex-4.147.1-4ca0656.css (7 live) #28 GZIP 1ms 3317 bytes (pipelined: 3)
Jan 22, 2026 16:56:34.505 [126194832735032] DEBUG - Completed: [192.168.1.19:61804] 200 GET /web/js/chunk-3126-92247d220836cc51bcab-plex-4.147.1-4ca0656.js (7 live) #29 GZIP 3ms 84147 bytes (pipelined: 3)
Jan 22, 2026 16:56:34.509 [126194810223416] DEBUG - Request: [192.168.1.19:61800 (WAN)] GET /web/js/chunk-2622-2cc9649a4c62b3431337-plex-4.147.1-4ca0656.js (7 live) #2a GZIP
Jan 22, 2026 16:56:34.509 [126194810223416] DEBUG - [Req#2a] Final path: "/usr/lib/plexmediaserver/Resources/Plug-ins-f737b826c/WebClient.bundle/Contents/Resources/js/chunk-2622-2cc9649a4c62b3431337-plex-4.147.1-4ca0656.js"
Jan 22, 2026 16:56:34.509 [126194810223416] DEBUG - Content-Length of /usr/lib/plexmediaserver/Resources/Plug-ins-f737b826c/WebClient.bundle/Contents/Resources/js/chunk-2622-2cc9649a4c62b3431337-plex-4.147.1-4ca0656.js is 36351 (of total: 36351).
Jan 22, 2026 16:56:34.510 [126194834844472] DEBUG - Completed: [192.168.1.19:61800] 200 GET /web/js/chunk-2622-2cc9649a4c62b3431337-plex-4.147.1-4ca0656.js (7 live) #2a GZIP 1ms 36351 bytes (pipelined: 4)
Jan 22, 2026 16:56:34.511 [126194784676664] DEBUG - Request: [192.168.1.19:61805 (WAN)] GET /web/chunk-152-59cd1359e79ce35fad9d-plex-4.147.1-4ca0656.css (7 live) #2d GZIP
Jan 22, 2026 16:56:34.511 [126194784676664] DEBUG - [Req#2d] Final path: "/usr/lib/plexmediaserver/Resources/Plug-ins-f737b826c/WebClient.bundle/Contents/Resources/chunk-152-59cd1359e79ce35fad9d-plex-4.147.1-4ca0656.css"
Jan 22, 2026 16:56:34.511 [126194784676664] DEBUG - Content-Length of /usr/lib/plexmediaserver/Resources/Plug-ins-f737b826c/WebClient.bundle/Contents/Resources/chunk-152-59cd1359e79ce35fad9d-plex-4.147.1-4ca0656.css is 5745 (of total: 5745).
Jan 22, 2026 16:56:34.511 [126194784676664] DEBUG - Request: [192.168.1.19:61806 (WAN)] GET /web/chunk-3345-35000ae93cc552e5b9b1-plex-4.147.1-4ca0656.css (7 live) #2e GZIP
Jan 22, 2026 16:56:34.511 [126194784676664] DEBUG - [Req#2e] Final path: "/usr/lib/plexmediaserver/Resources/Plug-ins-f737b826c/WebClient.bundle/Contents/Resources/chunk-3345-35000ae93cc552e5b9b1-plex-4.147.1-4ca0656.css"
Jan 22, 2026 16:56:34.511 [126194784676664] DEBUG - Content-Length of /usr/lib/plexmediaserver/Resources/Plug-ins-f737b826c/WebClient.bundle/Contents/Resources/chunk-3345-35000ae93cc552e5b9b1-plex-4.147.1-4ca0656.css is 4931 (of total: 4931).
Jan 22, 2026 16:56:34.511 [126194821008184] DEBUG - Request: [192.168.1.19:61803 (WAN)] GET /web/js/chunk-152-59cd1359e79ce35fad9d-plex-4.147.1-4ca0656.js (7 live) #2f GZIP
Jan 22, 2026 16:56:34.512 [126194821008184] DEBUG - [Req#2f] Final path: "/usr/lib/plexmediaserver/Resources/Plug-ins-f737b826c/WebClient.bundle/Contents/Resources/js/chunk-152-59cd1359e79ce35fad9d-plex-4.147.1-4ca0656.js"
Jan 22, 2026 16:56:34.512 [126194821008184] DEBUG - Content-Length of /usr/lib/plexmediaserver/Resources/Plug-ins-f737b826c/WebClient.bundle/Contents/Resources/js/chunk-152-59cd1359e79ce35fad9d-plex-4.147.1-4ca0656.js is 33939 (of total: 33939).
Jan 22, 2026 16:56:34.512 [126194834844472] DEBUG - Completed: [192.168.1.19:61803] 200 GET /web/js/chunk-152-59cd1359e79ce35fad9d-plex-4.147.1-4ca0656.js (7 live) #2f GZIP 1ms 33939 bytes (pipelined: 4)
Jan 22, 2026 16:56:34.513 [126194834844472] DEBUG - Completed: [192.168.1.19:61806] 200 GET /web/chunk-3345-35000ae93cc552e5b9b1-plex-4.147.1-4ca0656.css (7 live) #2e GZIP 2ms 4931 bytes (pipelined: 2)
Jan 22, 2026 16:56:34.513 [126194832735032] DEBUG - Completed: [192.168.1.19:61805] 200 GET /web/chunk-152-59cd1359e79ce35fad9d-plex-4.147.1-4ca0656.css (7 live) #2d GZIP 2ms 5745 bytes (pipelined: 2)
Jan 22, 2026 16:56:34.514 [126194784676664] DEBUG - Request: [192.168.1.19:61804 (WAN)] GET /web/js/chunk-3345-35000ae93cc552e5b9b1-plex-4.147.1-4ca0656.js (7 live) #30 GZIP
Jan 22, 2026 16:56:34.514 [126194784676664] DEBUG - [Req#30] Final path: "/usr/lib/plexmediaserver/Resources/Plug-ins-f737b826c/WebClient.bundle/Contents/Resources/js/chunk-3345-35000ae93cc552e5b9b1-plex-4.147.1-4ca0656.js"
Jan 22, 2026 16:56:34.514 [126194784676664] DEBUG - Content-Length of /usr/lib/plexmediaserver/Resources/Plug-ins-f737b826c/WebClient.bundle/Contents/Resources/js/chunk-3345-35000ae93cc552e5b9b1-plex-4.147.1-4ca0656.js is 16549 (of total: 16549).
Jan 22, 2026 16:56:34.514 [126194784676664] DEBUG - Request: [192.168.1.19:61802 (WAN)] GET /web/js/chunk-45-5ed4dadae8dc81865628-plex-4.147.1-4ca0656.js (7 live) #27 GZIP
Jan 22, 2026 16:56:34.514 [126194832735032] DEBUG - Completed: [192.168.1.19:61804] 200 GET /web/js/chunk-3345-35000ae93cc552e5b9b1-plex-4.147.1-4ca0656.js (7 live) #30 GZIP 0ms 16549 bytes (pipelined: 4)
Jan 22, 2026 16:56:34.516 [126194784676664] DEBUG - [Req#27] Final path: "/usr/lib/plexmediaserver/Resources/Plug-ins-f737b826c/WebClient.bundle/Contents/Resources/js/chunk-45-5ed4dadae8dc81865628-plex-4.147.1-4ca0656.js"
Jan 22, 2026 16:56:34.516 [126194784676664] DEBUG - Content-Length of /usr/lib/plexmediaserver/Resources/Plug-ins-f737b826c/WebClient.bundle/Contents/Resources/js/chunk-45-5ed4dadae8dc81865628-plex-4.147.1-4ca0656.js is 3268 (of total: 3268).
Jan 22, 2026 16:56:34.516 [126194832735032] DEBUG - Completed: [192.168.1.19:61802] 200 GET /web/js/chunk-45-5ed4dadae8dc81865628-plex-4.147.1-4ca0656.js (7 live) #27 GZIP 2ms 3268 bytes (pipelined: 3)
Jan 22, 2026 16:56:34.520 [126194810223416] DEBUG - Request: [192.168.1.19:61804 (WAN)] GET /web/js/chunk-3582-82a1e3f87e8650d19943-plex-4.147.1-4ca0656.js (7 live) #35 GZIP
Jan 22, 2026 16:56:34.520 [126194810223416] DEBUG - [Req#35] Final path: "/usr/lib/plexmediaserver/Resources/Plug-ins-f737b826c/WebClient.bundle/Contents/Resources/js/chunk-3582-82a1e3f87e8650d19943-plex-4.147.1-4ca0656.js"
Jan 22, 2026 16:56:34.520 [126194810223416] DEBUG - Content-Length of /usr/lib/plexmediaserver/Resources/Plug-ins-f737b826c/WebClient.bundle/Contents/Resources/js/chunk-3582-82a1e3f87e8650d19943-plex-4.147.1-4ca0656.js is 101214 (of total: 101214).
Jan 22, 2026 16:56:34.521 [126194834844472] DEBUG - Completed: [192.168.1.19:61804] 200 GET /web/js/chunk-3582-82a1e3f87e8650d19943-plex-4.147.1-4ca0656.js (7 live) #35 GZIP 1ms 101214 bytes (pipelined: 5)
Jan 22, 2026 16:56:34.526 [126194784676664] DEBUG - Request: [192.168.1.19:61803 (WAN)] GET /web/js/chunk-3497-16a863791226f17ca745-plex-4.147.1-4ca0656.js (7 live) #32 GZIP
Jan 22, 2026 16:56:34.526 [126194821008184] DEBUG - Request: [192.168.1.19:61802 (WAN)] GET /web/js/chunk-1800-873ad4c01919a351580f-plex-4.147.1-4ca0656.js (7 live) #36 GZIP
Jan 22, 2026 16:56:34.526 [126194784676664] DEBUG - [Req#32] Final path: "/usr/lib/plexmediaserver/Resources/Plug-ins-f737b826c/WebClient.bundle/Contents/Resources/js/chunk-3497-16a863791226f17ca745-plex-4.147.1-4ca0656.js"
Jan 22, 2026 16:56:34.526 [126194821008184] DEBUG - [Req#36] Final path: "/usr/lib/plexmediaserver/Resources/Plug-ins-f737b826c/WebClient.bundle/Contents/Resources/js/chunk-1800-873ad4c01919a351580f-plex-4.147.1-4ca0656.js"
Jan 22, 2026 16:56:34.526 [126194821008184] DEBUG - Content-Length of /usr/lib/plexmediaserver/Resources/Plug-ins-f737b826c/WebClient.bundle/Contents/Resources/js/chunk-1800-873ad4c01919a351580f-plex-4.147.1-4ca0656.js is 964 (of total: 964).
Jan 22, 2026 16:56:34.526 [126194784676664] DEBUG - Content-Length of /usr/lib/plexmediaserver/Resources/Plug-ins-f737b826c/WebClient.bundle/Contents/Resources/js/chunk-3497-16a863791226f17ca745-plex-4.147.1-4ca0656.js is 11912 (of total: 11912).
Jan 22, 2026 16:56:34.527 [126194834844472] DEBUG - Completed: [192.168.1.19:61803] 200 GET /web/js/chunk-3497-16a863791226f17ca745-plex-4.147.1-4ca0656.js (7 live) #32 GZIP 0ms 11912 bytes (pipelined: 5)
Jan 22, 2026 16:56:34.527 [126194832735032] DEBUG - Completed: [192.168.1.19:61802] 200 GET /web/js/chunk-1800-873ad4c01919a351580f-plex-4.147.1-4ca0656.js (7 live) #36 GZIP 0ms 964 bytes (pipelined: 4)
Jan 22, 2026 16:56:34.527 [126194821008184] DEBUG - Request: [192.168.1.19:61806 (WAN)] GET /web/chunk-4119-f3655a1442dbfeeee650-plex-4.147.1-4ca0656.css (7 live) #33 GZIP
Jan 22, 2026 16:56:34.527 [126194821008184] DEBUG - [Req#33] Final path: "/usr/lib/plexmediaserver/Resources/Plug-ins-f737b826c/WebClient.bundle/Contents/Resources/chunk-4119-f3655a1442dbfeeee650-plex-4.147.1-4ca0656.css"
Jan 22, 2026 16:56:34.528 [126194821008184] DEBUG - Content-Length of /usr/lib/plexmediaserver/Resources/Plug-ins-f737b826c/WebClient.bundle/Contents/Resources/chunk-4119-f3655a1442dbfeeee650-plex-4.147.1-4ca0656.css is 19690 (of total: 19690).
Jan 22, 2026 16:56:34.528 [126194821008184] DEBUG - Request: [192.168.1.19:61805 (WAN)] GET /web/js/chunk-4119-f3655a1442dbfeeee650-plex-4.147.1-4ca0656.js (7 live) #34 GZIP
Jan 22, 2026 16:56:34.528 [126194810223416] DEBUG - Request: [192.168.1.19:61800 (WAN)] GET /web/chunk-2641-ccf51321c7312f15f1e4-plex-4.147.1-4ca0656.css (7 live) #31 GZIP
Jan 22, 2026 16:56:34.528 [126194832735032] DEBUG - Completed: [192.168.1.19:61806] 200 GET /web/chunk-4119-f3655a1442dbfeeee650-plex-4.147.1-4ca0656.css (7 live) #33 GZIP 1ms 19690 bytes (pipelined: 3)
Jan 22, 2026 16:56:34.528 [126194821008184] DEBUG - [Req#34] Final path: "/usr/lib/plexmediaserver/Resources/Plug-ins-f737b826c/WebClient.bundle/Contents/Resources/js/chunk-4119-f3655a1442dbfeeee650-plex-4.147.1-4ca0656.js"
Jan 22, 2026 16:56:34.528 [126194821008184] DEBUG - Content-Length of /usr/lib/plexmediaserver/Resources/Plug-ins-f737b826c/WebClient.bundle/Contents/Resources/js/chunk-4119-f3655a1442dbfeeee650-plex-4.147.1-4ca0656.js is 92747 (of total: 92747).
Jan 22, 2026 16:56:34.528 [126194810223416] DEBUG - [Req#31] Final path: "/usr/lib/plexmediaserver/Resources/Plug-ins-f737b826c/WebClient.bundle/Contents/Resources/chunk-2641-ccf51321c7312f15f1e4-plex-4.147.1-4ca0656.css"
Jan 22, 2026 16:56:34.528 [126194810223416] DEBUG - Content-Length of /usr/lib/plexmediaserver/Resources/Plug-ins-f737b826c/WebClient.bundle/Contents/Resources/chunk-2641-ccf51321c7312f15f1e4-plex-4.147.1-4ca0656.css is 2084 (of total: 2084).
Jan 22, 2026 16:56:34.530 [126194832735032] DEBUG - Completed: [192.168.1.19:61800] 200 GET /web/chunk-2641-ccf51321c7312f15f1e4-plex-4.147.1-4ca0656.css (7 live) #31 GZIP 3ms 2084 bytes (pipelined: 5)
Jan 22, 2026 16:56:34.531 [126194832735032] DEBUG - Completed: [192.168.1.19:61805] 200 GET /web/js/chunk-4119-f3655a1442dbfeeee650-plex-4.147.1-4ca0656.js (7 live) #34 GZIP 3ms 92747 bytes (pipelined: 3)
Jan 22, 2026 16:56:34.535 [126194784676664] DEBUG - Request: [192.168.1.19:61802 (WAN)] GET /web/js/chunk-2641-ccf51321c7312f15f1e4-plex-4.147.1-4ca0656.js (7 live) #39 GZIP
Jan 22, 2026 16:56:34.535 [126194784676664] DEBUG - [Req#39] Final path: "/usr/lib/plexmediaserver/Resources/Plug-ins-f737b826c/WebClient.bundle/Contents/Resources/js/chunk-2641-ccf51321c7312f15f1e4-plex-4.147.1-4ca0656.js"
Jan 22, 2026 16:56:34.535 [126194784676664] DEBUG - Content-Length of /usr/lib/plexmediaserver/Resources/Plug-ins-f737b826c/WebClient.bundle/Contents/Resources/js/chunk-2641-ccf51321c7312f15f1e4-plex-4.147.1-4ca0656.js is 24736 (of total: 24736).
Jan 22, 2026 16:56:34.535 [126194832735032] DEBUG - Completed: [192.168.1.19:61802] 200 GET /web/js/chunk-2641-ccf51321c7312f15f1e4-plex-4.147.1-4ca0656.js (7 live) #39 GZIP 1ms 24736 bytes (pipelined: 5)
Jan 22, 2026 16:56:34.537 [126194821008184] DEBUG - Request: [192.168.1.19:61804 (WAN)] GET /web/js/chunk-8369-5978dec3130122023696-plex-4.147.1-4ca0656.js (7 live) #37 GZIP
Jan 22, 2026 16:56:34.537 [126194810223416] DEBUG - Request: [192.168.1.19:61803 (WAN)] GET /web/chunk-7516-1c460e43eb709bf3792d-plex-4.147.1-4ca0656.css (7 live) #38 GZIP
Jan 22, 2026 16:56:34.537 [126194810223416] DEBUG - [Req#38] Final path: "/usr/lib/plexmediaserver/Resources/Plug-ins-f737b826c/WebClient.bundle/Contents/Resources/chunk-7516-1c460e43eb709bf3792d-plex-4.147.1-4ca0656.css"
Jan 22, 2026 16:56:34.537 [126194821008184] DEBUG - [Req#37] Final path: "/usr/lib/plexmediaserver/Resources/Plug-ins-f737b826c/WebClient.bundle/Contents/Resources/js/chunk-8369-5978dec3130122023696-plex-4.147.1-4ca0656.js"
Jan 22, 2026 16:56:34.537 [126194810223416] DEBUG - Content-Length of /usr/lib/plexmediaserver/Resources/Plug-ins-f737b826c/WebClient.bundle/Contents/Resources/chunk-7516-1c460e43eb709bf3792d-plex-4.147.1-4ca0656.css is 11162 (of total: 11162).
Jan 22, 2026 16:56:34.537 [126194821008184] DEBUG - Content-Length of /usr/lib/plexmediaserver/Resources/Plug-ins-f737b826c/WebClient.bundle/Contents/Resources/js/chunk-8369-5978dec3130122023696-plex-4.147.1-4ca0656.js is 79453 (of total: 79453).
Jan 22, 2026 16:56:34.537 [126194834844472] DEBUG - Completed: [192.168.1.19:61803] 200 GET /web/chunk-7516-1c460e43eb709bf3792d-plex-4.147.1-4ca0656.css (7 live) #38 GZIP 0ms 11162 bytes (pipelined: 6)
Jan 22, 2026 16:56:34.538 [126194834844472] DEBUG - Completed: [192.168.1.19:61804] 200 GET /web/js/chunk-8369-5978dec3130122023696-plex-4.147.1-4ca0656.js (7 live) #37 GZIP 1ms 79453 bytes (pipelined: 6)
Jan 22, 2026 16:56:34.539 [126194784676664] DEBUG - Request: [192.168.1.19:61800 (WAN)] GET /web/js/chunk-7516-1c460e43eb709bf3792d-plex-4.147.1-4ca0656.js (7 live) #3b GZIP
Jan 22, 2026 16:56:34.539 [126194784676664] DEBUG - [Req#3b] Final path: "/usr/lib/plexmediaserver/Resources/Plug-ins-f737b826c/WebClient.bundle/Contents/Resources/js/chunk-7516-1c460e43eb709bf3792d-plex-4.147.1-4ca0656.js"
Jan 22, 2026 16:56:34.539 [126194784676664] DEBUG - Content-Length of /usr/lib/plexmediaserver/Resources/Plug-ins-f737b826c/WebClient.bundle/Contents/Resources/js/chunk-7516-1c460e43eb709bf3792d-plex-4.147.1-4ca0656.js is 2398 (of total: 2398).
Jan 22, 2026 16:56:34.540 [126194834844472] DEBUG - Completed: [192.168.1.19:61800] 200 GET /web/js/chunk-7516-1c460e43eb709bf3792d-plex-4.147.1-4ca0656.js (7 live) #3b GZIP 0ms 2398 bytes (pipelined: 6)
Jan 22, 2026 16:56:34.543 [126194810223416] DEBUG - Request: [192.168.1.19:61803 (WAN)] GET /web/js/chunk-3159-336b9c2dc94f55fabd9a-plex-4.147.1-4ca0656.js (7 live) #3e GZIP
Jan 22, 2026 16:56:34.544 [126194810223416] DEBUG - [Req#3e] Final path: "/usr/lib/plexmediaserver/Resources/Plug-ins-f737b826c/WebClient.bundle/Contents/Resources/js/chunk-3159-336b9c2dc94f55fabd9a-plex-4.147.1-4ca0656.js"
Jan 22, 2026 16:56:34.544 [126194810223416] DEBUG - Content-Length of /usr/lib/plexmediaserver/Resources/Plug-ins-f737b826c/WebClient.bundle/Contents/Resources/js/chunk-3159-336b9c2dc94f55fabd9a-plex-4.147.1-4ca0656.js is 1570 (of total: 1570).
Jan 22, 2026 16:56:34.544 [126194821008184] DEBUG - Request: [192.168.1.19:61802 (WAN)] GET /web/chunk-3159-336b9c2dc94f55fabd9a-plex-4.147.1-4ca0656.css (7 live) #3d GZIP
Jan 22, 2026 16:56:34.544 [126194832735032] DEBUG - Completed: [192.168.1.19:61803] 200 GET /web/js/chunk-3159-336b9c2dc94f55fabd9a-plex-4.147.1-4ca0656.js (7 live) #3e GZIP 0ms 1570 bytes (pipelined: 7)
Jan 22, 2026 16:56:34.545 [126194821008184] DEBUG - [Req#3d] Final path: "/usr/lib/plexmediaserver/Resources/Plug-ins-f737b826c/WebClient.bundle/Contents/Resources/chunk-3159-336b9c2dc94f55fabd9a-plex-4.147.1-4ca0656.css"
Jan 22, 2026 16:56:34.545 [126194784676664] DEBUG - Request: [192.168.1.19:61804 (WAN)] GET /web/js/chunk-4861-182789aac86a49bd0392-plex-4.147.1-4ca0656.js (7 live) #3f GZIP
Jan 22, 2026 16:56:34.545 [126194821008184] DEBUG - Content-Length of /usr/lib/plexmediaserver/Resources/Plug-ins-f737b826c/WebClient.bundle/Contents/Resources/chunk-3159-336b9c2dc94f55fabd9a-plex-4.147.1-4ca0656.css is 11162 (of total: 11162).
Jan 22, 2026 16:56:34.545 [126194784676664] DEBUG - [Req#3f] Final path: "/usr/lib/plexmediaserver/Resources/Plug-ins-f737b826c/WebClient.bundle/Contents/Resources/js/chunk-4861-182789aac86a49bd0392-plex-4.147.1-4ca0656.js"
Jan 22, 2026 16:56:34.545 [126194784676664] DEBUG - Content-Length of /usr/lib/plexmediaserver/Resources/Plug-ins-f737b826c/WebClient.bundle/Contents/Resources/js/chunk-4861-182789aac86a49bd0392-plex-4.147.1-4ca0656.js is 22555 (of total: 22555).
Jan 22, 2026 16:56:34.546 [126194832735032] DEBUG - Completed: [192.168.1.19:61802] 200 GET /web/chunk-3159-336b9c2dc94f55fabd9a-plex-4.147.1-4ca0656.css (7 live) #3d GZIP 2ms 11162 bytes (pipelined: 6)
Jan 22, 2026 16:56:34.547 [126194832735032] DEBUG - Completed: [192.168.1.19:61804] 200 GET /web/js/chunk-4861-182789aac86a49bd0392-plex-4.147.1-4ca0656.js (7 live) #3f GZIP 2ms 22555 bytes (pipelined: 7)
Jan 22, 2026 16:56:34.550 [126194810223416] DEBUG - Request: [192.168.1.19:61800 (WAN)] GET /web/chunk-4304-de5ea3473148a5da5168-plex-4.147.1-4ca0656.css (7 live) #40 GZIP
Jan 22, 2026 16:56:34.550 [126194810223416] DEBUG - [Req#40] Final path: "/usr/lib/plexmediaserver/Resources/Plug-ins-f737b826c/WebClient.bundle/Contents/Resources/chunk-4304-de5ea3473148a5da5168-plex-4.147.1-4ca0656.css"
Jan 22, 2026 16:56:34.550 [126194821008184] DEBUG - Request: [192.168.1.19:61806 (WAN)] GET /web/js/chunk-4304-de5ea3473148a5da5168-plex-4.147.1-4ca0656.js (7 live) #3a GZIP
Jan 22, 2026 16:56:34.550 [126194810223416] DEBUG - Content-Length of /usr/lib/plexmediaserver/Resources/Plug-ins-f737b826c/WebClient.bundle/Contents/Resources/chunk-4304-de5ea3473148a5da5168-plex-4.147.1-4ca0656.css is 16316 (of total: 16316).
Jan 22, 2026 16:56:34.550 [126194821008184] DEBUG - [Req#3a] Final path: "/usr/lib/plexmediaserver/Resources/Plug-ins-f737b826c/WebClient.bundle/Contents/Resources/js/chunk-4304-de5ea3473148a5da5168-plex-4.147.1-4ca0656.js"
Jan 22, 2026 16:56:34.550 [126194832735032] DEBUG - Completed: [192.168.1.19:61800] 200 GET /web/chunk-4304-de5ea3473148a5da5168-plex-4.147.1-4ca0656.css (7 live) #40 GZIP 0ms 16316 bytes (pipelined: 7)
Jan 22, 2026 16:56:34.551 [126194821008184] DEBUG - Content-Length of /usr/lib/plexmediaserver/Resources/Plug-ins-f737b826c/WebClient.bundle/Contents/Resources/js/chunk-4304-de5ea3473148a5da5168-plex-4.147.1-4ca0656.js is 125536 (of total: 125536).
Jan 22, 2026 16:56:34.555 [126194784676664] DEBUG - Request: [192.168.1.19:61802 (WAN)] GET /web/chunk-9436-726445caab168a569a94-plex-4.147.1-4ca0656.css (7 live) #42 GZIP
Jan 22, 2026 16:56:34.555 [126194784676664] DEBUG - [Req#42] Final path: "/usr/lib/plexmediaserver/Resources/Plug-ins-f737b826c/WebClient.bundle/Contents/Resources/chunk-9436-726445caab168a569a94-plex-4.147.1-4ca0656.css"
Jan 22, 2026 16:56:34.556 [126194784676664] DEBUG - Content-Length of /usr/lib/plexmediaserver/Resources/Plug-ins-f737b826c/WebClient.bundle/Contents/Resources/chunk-9436-726445caab168a569a94-plex-4.147.1-4ca0656.css is 716 (of total: 716).
Jan 22, 2026 16:56:34.556 [126194784676664] DEBUG - Request: [192.168.1.19:61804 (WAN)] GET /web/chunk-5002-919cf8410919e3077b01-plex-4.147.1-4ca0656.css (7 live) #43 GZIP
Jan 22, 2026 16:56:34.556 [126194784676664] DEBUG - [Req#43] Final path: "/usr/lib/plexmediaserver/Resources/Plug-ins-f737b826c/WebClient.bundle/Contents/Resources/chunk-5002-919cf8410919e3077b01-plex-4.147.1-4ca0656.css"
Jan 22, 2026 16:56:34.556 [126194784676664] DEBUG - Content-Length of /usr/lib/plexmediaserver/Resources/Plug-ins-f737b826c/WebClient.bundle/Contents/Resources/chunk-5002-919cf8410919e3077b01-plex-4.147.1-4ca0656.css is 1679 (of total: 1679).
Jan 22, 2026 16:56:34.556 [126194784676664] DEBUG - Request: [192.168.1.19:61803 (WAN)] GET /web/js/chunk-9436-726445caab168a569a94-plex-4.147.1-4ca0656.js (7 live) #41 GZIP
Jan 22, 2026 16:56:34.556 [126194784676664] DEBUG - [Req#41] Final path: "/usr/lib/plexmediaserver/Resources/Plug-ins-f737b826c/WebClient.bundle/Contents/Resources/js/chunk-9436-726445caab168a569a94-plex-4.147.1-4ca0656.js"
Jan 22, 2026 16:56:34.556 [126194784676664] DEBUG - Content-Length of /usr/lib/plexmediaserver/Resources/Plug-ins-f737b826c/WebClient.bundle/Contents/Resources/js/chunk-9436-726445caab168a569a94-plex-4.147.1-4ca0656.js is 27174 (of total: 27174).
Jan 22, 2026 16:56:34.556 [126194832735032] DEBUG - Completed: [192.168.1.19:61802] 200 GET /web/chunk-9436-726445caab168a569a94-plex-4.147.1-4ca0656.css (7 live) #42 GZIP 1ms 716 bytes (pipelined: 7)
Jan 22, 2026 16:56:34.556 [126194834844472] DEBUG - Completed: [192.168.1.19:61804] 200 GET /web/chunk-5002-919cf8410919e3077b01-plex-4.147.1-4ca0656.css (7 live) #43 GZIP 1ms 1679 bytes (pipelined: 8)
Jan 22, 2026 16:56:34.557 [126194832735032] DEBUG - Completed: [192.168.1.19:61803] 200 GET /web/js/chunk-9436-726445caab168a569a94-plex-4.147.1-4ca0656.js (7 live) #41 GZIP 1ms 27174 bytes (pipelined: 8)
Jan 22, 2026 16:56:34.561 [126194834844472] DEBUG - Completed: [192.168.1.19:61806] 200 GET /web/js/chunk-4304-de5ea3473148a5da5168-plex-4.147.1-4ca0656.js (7 live) #3a GZIP 11ms 125536 bytes (pipelined: 4)
Jan 22, 2026 16:56:34.561 [126194810223416] DEBUG - Request: [192.168.1.19:61800 (WAN)] GET /web/js/chunk-5002-919cf8410919e3077b01-plex-4.147.1-4ca0656.js (7 live) #44 GZIP
Jan 22, 2026 16:56:34.562 [126194810223416] DEBUG - [Req#44] Final path: "/usr/lib/plexmediaserver/Resources/Plug-ins-f737b826c/WebClient.bundle/Contents/Resources/js/chunk-5002-919cf8410919e3077b01-plex-4.147.1-4ca0656.js"
Jan 22, 2026 16:56:34.562 [126194810223416] DEBUG - Content-Length of /usr/lib/plexmediaserver/Resources/Plug-ins-f737b826c/WebClient.bundle/Contents/Resources/js/chunk-5002-919cf8410919e3077b01-plex-4.147.1-4ca0656.js is 20887 (of total: 20887).
Jan 22, 2026 16:56:34.563 [126194832735032] DEBUG - Completed: [192.168.1.19:61800] 200 GET /web/js/chunk-5002-919cf8410919e3077b01-plex-4.147.1-4ca0656.js (7 live) #44 GZIP 1ms 20887 bytes (pipelined: 8)
Jan 22, 2026 16:56:34.564 [126194784676664] DEBUG - Request: [192.168.1.19:61805 (WAN)] GET /web/chunk-8303-1da9c250755609ec10cd-plex-4.147.1-4ca0656.css (7 live) #3c GZIP
Jan 22, 2026 16:56:34.564 [126194784676664] DEBUG - [Req#3c] Final path: "/usr/lib/plexmediaserver/Resources/Plug-ins-f737b826c/WebClient.bundle/Contents/Resources/chunk-8303-1da9c250755609ec10cd-plex-4.147.1-4ca0656.css"
Jan 22, 2026 16:56:34.564 [126194784676664] DEBUG - Content-Length of /usr/lib/plexmediaserver/Resources/Plug-ins-f737b826c/WebClient.bundle/Contents/Resources/chunk-8303-1da9c250755609ec10cd-plex-4.147.1-4ca0656.css is 939 (of total: 939).
Jan 22, 2026 16:56:34.564 [126194834844472] DEBUG - Completed: [192.168.1.19:61805] 200 GET /web/chunk-8303-1da9c250755609ec10cd-plex-4.147.1-4ca0656.css (7 live) #3c GZIP 2ms 939 bytes (pipelined: 4)
Jan 22, 2026 16:56:34.565 [126194821008184] DEBUG - Request: [192.168.1.19:61803 (WAN)] GET /web/js/chunk-9926-06d554c9b56b5225a81b-plex-4.147.1-4ca0656.js (7 live) #47 GZIP
Jan 22, 2026 16:56:34.565 [126194821008184] DEBUG - [Req#47] Final path: "/usr/lib/plexmediaserver/Resources/Plug-ins-f737b826c/WebClient.bundle/Contents/Resources/js/chunk-9926-06d554c9b56b5225a81b-plex-4.147.1-4ca0656.js"
Jan 22, 2026 16:56:34.565 [126194821008184] DEBUG - Content-Length of /usr/lib/plexmediaserver/Resources/Plug-ins-f737b826c/WebClient.bundle/Contents/Resources/js/chunk-9926-06d554c9b56b5225a81b-plex-4.147.1-4ca0656.js is 21204 (of total: 21204).
Jan 22, 2026 16:56:34.565 [126194784676664] DEBUG - Request: [192.168.1.19:61804 (WAN)] GET /web/js/chunk-8303-1da9c250755609ec10cd-plex-4.147.1-4ca0656.js (7 live) #46 GZIP
Jan 22, 2026 16:56:34.566 [126194784676664] DEBUG - [Req#46] Final path: "/usr/lib/plexmediaserver/Resources/Plug-ins-f737b826c/WebClient.bundle/Contents/Resources/js/chunk-8303-1da9c250755609ec10cd-plex-4.147.1-4ca0656.js"
Jan 22, 2026 16:56:34.566 [126194784676664] DEBUG - Content-Length of /usr/lib/plexmediaserver/Resources/Plug-ins-f737b826c/WebClient.bundle/Contents/Resources/js/chunk-8303-1da9c250755609ec10cd-plex-4.147.1-4ca0656.js is 4701 (of total: 4701).
Jan 22, 2026 16:56:34.566 [126194784676664] DEBUG - Request: [192.168.1.19:61802 (WAN)] GET /web/chunk-1439-85862a9b4f7de82f78d8-plex-4.147.1-4ca0656.css (7 live) #45 GZIP
Jan 22, 2026 16:56:34.566 [126194784676664] DEBUG - [Req#45] Final path: "/usr/lib/plexmediaserver/Resources/Plug-ins-f737b826c/WebClient.bundle/Contents/Resources/chunk-1439-85862a9b4f7de82f78d8-plex-4.147.1-4ca0656.css"
Jan 22, 2026 16:56:34.566 [126194784676664] DEBUG - Content-Length of /usr/lib/plexmediaserver/Resources/Plug-ins-f737b826c/WebClient.bundle/Contents/Resources/chunk-1439-85862a9b4f7de82f78d8-plex-4.147.1-4ca0656.css is 71308 (of total: 71308).
Jan 22, 2026 16:56:34.567 [126194834844472] DEBUG - Completed: [192.168.1.19:61804] 200 GET /web/js/chunk-8303-1da9c250755609ec10cd-plex-4.147.1-4ca0656.js (7 live) #46 GZIP 1ms 4701 bytes (pipelined: 9)
Jan 22, 2026 16:56:34.567 [126194834844472] DEBUG - Completed: [192.168.1.19:61802] 200 GET /web/chunk-1439-85862a9b4f7de82f78d8-plex-4.147.1-4ca0656.css (7 live) #45 GZIP 1ms 71308 bytes (pipelined: 8)
Jan 22, 2026 16:56:34.567 [126194834844472] DEBUG - Completed: [192.168.1.19:61803] 200 GET /web/js/chunk-9926-06d554c9b56b5225a81b-plex-4.147.1-4ca0656.js (7 live) #47 GZIP 2ms 21204 bytes (pipelined: 9)
Jan 22, 2026 16:56:34.575 [126194810223416] DEBUG - Request: [192.168.1.19:61803 (WAN)] GET /web/chunk-5786-726ac5f7cc543b31e7d5-plex-4.147.1-4ca0656.css (7 live) #4d GZIP
Jan 22, 2026 16:56:34.575 [126194810223416] DEBUG - [Req#4d] Final path: "/usr/lib/plexmediaserver/Resources/Plug-ins-f737b826c/WebClient.bundle/Contents/Resources/chunk-5786-726ac5f7cc543b31e7d5-plex-4.147.1-4ca0656.css"
Jan 22, 2026 16:56:34.575 [126194810223416] DEBUG - Content-Length of /usr/lib/plexmediaserver/Resources/Plug-ins-f737b826c/WebClient.bundle/Contents/Resources/chunk-5786-726ac5f7cc543b31e7d5-plex-4.147.1-4ca0656.css is 0 (of total: 0).
Jan 22, 2026 16:56:34.575 [126194810223416] DEBUG - Completed: [192.168.1.19:61803] 200 GET /web/chunk-5786-726ac5f7cc543b31e7d5-plex-4.147.1-4ca0656.css (7 live) #4d GZIP 0ms 0 bytes (pipelined: 10)
Jan 22, 2026 16:56:34.575 [126194810223416] DEBUG - Request: [192.168.1.19:61805 (WAN)] GET /media/providers (7 live) #4a GZIP
Jan 22, 2026 16:56:34.576 [126194821008184] DEBUG - Request: [192.168.1.19:61806 (WAN)] GET / (7 live) #48 GZIP
Jan 22, 2026 16:56:34.578 [126194793245496] DEBUG - Request: [192.168.1.19:61800 (WAN)] GET /web/js/chunk-5786-726ac5f7cc543b31e7d5-plex-4.147.1-4ca0656.js (7 live) #49 GZIP
Jan 22, 2026 16:56:34.578 [126194784676664] DEBUG - Request: [192.168.1.19:61804 (WAN)] GET /web/js/chunk-1439-85862a9b4f7de82f78d8-plex-4.147.1-4ca0656.js (7 live) #4b GZIP
Jan 22, 2026 16:56:34.579 [126194784676664] DEBUG - [Req#4b] Final path: "/usr/lib/plexmediaserver/Resources/Plug-ins-f737b826c/WebClient.bundle/Contents/Resources/js/chunk-1439-85862a9b4f7de82f78d8-plex-4.147.1-4ca0656.js"
Jan 22, 2026 16:56:34.579 [126194784676664] DEBUG - Content-Length of /usr/lib/plexmediaserver/Resources/Plug-ins-f737b826c/WebClient.bundle/Contents/Resources/js/chunk-1439-85862a9b4f7de82f78d8-plex-4.147.1-4ca0656.js is 710908 (of total: 710908).
Jan 22, 2026 16:56:34.579 [126194793245496] DEBUG - [Req#49] Final path: "/usr/lib/plexmediaserver/Resources/Plug-ins-f737b826c/WebClient.bundle/Contents/Resources/js/chunk-5786-726ac5f7cc543b31e7d5-plex-4.147.1-4ca0656.js"
Jan 22, 2026 16:56:34.579 [126194793245496] DEBUG - Content-Length of /usr/lib/plexmediaserver/Resources/Plug-ins-f737b826c/WebClient.bundle/Contents/Resources/js/chunk-5786-726ac5f7cc543b31e7d5-plex-4.147.1-4ca0656.js is 4609 (of total: 4609).
Jan 22, 2026 16:56:34.582 [126194832735032] DEBUG - Completed: [192.168.1.19:61800] 200 GET /web/js/chunk-5786-726ac5f7cc543b31e7d5-plex-4.147.1-4ca0656.js (7 live) #49 GZIP 5ms 4609 bytes (pipelined: 9)
Jan 22, 2026 16:56:34.582 [126194832735032] DEBUG - Completed: [192.168.1.19:61804] 200 GET /web/js/chunk-1439-85862a9b4f7de82f78d8-plex-4.147.1-4ca0656.js (7 live) #4b GZIP 8ms 710908 bytes (pipelined: 10)
Jan 22, 2026 16:56:34.597 [126194832735032] DEBUG - Completed: [192.168.1.19:61806] 406 GET / (7 live) #48 GZIP 22ms 390 bytes (pipelined: 5)
Jan 22, 2026 16:56:34.602 [126194832735032] DEBUG - Completed: [192.168.1.19:61805] 406 GET /media/providers (7 live) #4a GZIP 28ms 390 bytes (pipelined: 5)
Jan 22, 2026 16:56:34.616 [126194793245496] DEBUG - Request: [192.168.1.19:61805 (WAN)] GET /identity (7 live) #52 GZIP
Jan 22, 2026 16:56:34.616 [126194834844472] DEBUG - Completed: [192.168.1.19:61805] 200 GET /identity (7 live) #52 GZIP 0ms 487 bytes (pipelined: 6)
Jan 22, 2026 16:56:35.642 [126194784676664] DEBUG - Request: [192.168.1.19:61816 (WAN)] GET /media/providers (4 live) #5b GZIP Token ()
Jan 22, 2026 16:56:35.643 [126194834844472] DEBUG - Completed: [192.168.1.19:61816] 406 GET /media/providers (4 live) #5b GZIP 1ms 390 bytes (pipelined: 1)
Jan 22, 2026 16:56:35.690 [126194821008184] DEBUG - Request: [192.168.1.19:61816 (WAN)] GET /web/js/chunk-9769-b7e0256d97b09847c163-plex-4.147.1-4ca0656.js (4 live) #5d GZIP
Jan 22, 2026 16:56:35.691 [126194821008184] DEBUG - [Req#5d] Final path: "/usr/lib/plexmediaserver/Resources/Plug-ins-f737b826c/WebClient.bundle/Contents/Resources/js/chunk-9769-b7e0256d97b09847c163-plex-4.147.1-4ca0656.js"
Jan 22, 2026 16:56:35.691 [126194821008184] DEBUG - Content-Length of /usr/lib/plexmediaserver/Resources/Plug-ins-f737b826c/WebClient.bundle/Contents/Resources/js/chunk-9769-b7e0256d97b09847c163-plex-4.147.1-4ca0656.js is 45612 (of total: 45612).
Jan 22, 2026 16:56:35.692 [126194832735032] DEBUG - Completed: [192.168.1.19:61816] 200 GET /web/js/chunk-9769-b7e0256d97b09847c163-plex-4.147.1-4ca0656.js (4 live) #5d GZIP 1ms 45612 bytes (pipelined: 2)
Jan 22, 2026 16:56:35.699 [126194810223416] DEBUG - Request: [192.168.1.19:61818 (WAN)] GET /web/chunk-3126-92247d220836cc51bcab-plex-4.147.1-4ca0656.css (5 live) #5c GZIP
Jan 22, 2026 16:56:35.700 [126194793245496] DEBUG - Request: [192.168.1.19:61819 (WAN)] GET /web/chunk-2622-2cc9649a4c62b3431337-plex-4.147.1-4ca0656.css (6 live) #5f GZIP
Jan 22, 2026 16:56:35.700 [126194810223416] DEBUG - [Req#5c] Final path: "/usr/lib/plexmediaserver/Resources/Plug-ins-f737b826c/WebClient.bundle/Contents/Resources/chunk-3126-92247d220836cc51bcab-plex-4.147.1-4ca0656.css"
Jan 22, 2026 16:56:35.701 [126194810223416] DEBUG - Content-Length of /usr/lib/plexmediaserver/Resources/Plug-ins-f737b826c/WebClient.bundle/Contents/Resources/chunk-3126-92247d220836cc51bcab-plex-4.147.1-4ca0656.css is 17711 (of total: 17711).
Jan 22, 2026 16:56:35.701 [126194784676664] DEBUG - Request: [192.168.1.19:61820 (WAN)] GET /web/js/chunk-2825-6db049cd5a1feb0cd7d9-plex-4.147.1-4ca0656.js (9 live) #60 GZIP
Jan 22, 2026 16:56:35.702 [126194821008184] DEBUG - Request: [192.168.1.19:61821 (WAN)] GET /web/js/chunk-3126-92247d220836cc51bcab-plex-4.147.1-4ca0656.js (9 live) #61 GZIP
Jan 22, 2026 16:56:35.702 [126194834844472] DEBUG - Completed: [192.168.1.19:61818] 200 GET /web/chunk-3126-92247d220836cc51bcab-plex-4.147.1-4ca0656.css (9 live) #5c GZIP 2ms 17711 bytes (pipelined: 1)
Jan 22, 2026 16:56:35.702 [126194784676664] DEBUG - [Req#60] Final path: "/usr/lib/plexmediaserver/Resources/Plug-ins-f737b826c/WebClient.bundle/Contents/Resources/js/chunk-2825-6db049cd5a1feb0cd7d9-plex-4.147.1-4ca0656.js"
Jan 22, 2026 16:56:35.702 [126194784676664] DEBUG - Content-Length of /usr/lib/plexmediaserver/Resources/Plug-ins-f737b826c/WebClient.bundle/Contents/Resources/js/chunk-2825-6db049cd5a1feb0cd7d9-plex-4.147.1-4ca0656.js is 22744 (of total: 22744).
Jan 22, 2026 16:56:35.702 [126194793245496] DEBUG - [Req#5f] Final path: "/usr/lib/plexmediaserver/Resources/Plug-ins-f737b826c/WebClient.bundle/Contents/Resources/chunk-2622-2cc9649a4c62b3431337-plex-4.147.1-4ca0656.css"
Jan 22, 2026 16:56:35.703 [126194793245496] DEBUG - Content-Length of /usr/lib/plexmediaserver/Resources/Plug-ins-f737b826c/WebClient.bundle/Contents/Resources/chunk-2622-2cc9649a4c62b3431337-plex-4.147.1-4ca0656.css is 3317 (of total: 3317).
Jan 22, 2026 16:56:35.703 [126194832735032] DEBUG - Completed: [192.168.1.19:61820] 200 GET /web/js/chunk-2825-6db049cd5a1feb0cd7d9-plex-4.147.1-4ca0656.js (9 live) #60 GZIP 2ms 22744 bytes (pipelined: 1)
Jan 22, 2026 16:56:35.703 [126194832735032] DEBUG - Completed: [192.168.1.19:61819] 200 GET /web/chunk-2622-2cc9649a4c62b3431337-plex-4.147.1-4ca0656.css (9 live) #5f GZIP 3ms 3317 bytes (pipelined: 1)
Jan 22, 2026 16:56:35.703 [126194810223416] DEBUG - Request: [192.168.1.19:61822 (WAN)] GET /web/js/chunk-2622-2cc9649a4c62b3431337-plex-4.147.1-4ca0656.js (9 live) #62 GZIP
Jan 22, 2026 16:56:35.704 [126194821008184] DEBUG - [Req#61] Final path: "/usr/lib/plexmediaserver/Resources/Plug-ins-f737b826c/WebClient.bundle/Contents/Resources/js/chunk-3126-92247d220836cc51bcab-plex-4.147.1-4ca0656.js"
Jan 22, 2026 16:56:35.704 [126194821008184] DEBUG - Content-Length of /usr/lib/plexmediaserver/Resources/Plug-ins-f737b826c/WebClient.bundle/Contents/Resources/js/chunk-3126-92247d220836cc51bcab-plex-4.147.1-4ca0656.js is 84147 (of total: 84147).
Jan 22, 2026 16:56:35.704 [126194810223416] DEBUG - [Req#62] Final path: "/usr/lib/plexmediaserver/Resources/Plug-ins-f737b826c/WebClient.bundle/Contents/Resources/js/chunk-2622-2cc9649a4c62b3431337-plex-4.147.1-4ca0656.js"
Jan 22, 2026 16:56:35.704 [126194810223416] DEBUG - Content-Length of /usr/lib/plexmediaserver/Resources/Plug-ins-f737b826c/WebClient.bundle/Contents/Resources/js/chunk-2622-2cc9649a4c62b3431337-plex-4.147.1-4ca0656.js is 36351 (of total: 36351).
Jan 22, 2026 16:56:35.704 [126194832735032] DEBUG - Completed: [192.168.1.19:61822] 200 GET /web/js/chunk-2622-2cc9649a4c62b3431337-plex-4.147.1-4ca0656.js (9 live) #62 GZIP 1ms 36351 bytes (pipelined: 1)
Jan 22, 2026 16:56:35.704 [126194834844472] DEBUG - Completed: [192.168.1.19:61821] 200 GET /web/js/chunk-3126-92247d220836cc51bcab-plex-4.147.1-4ca0656.js (9 live) #61 GZIP 3ms 84147 bytes (pipelined: 1)
Jan 22, 2026 16:56:45.724 [126194810223416] DEBUG - Request: [192.168.1.19:61836 (WAN)] GET /web/static/e08a95a990fd1490487f.woff2 (4 live) #63 GZIP
Jan 22, 2026 16:56:45.724 [126194810223416] DEBUG - [Req#63] Final path: "/usr/lib/plexmediaserver/Resources/Plug-ins-f737b826c/WebClient.bundle/Contents/Resources/static/e08a95a990fd1490487f.woff2"
Jan 22, 2026 16:56:45.725 [126194810223416] DEBUG - Content-Length of /usr/lib/plexmediaserver/Resources/Plug-ins-f737b826c/WebClient.bundle/Contents/Resources/static/e08a95a990fd1490487f.woff2 is 48344 (of total: 48344).
Jan 22, 2026 16:56:45.725 [126194834844472] DEBUG - Completed: [192.168.1.19:61836] 200 GET /web/static/e08a95a990fd1490487f.woff2 (4 live) #63 GZIP 1ms 48344 bytes (pipelined: 1)
Jan 22, 2026 16:56:51.600 [126194810223416] DEBUG - Request: [192.168.1.19:61842 (WAN)] GET /web/js/chunk-7174-974c039e17d35c1edb7f-plex-4.147.1-4ca0656.js (4 live) #6f GZIP
Jan 22, 2026 16:56:51.601 [126194810223416] DEBUG - [Req#6f] Final path: "/usr/lib/plexmediaserver/Resources/Plug-ins-f737b826c/WebClient.bundle/Contents/Resources/js/chunk-7174-974c039e17d35c1edb7f-plex-4.147.1-4ca0656.js"
Jan 22, 2026 16:56:51.602 [126194810223416] DEBUG - Content-Length of /usr/lib/plexmediaserver/Resources/Plug-ins-f737b826c/WebClient.bundle/Contents/Resources/js/chunk-7174-974c039e17d35c1edb7f-plex-4.147.1-4ca0656.js is 2165 (of total: 2165).
Jan 22, 2026 16:56:51.603 [126194832735032] DEBUG - Completed: [192.168.1.19:61842] 200 GET /web/js/chunk-7174-974c039e17d35c1edb7f-plex-4.147.1-4ca0656.js (4 live) #6f GZIP 2ms 2165 bytes (pipelined: 1)
Jan 22, 2026 16:56:57.163 [126194810223416] DEBUG - Request: [192.168.1.19:61848 (WAN)] GET /web/chunk-1439-85862a9b4f7de82f78d8-plex-4.147.1-4ca0656.css (5 live) #72 GZIP
Jan 22, 2026 16:56:57.164 [126194821008184] DEBUG - Request: [192.168.1.19:61849 (WAN)] GET /web/js/chunk-3582-82a1e3f87e8650d19943-plex-4.147.1-4ca0656.js (5 live) #77 GZIP
Jan 22, 2026 16:56:57.164 [126194810223416] DEBUG - [Req#72] Final path: "/usr/lib/plexmediaserver/Resources/Plug-ins-f737b826c/WebClient.bundle/Contents/Resources/chunk-1439-85862a9b4f7de82f78d8-plex-4.147.1-4ca0656.css"
Jan 22, 2026 16:56:57.164 [126194810223416] DEBUG - Content-Length of /usr/lib/plexmediaserver/Resources/Plug-ins-f737b826c/WebClient.bundle/Contents/Resources/chunk-1439-85862a9b4f7de82f78d8-plex-4.147.1-4ca0656.css is 71308 (of total: 71308).
Jan 22, 2026 16:56:57.164 [126194821008184] DEBUG - [Req#77] Final path: "/usr/lib/plexmediaserver/Resources/Plug-ins-f737b826c/WebClient.bundle/Contents/Resources/js/chunk-3582-82a1e3f87e8650d19943-plex-4.147.1-4ca0656.js"
Jan 22, 2026 16:56:57.164 [126194805910328] DEBUG - Request: [192.168.1.19:61850 (WAN)] GET /web/js/chunk-9926-06d554c9b56b5225a81b-plex-4.147.1-4ca0656.js (5 live) #78 GZIP
Jan 22, 2026 16:56:57.164 [126194801691448] DEBUG - Request: [192.168.1.19:61851 (WAN)] GET /web/js/chunk-1439-85862a9b4f7de82f78d8-plex-4.147.1-4ca0656.js (5 live) #79 GZIP
Jan 22, 2026 16:56:57.165 [126194801691448] DEBUG - [Req#79] Final path: "/usr/lib/plexmediaserver/Resources/Plug-ins-f737b826c/WebClient.bundle/Contents/Resources/js/chunk-1439-85862a9b4f7de82f78d8-plex-4.147.1-4ca0656.js"
Jan 22, 2026 16:56:57.165 [126194805910328] DEBUG - [Req#78] Final path: "/usr/lib/plexmediaserver/Resources/Plug-ins-f737b826c/WebClient.bundle/Contents/Resources/js/chunk-9926-06d554c9b56b5225a81b-plex-4.147.1-4ca0656.js"
Jan 22, 2026 16:56:57.165 [126194821008184] DEBUG - Content-Length of /usr/lib/plexmediaserver/Resources/Plug-ins-f737b826c/WebClient.bundle/Contents/Resources/js/chunk-3582-82a1e3f87e8650d19943-plex-4.147.1-4ca0656.js is 101214 (of total: 101214).
Jan 22, 2026 16:56:57.165 [126194801691448] DEBUG - Content-Length of /usr/lib/plexmediaserver/Resources/Plug-ins-f737b826c/WebClient.bundle/Contents/Resources/js/chunk-1439-85862a9b4f7de82f78d8-plex-4.147.1-4ca0656.js is 710908 (of total: 710908).
Jan 22, 2026 16:56:57.165 [126194805910328] DEBUG - Content-Length of /usr/lib/plexmediaserver/Resources/Plug-ins-f737b826c/WebClient.bundle/Contents/Resources/js/chunk-9926-06d554c9b56b5225a81b-plex-4.147.1-4ca0656.js is 21204 (of total: 21204).
Jan 22, 2026 16:56:57.165 [126194834844472] DEBUG - Completed: [192.168.1.19:61848] 200 GET /web/chunk-1439-85862a9b4f7de82f78d8-plex-4.147.1-4ca0656.css (5 live) #72 GZIP 1ms 71308 bytes (pipelined: 1)
Jan 22, 2026 16:56:57.166 [126194832735032] DEBUG - Completed: [192.168.1.19:61849] 200 GET /web/js/chunk-3582-82a1e3f87e8650d19943-plex-4.147.1-4ca0656.js (5 live) #77 GZIP 2ms 101214 bytes (pipelined: 1)
Jan 22, 2026 16:56:57.166 [126194832735032] DEBUG - Completed: [192.168.1.19:61850] 200 GET /web/js/chunk-9926-06d554c9b56b5225a81b-plex-4.147.1-4ca0656.js (5 live) #78 GZIP 2ms 21204 bytes (pipelined: 1)
Jan 22, 2026 16:56:57.196 [126194834844472] DEBUG - Completed: [192.168.1.19:61851] 200 GET /web/js/chunk-1439-85862a9b4f7de82f78d8-plex-4.147.1-4ca0656.js (5 live) #79 GZIP 32ms 710908 bytes (pipelined: 1)
Jan 22, 2026 16:57:55.158 [126194821008184] DEBUG - BPQ: [Starting] -> [Processing]
Jan 22, 2026 16:57:55.160 [126194821008184] DEBUG - BPQ: generating queue items from 0 generator(s)
Jan 22, 2026 16:57:55.160 [126194821008184] DEBUG - BPQ: generated 0 item(s) for queue
Jan 22, 2026 16:57:55.160 [126194821008184] DEBUG - BPQ: [Processing] -> [Idle]
Jan 22, 2026 16:57:57.100 [126194801691448] DEBUG - Request: [127.0.0.1:51468 (Loopback)] GET /servers (2 live) #7a GZIP Token ()
Jan 22, 2026 16:57:57.101 [126194832735032] DEBUG - Completed: [127.0.0.1:51468] 200 GET /servers (2 live) #7a GZIP 1ms 491 bytes
Jan 22, 2026 16:57:57.108 [126194801691448] DEBUG - Request: [127.0.0.1:51476 (Loopback)] GET / (2 live) #83 GZIP Token ()
Jan 22, 2026 16:57:57.110 [126194832735032] DEBUG - Completed: [127.0.0.1:51476] 200 GET / (2 live) #83 GZIP 2ms 2584 bytes
Jan 22, 2026 16:57:57.118 [126194801691448] DEBUG - Request: [127.0.0.1:51484 (Loopback)] GET /library/sections (2 live) #85 GZIP Token ()
Jan 22, 2026 16:57:57.122 [126194832735032] DEBUG - Completed: [127.0.0.1:51484] 200 GET /library/sections (2 live) #85 GZIP 4ms 403 bytes
Jan 22, 2026 16:57:57.127 [126194801691448] DEBUG - Request: [127.0.0.1:51488 (Loopback)] GET /channels/all (2 live) #87 GZIP Token ()
Jan 22, 2026 16:57:57.128 [126194832735032] DEBUG - Completed: [127.0.0.1:51488] 200 GET /channels/all (2 live) #87 GZIP 1ms 387 bytes
Jan 22, 2026 16:57:57.134 [126194801691448] DEBUG - Request: [127.0.0.1:51496 (Loopback)] GET /library/sections (2 live) #89 GZIP Token ()
Jan 22, 2026 16:57:57.135 [126194834844472] DEBUG - Completed: [127.0.0.1:51496] 200 GET /library/sections (2 live) #89 GZIP 0ms 403 bytes
Jan 22, 2026 16:57:57.137 [126194801691448] DEBUG - Request: [127.0.0.1:51508 (Loopback)] GET /channels/all (2 live) #8b GZIP Token ()
Jan 22, 2026 16:57:57.138 [126194834844472] DEBUG - Completed: [127.0.0.1:51508] 200 GET /channels/all (2 live) #8b GZIP 0ms 387 bytes
Jan 22, 2026 17:00:25.328 [126194795363128] DEBUG - Statistics: Flushing 2 expired bandwidth entries, 0 expired media entries.
Jan 22, 2026 17:00:57.736 [126194803800888] DEBUG - [HCl#15] HTTP requesting GET https://plex.tv/api/v2/features?X-Plex-Token=
Jan 22, 2026 17:00:58.931 [126194818661176] DEBUG - [HttpClient/HCl#15] HTTP/1.1 (1.2s) 200 response from GET https://plex.tv/api/v2/features?X-Plex-Token=
Jan 22, 2026 17:00:58.932 [126194803800888] DEBUG - [HCl#16] HTTP requesting GET https://plex.tv/api/v2/server/users/features
Jan 22, 2026 17:00:59.651 [126194818661176] DEBUG - [HttpClient/HCl#16] HTTP/1.1 (0.7s) 401 response from GET https://plex.tv/api/v2/server/users/features (reused)
Jan 22, 2026 17:00:59.651 [126194821008184] ERROR - MyPlex: Error 401 requesting JSON from: https://plex.tv/api/v2/server/users/features
Jan 22, 2026 17:00:59.651 [126194803800888] WARN - FeatureManager: Couldn't get features. Trying again soon.
Jan 22, 2026 17:01:38.216 [126194845043512] DEBUG - Shutting down with signal 15 (Terminated)
Jan 22, 2026 17:01:38.216 [126194845043512] DEBUG - Ordered to stop server.
Jan 22, 2026 17:01:38.217 [126194849786512] DEBUG - Stopping server...
Jan 22, 2026 17:01:38.217 [126194849786512] DEBUG - HttpServer: Stopping server.
Jan 22, 2026 17:01:38.218 [126194788985656] DEBUG - TranscodeJobManager: [Running] onServerShutdown
Jan 22, 2026 17:01:38.218 [126194788985656] DEBUG - TranscodeJobManager: [Running] -> [Shutdown]
Jan 22, 2026 17:01:38.218 [126194832735032] DEBUG - MetadataItemClusterRequestHandler: a shutdown event has been received
Jan 22, 2026 17:01:38.218 [126194849786512] DEBUG - Server stopped.
Jan 22, 2026 17:01:38.218 [126194849786512] DEBUG - NetworkService: Stopping advertisement.
Jan 22, 2026 17:01:38.218 [126194849786512] DEBUG - Killing plug-ins.
Jan 22, 2026 17:01:38.248 [126194849786512] DEBUG - [com.plexapp.agents.imdb] Killing.
Jan 22, 2026 17:01:38.257 [126194849786512] DEBUG - [com.plexapp.system] Killing.
Jan 22, 2026 17:01:38.259 [126194845043512] WARN - JobManager: Could not find job for handle 305
Jan 22, 2026 17:01:38.269 [126194845043512] WARN - JobManager: Could not find job for handle 202
Jan 22, 2026 17:01:38.272 [126194849786512] DEBUG - ChildProcessMonitor: Waiting for Plex Tuner Service to exit.
Jan 22, 2026 17:01:38.272 [126194849786512] DEBUG - [JobRunner] Signalling job ID 264 with 2
Jan 22, 2026 17:01:38.315 [126194845043512] DEBUG - Jobs: '/usr/lib/plexmediaserver/Plex Tuner Service' exit code for process 264 is 0 (success)
Jan 22, 2026 17:01:38.316 [126194808019768] DEBUG - [ChildProcessMonitor] Plex Tuner Service exited.
Jan 22, 2026 17:01:38.317 [126194849786512] DEBUG - Database: Shutting down.
Jan 22, 2026 17:01:38.331 [126194849786512] DEBUG - Database: Shutting down.
