Jan 28, 2026 00:12:24.465 [132328544852736] INFO - Plex Media Scanner v1.42.2.10156-f737b826c - Docker Docker Container (LinuxServer.io) x86_64 - build: linux-x86_64 - GMT 00:00
Jan 28, 2026 00:12:24.465 [132328544852736] INFO - Linux version: 6.8.0-90-generic, language: en-US
Jan 28, 2026 00:12:24.466 [132328544852736] INFO - Processor: 4-core Intel(R) Core(TM) i7-5500U CPU @ 2.40GHz
Jan 28, 2026 00:12:24.466 [132328544852736] INFO - /usr/lib/plexmediaserver/Plex Media Scanner --analyze --log-file-suffix  Analysis --no-thumbs --item 136,141,126,134
Jan 28, 2026 00:12:24.466 [132328545361664] DEBUG - Opening 20 database sessions to library (com.plexapp.plugins.library), SQLite 3.39.4, threadsafe=1
Jan 28, 2026 00:12:24.561 [132328545361664] DEBUG - Analyzing media parts for item 136 (A Soldier's Heart): 199,205
Jan 28, 2026 00:12:24.561 [132328545361664] DEBUG - [ID 199] Media part analysis: /tv/Outlander Blood of My Blood (2025)/Season 1/Outlander Blood of My Blood - S01E04 - A Soldier's Heart - HDTV-1080p.mkv
Jan 28, 2026 00:12:24.561 [132328545361664] DEBUG - [MI] Opening input file: "/tv/Outlander Blood of My Blood (2025)/Season 1/Outlander Blood of My Blood - S01E04 - A Soldier's Heart - HDTV-1080p.mkv"
Jan 28, 2026 00:12:24.564 [132328545361664] DEBUG - [FFMPEG] - Opening '/tv/Outlander Blood of My Blood (2025)/Season 1/Outlander Blood of My Blood - S01E04 - A Soldier's Heart - HDTV-1080p.mkv' for reading
Jan 28, 2026 00:12:24.565 [132328545361664] DEBUG - [FFMPEG] - Setting default whitelist 'file,crypto,data'
Jan 28, 2026 00:12:24.567 [132328545361664] ERROR - Exception analyzing media file '/tv/Outlander Blood of My Blood (2025)/Season 1/Outlander Blood of My Blood - S01E04 - A Soldier's Heart - HDTV-1080p.mkv' (Could not parse /tv/Outlander Blood of My Blood (2025)/Season 1/Outlander Blood of My Blood - S01E04 - A Soldier's Heart - HDTV-1080p.mkv (error=-2): No such file or directory)
Jan 28, 2026 00:12:24.567 [132328545361664] ERROR - Failed to successfully analyze part 199.
Jan 28, 2026 00:12:24.568 [132328545361664] DEBUG - [ID 205] Media part analysis: /tv/Outlander Blood of My Blood (2025)/Season 1/Outlander Blood of My Blood - S01E04 - A Soldier's Heart - WEBRip-1080p.mkv
Jan 28, 2026 00:12:24.569 [132328545361664] DEBUG - [MI] Opening input file: "/tv/Outlander Blood of My Blood (2025)/Season 1/Outlander Blood of My Blood - S01E04 - A Soldier's Heart - WEBRip-1080p.mkv"
Jan 28, 2026 00:12:24.569 [132328545361664] DEBUG - [FFMPEG] - Opening '/tv/Outlander Blood of My Blood (2025)/Season 1/Outlander Blood of My Blood - S01E04 - A Soldier's Heart - WEBRip-1080p.mkv' for reading
Jan 28, 2026 00:12:24.569 [132328545361664] DEBUG - [FFMPEG] - Setting default whitelist 'file,crypto,data'
Jan 28, 2026 00:12:24.575 [132328545361664] DEBUG - [FFMPEG] - Format matroska,webm probed with size=2048 and score=100
Jan 28, 2026 00:12:24.575 [132328545361664] DEBUG - [FFMPEG] - Unknown entry 0x22B59D at pos. 4542
Jan 28, 2026 00:12:24.575 [132328545361664] DEBUG - [FFMPEG] - Unknown entry 0x22B59D at pos. 4615
Jan 28, 2026 00:12:24.575 [132328545361664] DEBUG - [FFMPEG] - Unknown entry 0x22B59D at pos. 4674
Jan 28, 2026 00:12:24.575 [132328545361664] DEBUG - [FFMPEG] - Unknown entry 0x22B59D at pos. 4745
Jan 28, 2026 00:12:24.577 [132328545361664] DEBUG - [FFMPEG] - st:0 removing common factor 1000000 from timebase
Jan 28, 2026 00:12:24.577 [132328545361664] DEBUG - [FFMPEG] - st:1 removing common factor 1000000 from timebase
Jan 28, 2026 00:12:24.577 [132328545361664] DEBUG - [FFMPEG] - st:2 removing common factor 1000000 from timebase
Jan 28, 2026 00:12:24.577 [132328545361664] DEBUG - [FFMPEG] - st:3 removing common factor 1000000 from timebase
Jan 28, 2026 00:12:24.577 [132328545361664] DEBUG - [FFMPEG] - Before avformat_find_stream_info() pos: 5960 bytes read:34060 seeks:2 nb_streams:4
Jan 28, 2026 00:12:24.580 [132328545361664] DEBUG - [FFMPEG] - nal_unit_type: 32(VPS), nuh_layer_id: 0, temporal_id: 0
Jan 28, 2026 00:12:24.580 [132328545361664] DEBUG - [FFMPEG] - Decoding VPS
Jan 28, 2026 00:12:24.580 [132328545361664] DEBUG - [FFMPEG] - Main 10 profile bitstream
Jan 28, 2026 00:12:24.580 [132328545361664] DEBUG - [FFMPEG] - nal_unit_type: 33(SPS), nuh_layer_id: 0, temporal_id: 0
Jan 28, 2026 00:12:24.580 [132328545361664] DEBUG - [FFMPEG] - Decoding SPS
Jan 28, 2026 00:12:24.580 [132328545361664] DEBUG - [FFMPEG] - Main 10 profile bitstream
Jan 28, 2026 00:12:24.580 [132328545361664] DEBUG - [FFMPEG] - Decoding VUI
Jan 28, 2026 00:12:24.580 [132328545361664] DEBUG - [FFMPEG] - nal_unit_type: 34(PPS), nuh_layer_id: 0, temporal_id: 0
Jan 28, 2026 00:12:24.580 [132328545361664] DEBUG - [FFMPEG] - Decoding PPS
Jan 28, 2026 00:12:24.581 [132328545361664] DEBUG - [FFMPEG] - All info found
Jan 28, 2026 00:12:24.582 [132328545361664] DEBUG - [FFMPEG] - After avformat_find_stream_info() pos: 18218 bytes read:66828 seeks:2 frames:11
Jan 28, 2026 00:12:24.596 [132328545361664] DEBUG - [MI]  * 8a05dd7978177b7a32751a26b89f4222c03cc5d3 [mkv hevc/aac] Duration: 3646351ms, 1920x960 (2.000000) 23.976fps, bitrate=1947kbps, audio channels=6, optimizedForStreaming=0 ("/tv/Outlander Blood of My Blood (2025)/Season 1/Outlander Blood of My Blood - S01E04 - A Soldier's Heart - WEBRip-1080p.mkv")
Jan 28, 2026 00:12:24.596 [132328545361664] DEBUG - [MI] Chapters had generic titles, clearing.
Jan 28, 2026 00:12:24.597 [132328545361664] DEBUG - [MI] Closing input file: "/tv/Outlander Blood of My Blood (2025)/Season 1/Outlander Blood of My Blood - S01E04 - A Soldier's Heart - WEBRip-1080p.mkv"
Jan 28, 2026 00:12:24.598 [132328545361664] DEBUG - Committing media stream changes for part 205
Jan 28, 2026 00:12:24.599 [132328545361664] DEBUG - Updating media item 205, size=887876998, metadata_item_id=136
Jan 28, 2026 00:12:24.599 [132328545361664] DEBUG - Updating part with ID=205 [/tv/Outlander Blood of My Blood (2025)/Season 1/Outlander Blood of My Blood - S01E04 - A Soldier's Heart - WEBRip-1080p.mkv]
Jan 28, 2026 00:12:24.600 [132328526859008] DEBUG - [HCl#1] HTTP requesting GET http://127.0.0.1:32400/:/metadata/notify/changeItemState?librarySectionID=2&metadataItemID=136&metadataType=4&state=-1&parentID=-1&rootID=-1&mediaState=analyzing
Jan 28, 2026 00:12:24.601 [132328526711552] DEBUG - [HttpClient/HCl#1] HTTP/1.1 (0.0s) 200 response from GET http://127.0.0.1:32400/:/metadata/notify/changeItemState?librarySectionID=2&metadataItemID=136&metadataType=4&state=-1&parentID=-1&rootID=-1&mediaState=analyzing
Jan 28, 2026 00:12:24.601 [132328526859008] DEBUG - [HCl#2] HTTP requesting GET http://127.0.0.1:32400/:/metadata/notify/changeItemState?librarySectionID=2&metadataItemID=136&metadataType=4&state=-1&parentID=-1&rootID=-1&mediaState=idle
Jan 28, 2026 00:12:24.602 [132328526711552] DEBUG - [HttpClient/HCl#2] HTTP/1.1 (0.0s) 200 response from GET http://127.0.0.1:32400/:/metadata/notify/changeItemState?librarySectionID=2&metadataItemID=136&metadataType=4&state=-1&parentID=-1&rootID=-1&mediaState=idle (reused)
Jan 28, 2026 00:12:24.603 [132328545361664] DEBUG - Downloading document http://127.0.0.1:32400/library/changestamp
Jan 28, 2026 00:12:24.603 [132328545361664] DEBUG - [HCl#3] HTTP requesting GET http://127.0.0.1:32400/library/changestamp
Jan 28, 2026 00:12:24.604 [132328526711552] DEBUG - [HttpClient/HCl#3] HTTP/1.1 (0.0s) 200 response from GET http://127.0.0.1:32400/library/changestamp (reused)
Jan 28, 2026 00:12:24.604 [132328545361664] DEBUG - Updating metadata item (save) (A Soldier's Heart) with ID 136
Jan 28, 2026 00:12:24.605 [132328526859008] DEBUG - [HCl#4] HTTP requesting GET http://127.0.0.1:32400/:/metadata/flushMetadataCounterCache?metadataItemID=122
Jan 28, 2026 00:12:24.605 [132328526711552] DEBUG - [HttpClient/HCl#4] HTTP/1.1 (0.0s) 200 response from GET http://127.0.0.1:32400/:/metadata/flushMetadataCounterCache?metadataItemID=122 (reused)
Jan 28, 2026 00:12:24.608 [132328545361664] DEBUG - Analyzing media parts for item 141 (Needfire): 204,206
Jan 28, 2026 00:12:24.608 [132328545361664] DEBUG - [ID 204] Media part analysis: /tv/Outlander Blood of My Blood (2025)/Season 1/Outlander Blood of My Blood - S01E05 - Needfire - WEBRip-1080p.mkv
Jan 28, 2026 00:12:24.609 [132328545361664] DEBUG - [MI] Opening input file: "/tv/Outlander Blood of My Blood (2025)/Season 1/Outlander Blood of My Blood - S01E05 - Needfire - WEBRip-1080p.mkv"
Jan 28, 2026 00:12:24.609 [132328545361664] DEBUG - [FFMPEG] - Opening '/tv/Outlander Blood of My Blood (2025)/Season 1/Outlander Blood of My Blood - S01E05 - Needfire - WEBRip-1080p.mkv' for reading
Jan 28, 2026 00:12:24.609 [132328545361664] DEBUG - [FFMPEG] - Setting default whitelist 'file,crypto,data'
Jan 28, 2026 00:12:24.609 [132328545361664] ERROR - Exception analyzing media file '/tv/Outlander Blood of My Blood (2025)/Season 1/Outlander Blood of My Blood - S01E05 - Needfire - WEBRip-1080p.mkv' (Could not parse /tv/Outlander Blood of My Blood (2025)/Season 1/Outlander Blood of My Blood - S01E05 - Needfire - WEBRip-1080p.mkv (error=-2): No such file or directory)
Jan 28, 2026 00:12:24.609 [132328545361664] ERROR - Failed to successfully analyze part 204.
Jan 28, 2026 00:12:24.609 [132328545361664] DEBUG - [ID 206] Media part analysis: /tv/Outlander Blood of My Blood (2025)/Season 1/Outlander Blood of My Blood - S01E05 - Needfire - WEBDL-2160p.mkv
Jan 28, 2026 00:12:24.609 [132328545361664] DEBUG - [MI] Opening input file: "/tv/Outlander Blood of My Blood (2025)/Season 1/Outlander Blood of My Blood - S01E05 - Needfire - WEBDL-2160p.mkv"
Jan 28, 2026 00:12:24.609 [132328545361664] DEBUG - [FFMPEG] - Opening '/tv/Outlander Blood of My Blood (2025)/Season 1/Outlander Blood of My Blood - S01E05 - Needfire - WEBDL-2160p.mkv' for reading
Jan 28, 2026 00:12:24.609 [132328545361664] DEBUG - [FFMPEG] - Setting default whitelist 'file,crypto,data'
Jan 28, 2026 00:12:24.610 [132328545361664] DEBUG - [FFMPEG] - Format matroska,webm probed with size=2048 and score=100
Jan 28, 2026 00:12:24.610 [132328545361664] DEBUG - [FFMPEG] - Unknown entry 0x22B59D at pos. 4447
Jan 28, 2026 00:12:24.610 [132328545361664] DEBUG - [FFMPEG] - Unknown entry 0x22B59D at pos. 4540
Jan 28, 2026 00:12:24.610 [132328545361664] DEBUG - [FFMPEG] - Unknown entry 0x22B59D at pos. 4588
Jan 28, 2026 00:12:24.610 [132328545361664] DEBUG - [FFMPEG] - Unknown entry 0x22B59D at pos. 4635
Jan 28, 2026 00:12:24.610 [132328545361664] DEBUG - [FFMPEG] - Unknown entry 0x22B59D at pos. 4679
Jan 28, 2026 00:12:24.610 [132328545361664] DEBUG - [FFMPEG] - Unknown entry 0x22B59D at pos. 4723
Jan 28, 2026 00:12:24.610 [132328545361664] DEBUG - [FFMPEG] - Unknown entry 0x22B59D at pos. 4770
Jan 28, 2026 00:12:24.610 [132328545361664] DEBUG - [FFMPEG] - Unknown entry 0x22B59D at pos. 4814
Jan 28, 2026 00:12:24.610 [132328545361664] DEBUG - [FFMPEG] - Unknown entry 0x22B59D at pos. 4858
Jan 28, 2026 00:12:24.610 [132328545361664] DEBUG - [FFMPEG] - Unknown entry 0x22B59D at pos. 4902
Jan 28, 2026 00:12:24.610 [132328545361664] DEBUG - [FFMPEG] - Unknown entry 0x22B59D at pos. 4946
Jan 28, 2026 00:12:24.610 [132328545361664] DEBUG - [FFMPEG] - Unknown entry 0x22B59D at pos. 4990
Jan 28, 2026 00:12:24.610 [132328545361664] DEBUG - [FFMPEG] - Unknown entry 0x437D at pos. 6390
Jan 28, 2026 00:12:24.610 [132328545361664] DEBUG - [FFMPEG] - Unknown entry 0x437D at pos. 6442
Jan 28, 2026 00:12:24.610 [132328545361664] DEBUG - [FFMPEG] - Unknown entry 0x437D at pos. 6490
Jan 28, 2026 00:12:24.610 [132328545361664] DEBUG - [FFMPEG] - Unknown entry 0x437D at pos. 6542
Jan 28, 2026 00:12:24.610 [132328545361664] DEBUG - [FFMPEG] - Unknown entry 0x437D at pos. 6595
Jan 28, 2026 00:12:24.610 [132328545361664] DEBUG - [FFMPEG] - Unknown entry 0x437D at pos. 6649
Jan 28, 2026 00:12:24.610 [132328545361664] DEBUG - [FFMPEG] - Unknown entry 0x437D at pos. 6703
Jan 28, 2026 00:12:24.610 [132328545361664] DEBUG - [FFMPEG] - Unknown entry 0x437D at pos. 6757
Jan 28, 2026 00:12:24.610 [132328545361664] DEBUG - [FFMPEG] - Unknown entry 0x437D at pos. 6809
Jan 28, 2026 00:12:24.610 [132328545361664] DEBUG - [FFMPEG] - st:0 removing common factor 1000000 from timebase
Jan 28, 2026 00:12:24.610 [132328545361664] DEBUG - [FFMPEG] - st:1 removing common factor 1000000 from timebase
Jan 28, 2026 00:12:24.610 [132328545361664] DEBUG - [FFMPEG] - st:2 removing common factor 1000000 from timebase
Jan 28, 2026 00:12:24.610 [132328545361664] DEBUG - [FFMPEG] - st:3 removing common factor 1000000 from timebase
Jan 28, 2026 00:12:24.610 [132328545361664] DEBUG - [FFMPEG] - st:4 removing common factor 1000000 from timebase
Jan 28, 2026 00:12:24.610 [132328545361664] DEBUG - [FFMPEG] - st:5 removing common factor 1000000 from timebase
Jan 28, 2026 00:12:24.610 [132328545361664] DEBUG - [FFMPEG] - st:6 removing common factor 1000000 from timebase
Jan 28, 2026 00:12:24.610 [132328545361664] DEBUG - [FFMPEG] - st:7 removing common factor 1000000 from timebase
Jan 28, 2026 00:12:24.610 [132328545361664] DEBUG - [FFMPEG] - st:8 removing common factor 1000000 from timebase
Jan 28, 2026 00:12:24.610 [132328545361664] DEBUG - [FFMPEG] - st:9 removing common factor 1000000 from timebase
Jan 28, 2026 00:12:24.610 [132328545361664] DEBUG - [FFMPEG] - st:10 removing common factor 1000000 from timebase
Jan 28, 2026 00:12:24.610 [132328545361664] DEBUG - [FFMPEG] - st:11 removing common factor 1000000 from timebase
Jan 28, 2026 00:12:24.610 [132328545361664] DEBUG - [FFMPEG] - Before avformat_find_stream_info() pos: 6922 bytes read:35805 seeks:2 nb_streams:12
Jan 28, 2026 00:12:24.611 [132328545361664] DEBUG - [FFMPEG] - nal_unit_type: 32(VPS), nuh_layer_id: 0, temporal_id: 0
Jan 28, 2026 00:12:24.611 [132328545361664] DEBUG - [FFMPEG] - Decoding VPS
Jan 28, 2026 00:12:24.611 [132328545361664] DEBUG - [FFMPEG] - Main 10 profile bitstream
Jan 28, 2026 00:12:24.611 [132328545361664] DEBUG - [FFMPEG] - nal_unit_type: 33(SPS), nuh_layer_id: 0, temporal_id: 0
Jan 28, 2026 00:12:24.611 [132328545361664] DEBUG - [FFMPEG] - Decoding SPS
Jan 28, 2026 00:12:24.611 [132328545361664] DEBUG - [FFMPEG] - Main 10 profile bitstream
Jan 28, 2026 00:12:24.611 [132328545361664] DEBUG - [FFMPEG] - Decoding VUI
Jan 28, 2026 00:12:24.611 [132328545361664] DEBUG - [FFMPEG] - nal_unit_type: 34(PPS), nuh_layer_id: 0, temporal_id: 0
Jan 28, 2026 00:12:24.611 [132328545361664] DEBUG - [FFMPEG] - Decoding PPS
Jan 28, 2026 00:12:24.611 [132328545361664] DEBUG - [FFMPEG] - All info found
Jan 28, 2026 00:12:24.612 [132328545361664] DEBUG - [FFMPEG] - After avformat_find_stream_info() pos: 628635 bytes read:657518 seeks:2 frames:19
Jan 28, 2026 00:12:24.612 [132328545361664] DEBUG - [MI]  * e9dee16887eae49d940f0ea0fa4a39840fb8042c [mkv hevc/eac3] Duration: 3632576ms, 3840x2160 (1.777778) 23.976fps, bitrate=19006kbps, audio channels=6, optimizedForStreaming=0 ("/tv/Outlander Blood of My Blood (2025)/Season 1/Outlander Blood of My Blood - S01E05 - Needfire - WEBDL-2160p.mkv")
Jan 28, 2026 00:12:24.612 [132328545361664] DEBUG - [MI] Importing 9 media chapters.
Jan 28, 2026 00:12:24.612 [132328545361664] DEBUG - [MI] Closing input file: "/tv/Outlander Blood of My Blood (2025)/Season 1/Outlander Blood of My Blood - S01E05 - Needfire - WEBDL-2160p.mkv"
Jan 28, 2026 00:12:24.612 [132328545361664] DEBUG - Committing media stream changes for part 206
Jan 28, 2026 00:12:24.613 [132328545361664] DEBUG - Updating media item 206, size=8630217480, metadata_item_id=141
Jan 28, 2026 00:12:24.613 [132328545361664] DEBUG - Updating part with ID=206 [/tv/Outlander Blood of My Blood (2025)/Season 1/Outlander Blood of My Blood - S01E05 - Needfire - WEBDL-2160p.mkv]
Jan 28, 2026 00:12:24.613 [132328526859008] DEBUG - [HCl#5] HTTP requesting GET http://127.0.0.1:32400/:/metadata/notify/changeItemState?librarySectionID=2&metadataItemID=141&metadataType=4&state=-1&parentID=-1&rootID=-1&mediaState=analyzing
Jan 28, 2026 00:12:24.614 [132328526711552] DEBUG - [HttpClient/HCl#5] HTTP/1.1 (0.0s) 200 response from GET http://127.0.0.1:32400/:/metadata/notify/changeItemState?librarySectionID=2&metadataItemID=141&metadataType=4&state=-1&parentID=-1&rootID=-1&mediaState=analyzing (reused)
Jan 28, 2026 00:12:24.614 [132328526859008] DEBUG - [HCl#6] HTTP requesting GET http://127.0.0.1:32400/:/metadata/notify/changeItemState?librarySectionID=2&metadataItemID=141&metadataType=4&state=-1&parentID=-1&rootID=-1&mediaState=idle
Jan 28, 2026 00:12:24.614 [132328526711552] DEBUG - [HttpClient/HCl#6] HTTP/1.1 (0.0s) 200 response from GET http://127.0.0.1:32400/:/metadata/notify/changeItemState?librarySectionID=2&metadataItemID=141&metadataType=4&state=-1&parentID=-1&rootID=-1&mediaState=idle (reused)
Jan 28, 2026 00:12:24.617 [132328545361664] DEBUG - Downloading document http://127.0.0.1:32400/library/changestamp
Jan 28, 2026 00:12:24.617 [132328545361664] DEBUG - [HCl#7] HTTP requesting GET http://127.0.0.1:32400/library/changestamp
Jan 28, 2026 00:12:24.618 [132328526711552] DEBUG - [HttpClient/HCl#7] HTTP/1.1 (0.0s) 200 response from GET http://127.0.0.1:32400/library/changestamp (reused)
Jan 28, 2026 00:12:24.618 [132328545361664] DEBUG - Updating metadata item (save) (Needfire) with ID 141
Jan 28, 2026 00:12:24.625 [132328526859008] DEBUG - [HCl#8] HTTP requesting GET http://127.0.0.1:32400/:/metadata/flushMetadataCounterCache?metadataItemID=122
Jan 28, 2026 00:12:24.625 [132328526711552] DEBUG - [HttpClient/HCl#8] HTTP/1.1 (0.0s) 200 response from GET http://127.0.0.1:32400/:/metadata/flushMetadataCounterCache?metadataItemID=122 (reused)
Jan 28, 2026 00:12:24.625 [132328545361664] DEBUG - Doing expensive tags write for 'Needfire' because something changed.
Jan 28, 2026 00:12:24.630 [132328545361664] DEBUG - Downloading document http://127.0.0.1:32400/library/changestamp
Jan 28, 2026 00:12:24.630 [132328545361664] DEBUG - [HCl#9] HTTP requesting GET http://127.0.0.1:32400/library/changestamp
Jan 28, 2026 00:12:24.631 [132328526711552] DEBUG - [HttpClient/HCl#9] HTTP/1.1 (0.0s) 200 response from GET http://127.0.0.1:32400/library/changestamp (reused)
Jan 28, 2026 00:12:24.631 [132328545361664] DEBUG - Updating metadata item (save) (Needfire) with ID 141
Jan 28, 2026 00:12:24.632 [132328526859008] DEBUG - [HCl#a] HTTP requesting GET http://127.0.0.1:32400/:/metadata/flushMetadataCounterCache?metadataItemID=122
Jan 28, 2026 00:12:24.632 [132328526711552] DEBUG - [HttpClient/HCl#a] HTTP/1.1 (0.0s) 200 response from GET http://127.0.0.1:32400/:/metadata/flushMetadataCounterCache?metadataItemID=122 (reused)
Jan 28, 2026 00:12:24.634 [132328545361664] DEBUG - Analyzing media parts for item 126 (A Virtuous Woman): 183,207
Jan 28, 2026 00:12:24.634 [132328545361664] DEBUG - [ID 183] Media part analysis: /tv/Outlander Blood of My Blood (2025)/Season 1/Outlander Blood of My Blood - S01E08 - A Virtuous Woman - WEBDL-1080p.mkv
Jan 28, 2026 00:12:24.635 [132328545361664] DEBUG - [MI] Opening input file: "/tv/Outlander Blood of My Blood (2025)/Season 1/Outlander Blood of My Blood - S01E08 - A Virtuous Woman - WEBDL-1080p.mkv"
Jan 28, 2026 00:12:24.635 [132328545361664] DEBUG - [FFMPEG] - Opening '/tv/Outlander Blood of My Blood (2025)/Season 1/Outlander Blood of My Blood - S01E08 - A Virtuous Woman - WEBDL-1080p.mkv' for reading
Jan 28, 2026 00:12:24.635 [132328545361664] DEBUG - [FFMPEG] - Setting default whitelist 'file,crypto,data'
Jan 28, 2026 00:12:24.635 [132328545361664] ERROR - Exception analyzing media file '/tv/Outlander Blood of My Blood (2025)/Season 1/Outlander Blood of My Blood - S01E08 - A Virtuous Woman - WEBDL-1080p.mkv' (Could not parse /tv/Outlander Blood of My Blood (2025)/Season 1/Outlander Blood of My Blood - S01E08 - A Virtuous Woman - WEBDL-1080p.mkv (error=-2): No such file or directory)
Jan 28, 2026 00:12:24.635 [132328545361664] ERROR - Failed to successfully analyze part 183.
Jan 28, 2026 00:12:24.635 [132328545361664] DEBUG - [ID 207] Media part analysis: /tv/Outlander Blood of My Blood (2025)/Season 1/Outlander Blood of My Blood - S01E08 - A Virtuous Woman - WEBDL-2160p.mkv
Jan 28, 2026 00:12:24.636 [132328545361664] DEBUG - [MI] Opening input file: "/tv/Outlander Blood of My Blood (2025)/Season 1/Outlander Blood of My Blood - S01E08 - A Virtuous Woman - WEBDL-2160p.mkv"
Jan 28, 2026 00:12:24.636 [132328545361664] DEBUG - [FFMPEG] - Opening '/tv/Outlander Blood of My Blood (2025)/Season 1/Outlander Blood of My Blood - S01E08 - A Virtuous Woman - WEBDL-2160p.mkv' for reading
Jan 28, 2026 00:12:24.636 [132328545361664] DEBUG - [FFMPEG] - Setting default whitelist 'file,crypto,data'
Jan 28, 2026 00:12:24.636 [132328545361664] DEBUG - [FFMPEG] - Format matroska,webm probed with size=2048 and score=100
Jan 28, 2026 00:12:24.636 [132328545361664] DEBUG - [FFMPEG] - Unknown entry 0x22B59D at pos. 4449
Jan 28, 2026 00:12:24.636 [132328545361664] DEBUG - [FFMPEG] - Unknown entry 0x22B59D at pos. 4551
Jan 28, 2026 00:12:24.636 [132328545361664] DEBUG - [FFMPEG] - Unknown entry 0x22B59D at pos. 4622
Jan 28, 2026 00:12:24.636 [132328545361664] DEBUG - [FFMPEG] - Unknown entry 0x22B59D at pos. 4684
Jan 28, 2026 00:12:24.636 [132328545361664] DEBUG - [FFMPEG] - Unknown entry 0x22B59D at pos. 4732
Jan 28, 2026 00:12:24.636 [132328545361664] DEBUG - [FFMPEG] - Unknown entry 0x22B59D at pos. 4769
Jan 28, 2026 00:12:24.636 [132328545361664] DEBUG - [FFMPEG] - Unknown entry 0x437D at pos. 6161
Jan 28, 2026 00:12:24.636 [132328545361664] DEBUG - [FFMPEG] - Unknown entry 0x437D at pos. 6213
Jan 28, 2026 00:12:24.636 [132328545361664] DEBUG - [FFMPEG] - Unknown entry 0x437D at pos. 6261
Jan 28, 2026 00:12:24.636 [132328545361664] DEBUG - [FFMPEG] - Unknown entry 0x437D at pos. 6314
Jan 28, 2026 00:12:24.636 [132328545361664] DEBUG - [FFMPEG] - Unknown entry 0x437D at pos. 6366
Jan 28, 2026 00:12:24.636 [132328545361664] DEBUG - [FFMPEG] - st:0 removing common factor 1000000 from timebase
Jan 28, 2026 00:12:24.636 [132328545361664] DEBUG - [FFMPEG] - st:1 removing common factor 1000000 from timebase
Jan 28, 2026 00:12:24.636 [132328545361664] DEBUG - [FFMPEG] - st:2 removing common factor 1000000 from timebase
Jan 28, 2026 00:12:24.636 [132328545361664] DEBUG - [FFMPEG] - st:3 removing common factor 1000000 from timebase
Jan 28, 2026 00:12:24.636 [132328545361664] DEBUG - [FFMPEG] - st:4 removing common factor 1000000 from timebase
Jan 28, 2026 00:12:24.636 [132328545361664] DEBUG - [FFMPEG] - st:5 removing common factor 1000000 from timebase
Jan 28, 2026 00:12:24.636 [132328545361664] DEBUG - [FFMPEG] - Before avformat_find_stream_info() pos: 6479 bytes read:34690 seeks:2 nb_streams:6
Jan 28, 2026 00:12:24.637 [132328545361664] DEBUG - [FFMPEG] - nal_unit_type: 32(VPS), nuh_layer_id: 0, temporal_id: 0
Jan 28, 2026 00:12:24.637 [132328545361664] DEBUG - [FFMPEG] - Decoding VPS
Jan 28, 2026 00:12:24.637 [132328545361664] DEBUG - [FFMPEG] - Main 10 profile bitstream
Jan 28, 2026 00:12:24.637 [132328545361664] DEBUG - [FFMPEG] - nal_unit_type: 33(SPS), nuh_layer_id: 0, temporal_id: 0
Jan 28, 2026 00:12:24.637 [132328545361664] DEBUG - [FFMPEG] - Decoding SPS
Jan 28, 2026 00:12:24.637 [132328545361664] DEBUG - [FFMPEG] - Main 10 profile bitstream
Jan 28, 2026 00:12:24.637 [132328545361664] DEBUG - [FFMPEG] - Decoding VUI
Jan 28, 2026 00:12:24.637 [132328545361664] DEBUG - [FFMPEG] - nal_unit_type: 34(PPS), nuh_layer_id: 0, temporal_id: 0
Jan 28, 2026 00:12:24.637 [132328545361664] DEBUG - [FFMPEG] - Decoding PPS
Jan 28, 2026 00:12:24.637 [132328545361664] DEBUG - [FFMPEG] - All info found
Jan 28, 2026 00:12:24.637 [132328545361664] DEBUG - [FFMPEG] - After avformat_find_stream_info() pos: 53049 bytes read:100226 seeks:2 frames:17
Jan 28, 2026 00:12:24.637 [132328545361664] DEBUG - [MI]  * cff536fd7e8ae60cfbef2f632f89d01c7cd2777d [mkv hevc/ac3] Duration: 3408068ms, 3840x2160 (1.777778) 23.976fps, bitrate=18854kbps, audio channels=6, optimizedForStreaming=0 ("/tv/Outlander Blood of My Blood (2025)/Season 1/Outlander Blood of My Blood - S01E08 - A Virtuous Woman - WEBDL-2160p.mkv")
Jan 28, 2026 00:12:24.637 [132328545361664] DEBUG - [MI] Importing 5 media chapters.
Jan 28, 2026 00:12:24.638 [132328545361664] DEBUG - [MI] Closing input file: "/tv/Outlander Blood of My Blood (2025)/Season 1/Outlander Blood of My Blood - S01E08 - A Virtuous Woman - WEBDL-2160p.mkv"
Jan 28, 2026 00:12:24.638 [132328545361664] DEBUG - Committing media stream changes for part 207
Jan 28, 2026 00:12:24.638 [132328545361664] DEBUG - Updating media item 207, size=8032318484, metadata_item_id=126
Jan 28, 2026 00:12:24.638 [132328545361664] DEBUG - Updating part with ID=207 [/tv/Outlander Blood of My Blood (2025)/Season 1/Outlander Blood of My Blood - S01E08 - A Virtuous Woman - WEBDL-2160p.mkv]
Jan 28, 2026 00:12:24.639 [132328526859008] DEBUG - [HCl#b] HTTP requesting GET http://127.0.0.1:32400/:/metadata/notify/changeItemState?librarySectionID=2&metadataItemID=126&metadataType=4&state=-1&parentID=-1&rootID=-1&mediaState=analyzing
Jan 28, 2026 00:12:24.640 [132328526711552] DEBUG - [HttpClient/HCl#b] HTTP/1.1 (0.0s) 200 response from GET http://127.0.0.1:32400/:/metadata/notify/changeItemState?librarySectionID=2&metadataItemID=126&metadataType=4&state=-1&parentID=-1&rootID=-1&mediaState=analyzing (reused)
Jan 28, 2026 00:12:24.640 [132328526859008] DEBUG - [HCl#c] HTTP requesting GET http://127.0.0.1:32400/:/metadata/notify/changeItemState?librarySectionID=2&metadataItemID=126&metadataType=4&state=-1&parentID=-1&rootID=-1&mediaState=idle
Jan 28, 2026 00:12:24.640 [132328526711552] DEBUG - [HttpClient/HCl#c] HTTP/1.1 (0.0s) 200 response from GET http://127.0.0.1:32400/:/metadata/notify/changeItemState?librarySectionID=2&metadataItemID=126&metadataType=4&state=-1&parentID=-1&rootID=-1&mediaState=idle (reused)
Jan 28, 2026 00:12:24.642 [132328545361664] DEBUG - Downloading document http://127.0.0.1:32400/library/changestamp
Jan 28, 2026 00:12:24.642 [132328545361664] DEBUG - [HCl#d] HTTP requesting GET http://127.0.0.1:32400/library/changestamp
Jan 28, 2026 00:12:24.643 [132328526711552] DEBUG - [HttpClient/HCl#d] HTTP/1.1 (0.0s) 200 response from GET http://127.0.0.1:32400/library/changestamp (reused)
Jan 28, 2026 00:12:24.643 [132328545361664] DEBUG - Updating metadata item (save) (A Virtuous Woman) with ID 126
Jan 28, 2026 00:12:24.644 [132328526859008] DEBUG - [HCl#e] HTTP requesting GET http://127.0.0.1:32400/:/metadata/flushMetadataCounterCache?metadataItemID=122
Jan 28, 2026 00:12:24.645 [132328526711552] DEBUG - [HttpClient/HCl#e] HTTP/1.1 (0.0s) 200 response from GET http://127.0.0.1:32400/:/metadata/flushMetadataCounterCache?metadataItemID=122 (reused)
Jan 28, 2026 00:12:24.645 [132328545361664] DEBUG - Doing expensive tags write for 'A Virtuous Woman' because something changed.
Jan 28, 2026 00:12:24.646 [132328545361664] DEBUG - Downloading document http://127.0.0.1:32400/library/changestamp
Jan 28, 2026 00:12:24.646 [132328545361664] DEBUG - [HCl#f] HTTP requesting GET http://127.0.0.1:32400/library/changestamp
Jan 28, 2026 00:12:24.646 [132328526711552] DEBUG - [HttpClient/HCl#f] HTTP/1.1 (0.0s) 200 response from GET http://127.0.0.1:32400/library/changestamp (reused)
Jan 28, 2026 00:12:24.646 [132328545361664] DEBUG - Updating metadata item (save) (A Virtuous Woman) with ID 126
Jan 28, 2026 00:12:24.648 [132328526859008] DEBUG - [HCl#10] HTTP requesting GET http://127.0.0.1:32400/:/metadata/flushMetadataCounterCache?metadataItemID=122
Jan 28, 2026 00:12:24.648 [132328526711552] DEBUG - [HttpClient/HCl#10] HTTP/1.1 (0.0s) 200 response from GET http://127.0.0.1:32400/:/metadata/flushMetadataCounterCache?metadataItemID=122 (reused)
Jan 28, 2026 00:12:24.651 [132328545361664] DEBUG - Analyzing media parts for item 134 (Braemar): 197,208
Jan 28, 2026 00:12:24.651 [132328545361664] DEBUG - [ID 197] Media part analysis: /tv/Outlander Blood of My Blood (2025)/Season 1/Outlander Blood of My Blood - S01E09 - Braemar - WEBDL-1080p.mkv
Jan 28, 2026 00:12:24.651 [132328545361664] DEBUG - [MI] Opening input file: "/tv/Outlander Blood of My Blood (2025)/Season 1/Outlander Blood of My Blood - S01E09 - Braemar - WEBDL-1080p.mkv"
Jan 28, 2026 00:12:24.652 [132328545361664] DEBUG - [FFMPEG] - Opening '/tv/Outlander Blood of My Blood (2025)/Season 1/Outlander Blood of My Blood - S01E09 - Braemar - WEBDL-1080p.mkv' for reading
Jan 28, 2026 00:12:24.652 [132328545361664] DEBUG - [FFMPEG] - Setting default whitelist 'file,crypto,data'
Jan 28, 2026 00:12:24.652 [132328545361664] ERROR - Exception analyzing media file '/tv/Outlander Blood of My Blood (2025)/Season 1/Outlander Blood of My Blood - S01E09 - Braemar - WEBDL-1080p.mkv' (Could not parse /tv/Outlander Blood of My Blood (2025)/Season 1/Outlander Blood of My Blood - S01E09 - Braemar - WEBDL-1080p.mkv (error=-2): No such file or directory)
Jan 28, 2026 00:12:24.652 [132328545361664] ERROR - Failed to successfully analyze part 197.
Jan 28, 2026 00:12:24.652 [132328545361664] DEBUG - [ID 208] Media part analysis: /tv/Outlander Blood of My Blood (2025)/Season 1/Outlander Blood of My Blood - S01E09 - Braemar - WEBDL-2160p.mkv
Jan 28, 2026 00:12:24.652 [132328545361664] DEBUG - [MI] Opening input file: "/tv/Outlander Blood of My Blood (2025)/Season 1/Outlander Blood of My Blood - S01E09 - Braemar - WEBDL-2160p.mkv"
Jan 28, 2026 00:12:24.652 [132328545361664] DEBUG - [FFMPEG] - Opening '/tv/Outlander Blood of My Blood (2025)/Season 1/Outlander Blood of My Blood - S01E09 - Braemar - WEBDL-2160p.mkv' for reading
Jan 28, 2026 00:12:24.652 [132328545361664] DEBUG - [FFMPEG] - Setting default whitelist 'file,crypto,data'
Jan 28, 2026 00:12:24.653 [132328545361664] DEBUG - [FFMPEG] - Format matroska,webm probed with size=2048 and score=100
Jan 28, 2026 00:12:24.653 [132328545361664] DEBUG - [FFMPEG] - Unknown entry 0x22B59D at pos. 4449
Jan 28, 2026 00:12:24.653 [132328545361664] DEBUG - [FFMPEG] - Unknown entry 0x22B59D at pos. 4551
Jan 28, 2026 00:12:24.653 [132328545361664] DEBUG - [FFMPEG] - Unknown entry 0x22B59D at pos. 4622
Jan 28, 2026 00:12:24.653 [132328545361664] DEBUG - [FFMPEG] - Unknown entry 0x22B59D at pos. 4684
Jan 28, 2026 00:12:24.653 [132328545361664] DEBUG - [FFMPEG] - Unknown entry 0x22B59D at pos. 4732
Jan 28, 2026 00:12:24.653 [132328545361664] DEBUG - [FFMPEG] - Unknown entry 0x22B59D at pos. 4769
Jan 28, 2026 00:12:24.653 [132328545361664] DEBUG - [FFMPEG] - Unknown entry 0x437D at pos. 6161
Jan 28, 2026 00:12:24.653 [132328545361664] DEBUG - [FFMPEG] - Unknown entry 0x437D at pos. 6213
Jan 28, 2026 00:12:24.653 [132328545361664] DEBUG - [FFMPEG] - Unknown entry 0x437D at pos. 6261
Jan 28, 2026 00:12:24.653 [132328545361664] DEBUG - [FFMPEG] - Unknown entry 0x437D at pos. 6314
Jan 28, 2026 00:12:24.653 [132328545361664] DEBUG - [FFMPEG] - Unknown entry 0x437D at pos. 6366
Jan 28, 2026 00:12:24.653 [132328545361664] DEBUG - [FFMPEG] - st:0 removing common factor 1000000 from timebase
Jan 28, 2026 00:12:24.653 [132328545361664] DEBUG - [FFMPEG] - st:1 removing common factor 1000000 from timebase
Jan 28, 2026 00:12:24.653 [132328545361664] DEBUG - [FFMPEG] - st:2 removing common factor 1000000 from timebase
Jan 28, 2026 00:12:24.653 [132328545361664] DEBUG - [FFMPEG] - st:3 removing common factor 1000000 from timebase
Jan 28, 2026 00:12:24.653 [132328545361664] DEBUG - [FFMPEG] - st:4 removing common factor 1000000 from timebase
Jan 28, 2026 00:12:24.653 [132328545361664] DEBUG - [FFMPEG] - st:5 removing common factor 1000000 from timebase
Jan 28, 2026 00:12:24.653 [132328545361664] DEBUG - [FFMPEG] - Before avformat_find_stream_info() pos: 6479 bytes read:34690 seeks:2 nb_streams:6
Jan 28, 2026 00:12:24.654 [132328545361664] DEBUG - [FFMPEG] - nal_unit_type: 32(VPS), nuh_layer_id: 0, temporal_id: 0
Jan 28, 2026 00:12:24.654 [132328545361664] DEBUG - [FFMPEG] - Decoding VPS
Jan 28, 2026 00:12:24.654 [132328545361664] DEBUG - [FFMPEG] - Main 10 profile bitstream
Jan 28, 2026 00:12:24.654 [132328545361664] DEBUG - [FFMPEG] - nal_unit_type: 33(SPS), nuh_layer_id: 0, temporal_id: 0
Jan 28, 2026 00:12:24.654 [132328545361664] DEBUG - [FFMPEG] - Decoding SPS
Jan 28, 2026 00:12:24.654 [132328545361664] DEBUG - [FFMPEG] - Main 10 profile bitstream
Jan 28, 2026 00:12:24.654 [132328545361664] DEBUG - [FFMPEG] - Decoding VUI
Jan 28, 2026 00:12:24.654 [132328545361664] DEBUG - [FFMPEG] - nal_unit_type: 34(PPS), nuh_layer_id: 0, temporal_id: 0
Jan 28, 2026 00:12:24.654 [132328545361664] DEBUG - [FFMPEG] - Decoding PPS
Jan 28, 2026 00:12:24.654 [132328545361664] DEBUG - [FFMPEG] - All info found
Jan 28, 2026 00:12:24.654 [132328545361664] DEBUG - [FFMPEG] - After avformat_find_stream_info() pos: 53049 bytes read:100226 seeks:2 frames:17
Jan 28, 2026 00:12:24.654 [132328545361664] DEBUG - [MI]  * f82db34da0de7e3fce988c727d8de2efde90c861 [mkv hevc/ac3] Duration: 3490788ms, 3840x2160 (1.777778) 23.976fps, bitrate=18669kbps, audio channels=6, optimizedForStreaming=0 ("/tv/Outlander Blood of My Blood (2025)/Season 1/Outlander Blood of My Blood - S01E09 - Braemar - WEBDL-2160p.mkv")
Jan 28, 2026 00:12:24.654 [132328545361664] DEBUG - [MI] Importing 5 media chapters.
Jan 28, 2026 00:12:24.655 [132328545361664] DEBUG - [MI] Closing input file: "/tv/Outlander Blood of My Blood (2025)/Season 1/Outlander Blood of My Blood - S01E09 - Braemar - WEBDL-2160p.mkv"
Jan 28, 2026 00:12:24.655 [132328545361664] DEBUG - Committing media stream changes for part 208
Jan 28, 2026 00:12:24.656 [132328545361664] DEBUG - Updating media item 208, size=8146394338, metadata_item_id=134
Jan 28, 2026 00:12:24.656 [132328545361664] DEBUG - Updating part with ID=208 [/tv/Outlander Blood of My Blood (2025)/Season 1/Outlander Blood of My Blood - S01E09 - Braemar - WEBDL-2160p.mkv]
Jan 28, 2026 00:12:24.656 [132328526859008] DEBUG - [HCl#11] HTTP requesting GET http://127.0.0.1:32400/:/metadata/notify/changeItemState?librarySectionID=2&metadataItemID=134&metadataType=4&state=-1&parentID=-1&rootID=-1&mediaState=analyzing
Jan 28, 2026 00:12:24.657 [132328526711552] DEBUG - [HttpClient/HCl#11] HTTP/1.1 (0.0s) 200 response from GET http://127.0.0.1:32400/:/metadata/notify/changeItemState?librarySectionID=2&metadataItemID=134&metadataType=4&state=-1&parentID=-1&rootID=-1&mediaState=analyzing (reused)
Jan 28, 2026 00:12:24.657 [132328526859008] DEBUG - [HCl#12] HTTP requesting GET http://127.0.0.1:32400/:/metadata/notify/changeItemState?librarySectionID=2&metadataItemID=134&metadataType=4&state=-1&parentID=-1&rootID=-1&mediaState=idle
Jan 28, 2026 00:12:24.657 [132328526711552] DEBUG - [HttpClient/HCl#12] HTTP/1.1 (0.0s) 200 response from GET http://127.0.0.1:32400/:/metadata/notify/changeItemState?librarySectionID=2&metadataItemID=134&metadataType=4&state=-1&parentID=-1&rootID=-1&mediaState=idle (reused)
Jan 28, 2026 00:12:24.660 [132328545361664] DEBUG - Doing expensive tags write for 'Braemar' because something changed.
Jan 28, 2026 00:12:24.661 [132328545361664] DEBUG - Downloading document http://127.0.0.1:32400/library/changestamp
Jan 28, 2026 00:12:24.661 [132328545361664] DEBUG - [HCl#13] HTTP requesting GET http://127.0.0.1:32400/library/changestamp
Jan 28, 2026 00:12:24.662 [132328526711552] DEBUG - [HttpClient/HCl#13] HTTP/1.1 (0.0s) 200 response from GET http://127.0.0.1:32400/library/changestamp (reused)
Jan 28, 2026 00:12:24.662 [132328545361664] DEBUG - Updating metadata item (save) (Braemar) with ID 134
Jan 28, 2026 00:12:24.663 [132328526859008] DEBUG - [HCl#14] HTTP requesting GET http://127.0.0.1:32400/:/metadata/flushMetadataCounterCache?metadataItemID=122
Jan 28, 2026 00:12:24.663 [132328526711552] DEBUG - [HttpClient/HCl#14] HTTP/1.1 (0.0s) 200 response from GET http://127.0.0.1:32400/:/metadata/flushMetadataCounterCache?metadataItemID=122 (reused)
