[2026-01-22 01:44:23.213 -03:00] [INF] [50] Emby.Server.Implementations.ScheduledTasks.Tasks.OptimizeDatabaseTask: Optimizing and vacuuming jellyfin.db...
[2026-01-22 01:44:23.266 -03:00] [INF] [50] Jellyfin.Database.Providers.Sqlite.SqliteDatabaseProvider: jellyfin.db optimized successfully!
[2026-01-22 01:44:23.266 -03:00] [INF] [50] Emby.Server.Implementations.ScheduledTasks.TaskManager: "Optimize database" Completed after 0 minute(s) and 0 seconds
[2026-01-22 02:00:00.036 -03:00] [INF] [78] Emby.Server.Implementations.Chapters.ChapterManager: Skipping chapter image extraction for "The Pale Blue Eye" as the average chapter duration 0 was lower than the minimum threshold 10000000
[2026-01-22 02:00:00.036 -03:00] [INF] [78] Emby.Server.Implementations.ScheduledTasks.TaskManager: "Extract Chapter Images" Completed after 0 minute(s) and 0 seconds
[2026-01-22 02:00:01.002 -03:00] [INF] [79] Emby.Server.Implementations.ScheduledTasks.TaskManager: Daily trigger for "Extract Chapter Images" set to fire at 2026-01-23 02:00:00.000 -03:00, which is 23:59:58.9978598 from now.
[2026-01-22 03:00:00.059 -03:00] [INF] [55] Emby.Server.Implementations.ScheduledTasks.TaskManager: "Generate Trickplay Images" Completed after 0 minute(s) and 0 seconds
[2026-01-22 03:00:01.000 -03:00] [INF] [56] Emby.Server.Implementations.ScheduledTasks.TaskManager: Daily trigger for "Generate Trickplay Images" set to fire at 2026-01-23 03:00:00.000 -03:00, which is 23:59:58.9996262 from now.
[2026-01-22 07:42:21.222 -03:00] [INF] [23] Emby.Server.Implementations.IO.LibraryMonitor: Stopping directory watching for path "/data/tvshows"
[2026-01-22 07:42:21.222 -03:00] [INF] [23] Emby.Server.Implementations.IO.LibraryMonitor: Stopping directory watching for path "/data/movies"
[2026-01-22 07:42:21.222 -03:00] [INF] [23] Emby.Server.Implementations.IO.LibraryMonitor: Stopping directory watching for path "/data/animes"
[2026-01-22 07:42:21.222 -03:00] [INF] [23] Emby.Server.Implementations.Library.LibraryManager: Validating media library
[2026-01-22 07:42:21.226 -03:00] [INF] [11] Emby.Server.Implementations.ScheduledTasks.TaskManager: "Media Segment Scan" Completed after 0 minute(s) and 0 seconds
[2026-01-22 07:42:21.260 -03:00] [WRN] [23] MediaBrowser.Controller.Entities.BaseItem: Library folder "/data/movies" is inaccessible or empty, skipping
[2026-01-22 07:42:21.261 -03:00] [WRN] [23] MediaBrowser.Controller.Entities.BaseItem: Library folder "/config/data/data/playlists" is inaccessible or empty, skipping
[2026-01-22 07:42:21.274 -03:00] [WRN] [23] MediaBrowser.Controller.Entities.BaseItem: Library folder "/data/movies" is inaccessible or empty, skipping
[2026-01-22 07:42:21.274 -03:00] [WRN] [23] MediaBrowser.Controller.Entities.BaseItem: Library folder "/config/data/data/playlists" is inaccessible or empty, skipping
[2026-01-22 07:42:32.494 -03:00] [INF] [23] Emby.Server.Implementations.ScheduledTasks.TaskManager: "Scan Media Library" Completed after 0 minute(s) and 11 seconds
[2026-01-22 07:42:32.529 -03:00] [INF] [29] Emby.Server.Implementations.IO.LibraryMonitor: Watching directory "/data/movies"
[2026-01-22 07:42:32.529 -03:00] [INF] [11] Emby.Server.Implementations.IO.LibraryMonitor: Watching directory "/data/tvshows"
[2026-01-22 07:42:32.530 -03:00] [INF] [57] Emby.Server.Implementations.IO.LibraryMonitor: Watching directory "/data/animes"
[2026-01-22 07:45:24.214 -03:00] [INF] [15] Emby.Server.Implementations.ScheduledTasks.Tasks.OptimizeDatabaseTask: Optimizing and vacuuming jellyfin.db...
[2026-01-22 07:45:24.310 -03:00] [INF] [15] Jellyfin.Database.Providers.Sqlite.SqliteDatabaseProvider: jellyfin.db optimized successfully!
[2026-01-22 07:45:24.311 -03:00] [INF] [15] Emby.Server.Implementations.ScheduledTasks.TaskManager: "Optimize database" Completed after 0 minute(s) and 0 seconds
[2026-01-22 13:46:25.215 -03:00] [INF] [84] Emby.Server.Implementations.ScheduledTasks.Tasks.OptimizeDatabaseTask: Optimizing and vacuuming jellyfin.db...
[2026-01-22 13:46:25.312 -03:00] [INF] [84] Jellyfin.Database.Providers.Sqlite.SqliteDatabaseProvider: jellyfin.db optimized successfully!
[2026-01-22 13:46:25.312 -03:00] [INF] [84] Emby.Server.Implementations.ScheduledTasks.TaskManager: "Optimize database" Completed after 0 minute(s) and 0 seconds
[2026-01-22 14:20:14.468 -03:00] [INF] [83] Emby.Server.Implementations.Session.SessionManager: Sending shutdown notifications
[2026-01-22 14:20:14.535 -03:00] [INF] [23] Main: Running query planner optimizations in the database... This might take a while
[2026-01-22 14:20:14.645 -03:00] [INF] [23] Emby.Server.Implementations.IO.LibraryMonitor: Stopping directory watching for path "/data/tvshows"
[2026-01-22 14:20:14.645 -03:00] [INF] [23] Emby.Server.Implementations.IO.LibraryMonitor: Stopping directory watching for path "/data/movies"
[2026-01-22 14:20:14.645 -03:00] [INF] [23] Emby.Server.Implementations.IO.LibraryMonitor: Stopping directory watching for path "/data/animes"
[2026-01-22 14:20:14.659 -03:00] [INF] [23] Emby.Server.Implementations.ApplicationHost: Disposing "CoreAppHost"
[2026-01-22 14:20:14.659 -03:00] [INF] [23] Emby.Server.Implementations.ApplicationHost: Disposing "MusicBrainzArtistProvider"
[2026-01-22 14:20:14.660 -03:00] [INF] [23] Emby.Server.Implementations.ApplicationHost: Disposing "MusicBrainzAlbumProvider"
[2026-01-22 14:20:14.660 -03:00] [INF] [23] Emby.Server.Implementations.ApplicationHost: Disposing "PluginManager"
[2026-01-22 14:20:43.158 -03:00] [INF] [1] Emby.Server.Implementations.AppBase.BaseConfigurationManager: Setting cache path: "/config/cache"
[2026-01-22 14:20:44.636 -03:00] [INF] [1] Jellyfin.Server.ServerSetupApp.SetupServer: Kestrel is listening on "0.0.0.0"
[2026-01-22 14:20:44.828 -03:00] [INF] [1] Main: Jellyfin version: "10.11.6"
[2026-01-22 14:20:44.853 -03:00] [INF] [1] Main: Environment Variables: ["[JELLYFIN_CONFIG_DIR, /config]", "[JELLYFIN_WEB_DIR, /usr/share/jellyfin/web]", "[JELLYFIN_DATA_DIR, /config/data]", "[JELLYFIN_CACHE_DIR, /config/cache]", "[JELLYFIN_LOG_DIR, /config/log]"]
[2026-01-22 14:20:44.885 -03:00] [INF] [1] Main: Arguments: ["/usr/lib/jellyfin/bin/jellyfin.dll", "--ffmpeg=/usr/lib/jellyfin-ffmpeg/ffmpeg"]
[2026-01-22 14:20:44.893 -03:00] [INF] [1] Main: Operating system: "Ubuntu 24.04.3 LTS"
[2026-01-22 14:20:44.893 -03:00] [INF] [1] Main: Architecture: X64
[2026-01-22 14:20:44.894 -03:00] [INF] [1] Main: 64-Bit Process: True
[2026-01-22 14:20:44.894 -03:00] [INF] [1] Main: User Interactive: True
[2026-01-22 14:20:44.894 -03:00] [INF] [1] Main: Processor count: 4
[2026-01-22 14:20:44.894 -03:00] [INF] [1] Main: Program data path: "/config/data"
[2026-01-22 14:20:44.894 -03:00] [INF] [1] Main: Log directory path: "/config/log"
[2026-01-22 14:20:44.894 -03:00] [INF] [1] Main: Config directory path: "/config"
[2026-01-22 14:20:44.894 -03:00] [INF] [1] Main: Cache path: "/config/cache"
[2026-01-22 14:20:44.894 -03:00] [INF] [1] Main: Temp directory path: "/tmp/jellyfin"
[2026-01-22 14:20:44.894 -03:00] [INF] [1] Main: Web resources path: "/usr/share/jellyfin/web"
[2026-01-22 14:20:44.894 -03:00] [INF] [1] Main: Application directory: "/usr/lib/jellyfin/bin/"
[2026-01-22 14:20:45.150 -03:00] [INF] [1] Jellyfin.Server.Startup: Storage path `"/config/data/data"` (Fixed) successfully checked with "188.1GiB" free which is over the minimum of "2GiB".
[2026-01-22 14:20:45.155 -03:00] [INF] [1] Jellyfin.Server.Startup: Storage path `"/config/cache"` (Fixed) successfully checked with "188.1GiB" free which is over the minimum of "2GiB".
[2026-01-22 14:20:45.164 -03:00] [INF] [1] Jellyfin.Server.Startup: Storage path `"/config/data"` (Fixed) successfully checked with "188.1GiB" free which is over the minimum of "2GiB".
[2026-01-22 14:20:45.214 -03:00] [INF] [1] Emby.Server.Implementations.AppBase.BaseConfigurationManager: Setting cache path: "/config/cache"
[2026-01-22 14:20:45.579 -03:00] [WRN] [7] Microsoft.Extensions.Diagnostics.HealthChecks.DefaultHealthCheckService: Health check "StartupCheck" with status Degraded completed after 11.5343ms with message '"Server is still starting up."'
[2026-01-22 14:20:45.815 -03:00] [INF] [1] Jellyfin.Database.Providers.Sqlite.SqliteDatabaseProvider: SQLite connection string: "Data Source=/config/data/data/jellyfin.db;Cache=Default;Default Timeout=30;Pooling=True"
[2026-01-22 14:20:45.842 -03:00] [INF] [1] Jellyfin.Database.Providers.Sqlite.SqliteDatabaseProvider: SQLITE connection pragma command set to: 
"PRAGMA locking_mode=NORMAL;
PRAGMA journal_size_limit=134217728;
PRAGMA synchronous=1;
PRAGMA temp_store=2;
"
[2026-01-22 14:20:45.851 -03:00] [INF] [1] Jellyfin.Database.Implementations.Locking.NoLockBehavior: The database locking mode has been set to: NoLock.
[2026-01-22 14:20:46.030 -03:00] [INF] [1] Jellyfin.Server.Migrations.JellyfinMigrationService: Initialise Migration service.
[2026-01-22 14:20:46.891 -03:00] [WRN] [12] Microsoft.Extensions.Diagnostics.HealthChecks.DefaultHealthCheckService: Health check "StartupCheck" with status Degraded completed after 0.1483ms with message '"Server is still starting up."'
[2026-01-22 14:20:48.064 -03:00] [WRN] [7] Microsoft.Extensions.Diagnostics.HealthChecks.DefaultHealthCheckService: Health check "StartupCheck" with status Degraded completed after 0.0043ms with message '"Server is still starting up."'
[2026-01-22 14:20:49.216 -03:00] [WRN] [9] Microsoft.Extensions.Diagnostics.HealthChecks.DefaultHealthCheckService: Health check "StartupCheck" with status Degraded completed after 0.0026ms with message '"Server is still starting up."'
[2026-01-22 14:20:50.332 -03:00] [WRN] [9] Microsoft.Extensions.Diagnostics.HealthChecks.DefaultHealthCheckService: Health check "StartupCheck" with status Degraded completed after 0.0036ms with message '"Server is still starting up."'
[2026-01-22 14:20:51.551 -03:00] [WRN] [12] Microsoft.Extensions.Diagnostics.HealthChecks.DefaultHealthCheckService: Health check "StartupCheck" with status Degraded completed after 0.0063ms with message '"Server is still starting up."'
[2026-01-22 14:20:52.784 -03:00] [WRN] [14] Microsoft.Extensions.Diagnostics.HealthChecks.DefaultHealthCheckService: Health check "StartupCheck" with status Degraded completed after 0.0032ms with message '"Server is still starting up."'
[2026-01-22 14:20:53.934 -03:00] [WRN] [14] Microsoft.Extensions.Diagnostics.HealthChecks.DefaultHealthCheckService: Health check "StartupCheck" with status Degraded completed after 0.0033ms with message '"Server is still starting up."'
[2026-01-22 14:20:55.067 -03:00] [WRN] [12] Microsoft.Extensions.Diagnostics.HealthChecks.DefaultHealthCheckService: Health check "StartupCheck" with status Degraded completed after 0.003ms with message '"Server is still starting up."'
[2026-01-22 14:20:55.701 -03:00] [INF] [1] Jellyfin.Server.Migrations.JellyfinMigrationService: There are 0 migrations for stage PreInitialisation.
[2026-01-22 14:20:55.770 -03:00] [INF] [1] Emby.Server.Implementations.AppBase.BaseConfigurationManager: Setting cache path: "/config/cache"
[2026-01-22 14:20:55.894 -03:00] [INF] [1] Emby.Server.Implementations.ApplicationHost: Loading assemblies
[2026-01-22 14:20:56.272 -03:00] [WRN] [14] Microsoft.Extensions.Diagnostics.HealthChecks.DefaultHealthCheckService: Health check "StartupCheck" with status Degraded completed after 0.0043ms with message '"Server is still starting up."'
[2026-01-22 14:20:56.297 -03:00] [INF] [1] Jellyfin.Networking.Manager.NetworkManager: Defined LAN subnets: ["127.0.0.1/8", "10.0.0.0/8", "172.16.0.0/12", "192.168.0.0/16"]
[2026-01-22 14:20:56.298 -03:00] [INF] [1] Jellyfin.Networking.Manager.NetworkManager: Defined LAN exclusions: []
[2026-01-22 14:20:56.298 -03:00] [INF] [1] Jellyfin.Networking.Manager.NetworkManager: Used LAN subnets: ["127.0.0.1/8", "10.0.0.0/8", "172.16.0.0/12", "192.168.0.0/16"]
[2026-01-22 14:20:56.305 -03:00] [INF] [1] Jellyfin.Networking.Manager.NetworkManager: Filtered interface addresses: ["127.0.0.1", "172.19.0.2"]
[2026-01-22 14:20:56.306 -03:00] [INF] [1] Jellyfin.Networking.Manager.NetworkManager: Bind Addresses ["0.0.0.0"]
[2026-01-22 14:20:56.306 -03:00] [INF] [1] Jellyfin.Networking.Manager.NetworkManager: Remote IP filter is "Allowlist"
[2026-01-22 14:20:56.306 -03:00] [INF] [1] Jellyfin.Networking.Manager.NetworkManager: Filtered subnets: []
[2026-01-22 14:20:57.139 -03:00] [INF] [1] Jellyfin.Database.Providers.Sqlite.SqliteDatabaseProvider: SQLite connection string: "Data Source=/config/data/data/jellyfin.db;Cache=Default;Default Timeout=30;Pooling=True"
[2026-01-22 14:20:57.146 -03:00] [INF] [1] Jellyfin.Database.Providers.Sqlite.SqliteDatabaseProvider: SQLITE connection pragma command set to: 
"PRAGMA locking_mode=NORMAL;
PRAGMA journal_size_limit=134217728;
PRAGMA synchronous=1;
PRAGMA temp_store=2;
"
[2026-01-22 14:20:57.147 -03:00] [INF] [1] Jellyfin.Database.Implementations.Locking.NoLockBehavior: The database locking mode has been set to: NoLock.
[2026-01-22 14:20:57.215 -03:00] [INF] [1] Main: Prepare system for possible migrations
[2026-01-22 14:20:57.523 -03:00] [WRN] [12] Microsoft.Extensions.Diagnostics.HealthChecks.DefaultHealthCheckService: Health check "StartupCheck" with status Degraded completed after 0.0042ms with message '"Server is still starting up."'
[2026-01-22 14:20:57.729 -03:00] [INF] [1] Jellyfin.Server.Migrations.JellyfinMigrationService: There are 0 migrations for stage CoreInitialisation.
[2026-01-22 14:20:58.668 -03:00] [WRN] [14] Microsoft.Extensions.Diagnostics.HealthChecks.DefaultHealthCheckService: Health check "StartupCheck" with status Degraded completed after 0.0044ms with message '"Server is still starting up."'
[2026-01-22 14:20:59.812 -03:00] [WRN] [14] Microsoft.Extensions.Diagnostics.HealthChecks.DefaultHealthCheckService: Health check "StartupCheck" with status Degraded completed after 0.0033ms with message '"Server is still starting up."'
[2026-01-22 14:21:01.011 -03:00] [WRN] [7] Microsoft.Extensions.Diagnostics.HealthChecks.DefaultHealthCheckService: Health check "StartupCheck" with status Degraded completed after 0.0034ms with message '"Server is still starting up."'
[2026-01-22 14:21:02.090 -03:00] [WRN] [12] Microsoft.Extensions.Diagnostics.HealthChecks.DefaultHealthCheckService: Health check "StartupCheck" with status Degraded completed after 0.0043ms with message '"Server is still starting up."'
[2026-01-22 14:21:02.197 -03:00] [INF] [1] Emby.Server.Implementations.Plugins.PluginManager: Loaded plugin: "TMDb" "10.11.6.0"
[2026-01-22 14:21:02.199 -03:00] [INF] [1] Emby.Server.Implementations.Plugins.PluginManager: Loaded plugin: "Studio Images" "10.11.6.0"
[2026-01-22 14:21:02.199 -03:00] [INF] [1] Emby.Server.Implementations.Plugins.PluginManager: Loaded plugin: "OMDb" "10.11.6.0"
[2026-01-22 14:21:02.247 -03:00] [INF] [1] Emby.Server.Implementations.Plugins.PluginManager: Loaded plugin: "MusicBrainz" "10.11.6.0"
[2026-01-22 14:21:02.250 -03:00] [INF] [1] Emby.Server.Implementations.Plugins.PluginManager: Loaded plugin: "AudioDB" "10.11.6.0"
[2026-01-22 14:21:02.575 -03:00] [INF] [1] Jellyfin.Server.Migrations.JellyfinMigrationService: There are 0 migrations for stage AppInitialisation.
[2026-01-22 14:21:02.924 -03:00] [INF] [12] Main: Kestrel is listening on "0.0.0.0"
[2026-01-22 14:21:07.271 -03:00] [WRN] [12] Microsoft.AspNetCore.StaticFiles.StaticFileMiddleware: The WebRootPath was not found: "/run/s6-rc:s6-rc-init:clCfEg/servicedirs/svc-jellyfin/wwwroot". Static files may be unavailable.
[2026-01-22 14:21:07.420 -03:00] [INF] [12] Emby.Server.Implementations.ApplicationHost: Running startup tasks
[2026-01-22 14:21:07.428 -03:00] [INF] [7] Emby.Server.Implementations.IO.LibraryMonitor: Watching directory "/data/animes"
[2026-01-22 14:21:07.432 -03:00] [INF] [17] Emby.Server.Implementations.IO.LibraryMonitor: Watching directory "/data/movies"
[2026-01-22 14:21:07.433 -03:00] [INF] [14] Emby.Server.Implementations.IO.LibraryMonitor: Watching directory "/data/tvshows"
[2026-01-22 14:21:07.561 -03:00] [INF] [12] Emby.Server.Implementations.ScheduledTasks.TaskManager: Daily trigger for "Generate Trickplay Images" set to fire at 2026-01-23 03:00:00.000 -03:00, which is 12:38:52.4390529 from now.
[2026-01-22 14:21:07.603 -03:00] [INF] [12] Emby.Server.Implementations.ScheduledTasks.TaskManager: Daily trigger for "Extract Chapter Images" set to fire at 2026-01-23 02:00:00.000 -03:00, which is 11:38:52.3967397 from now.
[2026-01-22 14:21:07.887 -03:00] [INF] [12] MediaBrowser.MediaEncoding.Encoder.MediaEncoder: Found ffmpeg version "7.1.3"
[2026-01-22 14:21:08.152 -03:00] [INF] [12] MediaBrowser.MediaEncoding.Encoder.MediaEncoder: Available "decoders": ["libdav1d", "av1", "av1_cuvid", "av1_qsv", "h264", "h264_qsv", "h264_cuvid", "hevc", "hevc_qsv", "hevc_cuvid", "mpeg2video", "mpeg2_qsv", "mpeg2_cuvid", "mpeg4", "mpeg4_cuvid", "msmpeg4", "vc1_qsv", "vc1_cuvid", "vp8", "libvpx", "vp8_cuvid", "vp8_qsv", "vp9", "libvpx-vp9", "vp9_cuvid", "vp9_qsv", "aac", "ac3", "ac4", "dca", "flac", "mp3", "truehd"]
[2026-01-22 14:21:08.372 -03:00] [INF] [12] MediaBrowser.MediaEncoding.Encoder.MediaEncoder: Available "encoders": ["libsvtav1", "av1_nvenc", "av1_qsv", "av1_amf", "av1_vaapi", "libx264", "h264_amf", "h264_nvenc", "h264_qsv", "h264_v4l2m2m", "h264_vaapi", "libx265", "hevc_amf", "hevc_nvenc", "hevc_qsv", "hevc_vaapi", "mjpeg_qsv", "mjpeg_vaapi", "aac", "libfdk_aac", "ac3", "alac", "dca", "flac", "libmp3lame", "libopus", "truehd", "libvorbis", "srt"]
[2026-01-22 14:21:08.472 -03:00] [INF] [12] MediaBrowser.MediaEncoding.Encoder.MediaEncoder: Available filters: ["bwdif_cuda", "bwdif_opencl", "deinterlace_qsv", "deinterlace_vaapi", "flip_vulkan", "hwupload_cuda", "hwupload_vaapi", "libplacebo", "overlay_opencl", "overlay_qsv", "overlay_vaapi", "overlay_vulkan", "overlay_cuda", "procamp_vaapi", "scale_cuda", "scale_opencl", "scale_qsv", "scale_vaapi", "scale_vulkan", "tonemapx", "tonemap_cuda", "tonemap_opencl", "tonemap_vaapi", "transpose_cuda", "transpose_opencl", "transpose_vaapi", "transpose_vulkan", "vpp_qsv", "yadif_cuda", "yadif_opencl", "zscale", "alphasrc"]
[2026-01-22 14:21:10.725 -03:00] [INF] [7] Emby.Server.Implementations.ScheduledTasks.TaskManager: "Clean Transcode Directory" Completed after 0 minute(s) and 0 seconds
[2026-01-22 14:21:10.731 -03:00] [INF] [12] MediaBrowser.MediaEncoding.Encoder.MediaEncoder: Available hwaccel types: ["cuda", "vaapi", "qsv", "drm", "opencl", "vulkan"]
[2026-01-22 14:21:10.771 -03:00] [INF] [17] Emby.Server.Implementations.ScheduledTasks.TaskManager: "Clean up collections and playlists" Completed after 0 minute(s) and 0 seconds
[2026-01-22 14:21:14.329 -03:00] [INF] [7] Emby.Server.Implementations.ScheduledTasks.TaskManager: "Update Plugins" Completed after 0 minute(s) and 3 seconds
[2026-01-22 14:21:30.218 -03:00] [INF] [12] MediaBrowser.MediaEncoding.Encoder.MediaEncoder: FFmpeg: "/usr/lib/jellyfin-ffmpeg/ffmpeg"
[2026-01-22 14:21:30.219 -03:00] [INF] [12] Emby.Server.Implementations.ApplicationHost: ServerId: "4033a488f53e473194d2ac8b68dcd02f"
[2026-01-22 14:21:30.219 -03:00] [INF] [12] Emby.Server.Implementations.ApplicationHost: Core startup complete
[2026-01-22 14:21:30.219 -03:00] [INF] [12] Main: Startup complete 0:00:48.5394847
