[2026-01-20 13:30:05.192 -03:00] [INF] [1] Emby.Server.Implementations.AppBase.BaseConfigurationManager: Setting cache path: "/config/cache"
[2026-01-20 13:30:07.004 -03:00] [INF] [1] Jellyfin.Server.ServerSetupApp.SetupServer: Kestrel is listening on "0.0.0.0"
[2026-01-20 13:30:07.244 -03:00] [INF] [1] Main: Jellyfin version: "10.11.6"
[2026-01-20 13:30:07.275 -03:00] [INF] [1] Main: Environment Variables: ["[JELLYFIN_CONFIG_DIR, /config]", "[JELLYFIN_DATA_DIR, /config/data]", "[JELLYFIN_WEB_DIR, /usr/share/jellyfin/web]", "[JELLYFIN_LOG_DIR, /config/log]", "[JELLYFIN_CACHE_DIR, /config/cache]"]
[2026-01-20 13:30:07.292 -03:00] [INF] [1] Main: Arguments: ["/usr/lib/jellyfin/bin/jellyfin.dll", "--ffmpeg=/usr/lib/jellyfin-ffmpeg/ffmpeg"]
[2026-01-20 13:30:07.300 -03:00] [INF] [1] Main: Operating system: "Ubuntu 24.04.3 LTS"
[2026-01-20 13:30:07.301 -03:00] [INF] [1] Main: Architecture: X64
[2026-01-20 13:30:07.302 -03:00] [INF] [1] Main: 64-Bit Process: True
[2026-01-20 13:30:07.302 -03:00] [INF] [1] Main: User Interactive: True
[2026-01-20 13:30:07.302 -03:00] [INF] [1] Main: Processor count: 4
[2026-01-20 13:30:07.302 -03:00] [INF] [1] Main: Program data path: "/config/data"
[2026-01-20 13:30:07.302 -03:00] [INF] [1] Main: Log directory path: "/config/log"
[2026-01-20 13:30:07.311 -03:00] [INF] [1] Main: Config directory path: "/config"
[2026-01-20 13:30:07.313 -03:00] [INF] [1] Main: Cache path: "/config/cache"
[2026-01-20 13:30:07.315 -03:00] [INF] [1] Main: Temp directory path: "/tmp/jellyfin"
[2026-01-20 13:30:07.319 -03:00] [INF] [1] Main: Web resources path: "/usr/share/jellyfin/web"
[2026-01-20 13:30:07.323 -03:00] [INF] [1] Main: Application directory: "/usr/lib/jellyfin/bin/"
[2026-01-20 13:30:07.421 -03:00] [INF] [1] Jellyfin.Server.Startup: Storage path `"/config/data/data"` (Fixed) successfully checked with "188.8GiB" free which is over the minimum of "2GiB".
[2026-01-20 13:30:07.426 -03:00] [INF] [1] Jellyfin.Server.Startup: Storage path `"/config/cache"` (Fixed) successfully checked with "188.8GiB" free which is over the minimum of "2GiB".
[2026-01-20 13:30:07.429 -03:00] [INF] [1] Jellyfin.Server.Startup: Storage path `"/config/data"` (Fixed) successfully checked with "188.8GiB" free which is over the minimum of "2GiB".
[2026-01-20 13:30:07.455 -03:00] [INF] [1] Emby.Server.Implementations.AppBase.BaseConfigurationManager: Setting cache path: "/config/cache"
[2026-01-20 13:30:08.164 -03:00] [INF] [1] Jellyfin.Database.Providers.Sqlite.SqliteDatabaseProvider: SQLite connection string: "Data Source=/config/data/data/jellyfin.db;Cache=Default;Default Timeout=30;Pooling=True"
[2026-01-20 13:30:08.247 -03:00] [INF] [1] Jellyfin.Database.Providers.Sqlite.SqliteDatabaseProvider: SQLITE connection pragma command set to: 
"PRAGMA locking_mode=NORMAL;
PRAGMA journal_size_limit=134217728;
PRAGMA synchronous=1;
PRAGMA temp_store=2;
"
[2026-01-20 13:30:08.270 -03:00] [INF] [1] Jellyfin.Database.Implementations.Locking.NoLockBehavior: The database locking mode has been set to: NoLock.
[2026-01-20 13:30:08.475 -03:00] [WRN] [9] Microsoft.Extensions.Diagnostics.HealthChecks.DefaultHealthCheckService: Health check "StartupCheck" with status Degraded completed after 15.3352ms with message '"Server is still starting up."'
[2026-01-20 13:30:08.817 -03:00] [INF] [1] Jellyfin.Server.Migrations.JellyfinMigrationService: Initialise Migration service.
[2026-01-20 13:30:08.897 -03:00] [INF] [1] Jellyfin.Server.Migrations.JellyfinMigrationService: Old migration style migration.xml detected. Migrate now.
[2026-01-20 13:30:09.870 -03:00] [WRN] [9] Microsoft.Extensions.Diagnostics.HealthChecks.DefaultHealthCheckService: Health check "StartupCheck" with status Degraded completed after 0.1304ms with message '"Server is still starting up."'
[2026-01-20 13:30:11.039 -03:00] [WRN] [7] Microsoft.Extensions.Diagnostics.HealthChecks.DefaultHealthCheckService: Health check "StartupCheck" with status Degraded completed after 0.0079ms with message '"Server is still starting up."'
[2026-01-20 13:30:12.219 -03:00] [WRN] [12] Microsoft.Extensions.Diagnostics.HealthChecks.DefaultHealthCheckService: Health check "StartupCheck" with status Degraded completed after 0.0027ms with message '"Server is still starting up."'
[2026-01-20 13:30:13.413 -03:00] [WRN] [12] Microsoft.Extensions.Diagnostics.HealthChecks.DefaultHealthCheckService: Health check "StartupCheck" with status Degraded completed after 0.0031ms with message '"Server is still starting up."'
[2026-01-20 13:30:14.534 -03:00] [WRN] [7] Microsoft.Extensions.Diagnostics.HealthChecks.DefaultHealthCheckService: Health check "StartupCheck" with status Degraded completed after 0.0307ms with message '"Server is still starting up."'
[2026-01-20 13:30:15.714 -03:00] [WRN] [7] Microsoft.Extensions.Diagnostics.HealthChecks.DefaultHealthCheckService: Health check "StartupCheck" with status Degraded completed after 0.0039ms with message '"Server is still starting up."'
[2026-01-20 13:30:16.945 -03:00] [WRN] [7] Microsoft.Extensions.Diagnostics.HealthChecks.DefaultHealthCheckService: Health check "StartupCheck" with status Degraded completed after 0.0036ms with message '"Server is still starting up."'
[2026-01-20 13:30:18.042 -03:00] [WRN] [9] Microsoft.Extensions.Diagnostics.HealthChecks.DefaultHealthCheckService: Health check "StartupCheck" with status Degraded completed after 0.0031ms with message '"Server is still starting up."'
[2026-01-20 13:30:18.294 -03:00] [INF] [1] Jellyfin.Server.Migrations.JellyfinMigrationService: Migrate migration 9b354818-94d5-4b68-ac49-e35cb85f9d84-"CreateNetworkConfiguration".
[2026-01-20 13:30:18.340 -03:00] [INF] [1] Jellyfin.Server.Migrations.JellyfinMigrationService: Migrate migration 4fb5c950-1991-11ee-9b4b-0800200c9a66-"MigrateNetworkConfiguration".
[2026-01-20 13:30:18.341 -03:00] [INF] [1] Jellyfin.Server.Migrations.JellyfinMigrationService: Migrate migration a6dcacf4-c057-4ef9-80d3-61cef9ddb4f0-"MigrateMusicBrainzTimeout".
[2026-01-20 13:30:18.345 -03:00] [INF] [1] Jellyfin.Server.Migrations.JellyfinMigrationService: Migrate migration a8e61960-7726-4450-8f3d-82c12daabbcb-"MigrateEncodingOptions".
[2026-01-20 13:30:18.347 -03:00] [INF] [1] Jellyfin.Server.Migrations.JellyfinMigrationService: Migrate migration e73b777d-cd5c-4e71-957a-b86b3660b7cf-"RenameEnableGroupingIntoCollections".
[2026-01-20 13:30:18.349 -03:00] [INF] [1] Jellyfin.Server.Migrations.JellyfinMigrationService: Migrate migration 4124c2cd-e939-4ffb-9be9-9b311c413638-"DisableTranscodingThrottling".
[2026-01-20 13:30:18.351 -03:00] [INF] [1] Jellyfin.Server.Migrations.JellyfinMigrationService: Migrate migration ef103419-8451-40d8-9f34-d1a8e93a1679-"CreateUserLoggingConfigFile".
[2026-01-20 13:30:18.353 -03:00] [INF] [1] Jellyfin.Server.Migrations.JellyfinMigrationService: Migrate migration 3793eb59-bc8c-456c-8b9f-bd5a62a42978-"MigrateActivityLogDb".
[2026-01-20 13:30:18.355 -03:00] [INF] [1] Jellyfin.Server.Migrations.JellyfinMigrationService: Migrate migration acbe17b7-8435-4a83-8b64-6fcf162cb9bd-"RemoveDuplicateExtras".
[2026-01-20 13:30:18.357 -03:00] [INF] [1] Jellyfin.Server.Migrations.JellyfinMigrationService: Migrate migration eb58ebee-9514-4b9b-8225-12e1a40020df-"AddDefaultPluginRepository".
[2026-01-20 13:30:18.358 -03:00] [INF] [1] Jellyfin.Server.Migrations.JellyfinMigrationService: Migrate migration 5c4b82a2-f053-4009-bd05-b6fcad82f14c-"MigrateUserDb".
[2026-01-20 13:30:18.358 -03:00] [INF] [1] Jellyfin.Server.Migrations.JellyfinMigrationService: Migrate migration 5f86e7f6-d966-4c77-849d-7a7b40b68c4e-"ReaddDefaultPluginRepository".
[2026-01-20 13:30:18.361 -03:00] [INF] [1] Jellyfin.Server.Migrations.JellyfinMigrationService: Migrate migration 06387815-c3cc-421f-a888-fb5f9992bea8-"MigrateDisplayPreferencesDb".
[2026-01-20 13:30:18.362 -03:00] [INF] [1] Jellyfin.Server.Migrations.JellyfinMigrationService: Migrate migration a81f75e0-8f43-416f-a5e8-516ccab4d8cc-"RemoveDownloadImagesInAdvance".
[2026-01-20 13:30:18.365 -03:00] [INF] [1] Jellyfin.Server.Migrations.JellyfinMigrationService: Migrate migration 5bd72f41-e6f3-4f60-90aa-09869abe0e22-"MigrateAuthenticationDb".
[2026-01-20 13:30:18.366 -03:00] [INF] [1] Jellyfin.Server.Migrations.JellyfinMigrationService: Migrate migration 615dfa9e-2497-4dbb-a472-61938b752c5b-"FixPlaylistOwner".
[2026-01-20 13:30:18.367 -03:00] [INF] [1] Jellyfin.Server.Migrations.JellyfinMigrationService: Migrate migration 34a1a1c4-5572-418e-a2f8-32cdfe2668e8-"AddDefaultCastReceivers".
[2026-01-20 13:30:18.370 -03:00] [INF] [1] Jellyfin.Server.Migrations.JellyfinMigrationService: Migrate migration 852816e0-2712-49a9-9240-c6fc5fcad1a8-"UpdateDefaultPluginRepository".
[2026-01-20 13:30:18.373 -03:00] [INF] [1] Jellyfin.Server.Migrations.JellyfinMigrationService: Migrate migration cf6fabc2-9fbe-4933-84a5-ffe52ef22a58-"FixAudioData".
[2026-01-20 13:30:18.374 -03:00] [INF] [1] Jellyfin.Server.Migrations.JellyfinMigrationService: Migrate migration 96c156a2-7a13-4b3b-a8b8-fb80c94d20c0-"RemoveDuplicatePlaylistChildren".
[2026-01-20 13:30:18.378 -03:00] [INF] [1] Jellyfin.Server.Migrations.JellyfinMigrationService: Rename old migration.xml to migration.xml.backup
[2026-01-20 13:30:18.475 -03:00] [INF] [1] Jellyfin.Server.Migrations.JellyfinMigrationService: There are 0 migrations for stage PreInitialisation.
[2026-01-20 13:30:18.513 -03:00] [INF] [1] Emby.Server.Implementations.AppBase.BaseConfigurationManager: Setting cache path: "/config/cache"
[2026-01-20 13:30:18.623 -03:00] [INF] [1] Emby.Server.Implementations.ApplicationHost: Loading assemblies
[2026-01-20 13:30:18.831 -03:00] [INF] [1] Jellyfin.Networking.Manager.NetworkManager: Defined LAN subnets: ["127.0.0.1/8", "10.0.0.0/8", "172.16.0.0/12", "192.168.0.0/16"]
[2026-01-20 13:30:18.831 -03:00] [INF] [1] Jellyfin.Networking.Manager.NetworkManager: Defined LAN exclusions: []
[2026-01-20 13:30:18.833 -03:00] [INF] [1] Jellyfin.Networking.Manager.NetworkManager: Used LAN subnets: ["127.0.0.1/8", "10.0.0.0/8", "172.16.0.0/12", "192.168.0.0/16"]
[2026-01-20 13:30:18.838 -03:00] [INF] [1] Jellyfin.Networking.Manager.NetworkManager: Filtered interface addresses: ["127.0.0.1", "172.19.0.3"]
[2026-01-20 13:30:18.838 -03:00] [INF] [1] Jellyfin.Networking.Manager.NetworkManager: Bind Addresses ["0.0.0.0"]
[2026-01-20 13:30:18.840 -03:00] [INF] [1] Jellyfin.Networking.Manager.NetworkManager: Remote IP filter is "Allowlist"
[2026-01-20 13:30:18.841 -03:00] [INF] [1] Jellyfin.Networking.Manager.NetworkManager: Filtered subnets: []
[2026-01-20 13:30:19.089 -03:00] [WRN] [12] Microsoft.Extensions.Diagnostics.HealthChecks.DefaultHealthCheckService: Health check "StartupCheck" with status Degraded completed after 0.0031ms with message '"Server is still starting up."'
[2026-01-20 13:30:20.014 -03:00] [INF] [1] Jellyfin.Database.Providers.Sqlite.SqliteDatabaseProvider: SQLite connection string: "Data Source=/config/data/data/jellyfin.db;Cache=Default;Default Timeout=30;Pooling=True"
[2026-01-20 13:30:20.015 -03:00] [INF] [1] Jellyfin.Database.Providers.Sqlite.SqliteDatabaseProvider: SQLITE connection pragma command set to: 
"PRAGMA locking_mode=NORMAL;
PRAGMA journal_size_limit=134217728;
PRAGMA synchronous=1;
PRAGMA temp_store=2;
"
[2026-01-20 13:30:20.016 -03:00] [INF] [1] Jellyfin.Database.Implementations.Locking.NoLockBehavior: The database locking mode has been set to: NoLock.
[2026-01-20 13:30:20.028 -03:00] [INF] [1] Main: Prepare system for possible migrations
[2026-01-20 13:30:20.215 -03:00] [WRN] [12] Microsoft.Extensions.Diagnostics.HealthChecks.DefaultHealthCheckService: Health check "StartupCheck" with status Degraded completed after 0.0036ms with message '"Server is still starting up."'
[2026-01-20 13:30:20.315 -03:00] [INF] [1] Main: A migration will attempt to modify the library.db, will attempt to backup the file now.
[2026-01-20 13:30:20.326 -03:00] [INF] [1] Main: Backing up "library.db" to "/config/data/data/library.db.bak1"
[2026-01-20 13:30:20.353 -03:00] [INF] [1] Main: "library.db" backed up to "/config/data/data/library.db.bak1"
[2026-01-20 13:30:20.353 -03:00] [INF] [1] Main: "library.db" has been backed up as "/config/data/data/library.db.bak1"
[2026-01-20 13:30:20.353 -03:00] [INF] [1] Main: A migration will attempt to modify the jellyfin.db, will attempt to backup the file now.
[2026-01-20 13:30:20.363 -03:00] [INF] [1] Main: Jellyfin database has been backed up as "20260120043020"
[2026-01-20 13:30:20.405 -03:00] [INF] [1] Jellyfin.Server.Migrations.JellyfinMigrationService: There are 0 migrations for stage CoreInitialisation.
[2026-01-20 13:30:20.417 -03:00] [INF] [1] InternalDatabaseMigration: Perform migration "20241020103111_LibraryDbMigration"
[2026-01-20 13:30:21.366 -03:00] [WRN] [12] Microsoft.Extensions.Diagnostics.HealthChecks.DefaultHealthCheckService: Health check "StartupCheck" with status Degraded completed after 0.0039ms with message '"Server is still starting up."'
[2026-01-20 13:30:21.807 -03:00] [INF] [1] InternalDatabaseMigration: Migration "20241020103111_LibraryDbMigration" was successfully applied
[2026-01-20 13:30:21.813 -03:00] [INF] [1] InternalDatabaseMigration: Perform migration "20241111131257_AddedCustomDataKey"
[2026-01-20 13:30:22.091 -03:00] [INF] [1] InternalDatabaseMigration: Migration "20241111131257_AddedCustomDataKey" was successfully applied
[2026-01-20 13:30:22.091 -03:00] [INF] [1] InternalDatabaseMigration: Perform migration "20241111135439_AddedCustomDataKeyKey"
[2026-01-20 13:30:22.444 -03:00] [WRN] [12] Microsoft.Extensions.Diagnostics.HealthChecks.DefaultHealthCheckService: Health check "StartupCheck" with status Degraded completed after 0.0034ms with message '"Server is still starting up."'
[2026-01-20 13:30:22.621 -03:00] [INF] [1] InternalDatabaseMigration: Migration "20241111135439_AddedCustomDataKeyKey" was successfully applied
[2026-01-20 13:30:22.622 -03:00] [INF] [1] InternalDatabaseMigration: Perform migration "20241112152323_FixAncestorIdConfig"
[2026-01-20 13:30:22.844 -03:00] [INF] [1] InternalDatabaseMigration: Migration "20241112152323_FixAncestorIdConfig" was successfully applied
[2026-01-20 13:30:22.847 -03:00] [INF] [1] InternalDatabaseMigration: Perform migration "20241112232041_FixMediaStreams"
[2026-01-20 13:30:23.264 -03:00] [INF] [1] InternalDatabaseMigration: Migration "20241112232041_FixMediaStreams" was successfully applied
[2026-01-20 13:30:23.264 -03:00] [INF] [1] InternalDatabaseMigration: Perform migration "20241112234144_FixMediaStreams2"
[2026-01-20 13:30:23.532 -03:00] [WRN] [12] Microsoft.Extensions.Diagnostics.HealthChecks.DefaultHealthCheckService: Health check "StartupCheck" with status Degraded completed after 0.0034ms with message '"Server is still starting up."'
[2026-01-20 13:30:23.773 -03:00] [INF] [1] InternalDatabaseMigration: Migration "20241112234144_FixMediaStreams2" was successfully applied
[2026-01-20 13:30:23.779 -03:00] [INF] [1] InternalDatabaseMigration: Perform migration "20241113133548_EnforceUniqueItemValue"
[2026-01-20 13:30:24.007 -03:00] [INF] [1] InternalDatabaseMigration: Migration "20241113133548_EnforceUniqueItemValue" was successfully applied
[2026-01-20 13:30:24.008 -03:00] [INF] [1] InternalDatabaseMigration: Perform migration "20250202021306_FixedCollation"
[2026-01-20 13:30:24.325 -03:00] [INF] [1] InternalDatabaseMigration: Migration "20250202021306_FixedCollation" was successfully applied
[2026-01-20 13:30:24.325 -03:00] [INF] [1] InternalDatabaseMigration: Perform migration "20250204092455_MakeStartEndDateNullable"
[2026-01-20 13:30:24.596 -03:00] [INF] [1] InternalDatabaseMigration: Migration "20250204092455_MakeStartEndDateNullable" was successfully applied
[2026-01-20 13:30:24.596 -03:00] [INF] [1] InternalDatabaseMigration: Perform migration "20250214031148_ChannelIdGuid"
[2026-01-20 13:30:24.605 -03:00] [WRN] [7] Microsoft.Extensions.Diagnostics.HealthChecks.DefaultHealthCheckService: Health check "StartupCheck" with status Degraded completed after 0.0034ms with message '"Server is still starting up."'
[2026-01-20 13:30:24.848 -03:00] [INF] [1] InternalDatabaseMigration: Migration "20250214031148_ChannelIdGuid" was successfully applied
[2026-01-20 13:30:24.849 -03:00] [INF] [1] InternalDatabaseMigration: Perform migration "20250326065026_AddInheritedParentalRatingSubValue"
[2026-01-20 13:30:25.084 -03:00] [INF] [1] InternalDatabaseMigration: Migration "20250326065026_AddInheritedParentalRatingSubValue" was successfully applied
[2026-01-20 13:30:25.091 -03:00] [INF] [1] InternalDatabaseMigration: Perform migration "20250327101120_AddKeyframeData"
[2026-01-20 13:30:25.242 -03:00] [INF] [1] InternalDatabaseMigration: Migration "20250327101120_AddKeyframeData" was successfully applied
[2026-01-20 13:30:25.242 -03:00] [INF] [1] InternalDatabaseMigration: Perform migration "20250327171413_AddHdr10PlusFlag"
[2026-01-20 13:30:25.378 -03:00] [INF] [1] InternalDatabaseMigration: Migration "20250327171413_AddHdr10PlusFlag" was successfully applied
[2026-01-20 13:30:25.378 -03:00] [INF] [1] InternalDatabaseMigration: Perform migration "20250331182844_FixAttachmentMigration"
[2026-01-20 13:30:25.497 -03:00] [INF] [1] InternalDatabaseMigration: Migration "20250331182844_FixAttachmentMigration" was successfully applied
[2026-01-20 13:30:25.497 -03:00] [INF] [1] InternalDatabaseMigration: Perform migration "20250401142247_FixAncestors"
[2026-01-20 13:30:25.596 -03:00] [INF] [1] InternalDatabaseMigration: Migration "20250401142247_FixAncestors" was successfully applied
[2026-01-20 13:30:25.597 -03:00] [INF] [1] InternalDatabaseMigration: Perform migration "20250405075612_FixItemValuesIndices"
[2026-01-20 13:30:25.682 -03:00] [WRN] [7] Microsoft.Extensions.Diagnostics.HealthChecks.DefaultHealthCheckService: Health check "StartupCheck" with status Degraded completed after 0.0033ms with message '"Server is still starting up."'
[2026-01-20 13:30:25.770 -03:00] [INF] [1] InternalDatabaseMigration: Migration "20250405075612_FixItemValuesIndices" was successfully applied
[2026-01-20 13:30:25.771 -03:00] [INF] [1] InternalDatabaseMigration: Perform migration "20250609115616_DetachUserDataInsteadOfDelete"
[2026-01-20 13:30:26.084 -03:00] [INF] [1] InternalDatabaseMigration: Migration "20250609115616_DetachUserDataInsteadOfDelete" was successfully applied
[2026-01-20 13:30:26.086 -03:00] [INF] [1] InternalDatabaseMigration: Perform migration "20250622170802_BaseItemImageInfoDateModifiedNullable"
[2026-01-20 13:30:26.485 -03:00] [INF] [1] InternalDatabaseMigration: Migration "20250622170802_BaseItemImageInfoDateModifiedNullable" was successfully applied
[2026-01-20 13:30:26.486 -03:00] [INF] [1] InternalDatabaseMigration: Perform migration "20250714044826_ResetJournalMode"
[2026-01-20 13:30:26.623 -03:00] [INF] [1] InternalDatabaseMigration: Migration "20250714044826_ResetJournalMode" was successfully applied
[2026-01-20 13:30:26.623 -03:00] [INF] [1] InternalDatabaseMigration: Perform migration "20250913211637_AddProperParentChildRelationBaseItemWithCascade"
[2026-01-20 13:30:26.756 -03:00] [WRN] [7] Microsoft.Extensions.Diagnostics.HealthChecks.DefaultHealthCheckService: Health check "StartupCheck" with status Degraded completed after 0.0032ms with message '"Server is still starting up."'
[2026-01-20 13:30:26.944 -03:00] [INF] [1] InternalDatabaseMigration: Migration "20250913211637_AddProperParentChildRelationBaseItemWithCascade" was successfully applied
[2026-01-20 13:30:26.944 -03:00] [INF] [1] InternalDatabaseMigration: Perform migration "20250925203415_ExtendPeopleMapKey"
[2026-01-20 13:30:27.119 -03:00] [INF] [1] InternalDatabaseMigration: Migration "20250925203415_ExtendPeopleMapKey" was successfully applied
[2026-01-20 13:30:27.867 -03:00] [WRN] [7] Microsoft.Extensions.Diagnostics.HealthChecks.DefaultHealthCheckService: Health check "StartupCheck" with status Degraded completed after 0.0028ms with message '"Server is still starting up."'
[2026-01-20 13:30:28.984 -03:00] [WRN] [7] Microsoft.Extensions.Diagnostics.HealthChecks.DefaultHealthCheckService: Health check "StartupCheck" with status Degraded completed after 0.0053ms with message '"Server is still starting up."'
[2026-01-20 13:30:30.099 -03:00] [WRN] [14] Microsoft.Extensions.Diagnostics.HealthChecks.DefaultHealthCheckService: Health check "StartupCheck" with status Degraded completed after 0.0035ms with message '"Server is still starting up."'
[2026-01-20 13:30:30.677 -03:00] [INF] [1] Emby.Server.Implementations.Plugins.PluginManager: Loaded plugin: "TMDb" "10.11.6.0"
[2026-01-20 13:30:30.682 -03:00] [INF] [1] Emby.Server.Implementations.Plugins.PluginManager: Loaded plugin: "Studio Images" "10.11.6.0"
[2026-01-20 13:30:30.683 -03:00] [INF] [1] Emby.Server.Implementations.Plugins.PluginManager: Loaded plugin: "OMDb" "10.11.6.0"
[2026-01-20 13:30:30.744 -03:00] [INF] [1] Emby.Server.Implementations.Plugins.PluginManager: Loaded plugin: "MusicBrainz" "10.11.6.0"
[2026-01-20 13:30:30.748 -03:00] [INF] [1] Emby.Server.Implementations.Plugins.PluginManager: Loaded plugin: "AudioDB" "10.11.6.0"
[2026-01-20 13:30:31.246 -03:00] [INF] [1] Jellyfin.Server.Migrations.JellyfinMigrationService: There are 11 migrations for stage AppInitialisation.
[2026-01-20 13:30:31.246 -03:00] [INF] [1] InternalCodeMigration: Perform migration "20250420193000_MigrateLibraryDbCompatibilityCheck"
[2026-01-20 13:30:31.248 -03:00] [WRN] [12] Microsoft.Extensions.Diagnostics.HealthChecks.DefaultHealthCheckService: Health check "StartupCheck" with status Degraded completed after 0.0034ms with message '"Server is still starting up."'
[2026-01-20 13:30:31.337 -03:00] [INF] [1] InternalCodeMigration: Migration "20250420193000_MigrateLibraryDbCompatibilityCheck" was successfully applied
[2026-01-20 13:30:31.338 -03:00] [INF] [1] InternalCodeMigration: Perform migration "20250420200000_MigrateLibraryDb"
[2026-01-20 13:30:31.390 -03:00] [INF] [1] Jellyfin.Server.Migrations.Routines.MigrateLibraryDb: Migrating the userdata from library.db may take a while, do not stop Jellyfin.
[2026-01-20 13:30:31.839 -03:00] [INF] [1] Jellyfin.Server.Migrations.Routines.MigrateLibraryDb: Start "Cleanup database"
[2026-01-20 13:30:32.059 -03:00] [INF] [1] Jellyfin.Server.Migrations.Routines.MigrateLibraryDb: "Cleanup database" took '00:00:00.2171345'
[2026-01-20 13:30:32.064 -03:00] [INF] [1] Jellyfin.Server.Migrations.Routines.MigrateLibraryDb: Start "Moving TypedBaseItem"
[2026-01-20 13:30:32.067 -03:00] [INF] [1] Jellyfin.Server.Migrations.Routines.MigrateLibraryDb: Start "Loading TypedBaseItems"
[2026-01-20 13:30:32.341 -03:00] [WRN] [14] Microsoft.Extensions.Diagnostics.HealthChecks.DefaultHealthCheckService: Health check "StartupCheck" with status Degraded completed after 0.0029ms with message '"Server is still starting up."'
[2026-01-20 13:30:33.424 -03:00] [WRN] [7] Microsoft.Extensions.Diagnostics.HealthChecks.DefaultHealthCheckService: Health check "StartupCheck" with status Degraded completed after 0.0036ms with message '"Server is still starting up."'
[2026-01-20 13:30:34.533 -03:00] [WRN] [12] Microsoft.Extensions.Diagnostics.HealthChecks.DefaultHealthCheckService: Health check "StartupCheck" with status Degraded completed after 0.0034ms with message '"Server is still starting up."'
[2026-01-20 13:30:34.670 -03:00] [INF] [1] Jellyfin.Server.Migrations.Routines.MigrateLibraryDb: "Loading TypedBaseItems" took '00:00:02.6030699'
[2026-01-20 13:30:34.673 -03:00] [INF] [1] Jellyfin.Server.Migrations.Routines.MigrateLibraryDb: Start "Clean TypedBaseItems hierarchy"
[2026-01-20 13:30:35.678 -03:00] [WRN] [12] Microsoft.Extensions.Diagnostics.HealthChecks.DefaultHealthCheckService: Health check "StartupCheck" with status Degraded completed after 0.003ms with message '"Server is still starting up."'
[2026-01-20 13:30:36.598 -03:00] [INF] [1] Jellyfin.Server.Migrations.Routines.MigrateLibraryDb: "Clean TypedBaseItems hierarchy" took '00:00:01.9250300'
[2026-01-20 13:30:36.612 -03:00] [INF] [1] Jellyfin.Server.Migrations.Routines.MigrateLibraryDb: Start "Saving 794 BaseItem entries"
[2026-01-20 13:30:36.762 -03:00] [WRN] [12] Microsoft.Extensions.Diagnostics.HealthChecks.DefaultHealthCheckService: Health check "StartupCheck" with status Degraded completed after 0.0189ms with message '"Server is still starting up."'
[2026-01-20 13:30:37.879 -03:00] [WRN] [14] Microsoft.Extensions.Diagnostics.HealthChecks.DefaultHealthCheckService: Health check "StartupCheck" with status Degraded completed after 0.0032ms with message '"Server is still starting up."'
[2026-01-20 13:30:38.939 -03:00] [WRN] [14] Microsoft.Extensions.Diagnostics.HealthChecks.DefaultHealthCheckService: Health check "StartupCheck" with status Degraded completed after 0.0034ms with message '"Server is still starting up."'
[2026-01-20 13:30:39.594 -03:00] [INF] [1] Jellyfin.Server.Migrations.Routines.MigrateLibraryDb: "Saving 794 BaseItem entries" took '00:00:02.9822317'
[2026-01-20 13:30:39.598 -03:00] [INF] [1] Jellyfin.Server.Migrations.Routines.MigrateLibraryDb: "Moving TypedBaseItem" took '00:00:07.5337068'
[2026-01-20 13:30:39.598 -03:00] [INF] [1] Jellyfin.Server.Migrations.Routines.MigrateLibraryDb: Start "Moving ItemValues"
[2026-01-20 13:30:39.599 -03:00] [INF] [1] Jellyfin.Server.Migrations.Routines.MigrateLibraryDb: Start "Loading ItemValues"
[2026-01-20 13:30:39.684 -03:00] [INF] [1] Jellyfin.Server.Migrations.Routines.MigrateLibraryDb: "Loading ItemValues" took '00:00:00.0855888'
[2026-01-20 13:30:39.685 -03:00] [INF] [1] Jellyfin.Server.Migrations.Routines.MigrateLibraryDb: Start "Saving 168 ItemValues entries"
[2026-01-20 13:30:39.816 -03:00] [INF] [1] Jellyfin.Server.Migrations.Routines.MigrateLibraryDb: "Saving 168 ItemValues entries" took '00:00:00.1306200'
[2026-01-20 13:30:39.817 -03:00] [INF] [1] Jellyfin.Server.Migrations.Routines.MigrateLibraryDb: "Moving ItemValues" took '00:00:00.2186774'
[2026-01-20 13:30:39.817 -03:00] [INF] [1] Jellyfin.Server.Migrations.Routines.MigrateLibraryDb: Start "Moving UserData"
[2026-01-20 13:30:39.817 -03:00] [INF] [1] Jellyfin.Server.Migrations.Routines.MigrateLibraryDb: Start "Loading UserData"
[2026-01-20 13:30:39.834 -03:00] [INF] [1] Jellyfin.Server.Migrations.Routines.MigrateLibraryDb: "Loading UserData" took '00:00:00.0171538'
[2026-01-20 13:30:39.835 -03:00] [INF] [1] Jellyfin.Server.Migrations.Routines.MigrateLibraryDb: Start "Saving 0 UserData entries"
[2026-01-20 13:30:39.836 -03:00] [INF] [1] Jellyfin.Server.Migrations.Routines.MigrateLibraryDb: "Saving 0 UserData entries" took '00:00:00.0004329'
[2026-01-20 13:30:39.836 -03:00] [INF] [1] Jellyfin.Server.Migrations.Routines.MigrateLibraryDb: "Moving UserData" took '00:00:00.0188406'
[2026-01-20 13:30:39.836 -03:00] [INF] [1] Jellyfin.Server.Migrations.Routines.MigrateLibraryDb: Start "Moving MediaStreamInfos"
[2026-01-20 13:30:39.836 -03:00] [INF] [1] Jellyfin.Server.Migrations.Routines.MigrateLibraryDb: Start "Loading MediaStreamInfos"
[2026-01-20 13:30:39.979 -03:00] [WRN] [12] Microsoft.Extensions.Diagnostics.HealthChecks.DefaultHealthCheckService: Health check "StartupCheck" with status Degraded completed after 0.0035ms with message '"Server is still starting up."'
[2026-01-20 13:30:40.072 -03:00] [INF] [1] Jellyfin.Server.Migrations.Routines.MigrateLibraryDb: "Loading MediaStreamInfos" took '00:00:00.2352735'
[2026-01-20 13:30:40.073 -03:00] [INF] [1] Jellyfin.Server.Migrations.Routines.MigrateLibraryDb: Start "Saving 805 MediaStreamInfos entries"
[2026-01-20 13:30:40.741 -03:00] [INF] [1] Jellyfin.Server.Migrations.Routines.MigrateLibraryDb: "Saving 805 MediaStreamInfos entries" took '00:00:00.6681894'
[2026-01-20 13:30:40.741 -03:00] [INF] [1] Jellyfin.Server.Migrations.Routines.MigrateLibraryDb: "Moving MediaStreamInfos" took '00:00:00.9049710'
[2026-01-20 13:30:40.742 -03:00] [INF] [1] Jellyfin.Server.Migrations.Routines.MigrateLibraryDb: Start "Moving AttachmentStreamInfos"
[2026-01-20 13:30:40.742 -03:00] [INF] [1] Jellyfin.Server.Migrations.Routines.MigrateLibraryDb: Start "Loading AttachmentStreamInfos"
[2026-01-20 13:30:40.776 -03:00] [INF] [1] Jellyfin.Server.Migrations.Routines.MigrateLibraryDb: "Loading AttachmentStreamInfos" took '00:00:00.0333306'
[2026-01-20 13:30:40.776 -03:00] [INF] [1] Jellyfin.Server.Migrations.Routines.MigrateLibraryDb: Start "Saving 52 AttachmentStreamInfos entries"
[2026-01-20 13:30:40.792 -03:00] [INF] [1] Jellyfin.Server.Migrations.Routines.MigrateLibraryDb: "Saving 52 AttachmentStreamInfos entries" took '00:00:00.0155954'
[2026-01-20 13:30:40.792 -03:00] [INF] [1] Jellyfin.Server.Migrations.Routines.MigrateLibraryDb: "Moving AttachmentStreamInfos" took '00:00:00.0500503'
[2026-01-20 13:30:40.792 -03:00] [INF] [1] Jellyfin.Server.Migrations.Routines.MigrateLibraryDb: Start "Moving People"
[2026-01-20 13:30:40.792 -03:00] [INF] [1] Jellyfin.Server.Migrations.Routines.MigrateLibraryDb: Start "Loading People"
[2026-01-20 13:30:40.984 -03:00] [INF] [1] Jellyfin.Server.Migrations.Routines.MigrateLibraryDb: "Loading People" took '00:00:00.1915160'
[2026-01-20 13:30:40.986 -03:00] [INF] [1] Jellyfin.Server.Migrations.Routines.MigrateLibraryDb: Start "Saving 694 People entries and 1754 maps"
[2026-01-20 13:30:41.020 -03:00] [WRN] [14] Microsoft.Extensions.Diagnostics.HealthChecks.DefaultHealthCheckService: Health check "StartupCheck" with status Degraded completed after 0.0027ms with message '"Server is still starting up."'
[2026-01-20 13:30:41.748 -03:00] [INF] [1] Jellyfin.Server.Migrations.Routines.MigrateLibraryDb: "Saving 694 People entries and 1754 maps" took '00:00:00.7613912'
[2026-01-20 13:30:41.748 -03:00] [INF] [1] Jellyfin.Server.Migrations.Routines.MigrateLibraryDb: "Moving People" took '00:00:00.9560685'
[2026-01-20 13:30:41.748 -03:00] [INF] [1] Jellyfin.Server.Migrations.Routines.MigrateLibraryDb: Start "Moving Chapters"
[2026-01-20 13:30:41.748 -03:00] [INF] [1] Jellyfin.Server.Migrations.Routines.MigrateLibraryDb: Start "Loading Chapters"
[2026-01-20 13:30:41.790 -03:00] [INF] [1] Jellyfin.Server.Migrations.Routines.MigrateLibraryDb: "Loading Chapters" took '00:00:00.0412068'
[2026-01-20 13:30:41.790 -03:00] [INF] [1] Jellyfin.Server.Migrations.Routines.MigrateLibraryDb: Start "Saving 352 Chapters entries"
[2026-01-20 13:30:41.903 -03:00] [INF] [1] Jellyfin.Server.Migrations.Routines.MigrateLibraryDb: "Saving 352 Chapters entries" took '00:00:00.1122148'
[2026-01-20 13:30:41.903 -03:00] [INF] [1] Jellyfin.Server.Migrations.Routines.MigrateLibraryDb: "Moving Chapters" took '00:00:00.1546235'
[2026-01-20 13:30:41.903 -03:00] [INF] [1] Jellyfin.Server.Migrations.Routines.MigrateLibraryDb: Start "Moving AncestorIds"
[2026-01-20 13:30:41.903 -03:00] [INF] [1] Jellyfin.Server.Migrations.Routines.MigrateLibraryDb: Start "Loading AncestorIds"
[2026-01-20 13:30:41.933 -03:00] [INF] [1] Jellyfin.Server.Migrations.Routines.MigrateLibraryDb: "Loading AncestorIds" took '00:00:00.0299912'
[2026-01-20 13:30:41.934 -03:00] [INF] [1] Jellyfin.Server.Migrations.Routines.MigrateLibraryDb: Start "Saving 383 AncestorId entries"
[2026-01-20 13:30:42.001 -03:00] [INF] [1] Jellyfin.Server.Migrations.Routines.MigrateLibraryDb: "Saving 383 AncestorId entries" took '00:00:00.0668605'
[2026-01-20 13:30:42.001 -03:00] [INF] [1] Jellyfin.Server.Migrations.Routines.MigrateLibraryDb: "Moving AncestorIds" took '00:00:00.0978773'
[2026-01-20 13:30:42.001 -03:00] [INF] [1] Jellyfin.Server.Migrations.Routines.MigrateLibraryDb: Migration of the Library.db done.
[2026-01-20 13:30:42.001 -03:00] [INF] [1] Jellyfin.Server.Migrations.Routines.MigrateLibraryDb: Migrating Library db took 00:00:10.6112517.
[2026-01-20 13:30:42.008 -03:00] [INF] [1] Jellyfin.Server.Migrations.Routines.MigrateLibraryDb: Move "/config/data/data/library.db" to "/config/data/data/library.db.old".
[2026-01-20 13:30:42.013 -03:00] [INF] [1] InternalCodeMigration: Migration "20250420200000_MigrateLibraryDb" was successfully applied
[2026-01-20 13:30:42.013 -03:00] [INF] [1] InternalCodeMigration: Perform migration "20250420210000_MoveExtractedFiles"
[2026-01-20 13:30:42.044 -03:00] [WRN] [14] Microsoft.Extensions.Diagnostics.HealthChecks.DefaultHealthCheckService: Health check "StartupCheck" with status Degraded completed after 0.0031ms with message '"Server is still starting up."'
[2026-01-20 13:30:42.070 -03:00] [INF] [1] Jellyfin.Server.Migrations.Routines.MoveExtractedFiles: Checking 67 items for movable extracted files.
[2026-01-20 13:30:42.080 -03:00] [INF] [1] Jellyfin.Server.Migrations.Routines.MoveExtractedFiles: Checked: 0 - Moved: 0 - Time: 00:00:00.0614725
[2026-01-20 13:30:42.320 -03:00] [INF] [1] Jellyfin.Server.Migrations.Routines.MoveExtractedFiles: Moved files for 0 items in 00:00:00.3013975
[2026-01-20 13:30:42.320 -03:00] [INF] [1] Jellyfin.Server.Migrations.Routines.MoveExtractedFiles: Cleaned up left over subtitles and attachments.
[2026-01-20 13:30:42.321 -03:00] [INF] [1] InternalCodeMigration: Migration "20250420210000_MoveExtractedFiles" was successfully applied
[2026-01-20 13:30:42.321 -03:00] [INF] [1] InternalCodeMigration: Perform migration "20250420220000_MigrateRatingLevels"
[2026-01-20 13:30:42.326 -03:00] [INF] [1] Jellyfin.Server.Migrations.Routines.MigrateRatingLevels: Recalculating parental rating levels based on rating string.
[2026-01-20 13:30:42.393 -03:00] [INF] [1] InternalCodeMigration: Migration "20250420220000_MigrateRatingLevels" was successfully applied
[2026-01-20 13:30:42.393 -03:00] [INF] [1] InternalCodeMigration: Perform migration "20250420230000_MoveTrickplayFiles"
[2026-01-20 13:30:42.623 -03:00] [INF] [1] Jellyfin.Server.Migrations.Routines.MoveTrickplayFiles: Checked: 5000 - Moved: 0 - Time: 00:00:00.2280549
[2026-01-20 13:30:42.624 -03:00] [INF] [1] Jellyfin.Server.Migrations.Routines.MoveTrickplayFiles: Moved 0 items in 00:00:00.2285837
[2026-01-20 13:30:42.624 -03:00] [INF] [1] InternalCodeMigration: Migration "20250420230000_MoveTrickplayFiles" was successfully applied
[2026-01-20 13:30:42.624 -03:00] [INF] [1] InternalCodeMigration: Perform migration "20250420230000_RefreshInternalDateModified"
[2026-01-20 13:30:42.675 -03:00] [INF] [1] Jellyfin.Server.Migrations.Routines.RefreshInternalDateModified: Checking if 51 potentially internal items require refreshed DateModified
[2026-01-20 13:30:42.718 -03:00] [INF] [1] Jellyfin.Server.Migrations.Routines.RefreshInternalDateModified: Checked: 51 - Refreshed: 51 - Time: 00:00:00.0899664
[2026-01-20 13:30:42.760 -03:00] [INF] [1] Jellyfin.Server.Migrations.Routines.RefreshInternalDateModified: Refreshed DateModified for 51 items in 00:00:00.1321240
[2026-01-20 13:30:42.761 -03:00] [INF] [1] Emby.Server.Implementations.ApplicationHost: Disposing "CoreAppHost"
[2026-01-20 13:30:42.761 -03:00] [INF] [1] Emby.Server.Implementations.ApplicationHost: Disposing "MusicBrainzArtistProvider"
[2026-01-20 13:30:42.762 -03:00] [INF] [1] Emby.Server.Implementations.ApplicationHost: Disposing "MusicBrainzAlbumProvider"
[2026-01-20 13:30:42.762 -03:00] [INF] [1] Emby.Server.Implementations.ApplicationHost: Disposing "PluginManager"
[2026-01-20 13:30:42.763 -03:00] [INF] [1] InternalCodeMigration: Migration "20250420230000_RefreshInternalDateModified" was successfully applied
[2026-01-20 13:30:42.763 -03:00] [INF] [1] InternalCodeMigration: Perform migration "20250421000000_MigrateKeyframeData"
[2026-01-20 13:30:42.769 -03:00] [INF] [1] Jellyfin.Server.Migrations.Routines.MigrateKeyframeData: Checking 67 items for importable keyframe data.
[2026-01-20 13:30:42.779 -03:00] [INF] [1] Jellyfin.Server.Migrations.Routines.MigrateKeyframeData: Checked: 67 - Imported: 0 - Time: 00:00:00.0141341
[2026-01-20 13:30:42.779 -03:00] [INF] [1] Jellyfin.Server.Migrations.Routines.MigrateKeyframeData: Imported keyframes for 0 items in 00:00:00.0144982
[2026-01-20 13:30:42.782 -03:00] [INF] [1] InternalCodeMigration: Migration "20250421000000_MigrateKeyframeData" was successfully applied
[2026-01-20 13:30:42.782 -03:00] [INF] [1] InternalCodeMigration: Perform migration "20250618010000_MigrateLibraryUserData"
[2026-01-20 13:30:42.785 -03:00] [INF] [1] Jellyfin.Server.Migrations.Routines.MigrateLibraryDb: Migrating the userdata from library.db.old may take a while, do not stop Jellyfin.
[2026-01-20 13:30:42.833 -03:00] [INF] [1] Jellyfin.Server.Migrations.Routines.MigrateLibraryDb: Try saving 0 UserData entries.
[2026-01-20 13:30:42.834 -03:00] [INF] [1] InternalCodeMigration: Migration "20250618010000_MigrateLibraryUserData" was successfully applied
[2026-01-20 13:30:42.834 -03:00] [INF] [1] InternalCodeMigration: Perform migration "20250620180000_FixDates"
[2026-01-20 13:30:42.842 -03:00] [INF] [1] Jellyfin.Server.Migrations.Routines.FixDates: Fixing dates for 795 BaseItems.
[2026-01-20 13:30:42.843 -03:00] [INF] [1] Jellyfin.Server.Migrations.Routines.FixDates: Processing BaseItems batch 1 (795/795) - Time: 00:00:00.0065212
[2026-01-20 13:30:43.065 -03:00] [WRN] [9] Microsoft.Extensions.Diagnostics.HealthChecks.DefaultHealthCheckService: Health check "StartupCheck" with status Degraded completed after 0.0028ms with message '"Server is still starting up."'
[2026-01-20 13:30:43.095 -03:00] [INF] [1] Jellyfin.Server.Migrations.Routines.FixDates: BaseItems: Processed 795 items, saved 76 changes in 00:00:00.2581826
[2026-01-20 13:30:43.100 -03:00] [INF] [1] Jellyfin.Server.Migrations.Routines.FixDates: Fixing dates for 352 Chapters.
[2026-01-20 13:30:43.101 -03:00] [INF] [1] Jellyfin.Server.Migrations.Routines.FixDates: Processing Chapter batch 1 (352/352) - Time: 00:00:00.0011747
[2026-01-20 13:30:43.348 -03:00] [INF] [1] Jellyfin.Server.Migrations.Routines.FixDates: Chapters: Processed 352 items, saved 352 changes in 00:00:00.2476189
[2026-01-20 13:30:43.355 -03:00] [INF] [1] Jellyfin.Server.Migrations.Routines.FixDates: Fixing dates for 374 BaseItemImageInfos.
[2026-01-20 13:30:43.356 -03:00] [INF] [1] Jellyfin.Server.Migrations.Routines.FixDates: Processing BaseItemImageInfos batch 1 (374/374) - Time: 00:00:00.0011397
[2026-01-20 13:30:43.515 -03:00] [INF] [1] Jellyfin.Server.Migrations.Routines.FixDates: BaseItemImageInfos: Processed 374 items, saved 0 changes in 00:00:00.1603155
[2026-01-20 13:30:43.516 -03:00] [INF] [1] InternalCodeMigration: Migration "20250620180000_FixDates" was successfully applied
[2026-01-20 13:30:43.516 -03:00] [INF] [1] InternalCodeMigration: Perform migration "20250730215000_ReseedFolderFlag"
[2026-01-20 13:30:43.519 -03:00] [INF] [1] Jellyfin.Server.Migrations.Routines.MigrateLibraryDb: Migration is skipped because it does not apply.
[2026-01-20 13:30:43.519 -03:00] [INF] [1] InternalCodeMigration: Migration "20250730215000_ReseedFolderFlag" was successfully applied
[2026-01-20 13:30:43.519 -03:00] [INF] [1] InternalCodeMigration: Perform migration "20251009200000_CleanMusicArtist"
[2026-01-20 13:30:43.530 -03:00] [INF] [1] Jellyfin.Server.Migrations.Routines.CleanMusicArtist: Delete 0 Artist and Album Artist person types from db
[2026-01-20 13:30:43.534 -03:00] [INF] [1] InternalCodeMigration: Migration "20251009200000_CleanMusicArtist" was successfully applied
[2026-01-20 13:30:43.535 -03:00] [INF] [1] Main: Attempt to cleanup librarydb backup.
[2026-01-20 13:30:43.536 -03:00] [INF] [1] Main: Attempt to cleanup JellyfinDb backup.
[2026-01-20 13:30:43.622 -03:00] [INF] [14] Main: Kestrel is listening on "0.0.0.0"
[2026-01-20 13:30:43.663 -03:00] [WRN] [12] Microsoft.AspNetCore.DataProtection.KeyManagement.XmlKeyManager: No XML encryptor configured. Key {20d2b6e6-121d-4d14-918b-b07dcfa35617} may be persisted to storage in unencrypted form.
[2026-01-20 13:30:44.334 -03:00] [WRN] [14] Microsoft.AspNetCore.StaticFiles.StaticFileMiddleware: The WebRootPath was not found: "/run/s6-rc:s6-rc-init:oGGdnD/servicedirs/svc-jellyfin/wwwroot". Static files may be unavailable.
[2026-01-20 13:30:44.363 -03:00] [INF] [14] Emby.Server.Implementations.ApplicationHost: Running startup tasks
[2026-01-20 13:30:44.364 -03:00] [INF] [9] Emby.Server.Implementations.IO.LibraryMonitor: Watching directory "/data/movies"
[2026-01-20 13:30:44.364 -03:00] [INF] [7] Emby.Server.Implementations.IO.LibraryMonitor: Watching directory "/data/tvshows"
[2026-01-20 13:30:44.364 -03:00] [INF] [12] Emby.Server.Implementations.IO.LibraryMonitor: Watching directory "/data/animes"
[2026-01-20 13:30:44.376 -03:00] [INF] [14] Emby.Server.Implementations.ScheduledTasks.TaskManager: Daily trigger for "Generate Trickplay Images" set to fire at 2026-01-21 03:00:00.000 -03:00, which is 13:29:15.6235837 from now.
[2026-01-20 13:30:44.379 -03:00] [INF] [14] Emby.Server.Implementations.ScheduledTasks.TaskManager: Daily trigger for "Extract Chapter Images" set to fire at 2026-01-21 02:00:00.000 -03:00, which is 12:29:15.6203129 from now.
[2026-01-20 13:30:44.518 -03:00] [INF] [14] MediaBrowser.MediaEncoding.Encoder.MediaEncoder: Found ffmpeg version "7.1.3"
[2026-01-20 13:30:44.565 -03:00] [INF] [14] MediaBrowser.MediaEncoding.Encoder.MediaEncoder: Available "decoders": ["libdav1d", "av1", "av1_cuvid", "av1_qsv", "h264", "h264_qsv", "h264_cuvid", "hevc", "hevc_qsv", "hevc_cuvid", "mpeg2video", "mpeg2_qsv", "mpeg2_cuvid", "mpeg4", "mpeg4_cuvid", "msmpeg4", "vc1_qsv", "vc1_cuvid", "vp8", "libvpx", "vp8_cuvid", "vp8_qsv", "vp9", "libvpx-vp9", "vp9_cuvid", "vp9_qsv", "aac", "ac3", "ac4", "dca", "flac", "mp3", "truehd"]
[2026-01-20 13:30:44.586 -03:00] [INF] [14] MediaBrowser.MediaEncoding.Encoder.MediaEncoder: Available "encoders": ["libsvtav1", "av1_nvenc", "av1_qsv", "av1_amf", "av1_vaapi", "libx264", "h264_amf", "h264_nvenc", "h264_qsv", "h264_v4l2m2m", "h264_vaapi", "libx265", "hevc_amf", "hevc_nvenc", "hevc_qsv", "hevc_vaapi", "mjpeg_qsv", "mjpeg_vaapi", "aac", "libfdk_aac", "ac3", "alac", "dca", "flac", "libmp3lame", "libopus", "truehd", "libvorbis", "srt"]
[2026-01-20 13:30:44.609 -03:00] [INF] [14] MediaBrowser.MediaEncoding.Encoder.MediaEncoder: Available filters: ["bwdif_cuda", "bwdif_opencl", "deinterlace_qsv", "deinterlace_vaapi", "flip_vulkan", "hwupload_cuda", "hwupload_vaapi", "libplacebo", "overlay_opencl", "overlay_qsv", "overlay_vaapi", "overlay_vulkan", "overlay_cuda", "procamp_vaapi", "scale_cuda", "scale_opencl", "scale_qsv", "scale_vaapi", "scale_vulkan", "tonemapx", "tonemap_cuda", "tonemap_opencl", "tonemap_vaapi", "transpose_cuda", "transpose_opencl", "transpose_vaapi", "transpose_vulkan", "vpp_qsv", "yadif_cuda", "yadif_opencl", "zscale", "alphasrc"]
[2026-01-20 13:30:44.931 -03:00] [INF] [14] MediaBrowser.MediaEncoding.Encoder.MediaEncoder: Available hwaccel types: ["cuda", "vaapi", "qsv", "drm", "opencl", "vulkan"]
[2026-01-20 13:30:47.457 -03:00] [INF] [22] Emby.Server.Implementations.ScheduledTasks.TaskManager: "Clean Transcode Directory" Completed after 0 minute(s) and 0 seconds
[2026-01-20 13:30:47.649 -03:00] [INF] [9] Emby.Server.Implementations.ScheduledTasks.TaskManager: "Clean up collections and playlists" Completed after 0 minute(s) and 0 seconds
[2026-01-20 13:30:50.374 -03:00] [INF] [7] Emby.Server.Implementations.ScheduledTasks.TaskManager: "Update Plugins" Completed after 0 minute(s) and 2 seconds
[2026-01-20 13:31:32.209 -03:00] [INF] [14] MediaBrowser.MediaEncoding.Encoder.MediaEncoder: FFmpeg: "/usr/lib/jellyfin-ffmpeg/ffmpeg"
[2026-01-20 13:31:32.211 -03:00] [INF] [14] Emby.Server.Implementations.ApplicationHost: ServerId: "4033a488f53e473194d2ac8b68dcd02f"
[2026-01-20 13:31:32.212 -03:00] [INF] [14] Emby.Server.Implementations.ApplicationHost: Core startup complete
[2026-01-20 13:31:32.213 -03:00] [INF] [14] Main: Startup complete 0:01:28.7442114
[2026-01-20 14:30:44.384 -03:00] [INF] [39] Emby.Server.Implementations.ScheduledTasks.TaskManager: "Download missing subtitles" Completed after 0 minute(s) and 0 seconds
[2026-01-20 14:30:44.417 -03:00] [INF] [37] Emby.Server.Implementations.ScheduledTasks.TaskManager: "Clean Log Directory" Completed after 0 minute(s) and 0 seconds
[2026-01-20 14:30:44.418 -03:00] [INF] [39] Emby.Server.Implementations.ScheduledTasks.TaskManager: "Clean Cache Directory" Completed after 0 minute(s) and 0 seconds
[2026-01-20 14:30:44.493 -03:00] [INF] [37] Emby.Server.Implementations.ScheduledTasks.Tasks.OptimizeDatabaseTask: Optimizing and vacuuming jellyfin.db...
[2026-01-20 14:30:44.564 -03:00] [INF] [37] Jellyfin.Database.Providers.Sqlite.SqliteDatabaseProvider: jellyfin.db optimized successfully!
[2026-01-20 14:30:44.564 -03:00] [INF] [37] Emby.Server.Implementations.ScheduledTasks.TaskManager: "Optimize database" Completed after 0 minute(s) and 0 seconds
[2026-01-20 14:30:44.725 -03:00] [INF] [39] Emby.Server.Implementations.ScheduledTasks.TaskManager: "Media Segment Scan" Completed after 0 minute(s) and 0 seconds
[2026-01-20 14:30:44.758 -03:00] [INF] [36] Emby.Server.Implementations.ScheduledTasks.TaskManager: "Download missing lyrics" Completed after 0 minute(s) and 0 seconds
[2026-01-20 14:30:44.852 -03:00] [INF] [35] Emby.Server.Implementations.ScheduledTasks.TaskManager: "Audio Normalization" Completed after 0 minute(s) and 0 seconds
[2026-01-20 14:30:44.937 -03:00] [INF] [36] Emby.Server.Implementations.ScheduledTasks.TaskManager: "TasksRefreshChannels" Completed after 0 minute(s) and 0 seconds
[2026-01-20 14:30:47.828 -03:00] [INF] [39] Jellyfin.LiveTv.Guide.GuideManager: Refreshing guide with 7 days of guide data
[2026-01-20 14:30:47.842 -03:00] [INF] [39] Emby.Server.Implementations.ScheduledTasks.TaskManager: "Refresh Guide" Completed after 0 minute(s) and 3 seconds
[2026-01-20 14:30:58.662 -03:00] [INF] [37] Emby.Server.Implementations.Library.LibraryManager: People validation complete
[2026-01-20 14:30:58.682 -03:00] [WRN] [37] Microsoft.EntityFrameworkCore.Query: The query uses a row limiting operator ('Skip'/'Take') without an 'OrderBy' operator. This may lead to unpredictable results. If the 'Distinct' operator is used after 'OrderBy', then make sure to use the 'OrderBy' operator after 'Distinct' as the ordering would otherwise get erased.
[2026-01-20 14:30:58.700 -03:00] [INF] [37] Emby.Server.Implementations.ScheduledTasks.TaskManager: "Refresh People" Completed after 0 minute(s) and 14 seconds
[2026-01-20 15:30:46.318 -03:00] [INF] [40] Emby.Server.Implementations.Library.LibraryManager: People validation complete
[2026-01-20 15:30:46.321 -03:00] [INF] [40] Emby.Server.Implementations.ScheduledTasks.TaskManager: "Refresh People" Completed after 0 minute(s) and 0 seconds
[2026-01-20 15:30:48.754 -03:00] [INF] [14] Jellyfin.LiveTv.Guide.GuideManager: Refreshing guide with 7 days of guide data
[2026-01-20 15:30:48.757 -03:00] [INF] [14] Emby.Server.Implementations.ScheduledTasks.TaskManager: "Refresh Guide" Completed after 0 minute(s) and 3 seconds
[2026-01-20 19:38:49.321 -03:00] [INF] [95] Emby.Server.Implementations.Session.SessionManager: Sending shutdown notifications
[2026-01-20 19:38:49.385 -03:00] [INF] [3] Main: Running query planner optimizations in the database... This might take a while
[2026-01-20 19:38:49.512 -03:00] [INF] [3] Emby.Server.Implementations.IO.LibraryMonitor: Stopping directory watching for path "/data/tvshows"
[2026-01-20 19:38:49.512 -03:00] [INF] [3] Emby.Server.Implementations.IO.LibraryMonitor: Stopping directory watching for path "/data/animes"
[2026-01-20 19:38:49.512 -03:00] [INF] [3] Emby.Server.Implementations.IO.LibraryMonitor: Stopping directory watching for path "/data/movies"
[2026-01-20 19:39:02.688 -03:00] [INF] [1] Emby.Server.Implementations.AppBase.BaseConfigurationManager: Setting cache path: "/config/cache"
[2026-01-20 19:39:03.986 -03:00] [INF] [1] Jellyfin.Server.ServerSetupApp.SetupServer: Kestrel is listening on "0.0.0.0"
[2026-01-20 19:39:04.095 -03:00] [INF] [1] Main: Jellyfin version: "10.11.6"
[2026-01-20 19:39:04.113 -03:00] [INF] [1] Main: Environment Variables: ["[JELLYFIN_CACHE_DIR, /config/cache]", "[JELLYFIN_WEB_DIR, /usr/share/jellyfin/web]", "[JELLYFIN_DATA_DIR, /config/data]", "[JELLYFIN_CONFIG_DIR, /config]", "[JELLYFIN_LOG_DIR, /config/log]"]
[2026-01-20 19:39:04.130 -03:00] [INF] [1] Main: Arguments: ["/usr/lib/jellyfin/bin/jellyfin.dll", "--ffmpeg=/usr/lib/jellyfin-ffmpeg/ffmpeg"]
[2026-01-20 19:39:04.132 -03:00] [INF] [1] Main: Operating system: "Ubuntu 24.04.3 LTS"
[2026-01-20 19:39:04.134 -03:00] [INF] [1] Main: Architecture: X64
[2026-01-20 19:39:04.137 -03:00] [INF] [1] Main: 64-Bit Process: True
[2026-01-20 19:39:04.137 -03:00] [INF] [1] Main: User Interactive: True
[2026-01-20 19:39:04.138 -03:00] [INF] [1] Main: Processor count: 4
[2026-01-20 19:39:04.138 -03:00] [INF] [1] Main: Program data path: "/config/data"
[2026-01-20 19:39:04.140 -03:00] [INF] [1] Main: Log directory path: "/config/log"
[2026-01-20 19:39:04.140 -03:00] [INF] [1] Main: Config directory path: "/config"
[2026-01-20 19:39:04.141 -03:00] [INF] [1] Main: Cache path: "/config/cache"
[2026-01-20 19:39:04.141 -03:00] [INF] [1] Main: Temp directory path: "/tmp/jellyfin"
[2026-01-20 19:39:04.143 -03:00] [INF] [1] Main: Web resources path: "/usr/share/jellyfin/web"
[2026-01-20 19:39:04.147 -03:00] [INF] [1] Main: Application directory: "/usr/lib/jellyfin/bin/"
[2026-01-20 19:39:04.196 -03:00] [INF] [1] Jellyfin.Server.Startup: Storage path `"/config/data/data"` (Fixed) successfully checked with "188.2GiB" free which is over the minimum of "2GiB".
[2026-01-20 19:39:04.198 -03:00] [INF] [1] Jellyfin.Server.Startup: Storage path `"/config/cache"` (Fixed) successfully checked with "188.2GiB" free which is over the minimum of "2GiB".
[2026-01-20 19:39:04.198 -03:00] [INF] [1] Jellyfin.Server.Startup: Storage path `"/config/data"` (Fixed) successfully checked with "188.2GiB" free which is over the minimum of "2GiB".
[2026-01-20 19:39:04.212 -03:00] [INF] [1] Emby.Server.Implementations.AppBase.BaseConfigurationManager: Setting cache path: "/config/cache"
[2026-01-20 19:39:04.601 -03:00] [INF] [1] Jellyfin.Database.Providers.Sqlite.SqliteDatabaseProvider: SQLite connection string: "Data Source=/config/data/data/jellyfin.db;Cache=Default;Default Timeout=30;Pooling=True"
[2026-01-20 19:39:04.647 -03:00] [INF] [1] Jellyfin.Database.Providers.Sqlite.SqliteDatabaseProvider: SQLITE connection pragma command set to: 
"PRAGMA locking_mode=NORMAL;
PRAGMA journal_size_limit=134217728;
PRAGMA synchronous=1;
PRAGMA temp_store=2;
"
[2026-01-20 19:39:04.664 -03:00] [INF] [1] Jellyfin.Database.Implementations.Locking.NoLockBehavior: The database locking mode has been set to: NoLock.
[2026-01-20 19:39:05.167 -03:00] [INF] [1] Jellyfin.Server.Migrations.JellyfinMigrationService: Initialise Migration service.
[2026-01-20 19:39:05.346 -03:00] [WRN] [11] Microsoft.Extensions.Diagnostics.HealthChecks.DefaultHealthCheckService: Health check "StartupCheck" with status Degraded completed after 23.5602ms with message '"Server is still starting up."'
[2026-01-20 19:39:06.715 -03:00] [WRN] [7] Microsoft.Extensions.Diagnostics.HealthChecks.DefaultHealthCheckService: Health check "StartupCheck" with status Degraded completed after 0.1052ms with message '"Server is still starting up."'
[2026-01-20 19:39:07.842 -03:00] [WRN] [7] Microsoft.Extensions.Diagnostics.HealthChecks.DefaultHealthCheckService: Health check "StartupCheck" with status Degraded completed after 0.0042ms with message '"Server is still starting up."'
[2026-01-20 19:39:08.989 -03:00] [WRN] [11] Microsoft.Extensions.Diagnostics.HealthChecks.DefaultHealthCheckService: Health check "StartupCheck" with status Degraded completed after 0.0021ms with message '"Server is still starting up."'
[2026-01-20 19:39:10.082 -03:00] [WRN] [12] Microsoft.Extensions.Diagnostics.HealthChecks.DefaultHealthCheckService: Health check "StartupCheck" with status Degraded completed after 0.0082ms with message '"Server is still starting up."'
[2026-01-20 19:39:10.502 -03:00] [INF] [1] Jellyfin.Server.Migrations.JellyfinMigrationService: There are 0 migrations for stage PreInitialisation.
[2026-01-20 19:39:10.582 -03:00] [INF] [1] Emby.Server.Implementations.AppBase.BaseConfigurationManager: Setting cache path: "/config/cache"
[2026-01-20 19:39:10.710 -03:00] [INF] [1] Emby.Server.Implementations.ApplicationHost: Loading assemblies
[2026-01-20 19:39:10.938 -03:00] [INF] [1] Jellyfin.Networking.Manager.NetworkManager: Defined LAN subnets: ["127.0.0.1/8", "10.0.0.0/8", "172.16.0.0/12", "192.168.0.0/16"]
[2026-01-20 19:39:10.938 -03:00] [INF] [1] Jellyfin.Networking.Manager.NetworkManager: Defined LAN exclusions: []
[2026-01-20 19:39:10.942 -03:00] [INF] [1] Jellyfin.Networking.Manager.NetworkManager: Used LAN subnets: ["127.0.0.1/8", "10.0.0.0/8", "172.16.0.0/12", "192.168.0.0/16"]
[2026-01-20 19:39:10.948 -03:00] [INF] [1] Jellyfin.Networking.Manager.NetworkManager: Filtered interface addresses: ["127.0.0.1", "172.19.0.4"]
[2026-01-20 19:39:10.952 -03:00] [INF] [1] Jellyfin.Networking.Manager.NetworkManager: Bind Addresses ["0.0.0.0"]
[2026-01-20 19:39:10.952 -03:00] [INF] [1] Jellyfin.Networking.Manager.NetworkManager: Remote IP filter is "Allowlist"
[2026-01-20 19:39:10.952 -03:00] [INF] [1] Jellyfin.Networking.Manager.NetworkManager: Filtered subnets: []
[2026-01-20 19:39:11.244 -03:00] [WRN] [15] Microsoft.Extensions.Diagnostics.HealthChecks.DefaultHealthCheckService: Health check "StartupCheck" with status Degraded completed after 0.003ms with message '"Server is still starting up."'
[2026-01-20 19:39:11.691 -03:00] [INF] [1] Jellyfin.Database.Providers.Sqlite.SqliteDatabaseProvider: SQLite connection string: "Data Source=/config/data/data/jellyfin.db;Cache=Default;Default Timeout=30;Pooling=True"
[2026-01-20 19:39:11.691 -03:00] [INF] [1] Jellyfin.Database.Providers.Sqlite.SqliteDatabaseProvider: SQLITE connection pragma command set to: 
"PRAGMA locking_mode=NORMAL;
PRAGMA journal_size_limit=134217728;
PRAGMA synchronous=1;
PRAGMA temp_store=2;
"
[2026-01-20 19:39:11.692 -03:00] [INF] [1] Jellyfin.Database.Implementations.Locking.NoLockBehavior: The database locking mode has been set to: NoLock.
[2026-01-20 19:39:11.701 -03:00] [INF] [1] Main: Prepare system for possible migrations
[2026-01-20 19:39:11.925 -03:00] [INF] [1] Jellyfin.Server.Migrations.JellyfinMigrationService: There are 0 migrations for stage CoreInitialisation.
[2026-01-20 19:39:12.399 -03:00] [WRN] [15] Microsoft.Extensions.Diagnostics.HealthChecks.DefaultHealthCheckService: Health check "StartupCheck" with status Degraded completed after 0.0028ms with message '"Server is still starting up."'
[2026-01-20 19:39:13.490 -03:00] [WRN] [15] Microsoft.Extensions.Diagnostics.HealthChecks.DefaultHealthCheckService: Health check "StartupCheck" with status Degraded completed after 0.0028ms with message '"Server is still starting up."'
[2026-01-20 19:39:14.555 -03:00] [WRN] [7] Microsoft.Extensions.Diagnostics.HealthChecks.DefaultHealthCheckService: Health check "StartupCheck" with status Degraded completed after 0.0023ms with message '"Server is still starting up."'
[2026-01-20 19:39:14.565 -03:00] [INF] [1] Emby.Server.Implementations.Plugins.PluginManager: Loaded plugin: "TMDb" "10.11.6.0"
[2026-01-20 19:39:14.570 -03:00] [INF] [1] Emby.Server.Implementations.Plugins.PluginManager: Loaded plugin: "Studio Images" "10.11.6.0"
[2026-01-20 19:39:14.570 -03:00] [INF] [1] Emby.Server.Implementations.Plugins.PluginManager: Loaded plugin: "OMDb" "10.11.6.0"
[2026-01-20 19:39:14.658 -03:00] [INF] [1] Emby.Server.Implementations.Plugins.PluginManager: Loaded plugin: "MusicBrainz" "10.11.6.0"
[2026-01-20 19:39:14.661 -03:00] [INF] [1] Emby.Server.Implementations.Plugins.PluginManager: Loaded plugin: "AudioDB" "10.11.6.0"
[2026-01-20 19:39:14.926 -03:00] [INF] [1] Jellyfin.Server.Migrations.JellyfinMigrationService: There are 0 migrations for stage AppInitialisation.
[2026-01-20 19:39:15.127 -03:00] [INF] [7] Main: Kestrel is listening on "0.0.0.0"
[2026-01-20 19:39:18.946 -03:00] [WRN] [7] Microsoft.AspNetCore.StaticFiles.StaticFileMiddleware: The WebRootPath was not found: "/run/s6-rc:s6-rc-init:FDIegC/servicedirs/svc-jellyfin/wwwroot". Static files may be unavailable.
[2026-01-20 19:39:19.088 -03:00] [INF] [7] Emby.Server.Implementations.ApplicationHost: Running startup tasks
[2026-01-20 19:39:19.106 -03:00] [INF] [12] Emby.Server.Implementations.IO.LibraryMonitor: Watching directory "/data/tvshows"
[2026-01-20 19:39:19.110 -03:00] [INF] [11] Emby.Server.Implementations.IO.LibraryMonitor: Watching directory "/data/movies"
[2026-01-20 19:39:19.115 -03:00] [INF] [15] Emby.Server.Implementations.IO.LibraryMonitor: Watching directory "/data/animes"
[2026-01-20 19:39:19.133 -03:00] [INF] [7] Emby.Server.Implementations.ScheduledTasks.TaskManager: Daily trigger for "Generate Trickplay Images" set to fire at 2026-01-21 03:00:00.000 -03:00, which is 07:20:40.8668754 from now.
[2026-01-20 19:39:19.173 -03:00] [INF] [7] Emby.Server.Implementations.ScheduledTasks.TaskManager: Daily trigger for "Extract Chapter Images" set to fire at 2026-01-21 02:00:00.000 -03:00, which is 06:20:40.8266099 from now.
[2026-01-20 19:39:19.511 -03:00] [INF] [7] MediaBrowser.MediaEncoding.Encoder.MediaEncoder: Found ffmpeg version "7.1.3"
[2026-01-20 19:39:19.638 -03:00] [INF] [7] MediaBrowser.MediaEncoding.Encoder.MediaEncoder: Available "decoders": ["libdav1d", "av1", "av1_cuvid", "av1_qsv", "h264", "h264_qsv", "h264_cuvid", "hevc", "hevc_qsv", "hevc_cuvid", "mpeg2video", "mpeg2_qsv", "mpeg2_cuvid", "mpeg4", "mpeg4_cuvid", "msmpeg4", "vc1_qsv", "vc1_cuvid", "vp8", "libvpx", "vp8_cuvid", "vp8_qsv", "vp9", "libvpx-vp9", "vp9_cuvid", "vp9_qsv", "aac", "ac3", "ac4", "dca", "flac", "mp3", "truehd"]
[2026-01-20 19:39:19.706 -03:00] [INF] [7] MediaBrowser.MediaEncoding.Encoder.MediaEncoder: Available "encoders": ["libsvtav1", "av1_nvenc", "av1_qsv", "av1_amf", "av1_vaapi", "libx264", "h264_amf", "h264_nvenc", "h264_qsv", "h264_v4l2m2m", "h264_vaapi", "libx265", "hevc_amf", "hevc_nvenc", "hevc_qsv", "hevc_vaapi", "mjpeg_qsv", "mjpeg_vaapi", "aac", "libfdk_aac", "ac3", "alac", "dca", "flac", "libmp3lame", "libopus", "truehd", "libvorbis", "srt"]
[2026-01-20 19:39:19.752 -03:00] [INF] [7] MediaBrowser.MediaEncoding.Encoder.MediaEncoder: Available filters: ["bwdif_cuda", "bwdif_opencl", "deinterlace_qsv", "deinterlace_vaapi", "flip_vulkan", "hwupload_cuda", "hwupload_vaapi", "libplacebo", "overlay_opencl", "overlay_qsv", "overlay_vaapi", "overlay_vulkan", "overlay_cuda", "procamp_vaapi", "scale_cuda", "scale_opencl", "scale_qsv", "scale_vaapi", "scale_vulkan", "tonemapx", "tonemap_cuda", "tonemap_opencl", "tonemap_vaapi", "transpose_cuda", "transpose_opencl", "transpose_vaapi", "transpose_vulkan", "vpp_qsv", "yadif_cuda", "yadif_opencl", "zscale", "alphasrc"]
[2026-01-20 19:39:20.665 -03:00] [INF] [7] MediaBrowser.MediaEncoding.Encoder.MediaEncoder: Available hwaccel types: ["cuda", "vaapi", "qsv", "drm", "opencl", "vulkan"]
[2026-01-20 19:39:22.230 -03:00] [INF] [15] Emby.Server.Implementations.ScheduledTasks.TaskManager: "Clean Transcode Directory" Completed after 0 minute(s) and 0 seconds
[2026-01-20 19:39:22.276 -03:00] [INF] [21] Emby.Server.Implementations.ScheduledTasks.TaskManager: "Clean up collections and playlists" Completed after 0 minute(s) and 0 seconds
[2026-01-20 19:39:24.861 -03:00] [INF] [15] Emby.Server.Implementations.ScheduledTasks.TaskManager: "Update Plugins" Completed after 0 minute(s) and 2 seconds
[2026-01-20 19:39:35.203 -03:00] [INF] [7] MediaBrowser.MediaEncoding.Encoder.MediaEncoder: FFmpeg: "/usr/lib/jellyfin-ffmpeg/ffmpeg"
[2026-01-20 19:39:35.204 -03:00] [INF] [7] Emby.Server.Implementations.ApplicationHost: ServerId: "4033a488f53e473194d2ac8b68dcd02f"
[2026-01-20 19:39:35.204 -03:00] [INF] [7] Emby.Server.Implementations.ApplicationHost: Core startup complete
[2026-01-20 19:39:35.204 -03:00] [INF] [7] Main: Startup complete 0:00:34.2670201
[2026-01-20 19:41:47.790 -03:00] [INF] [3] Emby.Server.Implementations.IO.LibraryMonitor: "tvshows" ("/data/tvshows") will be refreshed.
[2026-01-20 19:41:48.280 -03:00] [INF] [25] Emby.Server.Implementations.Library.LibraryManager: Removing item, Type: "Series", Name: "Dune: Prophecy", Path: "/data/tvshows/Dune Prophecy (2024)", Id: a0889ba6-5a8d-d224-474f-4f57aff4a6d0
[2026-01-20 19:41:48.512 -03:00] [INF] [25] Emby.Server.Implementations.Library.LibraryManager: Removing item, Type: "Series", Name: "Landman", Path: "/data/tvshows/Landman (2024)", Id: 1c696258-f940-445e-0400-15be3ea92d2c
[2026-01-20 19:41:48.739 -03:00] [INF] [25] Emby.Server.Implementations.Library.LibraryManager: Removing item, Type: "Series", Name: "Moon Knight", Path: "/data/tvshows/Moon Knight (2022)", Id: 3b9a405d-7e04-1dc6-d69e-b592b39a5859
[2026-01-20 19:41:48.813 -03:00] [INF] [25] Emby.Server.Implementations.Library.LibraryManager: Removing item, Type: "Series", Name: "Outlander", Path: "/data/tvshows/Outlander", Id: 0f6948cb-b6da-eeea-83a0-e2c2b0d0bb74
[2026-01-20 19:41:48.925 -03:00] [INF] [25] Emby.Server.Implementations.Library.LibraryManager: Removing item, Type: "Series", Name: "Silo", Path: "/data/tvshows/Silo (2023)", Id: 4c49c3ac-8143-4a5f-3a57-09c712a18543
[2026-01-20 19:41:56.706 -03:00] [INF] [26] MediaBrowser.Providers.TV.SeriesMetadataService: Creating Season "Season Unknown" entry for "Tulsa King"
[2026-01-20 19:42:13.265 -03:00] [INF] [3] MediaBrowser.Providers.TV.SeriesMetadataService: Removing virtual season null in series "Tulsa King"
[2026-01-20 19:42:13.265 -03:00] [INF] [3] Emby.Server.Implementations.Library.LibraryManager: Removing item, Type: "Season", Name: "Season Unknown", Path: "", Id: a73da137-9c00-961b-3dd9-19eff3068633
[2026-01-20 19:47:12.391 -03:00] [INF] [3] Emby.Server.Implementations.IO.LibraryMonitor: "Season 3" ("/data/tvshows/Tulsa King (2022)/Season 3") will be refreshed.
