[2026-01-21 01:40:19.210 -03:00] [INF] [45] Emby.Server.Implementations.ScheduledTasks.Tasks.OptimizeDatabaseTask: Optimizing and vacuuming jellyfin.db...
[2026-01-21 01:40:19.265 -03:00] [INF] [45] Jellyfin.Database.Providers.Sqlite.SqliteDatabaseProvider: jellyfin.db optimized successfully!
[2026-01-21 01:40:19.265 -03:00] [INF] [45] Emby.Server.Implementations.ScheduledTasks.TaskManager: "Optimize database" Completed after 0 minute(s) and 0 seconds
[2026-01-21 02:00:00.073 -03:00] [INF] [58] Emby.Server.Implementations.Chapters.ChapterManager: Skipping chapter image extraction for "The Pale Blue Eye" as the average chapter duration 0 was lower than the minimum threshold 10000000
[2026-01-21 02:00:00.074 -03:00] [INF] [58] Emby.Server.Implementations.ScheduledTasks.TaskManager: "Extract Chapter Images" Completed after 0 minute(s) and 0 seconds
[2026-01-21 02:00:01.001 -03:00] [INF] [60] Emby.Server.Implementations.ScheduledTasks.TaskManager: Daily trigger for "Extract Chapter Images" set to fire at 2026-01-22 02:00:00.000 -03:00, which is 23:59:58.9981066 from now.
[2026-01-21 03:00:00.195 -03:00] [INF] [31] Emby.Server.Implementations.ScheduledTasks.TaskManager: "Generate Trickplay Images" Completed after 0 minute(s) and 0 seconds
[2026-01-21 03:00:01.010 -03:00] [INF] [31] Emby.Server.Implementations.ScheduledTasks.TaskManager: Daily trigger for "Generate Trickplay Images" set to fire at 2026-01-22 03:00:00.000 -03:00, which is 23:59:58.9897720 from now.
[2026-01-21 07:40:19.225 -03:00] [INF] [41] Emby.Server.Implementations.IO.LibraryMonitor: Stopping directory watching for path "/data/tvshows"
[2026-01-21 07:40:19.226 -03:00] [INF] [41] Emby.Server.Implementations.IO.LibraryMonitor: Stopping directory watching for path "/data/movies"
[2026-01-21 07:40:19.226 -03:00] [INF] [41] Emby.Server.Implementations.IO.LibraryMonitor: Stopping directory watching for path "/data/animes"
[2026-01-21 07:40:19.228 -03:00] [INF] [41] Emby.Server.Implementations.Library.LibraryManager: Validating media library
[2026-01-21 07:40:19.304 -03:00] [INF] [44] Emby.Server.Implementations.ScheduledTasks.TaskManager: "Media Segment Scan" Completed after 0 minute(s) and 0 seconds
[2026-01-21 07:40:19.391 -03:00] [WRN] [38] MediaBrowser.Controller.Entities.BaseItem: Library folder "/data/movies" is inaccessible or empty, skipping
[2026-01-21 07:40:19.394 -03:00] [WRN] [38] MediaBrowser.Controller.Entities.BaseItem: Library folder "/config/data/data/playlists" is inaccessible or empty, skipping
[2026-01-21 07:40:20.009 -03:00] [WRN] [44] MediaBrowser.Controller.Entities.BaseItem: Library folder "/data/movies" is inaccessible or empty, skipping
[2026-01-21 07:40:20.010 -03:00] [WRN] [44] MediaBrowser.Controller.Entities.BaseItem: Library folder "/config/data/data/playlists" is inaccessible or empty, skipping
[2026-01-21 07:40:20.015 -03:00] [INF] [44] Emby.Server.Implementations.Library.LibraryManager: Removing item, Type: "Series", Name: "Overlord", Path: "/data/animes/Overlord (2015)", Id: 7d449c1d-63e4-e0ee-d940-48a1282a7755
[2026-01-21 07:40:20.132 -03:00] [INF] [44] Emby.Server.Implementations.Library.LibraryManager: Removing item, Type: "Series", Name: "Solo Leveling", Path: "/data/animes/Solo Leveling (2024)", Id: f6df9bf3-49ad-05a9-5bf2-10545f1d9130
[2026-01-21 07:40:20.183 -03:00] [INF] [44] Emby.Server.Implementations.Library.LibraryManager: Removing item, Type: "Series", Name: "Tower of God", Path: "/data/animes/Tower of God", Id: b55ce6f4-897a-4e46-c682-5793f3168f07
[2026-01-21 07:40:26.355 -03:00] [INF] [41] MediaBrowser.Providers.TV.SeriesMetadataService: Creating Season "Season Unknown" entry for "Attack on Titan"
[2026-01-21 07:41:20.209 -03:00] [INF] [41] Emby.Server.Implementations.ScheduledTasks.Tasks.OptimizeDatabaseTask: Optimizing and vacuuming jellyfin.db...
[2026-01-21 07:41:20.271 -03:00] [INF] [41] Jellyfin.Database.Providers.Sqlite.SqliteDatabaseProvider: jellyfin.db optimized successfully!
[2026-01-21 07:41:20.271 -03:00] [INF] [41] Emby.Server.Implementations.ScheduledTasks.TaskManager: "Optimize database" Completed after 0 minute(s) and 0 seconds
[2026-01-21 07:42:03.056 -03:00] [INF] [44] MediaBrowser.Providers.TV.SeriesMetadataService: Removing virtual season null in series "Attack on Titan"
[2026-01-21 07:42:03.056 -03:00] [INF] [44] Emby.Server.Implementations.Library.LibraryManager: Removing item, Type: "Season", Name: "Season Unknown", Path: "", Id: ca637c4d-37fd-fbf3-68ce-29af8a18f18e
[2026-01-21 07:42:23.610 -03:00] [INF] [40] Emby.Server.Implementations.Library.Validators.GenresValidator: Deleting dead "Genre" "1ffc72e19987e5fa4047c6a6870646cf" "Romance"
[2026-01-21 07:42:23.610 -03:00] [INF] [40] Emby.Server.Implementations.Library.LibraryManager: Removing item, Type: "Genre", Name: "Romance", Path: "/config/data/metadata/Genre/Romance", Id: 1ffc72e1-9987-e5fa-4047-c6a6870646cf
[2026-01-21 07:42:23.651 -03:00] [INF] [40] Emby.Server.Implementations.Library.Validators.GenresValidator: Deleting dead "Genre" "d3bf560475125eed829c435f3d8329e3" "Sci-Fi"
[2026-01-21 07:42:23.651 -03:00] [INF] [40] Emby.Server.Implementations.Library.LibraryManager: Removing item, Type: "Genre", Name: "Sci-Fi", Path: "/config/data/metadata/Genre/Sci-Fi", Id: d3bf5604-7512-5eed-829c-435f3d8329e3
[2026-01-21 07:42:25.014 -03:00] [INF] [40] Emby.Server.Implementations.Library.Validators.StudiosValidator: Deleting dead "Studio" "0c3e8dbb6a166c45edba1a798c97ed94" "Apple TV+"
[2026-01-21 07:42:25.014 -03:00] [INF] [40] Emby.Server.Implementations.Library.LibraryManager: Removing item, Type: "Studio", Name: "Apple TV+", Path: "/config/data/metadata/Studio/Apple TV+", Id: 0c3e8dbb-6a16-6c45-edba-1a798c97ed94
[2026-01-21 07:42:25.049 -03:00] [INF] [40] Emby.Server.Implementations.Library.Validators.StudiosValidator: Deleting dead "Studio" "b4f4f707ccae7ade259e3fd914bdca03" "BS11"
[2026-01-21 07:42:25.049 -03:00] [INF] [40] Emby.Server.Implementations.Library.LibraryManager: Removing item, Type: "Studio", Name: "BS11", Path: "/config/data/metadata/Studio/BS11", Id: b4f4f707-ccae-7ade-259e-3fd914bdca03
[2026-01-21 07:42:25.049 -03:00] [INF] [40] Emby.Server.Implementations.Library.LibraryManager: Deleting item path, Type: "Studio", Name: "BS11", Path: "/config/data/metadata/Studio/BS11", Id: b4f4f707-ccae-7ade-259e-3fd914bdca03
[2026-01-21 07:42:25.090 -03:00] [INF] [40] Emby.Server.Implementations.Library.Validators.StudiosValidator: Deleting dead "Studio" "20d264313828d2206d85c42b68e2f024" "Disney+"
[2026-01-21 07:42:25.090 -03:00] [INF] [40] Emby.Server.Implementations.Library.LibraryManager: Removing item, Type: "Studio", Name: "Disney+", Path: "/config/data/metadata/Studio/Disney+", Id: 20d26431-3828-d220-6d85-c42b68e2f024
[2026-01-21 07:42:25.127 -03:00] [INF] [40] Emby.Server.Implementations.Library.Validators.StudiosValidator: Deleting dead "Studio" "8f4555e27f731297044af84e9053df75" "Gunma TV"
[2026-01-21 07:42:25.127 -03:00] [INF] [40] Emby.Server.Implementations.Library.LibraryManager: Removing item, Type: "Studio", Name: "Gunma TV", Path: "/config/data/metadata/Studio/Gunma TV", Id: 8f4555e2-7f73-1297-044a-f84e9053df75
[2026-01-21 07:42:25.165 -03:00] [INF] [40] Emby.Server.Implementations.Library.Validators.StudiosValidator: Deleting dead "Studio" "e54a9a384f9494b12c8b0db6d0e0d508" "HBO"
[2026-01-21 07:42:25.165 -03:00] [INF] [40] Emby.Server.Implementations.Library.LibraryManager: Removing item, Type: "Studio", Name: "HBO", Path: "/config/data/metadata/Studio/HBO", Id: e54a9a38-4f94-94b1-2c8b-0db6d0e0d508
[2026-01-21 07:42:25.165 -03:00] [INF] [40] Emby.Server.Implementations.Library.LibraryManager: Deleting item path, Type: "Studio", Name: "HBO", Path: "/config/data/metadata/Studio/HBO", Id: e54a9a38-4f94-94b1-2c8b-0db6d0e0d508
[2026-01-21 07:42:25.210 -03:00] [INF] [40] Emby.Server.Implementations.Library.Validators.StudiosValidator: Deleting dead "Studio" "b08df42a4b754b31c641572fab4d82ea" "Starz"
[2026-01-21 07:42:25.210 -03:00] [INF] [40] Emby.Server.Implementations.Library.LibraryManager: Removing item, Type: "Studio", Name: "Starz", Path: "/config/data/metadata/Studio/Starz", Id: b08df42a-4b75-4b31-c641-572fab4d82ea
[2026-01-21 07:42:25.211 -03:00] [INF] [40] Emby.Server.Implementations.Library.LibraryManager: Deleting item path, Type: "Studio", Name: "Starz", Path: "/config/data/metadata/Studio/Starz", Id: b08df42a-4b75-4b31-c641-572fab4d82ea
[2026-01-21 07:42:25.252 -03:00] [INF] [40] Emby.Server.Implementations.Library.Validators.StudiosValidator: Deleting dead "Studio" "b37cf754caa07a50ddcee84d5976fb85" "Tochigi TV"
[2026-01-21 07:42:25.252 -03:00] [INF] [40] Emby.Server.Implementations.Library.LibraryManager: Removing item, Type: "Studio", Name: "Tochigi TV", Path: "/config/data/metadata/Studio/Tochigi TV", Id: b37cf754-caa0-7a50-ddce-e84d5976fb85
[2026-01-21 07:42:25.336 -03:00] [INF] [40] Emby.Server.Implementations.ScheduledTasks.TaskManager: "Scan Media Library" Completed after 2 minute(s) and 6 seconds
[2026-01-21 07:42:25.395 -03:00] [INF] [41] Emby.Server.Implementations.IO.LibraryMonitor: Watching directory "/data/movies"
[2026-01-21 07:42:25.396 -03:00] [INF] [38] Emby.Server.Implementations.IO.LibraryMonitor: Watching directory "/data/tvshows"
[2026-01-21 07:42:25.398 -03:00] [INF] [44] Emby.Server.Implementations.IO.LibraryMonitor: Watching directory "/data/animes"
[2026-01-21 13:42:21.209 -03:00] [INF] [26] Emby.Server.Implementations.ScheduledTasks.Tasks.OptimizeDatabaseTask: Optimizing and vacuuming jellyfin.db...
[2026-01-21 13:42:21.296 -03:00] [INF] [26] Jellyfin.Database.Providers.Sqlite.SqliteDatabaseProvider: jellyfin.db optimized successfully!
[2026-01-21 13:42:21.296 -03:00] [INF] [26] Emby.Server.Implementations.ScheduledTasks.TaskManager: "Optimize database" Completed after 0 minute(s) and 0 seconds
[2026-01-21 19:40:19.169 -03:00] [INF] [3] Emby.Server.Implementations.ScheduledTasks.TaskManager: "Download missing subtitles" Completed after 0 minute(s) and 0 seconds
[2026-01-21 19:40:19.205 -03:00] [INF] [27] Emby.Server.Implementations.ScheduledTasks.TaskManager: "Clean Transcode Directory" Completed after 0 minute(s) and 0 seconds
[2026-01-21 19:40:19.242 -03:00] [INF] [29] Emby.Server.Implementations.ScheduledTasks.TaskManager: "Clean Log Directory" Completed after 0 minute(s) and 0 seconds
[2026-01-21 19:40:19.279 -03:00] [INF] [27] Emby.Server.Implementations.ScheduledTasks.TaskManager: "Clean Cache Directory" Completed after 0 minute(s) and 0 seconds
[2026-01-21 19:40:19.419 -03:00] [INF] [29] Emby.Server.Implementations.ScheduledTasks.TaskManager: "TasksRefreshChannels" Completed after 0 minute(s) and 0 seconds
[2026-01-21 19:40:19.493 -03:00] [INF] [18] Emby.Server.Implementations.ScheduledTasks.TaskManager: "Download missing lyrics" Completed after 0 minute(s) and 0 seconds
[2026-01-21 19:40:19.553 -03:00] [INF] [3] Emby.Server.Implementations.ScheduledTasks.TaskManager: "Audio Normalization" Completed after 0 minute(s) and 0 seconds
[2026-01-21 19:40:21.024 -03:00] [INF] [18] Emby.Server.Implementations.ScheduledTasks.TaskManager: "Update Plugins" Completed after 0 minute(s) and 1 seconds
[2026-01-21 19:40:22.375 -03:00] [INF] [27] Jellyfin.LiveTv.Guide.GuideManager: Refreshing guide with 7 days of guide data
[2026-01-21 19:40:22.392 -03:00] [INF] [27] Emby.Server.Implementations.ScheduledTasks.TaskManager: "Refresh Guide" Completed after 0 minute(s) and 3 seconds
[2026-01-21 19:41:20.220 -03:00] [INF] [28] Emby.Server.Implementations.IO.LibraryMonitor: Stopping directory watching for path "/data/tvshows"
[2026-01-21 19:41:20.220 -03:00] [INF] [28] Emby.Server.Implementations.IO.LibraryMonitor: Stopping directory watching for path "/data/movies"
[2026-01-21 19:41:20.220 -03:00] [INF] [28] Emby.Server.Implementations.IO.LibraryMonitor: Stopping directory watching for path "/data/animes"
[2026-01-21 19:41:20.220 -03:00] [INF] [28] Emby.Server.Implementations.Library.LibraryManager: Validating media library
[2026-01-21 19:41:20.224 -03:00] [INF] [27] Emby.Server.Implementations.ScheduledTasks.TaskManager: "Media Segment Scan" Completed after 0 minute(s) and 0 seconds
[2026-01-21 19:41:20.343 -03:00] [WRN] [28] MediaBrowser.Controller.Entities.BaseItem: Library folder "/data/movies" is inaccessible or empty, skipping
[2026-01-21 19:41:20.344 -03:00] [WRN] [28] MediaBrowser.Controller.Entities.BaseItem: Library folder "/config/data/data/playlists" is inaccessible or empty, skipping
[2026-01-21 19:41:20.356 -03:00] [WRN] [20] MediaBrowser.Controller.Entities.BaseItem: Library folder "/data/movies" is inaccessible or empty, skipping
[2026-01-21 19:41:20.357 -03:00] [WRN] [20] MediaBrowser.Controller.Entities.BaseItem: Library folder "/config/data/data/playlists" is inaccessible or empty, skipping
[2026-01-21 19:41:30.876 -03:00] [INF] [20] Emby.Server.Implementations.ScheduledTasks.TaskManager: "Scan Media Library" Completed after 0 minute(s) and 10 seconds
[2026-01-21 19:41:30.910 -03:00] [INF] [19] Emby.Server.Implementations.IO.LibraryMonitor: Watching directory "/data/animes"
[2026-01-21 19:41:30.910 -03:00] [INF] [29] Emby.Server.Implementations.IO.LibraryMonitor: Watching directory "/data/movies"
[2026-01-21 19:41:30.910 -03:00] [INF] [28] Emby.Server.Implementations.IO.LibraryMonitor: Watching directory "/data/tvshows"
[2026-01-21 19:43:22.212 -03:00] [INF] [23] Emby.Server.Implementations.ScheduledTasks.Tasks.OptimizeDatabaseTask: Optimizing and vacuuming jellyfin.db...
[2026-01-21 19:43:22.274 -03:00] [INF] [23] Jellyfin.Database.Providers.Sqlite.SqliteDatabaseProvider: jellyfin.db optimized successfully!
[2026-01-21 19:43:22.274 -03:00] [INF] [23] Emby.Server.Implementations.ScheduledTasks.TaskManager: "Optimize database" Completed after 0 minute(s) and 0 seconds
