[2025-08-13 11:21:56.142 -03:00] [INF] [6] Main: Jellyfin version: "10.10.7"
[2025-08-13 11:21:56.178 -03:00] [INF] [6] Main: Environment Variables: ["[JELLYFIN_LOG_DIR, /config/log]", "[JELLYFIN_CONFIG_DIR, /config]", "[JELLYFIN_DATA_DIR, /config/data]", "[JELLYFIN_WEB_DIR, /usr/share/jellyfin/web]", "[JELLYFIN_CACHE_DIR, /config/cache]"]
[2025-08-13 11:21:56.181 -03:00] [INF] [6] Main: Arguments: ["/usr/lib/jellyfin/bin/jellyfin.dll", "--ffmpeg=/usr/lib/jellyfin-ffmpeg/ffmpeg"]
[2025-08-13 11:21:56.181 -03:00] [INF] [6] Main: Operating system: "Ubuntu 24.04.3 LTS"
[2025-08-13 11:21:56.181 -03:00] [INF] [6] Main: Architecture: X64
[2025-08-13 11:21:56.182 -03:00] [INF] [6] Main: 64-Bit Process: True
[2025-08-13 11:21:56.182 -03:00] [INF] [6] Main: User Interactive: True
[2025-08-13 11:21:56.182 -03:00] [INF] [6] Main: Processor count: 4
[2025-08-13 11:21:56.183 -03:00] [INF] [6] Main: Program data path: "/config/data"
[2025-08-13 11:21:56.183 -03:00] [INF] [6] Main: Log directory path: "/config/log"
[2025-08-13 11:21:56.183 -03:00] [INF] [6] Main: Config directory path: "/config"
[2025-08-13 11:21:56.183 -03:00] [INF] [6] Main: Cache path: "/config/cache"
[2025-08-13 11:21:56.183 -03:00] [INF] [6] Main: Temp directory path: "/tmp/jellyfin"
[2025-08-13 11:21:56.183 -03:00] [INF] [6] Main: Web resources path: "/usr/share/jellyfin/web"
[2025-08-13 11:21:56.183 -03:00] [INF] [6] Main: Application directory: "/usr/lib/jellyfin/bin/"
[2025-08-13 11:21:56.198 -03:00] [INF] [6] Jellyfin.Server.Migrations.MigrationRunner: Marking following migrations as applied because this is a fresh install: ["CreateNetworkConfiguration", "MigrateMusicBrainzTimeout", "MigrateNetworkConfiguration", "MigrateEncodingOptions"]
[2025-08-13 11:21:56.291 -03:00] [INF] [6] Emby.Server.Implementations.AppBase.BaseConfigurationManager: Setting cache path: "/config/cache"
[2025-08-13 11:21:56.351 -03:00] [INF] [6] Emby.Server.Implementations.ApplicationHost: Loading assemblies
[2025-08-13 11:21:56.430 -03:00] [INF] [6] Jellyfin.Networking.Manager.NetworkManager: Defined LAN subnets: ["127.0.0.1/8", "10.0.0.0/8", "172.16.0.0/12", "192.168.0.0/16"]
[2025-08-13 11:21:56.430 -03:00] [INF] [6] Jellyfin.Networking.Manager.NetworkManager: Defined LAN exclusions: []
[2025-08-13 11:21:56.431 -03:00] [INF] [6] Jellyfin.Networking.Manager.NetworkManager: Used LAN subnets: ["127.0.0.1/8", "10.0.0.0/8", "172.16.0.0/12", "192.168.0.0/16"]
[2025-08-13 11:21:56.432 -03:00] [INF] [6] Jellyfin.Networking.Manager.NetworkManager: Filtered interface addresses: ["127.0.0.1", "172.18.0.9"]
[2025-08-13 11:21:56.433 -03:00] [INF] [6] Jellyfin.Networking.Manager.NetworkManager: Bind Addresses ["0.0.0.0"]
[2025-08-13 11:21:56.433 -03:00] [INF] [6] Jellyfin.Networking.Manager.NetworkManager: Remote IP filter is "Allowlist"
[2025-08-13 11:21:56.433 -03:00] [INF] [6] Jellyfin.Networking.Manager.NetworkManager: Filtered subnets: []
[2025-08-13 11:21:57.436 -03:00] [INF] [6] Emby.Server.Implementations.ApplicationHost: There are pending EFCore migrations in the database. Applying... (This may take a while, do not stop Jellyfin)
[2025-08-13 11:21:57.754 -03:00] [WRN] [6] Microsoft.EntityFrameworkCore.Migrations: An operation of type '"SqlOperation"' will be attempted while a rebuild of table '"ImageInfos"' is pending. The database may not be in an expected state. Review the SQL generated by this migration to help diagnose any failures. Consider moving these operations to a subsequent migration.
[2025-08-13 11:21:57.754 -03:00] [WRN] [6] Microsoft.EntityFrameworkCore.Migrations: An operation of type '"SqlOperation"' will be attempted while a rebuild of table '"ImageInfos"' is pending. The database may not be in an expected state. Review the SQL generated by this migration to help diagnose any failures. Consider moving these operations to a subsequent migration.
[2025-08-13 11:21:57.756 -03:00] [WRN] [6] Microsoft.EntityFrameworkCore.Migrations: An operation of type '"SqlOperation"' will be attempted while a rebuild of table '"Permissions"' is pending. The database may not be in an expected state. Review the SQL generated by this migration to help diagnose any failures. Consider moving these operations to a subsequent migration.
[2025-08-13 11:21:57.756 -03:00] [WRN] [6] Microsoft.EntityFrameworkCore.Migrations: An operation of type '"SqlOperation"' will be attempted while a rebuild of table '"Permissions"' is pending. The database may not be in an expected state. Review the SQL generated by this migration to help diagnose any failures. Consider moving these operations to a subsequent migration.
[2025-08-13 11:21:57.757 -03:00] [WRN] [6] Microsoft.EntityFrameworkCore.Migrations: An operation of type '"SqlOperation"' will be attempted while a rebuild of table '"Preferences"' is pending. The database may not be in an expected state. Review the SQL generated by this migration to help diagnose any failures. Consider moving these operations to a subsequent migration.
[2025-08-13 11:21:57.757 -03:00] [WRN] [6] Microsoft.EntityFrameworkCore.Migrations: An operation of type '"SqlOperation"' will be attempted while a rebuild of table '"Preferences"' is pending. The database may not be in an expected state. Review the SQL generated by this migration to help diagnose any failures. Consider moving these operations to a subsequent migration.
[2025-08-13 11:21:57.758 -03:00] [WRN] [6] Microsoft.EntityFrameworkCore.Migrations: An operation of type '"SqlOperation"' will be attempted while a rebuild of table '"Users"' is pending. The database may not be in an expected state. Review the SQL generated by this migration to help diagnose any failures. Consider moving these operations to a subsequent migration.
[2025-08-13 11:21:57.758 -03:00] [WRN] [6] Microsoft.EntityFrameworkCore.Migrations: An operation of type '"SqlOperation"' will be attempted while a rebuild of table '"Users"' is pending. The database may not be in an expected state. Review the SQL generated by this migration to help diagnose any failures. Consider moving these operations to a subsequent migration.
[2025-08-13 11:21:57.967 -03:00] [INF] [6] Emby.Server.Implementations.ApplicationHost: EFCore migrations applied successfully
[2025-08-13 11:21:58.486 -03:00] [INF] [6] Emby.Server.Implementations.AppBase.BaseConfigurationManager: Saving system configuration
[2025-08-13 11:21:58.488 -03:00] [INF] [6] Emby.Server.Implementations.AppBase.BaseConfigurationManager: Setting cache path: "/config/cache"
[2025-08-13 11:21:58.493 -03:00] [INF] [6] Emby.Server.Implementations.Plugins.PluginManager: Loaded plugin: "TMDb" "10.10.7.0"
[2025-08-13 11:21:58.494 -03:00] [INF] [6] Emby.Server.Implementations.Plugins.PluginManager: Loaded plugin: "Studio Images" "10.10.7.0"
[2025-08-13 11:21:58.494 -03:00] [INF] [6] Emby.Server.Implementations.Plugins.PluginManager: Loaded plugin: "OMDb" "10.10.7.0"
[2025-08-13 11:21:58.508 -03:00] [INF] [6] Emby.Server.Implementations.Plugins.PluginManager: Loaded plugin: "MusicBrainz" "10.10.7.0"
[2025-08-13 11:21:58.508 -03:00] [INF] [6] Emby.Server.Implementations.Plugins.PluginManager: Loaded plugin: "AudioDB" "10.10.7.0"
[2025-08-13 11:21:58.561 -03:00] [INF] [6] Jellyfin.Server.Migrations.MigrationRunner: Marking following migrations as applied because this is a fresh install: ["DisableTranscodingThrottling", "CreateLoggingConfigHeirarchy", "MigrateActivityLogDatabase", "RemoveDuplicateExtras", "MigrateUserDatabase", "MigrateDisplayPreferencesDatabase", "RemoveDownloadImagesInAdvance", "MigrateAuthenticationDatabase", "FixPlaylistOwner", "MigrateRatingLevels", "FixAudioData", "RemoveDuplicatePlaylistChildren"]
[2025-08-13 11:21:58.564 -03:00] [INF] [6] Jellyfin.Server.Migrations.MigrationRunner: Applying migration '"AddDefaultPluginRepository"'
[2025-08-13 11:21:58.564 -03:00] [INF] [6] Emby.Server.Implementations.AppBase.BaseConfigurationManager: Saving system configuration
[2025-08-13 11:21:58.565 -03:00] [INF] [6] Emby.Server.Implementations.AppBase.BaseConfigurationManager: Setting cache path: "/config/cache"
[2025-08-13 11:21:58.565 -03:00] [INF] [6] Jellyfin.Server.Migrations.MigrationRunner: Migration '"AddDefaultPluginRepository"' applied successfully
[2025-08-13 11:21:58.566 -03:00] [INF] [6] Jellyfin.Server.Migrations.MigrationRunner: Applying migration '"ReaddDefaultPluginRepository"'
[2025-08-13 11:21:58.566 -03:00] [INF] [6] Jellyfin.Server.Migrations.MigrationRunner: Migration '"ReaddDefaultPluginRepository"' applied successfully
[2025-08-13 11:21:58.567 -03:00] [INF] [6] Jellyfin.Server.Migrations.MigrationRunner: Applying migration '"AddDefaultCastReceivers"'
[2025-08-13 11:21:58.567 -03:00] [INF] [6] Emby.Server.Implementations.AppBase.BaseConfigurationManager: Saving system configuration
[2025-08-13 11:21:58.568 -03:00] [INF] [6] Emby.Server.Implementations.AppBase.BaseConfigurationManager: Setting cache path: "/config/cache"
[2025-08-13 11:21:58.568 -03:00] [INF] [6] Jellyfin.Server.Migrations.MigrationRunner: Migration '"AddDefaultCastReceivers"' applied successfully
[2025-08-13 11:21:58.568 -03:00] [INF] [6] Jellyfin.Server.Migrations.MigrationRunner: Applying migration '"UpdateDefaultPluginRepository10.9"'
[2025-08-13 11:21:58.569 -03:00] [INF] [6] Emby.Server.Implementations.AppBase.BaseConfigurationManager: Saving system configuration
[2025-08-13 11:21:58.569 -03:00] [INF] [6] Emby.Server.Implementations.AppBase.BaseConfigurationManager: Setting cache path: "/config/cache"
[2025-08-13 11:21:58.569 -03:00] [INF] [6] Jellyfin.Server.Migrations.MigrationRunner: Migration '"UpdateDefaultPluginRepository10.9"' applied successfully
[2025-08-13 11:21:58.570 -03:00] [INF] [6] Jellyfin.Server.Migrations.MigrationRunner: Applying migration '"MoveTrickplayFiles"'
[2025-08-13 11:21:58.671 -03:00] [INF] [6] Jellyfin.Server.Migrations.Routines.MoveTrickplayFiles: Moved 0 items in 00:00:00.0997380
[2025-08-13 11:21:58.672 -03:00] [INF] [6] Jellyfin.Server.Migrations.MigrationRunner: Migration '"MoveTrickplayFiles"' applied successfully
[2025-08-13 11:21:58.699 -03:00] [INF] [6] Main: Kestrel is listening on "0.0.0.0"
[2025-08-13 11:21:58.720 -03:00] [WRN] [6] Microsoft.AspNetCore.DataProtection.KeyManagement.XmlKeyManager: No XML encryptor configured. Key {eae0c438-7c69-4c3b-9906-6d0f05d92a91} may be persisted to storage in unencrypted form.
[2025-08-13 11:21:59.203 -03:00] [WRN] [6] Microsoft.AspNetCore.StaticFiles.StaticFileMiddleware: The WebRootPath was not found: "/run/s6-rc:s6-rc-init:mPAgIG/servicedirs/svc-jellyfin/wwwroot". Static files may be unavailable.
[2025-08-13 11:21:59.276 -03:00] [INF] [6] Emby.Server.Implementations.ApplicationHost: Running startup tasks
[2025-08-13 11:21:59.300 -03:00] [INF] [6] Emby.Server.Implementations.ScheduledTasks.TaskManager: Daily trigger for "Generate Trickplay Images" set to fire at 2025-08-14 03:00:00.000 -03:00, which is 15:38:00.6994850 from now.
[2025-08-13 11:21:59.304 -03:00] [INF] [6] Emby.Server.Implementations.ScheduledTasks.TaskManager: Daily trigger for "Extract Chapter Images" set to fire at 2025-08-14 02:00:00.000 -03:00, which is 14:38:00.6959678 from now.
[2025-08-13 11:21:59.336 -03:00] [INF] [6] MediaBrowser.MediaEncoding.Encoder.MediaEncoder: Found ffmpeg version "7.1.1"
[2025-08-13 11:21:59.382 -03:00] [INF] [6] MediaBrowser.MediaEncoding.Encoder.MediaEncoder: Available "decoders": ["libdav1d", "av1", "av1_cuvid", "av1_qsv", "h264", "h264_qsv", "h264_cuvid", "hevc", "hevc_qsv", "hevc_cuvid", "mpeg2video", "mpeg2_qsv", "mpeg2_cuvid", "mpeg4", "mpeg4_cuvid", "msmpeg4", "vc1_qsv", "vc1_cuvid", "vp8", "libvpx", "vp8_cuvid", "vp8_qsv", "vp9", "libvpx-vp9", "vp9_cuvid", "vp9_qsv", "aac", "ac3", "ac4", "dca", "flac", "mp3", "truehd"]
[2025-08-13 11:21:59.403 -03:00] [INF] [6] MediaBrowser.MediaEncoding.Encoder.MediaEncoder: Available "encoders": ["libsvtav1", "av1_nvenc", "av1_qsv", "av1_amf", "av1_vaapi", "libx264", "h264_amf", "h264_nvenc", "h264_qsv", "h264_v4l2m2m", "h264_vaapi", "libx265", "hevc_amf", "hevc_nvenc", "hevc_qsv", "hevc_vaapi", "mjpeg_qsv", "mjpeg_vaapi", "aac", "libfdk_aac", "ac3", "alac", "dca", "flac", "libmp3lame", "libopus", "truehd", "libvorbis", "srt"]
[2025-08-13 11:21:59.430 -03:00] [INF] [6] MediaBrowser.MediaEncoding.Encoder.MediaEncoder: Available filters: ["bwdif_cuda", "deinterlace_qsv", "deinterlace_vaapi", "flip_vulkan", "hwupload_cuda", "hwupload_vaapi", "libplacebo", "overlay_opencl", "overlay_qsv", "overlay_vaapi", "overlay_vulkan", "overlay_cuda", "procamp_vaapi", "scale_cuda", "scale_opencl", "scale_qsv", "scale_vaapi", "scale_vulkan", "tonemapx", "tonemap_cuda", "tonemap_opencl", "tonemap_vaapi", "transpose_cuda", "transpose_opencl", "transpose_vaapi", "transpose_vulkan", "vpp_qsv", "yadif_cuda", "zscale", "alphasrc"]
[2025-08-13 11:21:59.566 -03:00] [INF] [6] MediaBrowser.MediaEncoding.Encoder.MediaEncoder: Available hwaccel types: ["cuda", "vaapi", "qsv", "drm", "opencl", "vulkan"]
[2025-08-13 11:22:02.323 -03:00] [INF] [11] Emby.Server.Implementations.ScheduledTasks.TaskManager: "Clean Transcode Directory" Completed after 0 minute(s) and 0 seconds
[2025-08-13 11:22:02.323 -03:00] [INF] [4] Emby.Server.Implementations.ScheduledTasks.TaskManager: "Clean up collections and playlists" Completed after 0 minute(s) and 0 seconds
[2025-08-13 11:22:03.579 -03:00] [INF] [6] MediaBrowser.MediaEncoding.Encoder.MediaEncoder: FFmpeg: "/usr/lib/jellyfin-ffmpeg/ffmpeg"
[2025-08-13 11:22:03.580 -03:00] [INF] [6] Emby.Server.Implementations.ApplicationHost: ServerId: "4033a488f53e473194d2ac8b68dcd02f"
[2025-08-13 11:22:03.580 -03:00] [INF] [6] Emby.Server.Implementations.ApplicationHost: Core startup complete
[2025-08-13 11:22:03.581 -03:00] [INF] [6] Main: Startup complete 0:00:07.6175188
[2025-08-13 11:22:04.329 -03:00] [INF] [6] Emby.Server.Implementations.ScheduledTasks.TaskManager: "Update Plugins" Completed after 0 minute(s) and 2 seconds
[2025-08-13 11:22:21.217 -03:00] [INF] [11] Emby.Server.Implementations.AppBase.BaseConfigurationManager: Saving system configuration
[2025-08-13 11:22:21.221 -03:00] [INF] [11] Emby.Server.Implementations.AppBase.BaseConfigurationManager: Setting cache path: "/config/cache"
[2025-08-13 11:22:21.223 -03:00] [INF] [12] Jellyfin.Networking.PortForwardingHost: Stopping NAT discovery
[2025-08-13 11:22:21.296 -03:00] [WRN] [6] Jellyfin.Server.Implementations.Users.UserManager: No users, creating one with username "abc"
[2025-08-13 11:25:12.673 -03:00] [INF] [20] Emby.Server.Implementations.AppBase.BaseConfigurationManager: Saving system configuration
[2025-08-13 11:25:12.674 -03:00] [INF] [20] Emby.Server.Implementations.AppBase.BaseConfigurationManager: Setting cache path: "/config/cache"
[2025-08-13 11:25:22.324 -03:00] [INF] [23] Jellyfin.Networking.Manager.NetworkManager: Defined LAN subnets: ["127.0.0.1/8", "10.0.0.0/8", "172.16.0.0/12", "192.168.0.0/16"]
[2025-08-13 11:25:22.324 -03:00] [INF] [23] Jellyfin.Networking.Manager.NetworkManager: Defined LAN exclusions: []
[2025-08-13 11:25:22.324 -03:00] [INF] [23] Jellyfin.Networking.Manager.NetworkManager: Used LAN subnets: ["127.0.0.1/8", "10.0.0.0/8", "172.16.0.0/12", "192.168.0.0/16"]
[2025-08-13 11:25:22.325 -03:00] [INF] [23] Jellyfin.Networking.Manager.NetworkManager: Filtered interface addresses: ["127.0.0.1", "172.18.0.9"]
[2025-08-13 11:25:22.325 -03:00] [INF] [23] Jellyfin.Networking.Manager.NetworkManager: Bind Addresses ["0.0.0.0"]
[2025-08-13 11:25:22.325 -03:00] [INF] [23] Jellyfin.Networking.Manager.NetworkManager: Remote IP filter is "Allowlist"
[2025-08-13 11:25:22.325 -03:00] [INF] [23] Jellyfin.Networking.Manager.NetworkManager: Filtered subnets: []
[2025-08-13 11:25:24.386 -03:00] [INF] [23] Emby.Server.Implementations.AppBase.BaseConfigurationManager: Saving system configuration
[2025-08-13 11:25:24.386 -03:00] [INF] [23] Emby.Server.Implementations.AppBase.BaseConfigurationManager: Setting cache path: "/config/cache"
[2025-08-13 11:25:24.388 -03:00] [INF] [24] Jellyfin.Networking.PortForwardingHost: Stopping NAT discovery
[2025-08-13 11:25:24.388 -03:00] [INF] [24] Jellyfin.Networking.PortForwardingHost: Starting NAT discovery
[2025-08-13 11:25:24.391 -03:00] [INF] [23] Emby.Server.Implementations.Library.LibraryManager: Validating media library
[2025-08-13 11:25:24.628 -03:00] [WRN] [23] MediaBrowser.Controller.Entities.BaseItem: Library folder "/config/data/data/playlists" is inaccessible or empty, skipping
[2025-08-13 11:25:24.725 -03:00] [WRN] [25] MediaBrowser.Controller.Entities.BaseItem: Library folder "/config/data/data/playlists" is inaccessible or empty, skipping
[2025-08-13 11:25:24.937 -03:00] [INF] [23] MediaBrowser.MediaEncoding.Encoder.MediaEncoder: Starting "/usr/lib/jellyfin-ffmpeg/ffprobe" with args "-analyzeduration 200M -probesize 1G -i file:\"/data/movies/OVERLORD The Sacred Kingdom (2024)/OVERLORD The Sacred Kingdom - (2024) - WEBDL-1080p.mkv\" -threads 0 -v warning -print_format json -show_streams -show_chapters -show_format"
[2025-08-13 11:25:24.949 -03:00] [INF] [23] MediaBrowser.MediaEncoding.Encoder.MediaEncoder: Starting "/usr/lib/jellyfin-ffmpeg/ffprobe" with args "-analyzeduration 200M -probesize 1G -i file:\"/data/movies/The Intouchables (2011)/The Intouchables - (2011) - Bluray-1080p.mp4\" -threads 0 -v warning -print_format json -show_streams -show_chapters -show_format"
[2025-08-13 11:25:24.951 -03:00] [INF] [23] MediaBrowser.MediaEncoding.Encoder.MediaEncoder: Starting "/usr/lib/jellyfin-ffmpeg/ffprobe" with args "-analyzeduration 200M -probesize 1G -i file:\"/data/movies/The Pale Blue Eye (2022)/The Pale Blue Eye - (2022) - WEBRip-2160p Proper.mkv\" -threads 0 -v warning -print_format json -show_streams -show_chapters -show_format"
[2025-08-13 11:25:24.956 -03:00] [INF] [23] MediaBrowser.MediaEncoding.Encoder.MediaEncoder: Starting "/usr/lib/jellyfin-ffmpeg/ffprobe" with args "-analyzeduration 200M -probesize 1G -i file:\"/data/movies/How to Train Your Dragon (2025)/How to Train Your Dragon - (2025) - WEBDL-2160p.mkv\" -threads 0 -v warning -print_format json -show_streams -show_chapters -show_format"
[2025-08-13 11:25:25.137 -03:00] [INF] [25] MediaBrowser.MediaEncoding.Encoder.MediaEncoder: Starting "/usr/lib/jellyfin-ffmpeg/ffprobe" with args "-analyzeduration 200M -probesize 1G -i file:\"/data/movies/OVERLORD The Sacred Kingdom (2024)/OVERLORD The Sacred Kingdom - (2024) - WEBDL-1080p.en.forced.srt\" -threads 0 -v warning -print_format json -show_streams -show_format"
[2025-08-13 11:25:25.137 -03:00] [INF] [23] MediaBrowser.MediaEncoding.Encoder.MediaEncoder: Starting "/usr/lib/jellyfin-ffmpeg/ffprobe" with args "-analyzeduration 200M -probesize 1G -i file:\"/data/movies/The Intouchables (2011)/The Intouchables - (2011) - Bluray-1080p.en.srt\" -threads 0 -v warning -print_format json -show_streams -show_format"
[2025-08-13 11:25:25.162 -03:00] [INF] [23] MediaBrowser.MediaEncoding.Encoder.MediaEncoder: Starting "/usr/lib/jellyfin-ffmpeg/ffprobe" with args "-analyzeduration 200M -probesize 1G -i file:\"/data/movies/The Intouchables (2011)/The Intouchables - (2011) - Bluray-1080p.pt-BR.hi.srt\" -threads 0 -v warning -print_format json -show_streams -show_format"
[2025-08-13 11:25:27.329 -03:00] [INF] [24] MediaBrowser.MediaEncoding.Encoder.MediaEncoder: Starting "/usr/lib/jellyfin-ffmpeg/ffprobe" with args "-analyzeduration 200M -probesize 1G -i file:\"/data/movies/OVERLORD The Sacred Kingdom (2024)/OVERLORD The Sacred Kingdom - (2024) - WEBDL-1080p.en.srt\" -threads 0 -v warning -print_format json -show_streams -show_format"
[2025-08-13 11:25:27.366 -03:00] [INF] [24] MediaBrowser.MediaEncoding.Encoder.MediaEncoder: Starting "/usr/lib/jellyfin-ffmpeg/ffprobe" with args "-analyzeduration 200M -probesize 1G -i file:\"/data/movies/OVERLORD The Sacred Kingdom (2024)/OVERLORD The Sacred Kingdom - (2024) - WEBDL-1080p.pt-BR.srt\" -threads 0 -v warning -print_format json -show_streams -show_format"
[2025-08-13 11:25:27.371 -03:00] [INF] [19] MediaBrowser.MediaEncoding.Encoder.MediaEncoder: Starting "/usr/lib/jellyfin-ffmpeg/ffprobe" with args "-analyzeduration 200M -probesize 1G -i file:\"/data/movies/How to Train Your Dragon (2025)/How to Train Your Dragon - (2025) - WEBDL-2160p.pt-BR.srt\" -threads 0 -v warning -print_format json -show_streams -show_format"
[2025-08-13 11:25:27.390 -03:00] [INF] [19] MediaBrowser.MediaEncoding.Encoder.MediaEncoder: Starting "/usr/lib/jellyfin-ffmpeg/ffprobe" with args "-analyzeduration 200M -probesize 1G -i file:\"/data/movies/The Pale Blue Eye (2022)/The Pale Blue Eye - (2022) - WEBRip-2160p Proper.pt-BR.forced.srt\" -threads 0 -v warning -print_format json -show_streams -show_format"
[2025-08-13 11:25:27.425 -03:00] [INF] [25] Emby.Server.Implementations.MediaEncoder.EncodingManager: Skipping chapter image extraction for "GalaxyRG 4K - The.Pale.Blue.Eye.2022.REPACK.2160p.NF.WEBRip.3999MB.DDP5.1.x264-GalaxyRG" as the average chapter duration 0 was lower than the minimum threshold 10000000
[2025-08-13 11:25:30.774 -03:00] [INF] [20] MediaBrowser.Providers.TV.SeriesMetadataService: Creating Season "Season Unknown" entry for "Outlander"
[2025-08-13 11:25:30.966 -03:00] [INF] [20] MediaBrowser.MediaEncoding.Encoder.MediaEncoder: Starting "/usr/lib/jellyfin-ffmpeg/ffprobe" with args "-analyzeduration 200M -probesize 1G -i file:\"/data/tvshows/Outlander/Outlander - S01E09 - The Reckoning - HDTV-2160p.mkv\" -threads 0 -v warning -print_format json -show_streams -show_chapters -show_format"
[2025-08-13 11:25:31.011 -03:00] [INF] [20] MediaBrowser.MediaEncoding.Encoder.MediaEncoder: Starting "/usr/lib/jellyfin-ffmpeg/ffprobe" with args "-analyzeduration 200M -probesize 1G -i file:\"/data/tvshows/Outlander/Outlander - S01E09 - The Reckoning - HDTV-2160p.pt-BR.srt\" -threads 0 -v warning -print_format json -show_streams -show_format"
[2025-08-13 11:25:31.153 -03:00] [INF] [23] MediaBrowser.Providers.TV.SeriesMetadataService: Creating Season "Season Unknown" entry for "Landman"
[2025-08-13 11:25:31.533 -03:00] [INF] [20] Jellyfin.Server.Implementations.Users.UserManager: Authentication request for "lucasnoman" has succeeded.
[2025-08-13 11:25:31.535 -03:00] [INF] [20] Emby.Server.Implementations.Session.SessionManager: Current/Max sessions for user "lucasnoman": 0/0
[2025-08-13 11:25:31.539 -03:00] [INF] [20] Emby.Server.Implementations.Session.SessionManager: Creating new access token for user e778c82a-abed-4b59-ba0e-fbcb89fa6d17
[2025-08-13 11:25:31.894 -03:00] [INF] [23] Emby.Server.Implementations.HttpServer.WebSocketManager: WS "192.168.0.2" request
[2025-08-13 11:25:32.067 -03:00] [INF] [22] MediaBrowser.MediaEncoding.Encoder.MediaEncoder: Starting "/usr/lib/jellyfin-ffmpeg/ffprobe" with args "-analyzeduration 200M -probesize 1G -i file:\"/data/tvshows/Landman (2024)/Season 1/Landman - S01E10 - The Crumbs of Hope - WEBDL-2160p.mkv\" -threads 0 -v warning -print_format json -show_streams -show_chapters -show_format"
[2025-08-13 11:25:32.210 -03:00] [INF] [25] MediaBrowser.MediaEncoding.Encoder.MediaEncoder: Starting "/usr/lib/jellyfin-ffmpeg/ffprobe" with args "-analyzeduration 200M -probesize 1G -i file:\"/data/tvshows/Landman (2024)/Season 1/Landman - S01E10 - The Crumbs of Hope - WEBDL-2160p.pt-BR.srt\" -threads 0 -v warning -print_format json -show_streams -show_format"
[2025-08-13 11:25:32.373 -03:00] [INF] [3] MediaBrowser.MediaEncoding.Encoder.MediaEncoder: Starting "/usr/lib/jellyfin-ffmpeg/ffprobe" with args "-analyzeduration 200M -probesize 1G -i file:\"/data/tvshows/Outlander/Outlander - S01E07 - The Wedding - HDTV-2160p.mkv\" -threads 0 -v warning -print_format json -show_streams -show_chapters -show_format"
[2025-08-13 11:25:32.431 -03:00] [INF] [3] MediaBrowser.MediaEncoding.Encoder.MediaEncoder: Starting "/usr/lib/jellyfin-ffmpeg/ffprobe" with args "-analyzeduration 200M -probesize 1G -i file:\"/data/tvshows/Outlander/Outlander - S01E07 - The Wedding - HDTV-2160p.pt-BR.srt\" -threads 0 -v warning -print_format json -show_streams -show_format"
[2025-08-13 11:25:32.672 -03:00] [INF] [22] MediaBrowser.Providers.TV.SeriesMetadataService: Creating Season "Season Unknown" entry for "Silo"
[2025-08-13 11:25:33.035 -03:00] [INF] [24] MediaBrowser.MediaEncoding.Encoder.MediaEncoder: Starting "/usr/lib/jellyfin-ffmpeg/ffprobe" with args "-analyzeduration 200M -probesize 1G -i file:\"/data/movies/The Count of Monte-Cristo (2024)/The Count of Monte-Cristo - (2024) - Remux-2160p.mkv\" -threads 0 -v warning -print_format json -show_streams -show_chapters -show_format"
[2025-08-13 11:25:33.416 -03:00] [INF] [11] MediaBrowser.MediaEncoding.Encoder.MediaEncoder: Starting "/usr/lib/jellyfin-ffmpeg/ffprobe" with args "-analyzeduration 200M -probesize 1G -i file:\"/data/tvshows/Outlander/Outlander - S01E05 - Rent - HDTV-2160p.mkv\" -threads 0 -v warning -print_format json -show_streams -show_chapters -show_format"
[2025-08-13 11:25:33.418 -03:00] [INF] [6] MediaBrowser.MediaEncoding.Encoder.MediaEncoder: Starting "/usr/lib/jellyfin-ffmpeg/ffprobe" with args "-analyzeduration 200M -probesize 1G -i file:\"/data/tvshows/Silo (2023)/Season 2/Silo - S02E04 - The Harmonium - WEBDL-2160p.mkv\" -threads 0 -v warning -print_format json -show_streams -show_chapters -show_format"
[2025-08-13 11:25:33.474 -03:00] [INF] [11] MediaBrowser.MediaEncoding.Encoder.MediaEncoder: Starting "/usr/lib/jellyfin-ffmpeg/ffprobe" with args "-analyzeduration 200M -probesize 1G -i file:\"/data/tvshows/Outlander/Outlander - S01E05 - Rent - HDTV-2160p.pt-BR.srt\" -threads 0 -v warning -print_format json -show_streams -show_format"
[2025-08-13 11:25:33.574 -03:00] [INF] [26] MediaBrowser.MediaEncoding.Encoder.MediaEncoder: Starting "/usr/lib/jellyfin-ffmpeg/ffprobe" with args "-analyzeduration 200M -probesize 1G -i file:\"/data/tvshows/Landman (2024)/Season 1/Landman - S01E09 - WolfCamp - WEBDL-2160p.mkv\" -threads 0 -v warning -print_format json -show_streams -show_chapters -show_format"
[2025-08-13 11:25:33.678 -03:00] [INF] [24] MediaBrowser.MediaEncoding.Encoder.MediaEncoder: Starting "/usr/lib/jellyfin-ffmpeg/ffprobe" with args "-analyzeduration 200M -probesize 1G -i file:\"/data/movies/Mufasa The Lion King (2024)/Mufasa The Lion King - (2024) - WEBDL-2160p.mkv\" -threads 0 -v warning -print_format json -show_streams -show_chapters -show_format"
[2025-08-13 11:25:34.171 -03:00] [INF] [17] MediaBrowser.MediaEncoding.Encoder.MediaEncoder: Starting "/usr/lib/jellyfin-ffmpeg/ffprobe" with args "-analyzeduration 200M -probesize 1G -i file:\"/data/movies/Number 24 (2024)/Number 24 - (2024) - Bluray-1080p.mp4\" -threads 0 -v warning -print_format json -show_streams -show_chapters -show_format"
[2025-08-13 11:25:34.213 -03:00] [INF] [11] MediaBrowser.MediaEncoding.Encoder.MediaEncoder: Starting "/usr/lib/jellyfin-ffmpeg/ffprobe" with args "-analyzeduration 200M -probesize 1G -i file:\"/data/movies/Mufasa The Lion King (2024)/Mufasa The Lion King - (2024) - WEBDL-2160p.pt-BR.forced.srt\" -threads 0 -v warning -print_format json -show_streams -show_format"
[2025-08-13 11:25:34.227 -03:00] [INF] [26] MediaBrowser.MediaEncoding.Encoder.MediaEncoder: Starting "/usr/lib/jellyfin-ffmpeg/ffprobe" with args "-analyzeduration 200M -probesize 1G -i file:\"/data/tvshows/Silo (2023)/Season 2/Silo - S02E04 - The Harmonium - WEBDL-2160p.forced.srt\" -threads 0 -v warning -print_format json -show_streams -show_format"
[2025-08-13 11:25:34.307 -03:00] [INF] [24] MediaBrowser.MediaEncoding.Encoder.MediaEncoder: Starting "/usr/lib/jellyfin-ffmpeg/ffprobe" with args "-analyzeduration 200M -probesize 1G -i file:\"/data/movies/Number 24 (2024)/Number 24 - (2024) - Bluray-1080p.en.forced.srt\" -threads 0 -v warning -print_format json -show_streams -show_format"
[2025-08-13 11:25:34.327 -03:00] [INF] [22] MediaBrowser.MediaEncoding.Encoder.MediaEncoder: Starting "/usr/lib/jellyfin-ffmpeg/ffprobe" with args "-analyzeduration 200M -probesize 1G -i file:\"/data/movies/Number 24 (2024)/Number 24 - (2024) - Bluray-1080p.srt\" -threads 0 -v warning -print_format json -show_streams -show_format"
[2025-08-13 11:25:34.632 -03:00] [INF] [24] MediaBrowser.MediaEncoding.Encoder.MediaEncoder: Starting "/usr/lib/jellyfin-ffmpeg/ffprobe" with args "-analyzeduration 200M -probesize 1G -i file:\"/data/tvshows/Outlander/Outlander - S01E12 - Lallybroch - HDTV-2160p.mkv\" -threads 0 -v warning -print_format json -show_streams -show_chapters -show_format"
[2025-08-13 11:25:34.672 -03:00] [INF] [24] MediaBrowser.MediaEncoding.Encoder.MediaEncoder: Starting "/usr/lib/jellyfin-ffmpeg/ffprobe" with args "-analyzeduration 200M -probesize 1G -i file:\"/data/tvshows/Outlander/Outlander - S01E12 - Lallybroch - HDTV-2160p.pt-BR.srt\" -threads 0 -v warning -print_format json -show_streams -show_format"
[2025-08-13 11:25:34.916 -03:00] [INF] [17] MediaBrowser.MediaEncoding.Encoder.MediaEncoder: Starting "/usr/lib/jellyfin-ffmpeg/ffprobe" with args "-analyzeduration 200M -probesize 1G -i file:\"/data/movies/Mufasa The Lion King (2024)/Mufasa The Lion King - (2024) - WEBDL-2160p.pt-BR.hi.srt\" -threads 0 -v warning -print_format json -show_streams -show_format"
[2025-08-13 11:25:35.554 -03:00] [INF] [24] MediaBrowser.MediaEncoding.Encoder.MediaEncoder: Starting "/usr/lib/jellyfin-ffmpeg/ffprobe" with args "-analyzeduration 200M -probesize 1G -i file:\"/data/tvshows/Landman (2024)/Season 1/Landman - S01E09 - WolfCamp - WEBDL-2160p.pt-BR.srt\" -threads 0 -v warning -print_format json -show_streams -show_format"
[2025-08-13 11:25:36.180 -03:00] [INF] [26] MediaBrowser.Providers.TV.SeriesMetadataService: Removing virtual season null in series "Landman"
[2025-08-13 11:25:36.183 -03:00] [INF] [26] Emby.Server.Implementations.Library.LibraryManager: Removing item, Type: "Season", Name: "Season Unknown", Path: "", Id: a3b8a92f-93c4-0923-9437-0492e5cc48d7
[2025-08-13 11:25:36.340 -03:00] [INF] [11] MediaBrowser.MediaEncoding.Encoder.MediaEncoder: Starting "/usr/lib/jellyfin-ffmpeg/ffprobe" with args "-analyzeduration 200M -probesize 1G -i file:\"/data/tvshows/Silo (2023)/Season 2/Silo - S02E04 - The Harmonium - WEBDL-2160p.pt-BR.forced.srt\" -threads 0 -v warning -print_format json -show_streams -show_format"
[2025-08-13 11:25:36.521 -03:00] [INF] [24] MediaBrowser.Providers.TV.SeriesMetadataService: Creating Season "Season Unknown" entry for "Moon Knight"
[2025-08-13 11:25:36.848 -03:00] [INF] [26] MediaBrowser.MediaEncoding.Encoder.MediaEncoder: Starting "/usr/lib/jellyfin-ffmpeg/ffprobe" with args "-analyzeduration 200M -probesize 1G -i file:\"/data/tvshows/Outlander/Outlander - S01E16 - To Ransom a Man's Soul - HDTV-2160p.mkv\" -threads 0 -v warning -print_format json -show_streams -show_chapters -show_format"
[2025-08-13 11:25:37.309 -03:00] [INF] [24] MediaBrowser.MediaEncoding.Encoder.MediaEncoder: Starting "/usr/lib/jellyfin-ffmpeg/ffprobe" with args "-analyzeduration 200M -probesize 1G -i file:\"/data/tvshows/Moon Knight (2022)/Season 1/Moon Knight - S01E01 - The Goldfish Problem - Bluray-2160p Remux.mkv\" -threads 0 -v warning -print_format json -show_streams -show_chapters -show_format"
[2025-08-13 11:25:38.384 -03:00] [INF] [22] MediaBrowser.MediaEncoding.Encoder.MediaEncoder: Starting "/usr/lib/jellyfin-ffmpeg/ffprobe" with args "-analyzeduration 200M -probesize 1G -i file:\"/data/tvshows/Outlander/Outlander - S01E16 - To Ransom a Man's Soul - HDTV-2160p.pt-BR.hi.srt\" -threads 0 -v warning -print_format json -show_streams -show_format"
[2025-08-13 11:25:39.482 -03:00] [INF] [20] MediaBrowser.MediaEncoding.Encoder.MediaEncoder: Starting "/usr/lib/jellyfin-ffmpeg/ffprobe" with args "-analyzeduration 200M -probesize 1G -i file:\"/data/tvshows/Silo (2023)/Season 2/Silo - S02E08 - The Book of Quinn - WEBDL-2160p.mkv\" -threads 0 -v warning -print_format json -show_streams -show_chapters -show_format"
[2025-08-13 11:25:41.011 -03:00] [INF] [20] MediaBrowser.MediaEncoding.Encoder.MediaEncoder: Starting "/usr/lib/jellyfin-ffmpeg/ffprobe" with args "-analyzeduration 200M -probesize 1G -i file:\"/data/tvshows/Outlander/Outlander - S01E08 - Both Sides Now - HDTV-2160p.mkv\" -threads 0 -v warning -print_format json -show_streams -show_chapters -show_format"
[2025-08-13 11:25:42.744 -03:00] [INF] [24] MediaBrowser.MediaEncoding.Encoder.MediaEncoder: Starting "/usr/lib/jellyfin-ffmpeg/ffprobe" with args "-analyzeduration 200M -probesize 1G -i file:\"/data/tvshows/Silo (2023)/Season 2/Silo - S02E08 - The Book of Quinn - WEBDL-2160p.pt-BR.forced.srt\" -threads 0 -v warning -print_format json -show_streams -show_format"
[2025-08-13 11:25:44.250 -03:00] [INF] [11] MediaBrowser.MediaEncoding.Encoder.MediaEncoder: Starting "/usr/lib/jellyfin-ffmpeg/ffprobe" with args "-analyzeduration 200M -probesize 1G -i file:\"/data/tvshows/Outlander/Outlander - S01E08 - Both Sides Now - HDTV-2160p.pt-BR.srt\" -threads 0 -v warning -print_format json -show_streams -show_format"
[2025-08-13 11:25:44.346 -03:00] [INF] [11] MediaBrowser.MediaEncoding.Encoder.MediaEncoder: Starting "/usr/lib/jellyfin-ffmpeg/ffprobe" with args "-analyzeduration 200M -probesize 1G -i file:\"/data/movies/The Count of Monte-Cristo (2024)/The Count of Monte-Cristo - (2024) - Remux-2160p.pt-BR.srt\" -threads 0 -v warning -print_format json -show_streams -show_format"
[2025-08-13 11:25:45.536 -03:00] [INF] [25] MediaBrowser.MediaEncoding.Encoder.MediaEncoder: Starting "/usr/lib/jellyfin-ffmpeg/ffprobe" with args "-analyzeduration 200M -probesize 1G -i file:\"/data/tvshows/Silo (2023)/Season 2/Silo - S02E03 - Solo - WEBDL-2160p.mkv\" -threads 0 -v warning -print_format json -show_streams -show_chapters -show_format"
[2025-08-13 11:25:48.091 -03:00] [INF] [25] MediaBrowser.MediaEncoding.Encoder.MediaEncoder: Starting "/usr/lib/jellyfin-ffmpeg/ffprobe" with args "-analyzeduration 200M -probesize 1G -i file:\"/data/tvshows/Outlander/Outlander - S01E02 - Castle Leoch - HDTV-2160p.mkv\" -threads 0 -v warning -print_format json -show_streams -show_chapters -show_format"
[2025-08-13 11:25:49.739 -03:00] [INF] [25] MediaBrowser.MediaEncoding.Encoder.MediaEncoder: Starting "/usr/lib/jellyfin-ffmpeg/ffprobe" with args "-analyzeduration 200M -probesize 1G -i file:\"/data/tvshows/Silo (2023)/Season 2/Silo - S02E03 - Solo - WEBDL-2160p.forced.srt\" -threads 0 -v warning -print_format json -show_streams -show_format"
[2025-08-13 11:25:49.905 -03:00] [INF] [24] MediaBrowser.MediaEncoding.Encoder.MediaEncoder: Starting "/usr/lib/jellyfin-ffmpeg/ffprobe" with args "-analyzeduration 200M -probesize 1G -i file:\"/data/tvshows/Outlander/Outlander - S01E02 - Castle Leoch - HDTV-2160p.pt-BR.srt\" -threads 0 -v warning -print_format json -show_streams -show_format"
[2025-08-13 11:25:49.909 -03:00] [INF] [24] MediaBrowser.MediaEncoding.Encoder.MediaEncoder: Starting "/usr/lib/jellyfin-ffmpeg/ffprobe" with args "-analyzeduration 200M -probesize 1G -i file:\"/data/tvshows/Silo (2023)/Season 2/Silo - S02E03 - Solo - WEBDL-2160p.pt-BR.forced.srt\" -threads 0 -v warning -print_format json -show_streams -show_format"
[2025-08-13 11:25:50.576 -03:00] [INF] [24] MediaBrowser.MediaEncoding.Encoder.MediaEncoder: Starting "/usr/lib/jellyfin-ffmpeg/ffprobe" with args "-analyzeduration 200M -probesize 1G -i file:\"/data/tvshows/Outlander/Outlander - S01E13 - The Watch - HDTV-2160p.mkv\" -threads 0 -v warning -print_format json -show_streams -show_chapters -show_format"
[2025-08-13 11:25:51.577 -03:00] [ERR] [25] Jellyfin.Networking.PortForwardingHost: Error creating port map on local port 8096 to public port 8096 with device "192.168.0.1:1900".
Mono.Nat.MappingException: Error ConflictInMappingEntry: ConflictInMappingEntry
   at Mono.Nat.Upnp.ResponseMessage.Decode(UpnpNatDevice device, String message)
   at Mono.Nat.Upnp.UpnpNatDevice.DecodeMessageFromResponse(Stream s, Int32 length)
   at Mono.Nat.Upnp.UpnpNatDevice.SendMessageAsync(RequestMessage message)
   at Mono.Nat.Upnp.UpnpNatDevice.CreatePortMapAsync(Mapping mapping)
   at Jellyfin.Networking.PortForwardingHost.CreatePortMap(INatDevice device, Int32 privatePort, Int32 publicPort)
[2025-08-13 11:25:52.196 -03:00] [INF] [25] MediaBrowser.MediaEncoding.Encoder.MediaEncoder: Starting "/usr/lib/jellyfin-ffmpeg/ffprobe" with args "-analyzeduration 200M -probesize 1G -i file:\"/data/tvshows/Outlander/Outlander - S01E13 - The Watch - HDTV-2160p.pt-BR.srt\" -threads 0 -v warning -print_format json -show_streams -show_format"
[2025-08-13 11:25:52.728 -03:00] [INF] [25] MediaBrowser.MediaEncoding.Encoder.MediaEncoder: Starting "/usr/lib/jellyfin-ffmpeg/ffprobe" with args "-analyzeduration 200M -probesize 1G -i file:\"/data/tvshows/Silo (2023)/Season 2/Silo - S02E10 - Into the Fire - WEBDL-2160p.mkv\" -threads 0 -v warning -print_format json -show_streams -show_chapters -show_format"
[2025-08-13 11:25:54.838 -03:00] [INF] [25] MediaBrowser.MediaEncoding.Encoder.MediaEncoder: Starting "/usr/lib/jellyfin-ffmpeg/ffprobe" with args "-analyzeduration 200M -probesize 1G -i file:\"/data/tvshows/Outlander/Outlander - S01E03 - The Way Out - HDTV-2160p.mkv\" -threads 0 -v warning -print_format json -show_streams -show_chapters -show_format"
[2025-08-13 11:25:55.141 -03:00] [INF] [25] MediaBrowser.MediaEncoding.Encoder.MediaEncoder: Starting "/usr/lib/jellyfin-ffmpeg/ffprobe" with args "-analyzeduration 200M -probesize 1G -i file:\"/data/tvshows/Outlander/Outlander - S01E03 - The Way Out - HDTV-2160p.pt-BR.srt\" -threads 0 -v warning -print_format json -show_streams -show_format"
[2025-08-13 11:25:55.158 -03:00] [INF] [25] MediaBrowser.MediaEncoding.Encoder.MediaEncoder: Starting "/usr/lib/jellyfin-ffmpeg/ffprobe" with args "-analyzeduration 200M -probesize 1G -i file:\"/data/tvshows/Silo (2023)/Season 2/Silo - S02E10 - Into the Fire - WEBDL-2160p.pt-BR.forced.srt\" -threads 0 -v warning -print_format json -show_streams -show_format"
[2025-08-13 11:25:57.160 -03:00] [INF] [6] MediaBrowser.MediaEncoding.Encoder.MediaEncoder: Starting "/usr/lib/jellyfin-ffmpeg/ffprobe" with args "-analyzeduration 200M -probesize 1G -i file:\"/data/tvshows/Silo (2023)/Season 2/Silo - S02E07 - The Dive - WEBDL-2160p.mkv\" -threads 0 -v warning -print_format json -show_streams -show_chapters -show_format"
[2025-08-13 11:25:57.232 -03:00] [INF] [11] MediaBrowser.MediaEncoding.Encoder.MediaEncoder: Starting "/usr/lib/jellyfin-ffmpeg/ffprobe" with args "-analyzeduration 200M -probesize 1G -i file:\"/data/tvshows/Outlander/Outlander - S01E11 - The Devil's Mark - HDTV-2160p.mkv\" -threads 0 -v warning -print_format json -show_streams -show_chapters -show_format"
[2025-08-13 11:25:57.261 -03:00] [INF] [25] MediaBrowser.MediaEncoding.Encoder.MediaEncoder: Starting "/usr/lib/jellyfin-ffmpeg/ffprobe" with args "-analyzeduration 200M -probesize 1G -i file:\"/data/tvshows/Silo (2023)/Season 2/Silo - S02E07 - The Dive - WEBDL-2160p.pt-BR.forced.srt\" -threads 0 -v warning -print_format json -show_streams -show_format"
[2025-08-13 11:25:57.300 -03:00] [INF] [25] MediaBrowser.MediaEncoding.Encoder.MediaEncoder: Starting "/usr/lib/jellyfin-ffmpeg/ffprobe" with args "-analyzeduration 200M -probesize 1G -i file:\"/data/tvshows/Outlander/Outlander - S01E11 - The Devil's Mark - HDTV-2160p.pt-BR.hi.srt\" -threads 0 -v warning -print_format json -show_streams -show_format"
[2025-08-13 11:25:57.829 -03:00] [INF] [25] MediaBrowser.MediaEncoding.Encoder.MediaEncoder: Starting "/usr/lib/jellyfin-ffmpeg/ffprobe" with args "-analyzeduration 200M -probesize 1G -i file:\"/data/tvshows/Outlander/Outlander - S01E15 - Wentworth Prison - HDTV-2160p.mkv\" -threads 0 -v warning -print_format json -show_streams -show_chapters -show_format"
[2025-08-13 11:25:57.881 -03:00] [INF] [6] MediaBrowser.MediaEncoding.Encoder.MediaEncoder: Starting "/usr/lib/jellyfin-ffmpeg/ffprobe" with args "-analyzeduration 200M -probesize 1G -i file:\"/data/tvshows/Silo (2023)/Season 2/Silo - S02E06 - Barricades - WEBDL-2160p.mkv\" -threads 0 -v warning -print_format json -show_streams -show_chapters -show_format"
[2025-08-13 11:25:57.922 -03:00] [INF] [6] MediaBrowser.MediaEncoding.Encoder.MediaEncoder: Starting "/usr/lib/jellyfin-ffmpeg/ffprobe" with args "-analyzeduration 200M -probesize 1G -i file:\"/data/tvshows/Outlander/Outlander - S01E15 - Wentworth Prison - HDTV-2160p.pt-BR.srt\" -threads 0 -v warning -print_format json -show_streams -show_format"
[2025-08-13 11:25:57.937 -03:00] [INF] [24] MediaBrowser.MediaEncoding.Encoder.MediaEncoder: Starting "/usr/lib/jellyfin-ffmpeg/ffprobe" with args "-analyzeduration 200M -probesize 1G -i file:\"/data/tvshows/Moon Knight (2022)/Season 1/Moon Knight - S01E03 - The Friendly Type - Bluray-2160p Remux.mkv\" -threads 0 -v warning -print_format json -show_streams -show_chapters -show_format"
[2025-08-13 11:25:57.967 -03:00] [INF] [25] MediaBrowser.MediaEncoding.Encoder.MediaEncoder: Starting "/usr/lib/jellyfin-ffmpeg/ffprobe" with args "-analyzeduration 200M -probesize 1G -i file:\"/data/tvshows/Silo (2023)/Season 2/Silo - S02E06 - Barricades - WEBDL-2160p.forced.srt\" -threads 0 -v warning -print_format json -show_streams -show_format"
[2025-08-13 11:25:58.023 -03:00] [INF] [11] MediaBrowser.MediaEncoding.Encoder.MediaEncoder: Starting "/usr/lib/jellyfin-ffmpeg/ffprobe" with args "-analyzeduration 200M -probesize 1G -i file:\"/data/tvshows/Silo (2023)/Season 2/Silo - S02E06 - Barricades - WEBDL-2160p.pt-BR.forced.srt\" -threads 0 -v warning -print_format json -show_streams -show_format"
[2025-08-13 11:25:58.409 -03:00] [INF] [25] MediaBrowser.MediaEncoding.Encoder.MediaEncoder: Starting "/usr/lib/jellyfin-ffmpeg/ffprobe" with args "-analyzeduration 200M -probesize 1G -i file:\"/data/tvshows/Outlander/Outlander - S01E14 - The Search - HDTV-2160p.mkv\" -threads 0 -v warning -print_format json -show_streams -show_chapters -show_format"
[2025-08-13 11:25:58.576 -03:00] [INF] [6] MediaBrowser.MediaEncoding.Encoder.MediaEncoder: Starting "/usr/lib/jellyfin-ffmpeg/ffprobe" with args "-analyzeduration 200M -probesize 1G -i file:\"/data/tvshows/Outlander/Outlander - S01E14 - The Search - HDTV-2160p.pt-BR.srt\" -threads 0 -v warning -print_format json -show_streams -show_format"
[2025-08-13 11:25:58.655 -03:00] [INF] [11] MediaBrowser.MediaEncoding.Encoder.MediaEncoder: Starting "/usr/lib/jellyfin-ffmpeg/ffprobe" with args "-analyzeduration 200M -probesize 1G -i file:\"/data/tvshows/Silo (2023)/Season 2/Silo - S02E05 - Descent - WEBDL-2160p.mkv\" -threads 0 -v warning -print_format json -show_streams -show_chapters -show_format"
[2025-08-13 11:25:58.961 -03:00] [INF] [24] MediaBrowser.MediaEncoding.Encoder.MediaEncoder: Starting "/usr/lib/jellyfin-ffmpeg/ffprobe" with args "-analyzeduration 200M -probesize 1G -i file:\"/data/tvshows/Silo (2023)/Season 2/Silo - S02E05 - Descent - WEBDL-2160p.forced.srt\" -threads 0 -v warning -print_format json -show_streams -show_format"
[2025-08-13 11:25:59.007 -03:00] [INF] [24] MediaBrowser.MediaEncoding.Encoder.MediaEncoder: Starting "/usr/lib/jellyfin-ffmpeg/ffprobe" with args "-analyzeduration 200M -probesize 1G -i file:\"/data/tvshows/Silo (2023)/Season 2/Silo - S02E05 - Descent - WEBDL-2160p.pt-BR.forced.srt\" -threads 0 -v warning -print_format json -show_streams -show_format"
[2025-08-13 11:25:59.251 -03:00] [INF] [24] MediaBrowser.MediaEncoding.Encoder.MediaEncoder: Starting "/usr/lib/jellyfin-ffmpeg/ffprobe" with args "-analyzeduration 200M -probesize 1G -i file:\"/data/tvshows/Outlander/Outlander - S01E06 - The Garrison Commander - HDTV-2160p.mkv\" -threads 0 -v warning -print_format json -show_streams -show_chapters -show_format"
[2025-08-13 11:25:59.408 -03:00] [INF] [24] MediaBrowser.MediaEncoding.Encoder.MediaEncoder: Starting "/usr/lib/jellyfin-ffmpeg/ffprobe" with args "-analyzeduration 200M -probesize 1G -i file:\"/data/tvshows/Outlander/Outlander - S01E06 - The Garrison Commander - HDTV-2160p.pt-BR.srt\" -threads 0 -v warning -print_format json -show_streams -show_format"
[2025-08-13 11:25:59.879 -03:00] [INF] [11] MediaBrowser.MediaEncoding.Encoder.MediaEncoder: Starting "/usr/lib/jellyfin-ffmpeg/ffprobe" with args "-analyzeduration 200M -probesize 1G -i file:\"/data/tvshows/Silo (2023)/Season 2/Silo - S02E09 - The Safeguard - WEBDL-2160p.mkv\" -threads 0 -v warning -print_format json -show_streams -show_chapters -show_format"
[2025-08-13 11:26:00.095 -03:00] [INF] [25] MediaBrowser.MediaEncoding.Encoder.MediaEncoder: Starting "/usr/lib/jellyfin-ffmpeg/ffprobe" with args "-analyzeduration 200M -probesize 1G -i file:\"/data/tvshows/Outlander/Outlander - S01E04 - The Gathering - HDTV-2160p.mkv\" -threads 0 -v warning -print_format json -show_streams -show_chapters -show_format"
[2025-08-13 11:26:02.141 -03:00] [INF] [25] MediaBrowser.MediaEncoding.Encoder.MediaEncoder: Starting "/usr/lib/jellyfin-ffmpeg/ffprobe" with args "-analyzeduration 200M -probesize 1G -i file:\"/data/tvshows/Outlander/Outlander - S01E04 - The Gathering - HDTV-2160p.pt-BR.srt\" -threads 0 -v warning -print_format json -show_streams -show_format"
[2025-08-13 11:26:02.252 -03:00] [INF] [25] MediaBrowser.MediaEncoding.Encoder.MediaEncoder: Starting "/usr/lib/jellyfin-ffmpeg/ffprobe" with args "-analyzeduration 200M -probesize 1G -i file:\"/data/tvshows/Silo (2023)/Season 2/Silo - S02E09 - The Safeguard - WEBDL-2160p.pt-BR.forced.srt\" -threads 0 -v warning -print_format json -show_streams -show_format"
[2025-08-13 11:26:02.780 -03:00] [INF] [6] MediaBrowser.MediaEncoding.Encoder.MediaEncoder: Starting "/usr/lib/jellyfin-ffmpeg/ffprobe" with args "-analyzeduration 200M -probesize 1G -i file:\"/data/tvshows/Outlander/Outlander - S01E01 - Sassenach - HDTV-2160p.mkv\" -threads 0 -v warning -print_format json -show_streams -show_chapters -show_format"
[2025-08-13 11:26:04.429 -03:00] [INF] [6] MediaBrowser.MediaEncoding.Encoder.MediaEncoder: Starting "/usr/lib/jellyfin-ffmpeg/ffprobe" with args "-analyzeduration 200M -probesize 1G -i file:\"/data/tvshows/Outlander/Outlander - S01E01 - Sassenach - HDTV-2160p.pt-BR.srt\" -threads 0 -v warning -print_format json -show_streams -show_format"
[2025-08-13 11:26:04.920 -03:00] [INF] [6] MediaBrowser.MediaEncoding.Encoder.MediaEncoder: Starting "/usr/lib/jellyfin-ffmpeg/ffprobe" with args "-analyzeduration 200M -probesize 1G -i file:\"/data/tvshows/Silo (2023)/Season 2/Silo - S02E02 - Order - WEBDL-2160p.mkv\" -threads 0 -v warning -print_format json -show_streams -show_chapters -show_format"
[2025-08-13 11:26:05.846 -03:00] [INF] [20] MediaBrowser.MediaEncoding.Encoder.MediaEncoder: Starting "/usr/lib/jellyfin-ffmpeg/ffprobe" with args "-analyzeduration 200M -probesize 1G -i file:\"/data/tvshows/Silo (2023)/Season 2/Silo - S02E02 - Order - WEBDL-2160p.forced.srt\" -threads 0 -v warning -print_format json -show_streams -show_format"
[2025-08-13 11:26:05.972 -03:00] [INF] [20] MediaBrowser.MediaEncoding.Encoder.MediaEncoder: Starting "/usr/lib/jellyfin-ffmpeg/ffprobe" with args "-analyzeduration 200M -probesize 1G -i file:\"/data/tvshows/Silo (2023)/Season 2/Silo - S02E02 - Order - WEBDL-2160p.pt-BR.forced.srt\" -threads 0 -v warning -print_format json -show_streams -show_format"
[2025-08-13 11:26:05.972 -03:00] [INF] [6] MediaBrowser.MediaEncoding.Encoder.MediaEncoder: Starting "/usr/lib/jellyfin-ffmpeg/ffprobe" with args "-analyzeduration 200M -probesize 1G -i file:\"/data/tvshows/Outlander/Outlander - S01E10 - By the Pricking of My Thumbs - HDTV-2160p.mkv\" -threads 0 -v warning -print_format json -show_streams -show_chapters -show_format"
[2025-08-13 11:26:06.186 -03:00] [INF] [20] MediaBrowser.MediaEncoding.Encoder.MediaEncoder: Starting "/usr/lib/jellyfin-ffmpeg/ffprobe" with args "-analyzeduration 200M -probesize 1G -i file:\"/data/tvshows/Outlander/Outlander - S01E10 - By the Pricking of My Thumbs - HDTV-2160p.pt-BR.srt\" -threads 0 -v warning -print_format json -show_streams -show_format"
[2025-08-13 11:26:06.971 -03:00] [INF] [25] MediaBrowser.Providers.TV.SeriesMetadataService: Removing virtual season null in series "Outlander"
[2025-08-13 11:26:06.972 -03:00] [INF] [25] Emby.Server.Implementations.Library.LibraryManager: Removing item, Type: "Season", Name: "Season Unknown", Path: "", Id: 8d707f4a-162c-3355-ba64-280b0e1315c4
[2025-08-13 11:26:06.974 -03:00] [INF] [25] MediaBrowser.Providers.TV.SeriesMetadataService: Creating Season "Season 1" entry for "Outlander"
[2025-08-13 11:26:07.035 -03:00] [INF] [6] MediaBrowser.MediaEncoding.Encoder.MediaEncoder: Starting "/usr/lib/jellyfin-ffmpeg/ffprobe" with args "-analyzeduration 200M -probesize 1G -i file:\"/data/tvshows/Silo (2023)/Season 2/Silo - S02E01 - The Engineer - WEBDL-2160p.mkv\" -threads 0 -v warning -print_format json -show_streams -show_chapters -show_format"
[2025-08-13 11:26:08.533 -03:00] [INF] [6] MediaBrowser.MediaEncoding.Encoder.MediaEncoder: Starting "/usr/lib/jellyfin-ffmpeg/ffprobe" with args "-analyzeduration 200M -probesize 1G -i file:\"/data/tvshows/Silo (2023)/Season 2/Silo - S02E01 - The Engineer - WEBDL-2160p.forced.srt\" -threads 0 -v warning -print_format json -show_streams -show_format"
[2025-08-13 11:26:10.653 -03:00] [INF] [6] MediaBrowser.MediaEncoding.Encoder.MediaEncoder: Starting "/usr/lib/jellyfin-ffmpeg/ffprobe" with args "-analyzeduration 200M -probesize 1G -i file:\"/data/tvshows/Silo (2023)/Season 2/Silo - S02E01 - The Engineer - WEBDL-2160p.pt-BR.forced.srt\" -threads 0 -v warning -print_format json -show_streams -show_format"
[2025-08-13 11:26:11.529 -03:00] [INF] [20] MediaBrowser.MediaEncoding.Encoder.MediaEncoder: Starting "/usr/lib/jellyfin-ffmpeg/ffprobe" with args "-analyzeduration 200M -probesize 1G -i file:\"/data/tvshows/Silo (2023)/Season 2/Silo - S02E01 - The Engineer - WEBDL-2160p.pt-BR.srt\" -threads 0 -v warning -print_format json -show_streams -show_format"
[2025-08-13 11:26:11.559 -03:00] [INF] [6] MediaBrowser.MediaEncoding.Encoder.MediaEncoder: Starting "/usr/lib/jellyfin-ffmpeg/ffprobe" with args "-analyzeduration 200M -probesize 1G -i file:\"/data/tvshows/Silo (2023)/Season 2/Silo - S02E01 - The Engineer - WEBDL-2160p.srt\" -threads 0 -v warning -print_format json -show_streams -show_format"
[2025-08-13 11:26:12.184 -03:00] [INF] [6] MediaBrowser.Providers.TV.SeriesMetadataService: Removing virtual season null in series "Silo"
[2025-08-13 11:26:12.184 -03:00] [INF] [6] Emby.Server.Implementations.Library.LibraryManager: Removing item, Type: "Season", Name: "Season Unknown", Path: "", Id: b4a0d3fe-c021-ac67-541e-2a58837c0a16
[2025-08-13 11:26:12.299 -03:00] [INF] [25] MediaBrowser.MediaEncoding.Encoder.MediaEncoder: Starting "/usr/lib/jellyfin-ffmpeg/ffprobe" with args "-analyzeduration 200M -probesize 1G -i file:\"/data/tvshows/Moon Knight (2022)/Season 1/Moon Knight - S01E05 - Asylum - Bluray-2160p Remux.mkv\" -threads 0 -v warning -print_format json -show_streams -show_chapters -show_format"
[2025-08-13 11:26:13.146 -03:00] [INF] [6] MediaBrowser.MediaEncoding.Encoder.MediaEncoder: Starting "/usr/lib/jellyfin-ffmpeg/ffprobe" with args "-analyzeduration 200M -probesize 1G -i file:\"/data/tvshows/Moon Knight (2022)/Season 1/Moon Knight - S01E02 - Summon the Suit - Bluray-2160p Remux.mkv\" -threads 0 -v warning -print_format json -show_streams -show_chapters -show_format"
[2025-08-13 11:26:13.974 -03:00] [INF] [11] MediaBrowser.MediaEncoding.Encoder.MediaEncoder: Starting "/usr/lib/jellyfin-ffmpeg/ffprobe" with args "-analyzeduration 200M -probesize 1G -i file:\"/data/tvshows/Moon Knight (2022)/Season 1/Moon Knight - S01E04 - The Tomb - Bluray-2160p Remux.mkv\" -threads 0 -v warning -print_format json -show_streams -show_chapters -show_format"
[2025-08-13 11:26:24.936 -03:00] [INF] [18] Emby.Server.Implementations.Session.SessionManager: Sending shutdown notifications
[2025-08-13 11:26:24.951 -03:00] [INF] [6] Emby.Server.Implementations.HttpServer.WebSocketManager: WS "192.168.0.2" closed
[2025-08-13 11:26:24.957 -03:00] [INF] [6] Jellyfin.Networking.PortForwardingHost: Stopping NAT discovery
[2025-08-13 11:26:24.962 -03:00] [INF] [11] Main: Running query planner optimizations in the database... This might take a while
[2025-08-13 11:26:25.491 -03:00] [INF] [6] MediaBrowser.MediaEncoding.Encoder.MediaEncoder: Killing ffmpeg process
[2025-08-13 11:26:25.494 -03:00] [INF] [6] Emby.Server.Implementations.ScheduledTasks.TaskManager: "Scan Media Library": Cancelling
[2025-08-13 11:26:25.494 -03:00] [INF] [6] Emby.Server.Implementations.ScheduledTasks.TaskManager: "Scan Media Library": Waiting on Task
[2025-08-13 11:26:25.498 -03:00] [INF] [24] Emby.Server.Implementations.ScheduledTasks.TaskManager: "Scan Media Library" Cancelled after 1 minute(s) and 1 seconds
[2025-08-13 11:26:25.531 -03:00] [INF] [6] Emby.Server.Implementations.ScheduledTasks.TaskManager: "Scan Media Library": Task exited
[2025-08-13 11:26:25.531 -03:00] [INF] [6] Emby.Server.Implementations.ScheduledTasks.TaskManager: "Scan Media Library" Aborted after 1 minute(s) and 1 seconds
[2025-08-13 11:26:25.533 -03:00] [INF] [25] Emby.Server.Implementations.IO.LibraryMonitor: Watching directory "/data/tvshows"
[2025-08-13 11:26:25.538 -03:00] [INF] [11] Emby.Server.Implementations.ApplicationHost: Disposing "CoreAppHost"
[2025-08-13 11:26:25.538 -03:00] [INF] [11] Emby.Server.Implementations.ApplicationHost: Disposing "MusicBrainzArtistProvider"
[2025-08-13 11:26:25.538 -03:00] [INF] [11] Emby.Server.Implementations.ApplicationHost: Disposing "MusicBrainzAlbumProvider"
[2025-08-13 11:26:25.539 -03:00] [INF] [11] Emby.Server.Implementations.ApplicationHost: Disposing "PluginManager"
[2025-08-13 11:26:25.540 -03:00] [INF] [20] Emby.Server.Implementations.IO.LibraryMonitor: Watching directory "/data/movies"
[2025-08-13 11:26:29.686 -03:00] [INF] [1] Main: Jellyfin version: "10.10.7"
[2025-08-13 11:26:29.721 -03:00] [INF] [1] Main: Environment Variables: ["[JELLYFIN_CONFIG_DIR, /config]", "[JELLYFIN_LOG_DIR, /config/log]", "[JELLYFIN_DATA_DIR, /config/data]", "[JELLYFIN_CACHE_DIR, /config/cache]", "[JELLYFIN_WEB_DIR, /usr/share/jellyfin/web]"]
[2025-08-13 11:26:29.724 -03:00] [INF] [1] Main: Arguments: ["/usr/lib/jellyfin/bin/jellyfin.dll", "--ffmpeg=/usr/lib/jellyfin-ffmpeg/ffmpeg"]
[2025-08-13 11:26:29.724 -03:00] [INF] [1] Main: Operating system: "Ubuntu 24.04.3 LTS"
[2025-08-13 11:26:29.724 -03:00] [INF] [1] Main: Architecture: X64
[2025-08-13 11:26:29.725 -03:00] [INF] [1] Main: 64-Bit Process: True
[2025-08-13 11:26:29.725 -03:00] [INF] [1] Main: User Interactive: True
[2025-08-13 11:26:29.725 -03:00] [INF] [1] Main: Processor count: 4
[2025-08-13 11:26:29.725 -03:00] [INF] [1] Main: Program data path: "/config/data"
[2025-08-13 11:26:29.725 -03:00] [INF] [1] Main: Log directory path: "/config/log"
[2025-08-13 11:26:29.725 -03:00] [INF] [1] Main: Config directory path: "/config"
[2025-08-13 11:26:29.725 -03:00] [INF] [1] Main: Cache path: "/config/cache"
[2025-08-13 11:26:29.725 -03:00] [INF] [1] Main: Temp directory path: "/tmp/jellyfin"
[2025-08-13 11:26:29.726 -03:00] [INF] [1] Main: Web resources path: "/usr/share/jellyfin/web"
[2025-08-13 11:26:29.726 -03:00] [INF] [1] Main: Application directory: "/usr/lib/jellyfin/bin/"
[2025-08-13 11:26:29.863 -03:00] [INF] [1] Emby.Server.Implementations.AppBase.BaseConfigurationManager: Setting cache path: "/config/cache"
[2025-08-13 11:26:29.908 -03:00] [INF] [1] Emby.Server.Implementations.ApplicationHost: Loading assemblies
[2025-08-13 11:26:29.993 -03:00] [INF] [1] Jellyfin.Networking.Manager.NetworkManager: Defined LAN subnets: ["127.0.0.1/8", "10.0.0.0/8", "172.16.0.0/12", "192.168.0.0/16"]
[2025-08-13 11:26:29.993 -03:00] [INF] [1] Jellyfin.Networking.Manager.NetworkManager: Defined LAN exclusions: []
[2025-08-13 11:26:29.994 -03:00] [INF] [1] Jellyfin.Networking.Manager.NetworkManager: Used LAN subnets: ["127.0.0.1/8", "10.0.0.0/8", "172.16.0.0/12", "192.168.0.0/16"]
[2025-08-13 11:26:29.995 -03:00] [INF] [1] Jellyfin.Networking.Manager.NetworkManager: Filtered interface addresses: ["127.0.0.1", "172.18.0.9"]
[2025-08-13 11:26:29.996 -03:00] [INF] [1] Jellyfin.Networking.Manager.NetworkManager: Bind Addresses ["0.0.0.0"]
[2025-08-13 11:26:29.996 -03:00] [INF] [1] Jellyfin.Networking.Manager.NetworkManager: Remote IP filter is "Allowlist"
[2025-08-13 11:26:29.996 -03:00] [INF] [1] Jellyfin.Networking.Manager.NetworkManager: Filtered subnets: []
[2025-08-13 11:26:31.720 -03:00] [INF] [1] Emby.Server.Implementations.Plugins.PluginManager: Loaded plugin: "TMDb" "10.10.7.0"
[2025-08-13 11:26:31.722 -03:00] [INF] [1] Emby.Server.Implementations.Plugins.PluginManager: Loaded plugin: "Studio Images" "10.10.7.0"
[2025-08-13 11:26:31.722 -03:00] [INF] [1] Emby.Server.Implementations.Plugins.PluginManager: Loaded plugin: "OMDb" "10.10.7.0"
[2025-08-13 11:26:31.745 -03:00] [INF] [1] Emby.Server.Implementations.Plugins.PluginManager: Loaded plugin: "MusicBrainz" "10.10.7.0"
[2025-08-13 11:26:31.746 -03:00] [INF] [1] Emby.Server.Implementations.Plugins.PluginManager: Loaded plugin: "AudioDB" "10.10.7.0"
[2025-08-13 11:26:31.851 -03:00] [INF] [1] Main: Kestrel is listening on "0.0.0.0"
[2025-08-13 11:26:32.082 -03:00] [INF] [1] Jellyfin.Networking.PortForwardingHost: Starting NAT discovery
[2025-08-13 11:26:32.502 -03:00] [WRN] [1] Microsoft.AspNetCore.StaticFiles.StaticFileMiddleware: The WebRootPath was not found: "/run/s6-rc:s6-rc-init:oGpJfk/servicedirs/svc-jellyfin/wwwroot". Static files may be unavailable.
[2025-08-13 11:26:32.540 -03:00] [INF] [1] Emby.Server.Implementations.ApplicationHost: Running startup tasks
[2025-08-13 11:26:32.541 -03:00] [INF] [10] Emby.Server.Implementations.IO.LibraryMonitor: Watching directory "/data/tvshows"
[2025-08-13 11:26:32.541 -03:00] [INF] [11] Emby.Server.Implementations.IO.LibraryMonitor: Watching directory "/data/movies"
[2025-08-13 11:26:32.554 -03:00] [INF] [1] Emby.Server.Implementations.ScheduledTasks.TaskManager: Daily trigger for "Generate Trickplay Images" set to fire at 2025-08-14 03:00:00.000 -03:00, which is 15:33:27.4453454 from now.
[2025-08-13 11:26:32.558 -03:00] [INF] [1] Emby.Server.Implementations.ScheduledTasks.TaskManager: Daily trigger for "Extract Chapter Images" set to fire at 2025-08-14 02:00:00.000 -03:00, which is 14:33:27.4413937 from now.
[2025-08-13 11:26:32.599 -03:00] [INF] [1] MediaBrowser.MediaEncoding.Encoder.MediaEncoder: Found ffmpeg version "7.1.1"
[2025-08-13 11:26:32.655 -03:00] [INF] [1] MediaBrowser.MediaEncoding.Encoder.MediaEncoder: Available "decoders": ["libdav1d", "av1", "av1_cuvid", "av1_qsv", "h264", "h264_qsv", "h264_cuvid", "hevc", "hevc_qsv", "hevc_cuvid", "mpeg2video", "mpeg2_qsv", "mpeg2_cuvid", "mpeg4", "mpeg4_cuvid", "msmpeg4", "vc1_qsv", "vc1_cuvid", "vp8", "libvpx", "vp8_cuvid", "vp8_qsv", "vp9", "libvpx-vp9", "vp9_cuvid", "vp9_qsv", "aac", "ac3", "ac4", "dca", "flac", "mp3", "truehd"]
[2025-08-13 11:26:32.675 -03:00] [INF] [1] MediaBrowser.MediaEncoding.Encoder.MediaEncoder: Available "encoders": ["libsvtav1", "av1_nvenc", "av1_qsv", "av1_amf", "av1_vaapi", "libx264", "h264_amf", "h264_nvenc", "h264_qsv", "h264_v4l2m2m", "h264_vaapi", "libx265", "hevc_amf", "hevc_nvenc", "hevc_qsv", "hevc_vaapi", "mjpeg_qsv", "mjpeg_vaapi", "aac", "libfdk_aac", "ac3", "alac", "dca", "flac", "libmp3lame", "libopus", "truehd", "libvorbis", "srt"]
[2025-08-13 11:26:32.698 -03:00] [INF] [1] MediaBrowser.MediaEncoding.Encoder.MediaEncoder: Available filters: ["bwdif_cuda", "deinterlace_qsv", "deinterlace_vaapi", "flip_vulkan", "hwupload_cuda", "hwupload_vaapi", "libplacebo", "overlay_opencl", "overlay_qsv", "overlay_vaapi", "overlay_vulkan", "overlay_cuda", "procamp_vaapi", "scale_cuda", "scale_opencl", "scale_qsv", "scale_vaapi", "scale_vulkan", "tonemapx", "tonemap_cuda", "tonemap_opencl", "tonemap_vaapi", "transpose_cuda", "transpose_opencl", "transpose_vaapi", "transpose_vulkan", "vpp_qsv", "yadif_cuda", "zscale", "alphasrc"]
[2025-08-13 11:26:32.848 -03:00] [INF] [1] MediaBrowser.MediaEncoding.Encoder.MediaEncoder: Available hwaccel types: ["cuda", "vaapi", "qsv", "drm", "opencl", "vulkan"]
[2025-08-13 11:26:35.582 -03:00] [INF] [10] Emby.Server.Implementations.ScheduledTasks.TaskManager: "Clean Transcode Directory" Completed after 0 minute(s) and 0 seconds
[2025-08-13 11:26:35.587 -03:00] [INF] [8] Emby.Server.Implementations.ScheduledTasks.TaskManager: "Clean up collections and playlists" Completed after 0 minute(s) and 0 seconds
[2025-08-13 11:26:36.554 -03:00] [INF] [1] MediaBrowser.MediaEncoding.Encoder.MediaEncoder: FFmpeg: "/usr/lib/jellyfin-ffmpeg/ffmpeg"
[2025-08-13 11:26:36.555 -03:00] [INF] [1] Emby.Server.Implementations.ApplicationHost: ServerId: "4033a488f53e473194d2ac8b68dcd02f"
[2025-08-13 11:26:36.555 -03:00] [INF] [1] Emby.Server.Implementations.ApplicationHost: Core startup complete
[2025-08-13 11:26:36.555 -03:00] [INF] [1] Main: Startup complete 0:00:07.0300458
[2025-08-13 11:26:37.345 -03:00] [INF] [11] Emby.Server.Implementations.ScheduledTasks.TaskManager: "Update Plugins" Completed after 0 minute(s) and 1 seconds
[2025-08-13 11:26:51.625 -03:00] [ERR] [14] Jellyfin.Networking.PortForwardingHost: Error creating port map on local port 8096 to public port 8096 with device "192.168.0.1:1900".
Mono.Nat.MappingException: Error ConflictInMappingEntry: ConflictInMappingEntry
   at Mono.Nat.Upnp.ResponseMessage.Decode(UpnpNatDevice device, String message)
   at Mono.Nat.Upnp.UpnpNatDevice.DecodeMessageFromResponse(Stream s, Int32 length)
   at Mono.Nat.Upnp.UpnpNatDevice.SendMessageAsync(RequestMessage message)
   at Mono.Nat.Upnp.UpnpNatDevice.CreatePortMapAsync(Mapping mapping)
   at Jellyfin.Networking.PortForwardingHost.CreatePortMap(INatDevice device, Int32 privatePort, Int32 publicPort)
[2025-08-13 11:27:11.785 -03:00] [INF] [11] Emby.Server.Implementations.IO.LibraryMonitor: Stopping directory watching for path "/data/tvshows"
[2025-08-13 11:27:11.788 -03:00] [INF] [11] Emby.Server.Implementations.IO.LibraryMonitor: Stopping directory watching for path "/data/movies"
[2025-08-13 11:27:12.292 -03:00] [WRN] [11] MediaBrowser.Controller.Entities.BaseItem: Library folder "/config/data/data/playlists" is inaccessible or empty, skipping
[2025-08-13 11:27:12.357 -03:00] [INF] [14] Jellyfin.Drawing.ImageProcessor: Creating image collage and saving to "/tmp/jellyfin/14fe9d9e22144291b97bfc0617647a3b.png"
[2025-08-13 11:27:12.367 -03:00] [INF] [21] Jellyfin.Drawing.ImageProcessor: Creating image collage and saving to "/tmp/jellyfin/ba246dd2bf3c49aaaa0016eec58b9960.png"
[2025-08-13 11:27:12.820 -03:00] [INF] [14] Jellyfin.Drawing.ImageProcessor: Completed creation of image collage and saved to "/tmp/jellyfin/14fe9d9e22144291b97bfc0617647a3b.png"
[2025-08-13 11:27:13.011 -03:00] [INF] [21] Jellyfin.Drawing.ImageProcessor: Completed creation of image collage and saved to "/tmp/jellyfin/ba246dd2bf3c49aaaa0016eec58b9960.png"
[2025-08-13 11:27:13.095 -03:00] [INF] [15] Emby.Server.Implementations.Library.LibraryManager: Validating media library
[2025-08-13 11:27:13.253 -03:00] [WRN] [15] MediaBrowser.Controller.Entities.BaseItem: Library folder "/config/data/data/playlists" is inaccessible or empty, skipping
[2025-08-13 11:27:13.301 -03:00] [WRN] [19] MediaBrowser.Controller.Entities.BaseItem: Library folder "/config/data/data/playlists" is inaccessible or empty, skipping
[2025-08-13 11:27:13.552 -03:00] [INF] [11] MediaBrowser.Providers.TV.SeriesMetadataService: Removing virtual season null in series "Moon Knight"
[2025-08-13 11:27:13.556 -03:00] [INF] [11] Emby.Server.Implementations.Library.LibraryManager: Removing item, Type: "Season", Name: "Season Unknown", Path: "", Id: 843eed90-64e7-c324-6f44-ed5d8b73764d
[2025-08-13 11:27:13.564 -03:00] [INF] [11] MediaBrowser.Providers.TV.SeriesMetadataService: Creating Season "Season Unknown" entry for "Moon Knight"
[2025-08-13 11:27:13.721 -03:00] [INF] [11] MediaBrowser.MediaEncoding.Encoder.MediaEncoder: Starting "/usr/lib/jellyfin-ffmpeg/ffprobe" with args "-analyzeduration 200M -probesize 1G -i file:\"/data/tvshows/Moon Knight (2022)/Season 1/Moon Knight - S01E04 - The Tomb - Bluray-2160p Remux.mkv\" -threads 0 -v warning -print_format json -show_streams -show_chapters -show_format"
[2025-08-13 11:27:18.676 -03:00] [INF] [19] MediaBrowser.Providers.TV.SeriesMetadataService: Creating Season "Season Unknown" entry for "Overlord"
[2025-08-13 11:27:18.775 -03:00] [INF] [21] MediaBrowser.MediaEncoding.Encoder.MediaEncoder: Starting "/usr/lib/jellyfin-ffmpeg/ffprobe" with args "-analyzeduration 200M -probesize 1G -i file:\"/data/tvshows/Moon Knight (2022)/Season 1/Moon Knight - S01E06 - Gods and Monsters - Bluray-2160p Remux.mkv\" -threads 0 -v warning -print_format json -show_streams -show_chapters -show_format"
[2025-08-13 11:27:19.945 -03:00] [INF] [11] MediaBrowser.MediaEncoding.Encoder.MediaEncoder: Starting "/usr/lib/jellyfin-ffmpeg/ffprobe" with args "-analyzeduration 200M -probesize 1G -i file:\"/data/animes/Overlord (2015)/Season 4/Overlord - S04E05 - In Pursuit of the Land of Dwarves - Bluray-1080p.mkv\" -threads 0 -v warning -print_format json -show_streams -show_chapters -show_format"
[2025-08-13 11:27:34.068 -03:00] [INF] [22] MediaBrowser.Providers.TV.SeriesMetadataService: Removing virtual season null in series "Moon Knight"
[2025-08-13 11:27:34.068 -03:00] [INF] [22] Emby.Server.Implementations.Library.LibraryManager: Removing item, Type: "Season", Name: "Season Unknown", Path: "", Id: 843eed90-64e7-c324-6f44-ed5d8b73764d
[2025-08-13 11:27:36.033 -03:00] [INF] [22] MediaBrowser.MediaEncoding.Encoder.MediaEncoder: Starting "/usr/lib/jellyfin-ffmpeg/ffprobe" with args "-analyzeduration 200M -probesize 1G -i file:\"/data/animes/Overlord (2015)/Season 4/Overlord - S04E04 - The Ruler of Conspiracy - Bluray-1080p.mkv\" -threads 0 -v warning -print_format json -show_streams -show_chapters -show_format"
[2025-08-13 11:27:39.327 -03:00] [INF] [11] MediaBrowser.MediaEncoding.Encoder.MediaEncoder: Starting "/usr/lib/jellyfin-ffmpeg/ffprobe" with args "-analyzeduration 200M -probesize 1G -i file:\"/data/animes/Overlord (2015)/Season 4/Overlord - S04E04 - The Ruler of Conspiracy - Bluray-1080p.pt-BR.srt\" -threads 0 -v warning -print_format json -show_streams -show_format"
[2025-08-13 11:27:39.865 -03:00] [INF] [11] MediaBrowser.MediaEncoding.Encoder.MediaEncoder: Starting "/usr/lib/jellyfin-ffmpeg/ffprobe" with args "-analyzeduration 200M -probesize 1G -i file:\"/data/animes/Overlord (2015)/Season 4/Overlord - S04E08 - An Unexpected Move - Bluray-1080p.mkv\" -threads 0 -v warning -print_format json -show_streams -show_chapters -show_format"
[2025-08-13 11:27:42.335 -03:00] [INF] [22] MediaBrowser.MediaEncoding.Encoder.MediaEncoder: Starting "/usr/lib/jellyfin-ffmpeg/ffprobe" with args "-analyzeduration 200M -probesize 1G -i file:\"/data/animes/Overlord (2015)/Season 4/Overlord - S04E08 - An Unexpected Move - Bluray-1080p.pt-BR.srt\" -threads 0 -v warning -print_format json -show_streams -show_format"
[2025-08-13 11:27:42.865 -03:00] [INF] [11] MediaBrowser.MediaEncoding.Encoder.MediaEncoder: Starting "/usr/lib/jellyfin-ffmpeg/ffprobe" with args "-analyzeduration 200M -probesize 1G -i file:\"/data/animes/Overlord (2015)/Season 4/Overlord - S04E10 - The Last King - Bluray-1080p.mkv\" -threads 0 -v warning -print_format json -show_streams -show_chapters -show_format"
[2025-08-13 11:27:46.647 -03:00] [INF] [15] MediaBrowser.MediaEncoding.Encoder.MediaEncoder: Starting "/usr/lib/jellyfin-ffmpeg/ffprobe" with args "-analyzeduration 200M -probesize 1G -i file:\"/data/animes/Overlord (2015)/Season 4/Overlord - S04E10 - The Last King - Bluray-1080p.pt-BR.srt\" -threads 0 -v warning -print_format json -show_streams -show_format"
[2025-08-13 11:27:47.169 -03:00] [INF] [22] MediaBrowser.MediaEncoding.Encoder.MediaEncoder: Starting "/usr/lib/jellyfin-ffmpeg/ffprobe" with args "-analyzeduration 200M -probesize 1G -i file:\"/data/animes/Overlord (2015)/Season 4/Overlord - S04E12 - Invasion of the Royal Capital - Bluray-1080p.mkv\" -threads 0 -v warning -print_format json -show_streams -show_chapters -show_format"
[2025-08-13 11:27:49.416 -03:00] [INF] [22] MediaBrowser.MediaEncoding.Encoder.MediaEncoder: Starting "/usr/lib/jellyfin-ffmpeg/ffprobe" with args "-analyzeduration 200M -probesize 1G -i file:\"/data/animes/Overlord (2015)/Season 4/Overlord - S04E12 - Invasion of the Royal Capital - Bluray-1080p.pt-BR.srt\" -threads 0 -v warning -print_format json -show_streams -show_format"
[2025-08-13 11:27:49.955 -03:00] [INF] [15] MediaBrowser.MediaEncoding.Encoder.MediaEncoder: Starting "/usr/lib/jellyfin-ffmpeg/ffprobe" with args "-analyzeduration 200M -probesize 1G -i file:\"/data/animes/Overlord (2015)/Season 4/Overlord - S04E13 - The Witch of the Falling Kingdom - Bluray-1080p.mkv\" -threads 0 -v warning -print_format json -show_streams -show_chapters -show_format"
[2025-08-13 11:27:52.299 -03:00] [INF] [19] MediaBrowser.MediaEncoding.Encoder.MediaEncoder: Starting "/usr/lib/jellyfin-ffmpeg/ffprobe" with args "-analyzeduration 200M -probesize 1G -i file:\"/data/animes/Overlord (2015)/Season 4/Overlord - S04E13 - The Witch of the Falling Kingdom - Bluray-1080p.pt-BR.srt\" -threads 0 -v warning -print_format json -show_streams -show_format"
[2025-08-13 11:27:52.829 -03:00] [INF] [19] MediaBrowser.MediaEncoding.Encoder.MediaEncoder: Starting "/usr/lib/jellyfin-ffmpeg/ffprobe" with args "-analyzeduration 200M -probesize 1G -i file:\"/data/animes/Overlord (2015)/Season 4/Overlord - S04E03 - Baharuth Empire - Bluray-1080p.mkv\" -threads 0 -v warning -print_format json -show_streams -show_chapters -show_format"
[2025-08-13 11:27:55.434 -03:00] [INF] [22] MediaBrowser.MediaEncoding.Encoder.MediaEncoder: Starting "/usr/lib/jellyfin-ffmpeg/ffprobe" with args "-analyzeduration 200M -probesize 1G -i file:\"/data/animes/Overlord (2015)/Season 4/Overlord - S04E01 - Sorcerer Kingdom Ains Ooal Gown Ains Ooal Gown Nation of Leading Darkness - Bluray-1080p.mkv\" -threads 0 -v warning -print_format json -show_streams -show_chapters -show_format"
[2025-08-13 11:27:57.505 -03:00] [INF] [22] MediaBrowser.MediaEncoding.Encoder.MediaEncoder: Starting "/usr/lib/jellyfin-ffmpeg/ffprobe" with args "-analyzeduration 200M -probesize 1G -i file:\"/data/animes/Overlord (2015)/Season 4/Overlord - S04E11 - Well-prepared Traps - Bluray-1080p.mkv\" -threads 0 -v warning -print_format json -show_streams -show_chapters -show_format"
[2025-08-13 11:28:01.099 -03:00] [INF] [15] MediaBrowser.MediaEncoding.Encoder.MediaEncoder: Starting "/usr/lib/jellyfin-ffmpeg/ffprobe" with args "-analyzeduration 200M -probesize 1G -i file:\"/data/animes/Overlord (2015)/Season 4/Overlord - S04E11 - Well-prepared Traps - Bluray-1080p.pt-BR.srt\" -threads 0 -v warning -print_format json -show_streams -show_format"
[2025-08-13 11:28:01.642 -03:00] [INF] [15] MediaBrowser.MediaEncoding.Encoder.MediaEncoder: Starting "/usr/lib/jellyfin-ffmpeg/ffprobe" with args "-analyzeduration 200M -probesize 1G -i file:\"/data/animes/Overlord (2015)/Season 4/Overlord - S04E07 - Frost Dragon Lord - Bluray-1080p.mkv\" -threads 0 -v warning -print_format json -show_streams -show_chapters -show_format"
[2025-08-13 11:28:04.877 -03:00] [INF] [11] MediaBrowser.MediaEncoding.Encoder.MediaEncoder: Starting "/usr/lib/jellyfin-ffmpeg/ffprobe" with args "-analyzeduration 200M -probesize 1G -i file:\"/data/animes/Overlord (2015)/Season 4/Overlord - S04E07 - Frost Dragon Lord - Bluray-1080p.pt-BR.srt\" -threads 0 -v warning -print_format json -show_streams -show_format"
[2025-08-13 11:28:05.695 -03:00] [INF] [22] MediaBrowser.MediaEncoding.Encoder.MediaEncoder: Starting "/usr/lib/jellyfin-ffmpeg/ffprobe" with args "-analyzeduration 200M -probesize 1G -i file:\"/data/animes/Overlord (2015)/Season 4/Overlord - S04E02 - Re-Estize Kingdom - Bluray-1080p.mkv\" -threads 0 -v warning -print_format json -show_streams -show_chapters -show_format"
[2025-08-13 11:28:09.318 -03:00] [INF] [11] MediaBrowser.MediaEncoding.Encoder.MediaEncoder: Starting "/usr/lib/jellyfin-ffmpeg/ffprobe" with args "-analyzeduration 200M -probesize 1G -i file:\"/data/animes/Overlord (2015)/Season 4/Overlord - S04E09 - Countdown to Extinction - Bluray-1080p.mkv\" -threads 0 -v warning -print_format json -show_streams -show_chapters -show_format"
[2025-08-13 11:28:12.327 -03:00] [INF] [22] MediaBrowser.MediaEncoding.Encoder.MediaEncoder: Starting "/usr/lib/jellyfin-ffmpeg/ffprobe" with args "-analyzeduration 200M -probesize 1G -i file:\"/data/animes/Overlord (2015)/Season 4/Overlord - S04E09 - Countdown to Extinction - Bluray-1080p.pt-BR.srt\" -threads 0 -v warning -print_format json -show_streams -show_format"
[2025-08-13 11:28:12.864 -03:00] [INF] [22] MediaBrowser.MediaEncoding.Encoder.MediaEncoder: Starting "/usr/lib/jellyfin-ffmpeg/ffprobe" with args "-analyzeduration 200M -probesize 1G -i file:\"/data/animes/Overlord (2015)/Season 4/Overlord - S04E06 - The Impending Crisis - Bluray-1080p.mkv\" -threads 0 -v warning -print_format json -show_streams -show_chapters -show_format"
[2025-08-13 11:28:16.318 -03:00] [INF] [22] MediaBrowser.MediaEncoding.Encoder.MediaEncoder: Starting "/usr/lib/jellyfin-ffmpeg/ffprobe" with args "-analyzeduration 200M -probesize 1G -i file:\"/data/animes/Overlord (2015)/Season 4/Overlord - S04E06 - The Impending Crisis - Bluray-1080p.pt-BR.srt\" -threads 0 -v warning -print_format json -show_streams -show_format"
[2025-08-13 11:28:16.900 -03:00] [INF] [15] MediaBrowser.MediaEncoding.Encoder.MediaEncoder: Starting "/usr/lib/jellyfin-ffmpeg/ffprobe" with args "-analyzeduration 200M -probesize 1G -i file:\"/data/animes/Overlord (2015)/Season 3/Overlord - S03E06 - Invitation to Death - Bluray-1080p.mkv\" -threads 0 -v warning -print_format json -show_streams -show_chapters -show_format"
[2025-08-13 11:28:17.044 -03:00] [INF] [15] MediaBrowser.MediaEncoding.Encoder.MediaEncoder: Starting "/usr/lib/jellyfin-ffmpeg/ffprobe" with args "-analyzeduration 200M -probesize 1G -i file:\"/data/animes/Overlord (2015)/Season 3/Overlord - S03E06 - Invitation to Death - Bluray-1080p.en.srt\" -threads 0 -v warning -print_format json -show_streams -show_format"
[2025-08-13 11:28:18.280 -03:00] [INF] [25] MediaBrowser.MediaEncoding.Encoder.MediaEncoder: Starting "/usr/lib/jellyfin-ffmpeg/ffprobe" with args "-analyzeduration 200M -probesize 1G -i file:\"/data/animes/Overlord (2015)/Season 3/Overlord - S03E05 - Two Leaders - Bluray-1080p.mkv\" -threads 0 -v warning -print_format json -show_streams -show_chapters -show_format"
[2025-08-13 11:28:18.398 -03:00] [INF] [15] MediaBrowser.MediaEncoding.Encoder.MediaEncoder: Starting "/usr/lib/jellyfin-ffmpeg/ffprobe" with args "-analyzeduration 200M -probesize 1G -i file:\"/data/animes/Overlord (2015)/Season 3/Overlord - S03E05 - Two Leaders - Bluray-1080p.en.srt\" -threads 0 -v warning -print_format json -show_streams -show_format"
[2025-08-13 11:28:18.924 -03:00] [INF] [25] MediaBrowser.MediaEncoding.Encoder.MediaEncoder: Starting "/usr/lib/jellyfin-ffmpeg/ffprobe" with args "-analyzeduration 200M -probesize 1G -i file:\"/data/animes/Overlord (2015)/Season 3/Overlord - S03E04 - Giant of the East, Demon Snake of the West - Bluray-1080p.mkv\" -threads 0 -v warning -print_format json -show_streams -show_chapters -show_format"
[2025-08-13 11:28:19.078 -03:00] [INF] [11] MediaBrowser.MediaEncoding.Encoder.MediaEncoder: Starting "/usr/lib/jellyfin-ffmpeg/ffprobe" with args "-analyzeduration 200M -probesize 1G -i file:\"/data/animes/Overlord (2015)/Season 3/Overlord - S03E04 - Giant of the East, Demon Snake of the West - Bluray-1080p.en.srt\" -threads 0 -v warning -print_format json -show_streams -show_format"
[2025-08-13 11:28:19.597 -03:00] [INF] [22] MediaBrowser.MediaEncoding.Encoder.MediaEncoder: Starting "/usr/lib/jellyfin-ffmpeg/ffprobe" with args "-analyzeduration 200M -probesize 1G -i file:\"/data/animes/Overlord (2015)/Season 3/Overlord - S03E09 - War of Words - Bluray-1080p.mkv\" -threads 0 -v warning -print_format json -show_streams -show_chapters -show_format"
[2025-08-13 11:28:19.735 -03:00] [INF] [15] MediaBrowser.MediaEncoding.Encoder.MediaEncoder: Starting "/usr/lib/jellyfin-ffmpeg/ffprobe" with args "-analyzeduration 200M -probesize 1G -i file:\"/data/animes/Overlord (2015)/Season 3/Overlord - S03E09 - War of Words - Bluray-1080p.en.srt\" -threads 0 -v warning -print_format json -show_streams -show_format"
[2025-08-13 11:28:20.311 -03:00] [INF] [15] MediaBrowser.MediaEncoding.Encoder.MediaEncoder: Starting "/usr/lib/jellyfin-ffmpeg/ffprobe" with args "-analyzeduration 200M -probesize 1G -i file:\"/data/animes/Overlord (2015)/Season 3/Overlord - S03E11 - Another Battle - Bluray-1080p.mkv\" -threads 0 -v warning -print_format json -show_streams -show_chapters -show_format"
[2025-08-13 11:28:20.466 -03:00] [INF] [25] MediaBrowser.MediaEncoding.Encoder.MediaEncoder: Starting "/usr/lib/jellyfin-ffmpeg/ffprobe" with args "-analyzeduration 200M -probesize 1G -i file:\"/data/animes/Overlord (2015)/Season 3/Overlord - S03E11 - Another Battle - Bluray-1080p.en.srt\" -threads 0 -v warning -print_format json -show_streams -show_format"
[2025-08-13 11:28:20.987 -03:00] [INF] [22] MediaBrowser.MediaEncoding.Encoder.MediaEncoder: Starting "/usr/lib/jellyfin-ffmpeg/ffprobe" with args "-analyzeduration 200M -probesize 1G -i file:\"/data/animes/Overlord (2015)/Season 3/Overlord - S03E07 - Butterfly Entangled in a Spider's Web - Bluray-1080p.mkv\" -threads 0 -v warning -print_format json -show_streams -show_chapters -show_format"
[2025-08-13 11:28:21.123 -03:00] [INF] [11] MediaBrowser.MediaEncoding.Encoder.MediaEncoder: Starting "/usr/lib/jellyfin-ffmpeg/ffprobe" with args "-analyzeduration 200M -probesize 1G -i file:\"/data/animes/Overlord (2015)/Season 3/Overlord - S03E07 - Butterfly Entangled in a Spider's Web - Bluray-1080p.en.srt\" -threads 0 -v warning -print_format json -show_streams -show_format"
[2025-08-13 11:28:21.616 -03:00] [INF] [22] MediaBrowser.MediaEncoding.Encoder.MediaEncoder: Starting "/usr/lib/jellyfin-ffmpeg/ffprobe" with args "-analyzeduration 200M -probesize 1G -i file:\"/data/animes/Overlord (2015)/Season 3/Overlord - S03E02 - Carne Village Once More - Bluray-1080p.mkv\" -threads 0 -v warning -print_format json -show_streams -show_chapters -show_format"
[2025-08-13 11:28:21.697 -03:00] [INF] [15] MediaBrowser.MediaEncoding.Encoder.MediaEncoder: Starting "/usr/lib/jellyfin-ffmpeg/ffprobe" with args "-analyzeduration 200M -probesize 1G -i file:\"/data/animes/Overlord (2015)/Season 3/Overlord - S03E02 - Carne Village Once More - Bluray-1080p.en.srt\" -threads 0 -v warning -print_format json -show_streams -show_format"
[2025-08-13 11:28:22.244 -03:00] [INF] [22] MediaBrowser.MediaEncoding.Encoder.MediaEncoder: Starting "/usr/lib/jellyfin-ffmpeg/ffprobe" with args "-analyzeduration 200M -probesize 1G -i file:\"/data/animes/Overlord (2015)/Season 3/Overlord - S03E10 - Preparation for War - Bluray-1080p.mkv\" -threads 0 -v warning -print_format json -show_streams -show_chapters -show_format"
[2025-08-13 11:28:22.438 -03:00] [INF] [22] MediaBrowser.MediaEncoding.Encoder.MediaEncoder: Starting "/usr/lib/jellyfin-ffmpeg/ffprobe" with args "-analyzeduration 200M -probesize 1G -i file:\"/data/animes/Overlord (2015)/Season 3/Overlord - S03E10 - Preparation for War - Bluray-1080p.en.srt\" -threads 0 -v warning -print_format json -show_streams -show_format"
[2025-08-13 11:28:22.946 -03:00] [INF] [22] MediaBrowser.MediaEncoding.Encoder.MediaEncoder: Starting "/usr/lib/jellyfin-ffmpeg/ffprobe" with args "-analyzeduration 200M -probesize 1G -i file:\"/data/animes/Overlord (2015)/Season 3/Overlord - S03E12 - Massacre - Bluray-1080p.mkv\" -threads 0 -v warning -print_format json -show_streams -show_chapters -show_format"
[2025-08-13 11:28:23.137 -03:00] [INF] [25] MediaBrowser.MediaEncoding.Encoder.MediaEncoder: Starting "/usr/lib/jellyfin-ffmpeg/ffprobe" with args "-analyzeduration 200M -probesize 1G -i file:\"/data/animes/Overlord (2015)/Season 3/Overlord - S03E12 - Massacre - Bluray-1080p.en.srt\" -threads 0 -v warning -print_format json -show_streams -show_format"
[2025-08-13 11:28:23.680 -03:00] [INF] [25] MediaBrowser.MediaEncoding.Encoder.MediaEncoder: Starting "/usr/lib/jellyfin-ffmpeg/ffprobe" with args "-analyzeduration 200M -probesize 1G -i file:\"/data/animes/Overlord (2015)/Season 3/Overlord - S03E08 - A Handful of Hope - Bluray-1080p.mkv\" -threads 0 -v warning -print_format json -show_streams -show_chapters -show_format"
[2025-08-13 11:28:23.852 -03:00] [INF] [22] MediaBrowser.MediaEncoding.Encoder.MediaEncoder: Starting "/usr/lib/jellyfin-ffmpeg/ffprobe" with args "-analyzeduration 200M -probesize 1G -i file:\"/data/animes/Overlord (2015)/Season 3/Overlord - S03E08 - A Handful of Hope - Bluray-1080p.en.srt\" -threads 0 -v warning -print_format json -show_streams -show_format"
[2025-08-13 11:28:24.427 -03:00] [INF] [25] MediaBrowser.MediaEncoding.Encoder.MediaEncoder: Starting "/usr/lib/jellyfin-ffmpeg/ffprobe" with args "-analyzeduration 200M -probesize 1G -i file:\"/data/animes/Overlord (2015)/Season 3/Overlord - S03E13 - Player vs Player - Bluray-1080p.mkv\" -threads 0 -v warning -print_format json -show_streams -show_chapters -show_format"
[2025-08-13 11:28:24.518 -03:00] [INF] [25] MediaBrowser.MediaEncoding.Encoder.MediaEncoder: Starting "/usr/lib/jellyfin-ffmpeg/ffprobe" with args "-analyzeduration 200M -probesize 1G -i file:\"/data/animes/Overlord (2015)/Season 3/Overlord - S03E13 - Player vs Player - Bluray-1080p.en.srt\" -threads 0 -v warning -print_format json -show_streams -show_format"
[2025-08-13 11:28:25.073 -03:00] [INF] [15] MediaBrowser.MediaEncoding.Encoder.MediaEncoder: Starting "/usr/lib/jellyfin-ffmpeg/ffprobe" with args "-analyzeduration 200M -probesize 1G -i file:\"/data/animes/Overlord (2015)/Season 3/Overlord - S03E03 - Enri's Upheaval and Hectic Days - Bluray-1080p.mkv\" -threads 0 -v warning -print_format json -show_streams -show_chapters -show_format"
[2025-08-13 11:28:25.238 -03:00] [INF] [25] MediaBrowser.MediaEncoding.Encoder.MediaEncoder: Starting "/usr/lib/jellyfin-ffmpeg/ffprobe" with args "-analyzeduration 200M -probesize 1G -i file:\"/data/animes/Overlord (2015)/Season 3/Overlord - S03E03 - Enri's Upheaval and Hectic Days - Bluray-1080p.en.srt\" -threads 0 -v warning -print_format json -show_streams -show_format"
[2025-08-13 11:28:25.818 -03:00] [INF] [11] MediaBrowser.MediaEncoding.Encoder.MediaEncoder: Starting "/usr/lib/jellyfin-ffmpeg/ffprobe" with args "-analyzeduration 200M -probesize 1G -i file:\"/data/animes/Overlord (2015)/Season 3/Overlord - S03E01 - A Ruler's Melancholy - Bluray-1080p.mkv\" -threads 0 -v warning -print_format json -show_streams -show_chapters -show_format"
[2025-08-13 11:28:25.978 -03:00] [INF] [11] MediaBrowser.MediaEncoding.Encoder.MediaEncoder: Starting "/usr/lib/jellyfin-ffmpeg/ffprobe" with args "-analyzeduration 200M -probesize 1G -i file:\"/data/animes/Overlord (2015)/Season 3/Overlord - S03E01 - A Ruler's Melancholy - Bluray-1080p.en.srt\" -threads 0 -v warning -print_format json -show_streams -show_format"
[2025-08-13 11:28:26.492 -03:00] [INF] [22] MediaBrowser.Providers.TV.SeriesMetadataService: Removing virtual season null in series "Overlord"
[2025-08-13 11:28:26.492 -03:00] [INF] [22] Emby.Server.Implementations.Library.LibraryManager: Removing item, Type: "Season", Name: "Season Unknown", Path: "", Id: ebc0fdc4-612c-ea6c-11b2-00104a95b8d8
[2025-08-13 11:28:35.767 -03:00] [INF] [22] Jellyfin.Drawing.ImageProcessor: Creating image collage and saving to "/tmp/jellyfin/82f5a69f38e745e092551389efc97c32.png"
[2025-08-13 11:28:36.547 -03:00] [INF] [22] Jellyfin.Drawing.ImageProcessor: Completed creation of image collage and saved to "/tmp/jellyfin/82f5a69f38e745e092551389efc97c32.png"
[2025-08-13 11:28:36.576 -03:00] [INF] [11] Jellyfin.Drawing.ImageProcessor: Creating image collage and saving to "/tmp/jellyfin/c995907b76fd449fae19c8799f1ab1e7.png"
[2025-08-13 11:28:37.126 -03:00] [INF] [11] Jellyfin.Drawing.ImageProcessor: Completed creation of image collage and saved to "/tmp/jellyfin/c995907b76fd449fae19c8799f1ab1e7.png"
[2025-08-13 11:28:37.153 -03:00] [INF] [11] Jellyfin.Drawing.ImageProcessor: Creating image collage and saving to "/tmp/jellyfin/d294c2243a0e461b8805a6aa14991055.png"
[2025-08-13 11:28:37.811 -03:00] [INF] [11] Jellyfin.Drawing.ImageProcessor: Completed creation of image collage and saved to "/tmp/jellyfin/d294c2243a0e461b8805a6aa14991055.png"
[2025-08-13 11:28:37.848 -03:00] [INF] [11] Jellyfin.Drawing.ImageProcessor: Creating image collage and saving to "/tmp/jellyfin/24b0c908334f4ed198e5a87667d2036a.png"
[2025-08-13 11:28:38.434 -03:00] [INF] [11] Jellyfin.Drawing.ImageProcessor: Completed creation of image collage and saved to "/tmp/jellyfin/24b0c908334f4ed198e5a87667d2036a.png"
[2025-08-13 11:28:38.498 -03:00] [INF] [26] Jellyfin.Drawing.ImageProcessor: Creating image collage and saving to "/tmp/jellyfin/d7faa022c1494d3593d5befb33f29dbf.png"
[2025-08-13 11:28:38.828 -03:00] [INF] [26] Jellyfin.Drawing.ImageProcessor: Completed creation of image collage and saved to "/tmp/jellyfin/d7faa022c1494d3593d5befb33f29dbf.png"
[2025-08-13 11:28:38.844 -03:00] [INF] [11] Jellyfin.Drawing.ImageProcessor: Creating image collage and saving to "/tmp/jellyfin/7ddd43168c1340f59dd363929b479bb3.png"
[2025-08-13 11:28:39.155 -03:00] [INF] [11] Jellyfin.Drawing.ImageProcessor: Completed creation of image collage and saved to "/tmp/jellyfin/7ddd43168c1340f59dd363929b479bb3.png"
[2025-08-13 11:28:39.174 -03:00] [INF] [26] Jellyfin.Drawing.ImageProcessor: Creating image collage and saving to "/tmp/jellyfin/b266cf2000e44afe9f7006e824018837.png"
[2025-08-13 11:28:39.889 -03:00] [INF] [26] Jellyfin.Drawing.ImageProcessor: Completed creation of image collage and saved to "/tmp/jellyfin/b266cf2000e44afe9f7006e824018837.png"
[2025-08-13 11:28:39.913 -03:00] [INF] [11] Jellyfin.Drawing.ImageProcessor: Creating image collage and saving to "/tmp/jellyfin/31c5ee053f924d058e7bab8058dd0f40.png"
[2025-08-13 11:28:40.448 -03:00] [INF] [11] Jellyfin.Drawing.ImageProcessor: Completed creation of image collage and saved to "/tmp/jellyfin/31c5ee053f924d058e7bab8058dd0f40.png"
[2025-08-13 11:28:40.483 -03:00] [INF] [15] Jellyfin.Drawing.ImageProcessor: Creating image collage and saving to "/tmp/jellyfin/69a152fa2eba40b88c81c956c5ea524a.png"
[2025-08-13 11:28:41.132 -03:00] [INF] [15] Jellyfin.Drawing.ImageProcessor: Completed creation of image collage and saved to "/tmp/jellyfin/69a152fa2eba40b88c81c956c5ea524a.png"
[2025-08-13 11:28:41.153 -03:00] [INF] [11] Jellyfin.Drawing.ImageProcessor: Creating image collage and saving to "/tmp/jellyfin/62f6b1fddb2e492595bb25f4d3a18b7d.png"
[2025-08-13 11:28:41.939 -03:00] [INF] [11] Jellyfin.Drawing.ImageProcessor: Completed creation of image collage and saved to "/tmp/jellyfin/62f6b1fddb2e492595bb25f4d3a18b7d.png"
[2025-08-13 11:28:41.957 -03:00] [INF] [15] Jellyfin.Drawing.ImageProcessor: Creating image collage and saving to "/tmp/jellyfin/e4614347c83746dd9ff885735f5ec090.png"
[2025-08-13 11:28:42.272 -03:00] [INF] [15] Jellyfin.Drawing.ImageProcessor: Completed creation of image collage and saved to "/tmp/jellyfin/e4614347c83746dd9ff885735f5ec090.png"
[2025-08-13 11:28:42.290 -03:00] [INF] [22] Jellyfin.Drawing.ImageProcessor: Creating image collage and saving to "/tmp/jellyfin/5f5deda7d5874861ad330799e71b5dd5.png"
[2025-08-13 11:28:42.725 -03:00] [INF] [22] Jellyfin.Drawing.ImageProcessor: Completed creation of image collage and saved to "/tmp/jellyfin/5f5deda7d5874861ad330799e71b5dd5.png"
[2025-08-13 11:28:42.753 -03:00] [INF] [11] Jellyfin.Drawing.ImageProcessor: Creating image collage and saving to "/tmp/jellyfin/cf814b51bcb1492282eddb91eaedeef1.png"
[2025-08-13 11:28:43.319 -03:00] [INF] [11] Jellyfin.Drawing.ImageProcessor: Completed creation of image collage and saved to "/tmp/jellyfin/cf814b51bcb1492282eddb91eaedeef1.png"
[2025-08-13 11:28:43.344 -03:00] [INF] [15] Jellyfin.Drawing.ImageProcessor: Creating image collage and saving to "/tmp/jellyfin/c3d4142cbdde46bd9a28196991dc1ed4.png"
[2025-08-13 11:28:43.657 -03:00] [INF] [15] Jellyfin.Drawing.ImageProcessor: Completed creation of image collage and saved to "/tmp/jellyfin/c3d4142cbdde46bd9a28196991dc1ed4.png"
[2025-08-13 11:28:43.674 -03:00] [INF] [26] Jellyfin.Drawing.ImageProcessor: Creating image collage and saving to "/tmp/jellyfin/5a07f774a2d740b29d8947697cac8f3b.png"
[2025-08-13 11:28:44.455 -03:00] [INF] [26] Jellyfin.Drawing.ImageProcessor: Completed creation of image collage and saved to "/tmp/jellyfin/5a07f774a2d740b29d8947697cac8f3b.png"
[2025-08-13 11:28:47.468 -03:00] [INF] [25] Emby.Server.Implementations.ScheduledTasks.TaskManager: "Scan Media Library" Completed after 1 minute(s) and 34 seconds
[2025-08-13 11:28:47.928 -03:00] [INF] [11] Emby.Server.Implementations.IO.LibraryMonitor: Watching directory "/data/tvshows"
[2025-08-13 11:28:47.947 -03:00] [INF] [22] Emby.Server.Implementations.IO.LibraryMonitor: Watching directory "/data/animes"
[2025-08-13 11:28:47.992 -03:00] [INF] [26] Emby.Server.Implementations.IO.LibraryMonitor: Watching directory "/data/movies"
