[2026-02-02 02:00:00.069 -03:00] [INF] [58] Emby.Server.Implementations.ScheduledTasks.TaskManager: "Extract Chapter Images" Completed after 0 minute(s) and 0 seconds
[2026-02-02 02:00:01.001 -03:00] [INF] [60] Emby.Server.Implementations.ScheduledTasks.TaskManager: Daily trigger for "Extract Chapter Images" set to fire at 2026-02-03 02:00:00.000 -03:00, which is 23:59:58.9984363 from now.
[2026-02-02 03:00:00.105 -03:00] [INF] [49] Emby.Server.Implementations.ScheduledTasks.TaskManager: "Generate Trickplay Images" Completed after 0 minute(s) and 0 seconds
[2026-02-02 03:00:01.001 -03:00] [INF] [76] Emby.Server.Implementations.ScheduledTasks.TaskManager: Daily trigger for "Generate Trickplay Images" set to fire at 2026-02-03 03:00:00.000 -03:00, which is 23:59:58.9984351 from now.
[2026-02-02 05:37:40.658 -03:00] [INF] [83] Emby.Server.Implementations.ScheduledTasks.Tasks.OptimizeDatabaseTask: Optimizing and vacuuming jellyfin.db...
[2026-02-02 05:37:40.762 -03:00] [INF] [83] Jellyfin.Database.Providers.Sqlite.SqliteDatabaseProvider: jellyfin.db optimized successfully!
[2026-02-02 05:37:40.762 -03:00] [INF] [83] Emby.Server.Implementations.ScheduledTasks.TaskManager: "Optimize database" Completed after 0 minute(s) and 0 seconds
[2026-02-02 11:20:23.768 -03:00] [INF] [82] Emby.Server.Implementations.ScheduledTasks.TaskManager: "Clean Cache Directory" Completed after 0 minute(s) and 0 seconds
[2026-02-02 11:20:23.804 -03:00] [INF] [44] Emby.Server.Implementations.ScheduledTasks.TaskManager: "Download missing lyrics" Completed after 0 minute(s) and 0 seconds
[2026-02-02 11:20:23.883 -03:00] [INF] [86] Emby.Server.Implementations.ScheduledTasks.TaskManager: "Download missing subtitles" Completed after 0 minute(s) and 0 seconds
[2026-02-02 11:20:23.915 -03:00] [INF] [44] Emby.Server.Implementations.ScheduledTasks.TaskManager: "Audio Normalization" Completed after 0 minute(s) and 0 seconds
[2026-02-02 11:20:24.640 -03:00] [INF] [44] Emby.Server.Implementations.ScheduledTasks.TaskManager: "Clean Log Directory" Completed after 0 minute(s) and 0 seconds
[2026-02-02 11:20:24.769 -03:00] [INF] [33] Emby.Server.Implementations.ScheduledTasks.TaskManager: "Clean Transcode Directory" Completed after 0 minute(s) and 0 seconds
[2026-02-02 11:20:24.825 -03:00] [INF] [42] Emby.Server.Implementations.ScheduledTasks.TaskManager: "TasksRefreshChannels" Completed after 0 minute(s) and 0 seconds
[2026-02-02 11:20:26.304 -03:00] [INF] [82] Emby.Server.Implementations.ScheduledTasks.TaskManager: "Update Plugins" Completed after 0 minute(s) and 1 seconds
[2026-02-02 11:20:27.714 -03:00] [INF] [82] Jellyfin.LiveTv.Guide.GuideManager: Refreshing guide with 7 days of guide data
[2026-02-02 11:20:27.716 -03:00] [INF] [82] Emby.Server.Implementations.ScheduledTasks.TaskManager: "Refresh Guide" Completed after 0 minute(s) and 3 seconds
[2026-02-02 11:26:29.768 -03:00] [INF] [59] Emby.Server.Implementations.IO.LibraryMonitor: Stopping directory watching for path "/data/tvshows"
[2026-02-02 11:26:29.768 -03:00] [INF] [59] Emby.Server.Implementations.IO.LibraryMonitor: Stopping directory watching for path "/data/animes"
[2026-02-02 11:26:29.768 -03:00] [INF] [59] Emby.Server.Implementations.IO.LibraryMonitor: Stopping directory watching for path "/data/movies"
[2026-02-02 11:26:29.768 -03:00] [INF] [59] Emby.Server.Implementations.Library.LibraryManager: Validating media library
[2026-02-02 11:26:29.776 -03:00] [WRN] [59] MediaBrowser.Controller.Entities.BaseItem: Library folder "/config/data/data/playlists" is inaccessible or empty, skipping
[2026-02-02 11:26:29.801 -03:00] [WRN] [24] MediaBrowser.Controller.Entities.BaseItem: Library folder "/config/data/data/playlists" is inaccessible or empty, skipping
[2026-02-02 11:26:29.809 -03:00] [INF] [25] Emby.Server.Implementations.ScheduledTasks.TaskManager: "Media Segment Scan" Completed after 0 minute(s) and 0 seconds
[2026-02-02 11:26:30.017 -03:00] [INF] [24] Emby.Server.Implementations.ScheduledTasks.TaskManager: "Scan Media Library" Completed after 0 minute(s) and 0 seconds
[2026-02-02 11:26:30.045 -03:00] [INF] [59] Emby.Server.Implementations.IO.LibraryMonitor: Watching directory "/data/movies"
[2026-02-02 11:26:30.046 -03:00] [INF] [28] Emby.Server.Implementations.IO.LibraryMonitor: Watching directory "/data/animes"
[2026-02-02 11:26:30.046 -03:00] [INF] [25] Emby.Server.Implementations.IO.LibraryMonitor: Watching directory "/data/tvshows"
[2026-02-02 11:38:41.659 -03:00] [INF] [74] Emby.Server.Implementations.ScheduledTasks.Tasks.OptimizeDatabaseTask: Optimizing and vacuuming jellyfin.db...
[2026-02-02 11:38:41.777 -03:00] [INF] [74] Jellyfin.Database.Providers.Sqlite.SqliteDatabaseProvider: jellyfin.db optimized successfully!
[2026-02-02 11:38:41.777 -03:00] [INF] [74] Emby.Server.Implementations.ScheduledTasks.TaskManager: "Optimize database" Completed after 0 minute(s) and 0 seconds
[2026-02-02 17:39:42.660 -03:00] [INF] [19] Emby.Server.Implementations.ScheduledTasks.Tasks.OptimizeDatabaseTask: Optimizing and vacuuming jellyfin.db...
[2026-02-02 17:39:42.745 -03:00] [INF] [19] Jellyfin.Database.Providers.Sqlite.SqliteDatabaseProvider: jellyfin.db optimized successfully!
[2026-02-02 17:39:42.745 -03:00] [INF] [19] Emby.Server.Implementations.ScheduledTasks.TaskManager: "Optimize database" Completed after 0 minute(s) and 0 seconds
[2026-02-02 23:27:30.768 -03:00] [INF] [61] Emby.Server.Implementations.IO.LibraryMonitor: Stopping directory watching for path "/data/tvshows"
[2026-02-02 23:27:30.768 -03:00] [INF] [61] Emby.Server.Implementations.IO.LibraryMonitor: Stopping directory watching for path "/data/movies"
[2026-02-02 23:27:30.769 -03:00] [INF] [61] Emby.Server.Implementations.IO.LibraryMonitor: Stopping directory watching for path "/data/animes"
[2026-02-02 23:27:30.769 -03:00] [INF] [61] Emby.Server.Implementations.Library.LibraryManager: Validating media library
[2026-02-02 23:27:30.774 -03:00] [WRN] [61] MediaBrowser.Controller.Entities.BaseItem: Library folder "/config/data/data/playlists" is inaccessible or empty, skipping
[2026-02-02 23:27:30.795 -03:00] [WRN] [61] MediaBrowser.Controller.Entities.BaseItem: Library folder "/config/data/data/playlists" is inaccessible or empty, skipping
[2026-02-02 23:27:30.806 -03:00] [INF] [77] Emby.Server.Implementations.ScheduledTasks.TaskManager: "Media Segment Scan" Completed after 0 minute(s) and 0 seconds
[2026-02-02 23:27:31.000 -03:00] [INF] [61] Emby.Server.Implementations.ScheduledTasks.TaskManager: "Scan Media Library" Completed after 0 minute(s) and 0 seconds
[2026-02-02 23:27:31.030 -03:00] [INF] [32] Emby.Server.Implementations.IO.LibraryMonitor: Watching directory "/data/animes"
[2026-02-02 23:27:31.030 -03:00] [INF] [77] Emby.Server.Implementations.IO.LibraryMonitor: Watching directory "/data/movies"
[2026-02-02 23:27:31.031 -03:00] [INF] [61] Emby.Server.Implementations.IO.LibraryMonitor: Watching directory "/data/tvshows"
[2026-02-02 23:40:43.660 -03:00] [INF] [30] Emby.Server.Implementations.ScheduledTasks.Tasks.OptimizeDatabaseTask: Optimizing and vacuuming jellyfin.db...
[2026-02-02 23:40:43.772 -03:00] [INF] [30] Jellyfin.Database.Providers.Sqlite.SqliteDatabaseProvider: jellyfin.db optimized successfully!
[2026-02-02 23:40:43.772 -03:00] [INF] [30] Emby.Server.Implementations.ScheduledTasks.TaskManager: "Optimize database" Completed after 0 minute(s) and 0 seconds
