[2026-02-03 02:00:00.035 -03:00] [INF] [3] Emby.Server.Implementations.ScheduledTasks.TaskManager: "Extract Chapter Images" Completed after 0 minute(s) and 0 seconds
[2026-02-03 02:00:01.001 -03:00] [INF] [3] Emby.Server.Implementations.ScheduledTasks.TaskManager: Daily trigger for "Extract Chapter Images" set to fire at 2026-02-04 02:00:00.000 -03:00, which is 23:59:58.9986117 from now.
[2026-02-03 03:00:00.106 -03:00] [INF] [76] Emby.Server.Implementations.ScheduledTasks.TaskManager: "Generate Trickplay Images" Completed after 0 minute(s) and 0 seconds
[2026-02-03 03:00:01.001 -03:00] [INF] [36] Emby.Server.Implementations.ScheduledTasks.TaskManager: Daily trigger for "Generate Trickplay Images" set to fire at 2026-02-04 03:00:00.000 -03:00, which is 23:59:58.9985947 from now.
[2026-02-03 05:41:44.661 -03:00] [INF] [40] Emby.Server.Implementations.ScheduledTasks.Tasks.OptimizeDatabaseTask: Optimizing and vacuuming jellyfin.db...
[2026-02-03 05:41:44.749 -03:00] [INF] [40] Jellyfin.Database.Providers.Sqlite.SqliteDatabaseProvider: jellyfin.db optimized successfully!
[2026-02-03 05:41:44.749 -03:00] [INF] [40] Emby.Server.Implementations.ScheduledTasks.TaskManager: "Optimize database" Completed after 0 minute(s) and 0 seconds
[2026-02-03 11:14:23.034 -03:00] [INF] [48] Emby.Server.Implementations.Library.LibraryManager: People validation complete
[2026-02-03 11:14:23.053 -03:00] [WRN] [48] Microsoft.EntityFrameworkCore.Query: The query uses a row limiting operator ('Skip'/'Take') without an 'OrderBy' operator. This may lead to unpredictable results. If the 'Distinct' operator is used after 'OrderBy', then make sure to use the 'OrderBy' operator after 'Distinct' as the ordering would otherwise get erased.
[2026-02-03 11:14:23.071 -03:00] [INF] [48] Emby.Server.Implementations.ScheduledTasks.TaskManager: "Refresh People" Completed after 0 minute(s) and 4 seconds
[2026-02-03 11:17:42.104 -03:00] [INF] [43] Emby.Server.Implementations.Session.SessionManager: Sending shutdown notifications
[2026-02-03 11:17:42.198 -03:00] [INF] [65] Main: Running query planner optimizations in the database... This might take a while
[2026-02-03 11:17:42.324 -03:00] [INF] [15] Emby.Server.Implementations.IO.LibraryMonitor: Stopping directory watching for path "/data/tvshows"
[2026-02-03 11:17:42.324 -03:00] [INF] [15] Emby.Server.Implementations.IO.LibraryMonitor: Stopping directory watching for path "/data/movies"
[2026-02-03 11:17:42.324 -03:00] [INF] [15] Emby.Server.Implementations.IO.LibraryMonitor: Stopping directory watching for path "/data/animes"
[2026-02-03 11:17:42.337 -03:00] [INF] [65] Emby.Server.Implementations.ApplicationHost: Disposing "CoreAppHost"
[2026-02-03 11:17:42.337 -03:00] [INF] [65] Emby.Server.Implementations.ApplicationHost: Disposing "MusicBrainzArtistProvider"
[2026-02-03 11:17:42.346 -03:00] [INF] [65] Emby.Server.Implementations.ApplicationHost: Disposing "MusicBrainzAlbumProvider"
[2026-02-03 11:17:42.346 -03:00] [INF] [65] Emby.Server.Implementations.ApplicationHost: Disposing "PluginManager"
[2026-02-03 11:17:48.992 -03:00] [INF] [1] Emby.Server.Implementations.AppBase.BaseConfigurationManager: Setting cache path: "/config/cache"
[2026-02-03 11:17:49.850 -03:00] [INF] [7] Jellyfin.Server.ServerSetupApp.SetupServer: Kestrel is listening on "0.0.0.0"
[2026-02-03 11:17:49.979 -03:00] [INF] [7] Main: Jellyfin version: "10.11.6"
[2026-02-03 11:17:50.003 -03:00] [INF] [7] Main: Environment Variables: ["[JELLYFIN_DATA_DIR, /config/data]", "[JELLYFIN_CONFIG_DIR, /config]", "[JELLYFIN_LOG_DIR, /config/log]", "[JELLYFIN_WEB_DIR, /usr/share/jellyfin/web]", "[JELLYFIN_CACHE_DIR, /config/cache]"]
[2026-02-03 11:17:50.011 -03:00] [INF] [7] Main: Arguments: ["/usr/lib/jellyfin/bin/jellyfin.dll", "--ffmpeg=/usr/lib/jellyfin-ffmpeg/ffmpeg"]
[2026-02-03 11:17:50.013 -03:00] [INF] [7] Main: Operating system: "Ubuntu 24.04.3 LTS"
[2026-02-03 11:17:50.013 -03:00] [INF] [7] Main: Architecture: X64
[2026-02-03 11:17:50.018 -03:00] [INF] [7] Main: 64-Bit Process: True
[2026-02-03 11:17:50.018 -03:00] [INF] [7] Main: User Interactive: True
[2026-02-03 11:17:50.021 -03:00] [INF] [7] Main: Processor count: 4
[2026-02-03 11:17:50.022 -03:00] [INF] [7] Main: Program data path: "/config/data"
[2026-02-03 11:17:50.022 -03:00] [INF] [7] Main: Log directory path: "/config/log"
[2026-02-03 11:17:50.022 -03:00] [INF] [7] Main: Config directory path: "/config"
[2026-02-03 11:17:50.023 -03:00] [INF] [7] Main: Cache path: "/config/cache"
[2026-02-03 11:17:50.023 -03:00] [INF] [7] Main: Temp directory path: "/tmp/jellyfin"
[2026-02-03 11:17:50.027 -03:00] [INF] [7] Main: Web resources path: "/usr/share/jellyfin/web"
[2026-02-03 11:17:50.027 -03:00] [INF] [7] Main: Application directory: "/usr/lib/jellyfin/bin/"
[2026-02-03 11:17:50.069 -03:00] [INF] [7] Jellyfin.Server.Startup: Storage path `"/config/data/data"` (Fixed) successfully checked with "183.2GiB" free which is over the minimum of "2GiB".
[2026-02-03 11:17:50.071 -03:00] [INF] [7] Jellyfin.Server.Startup: Storage path `"/config/cache"` (Fixed) successfully checked with "183.2GiB" free which is over the minimum of "2GiB".
[2026-02-03 11:17:50.071 -03:00] [INF] [7] Jellyfin.Server.Startup: Storage path `"/config/data"` (Fixed) successfully checked with "183.2GiB" free which is over the minimum of "2GiB".
[2026-02-03 11:17:50.078 -03:00] [INF] [7] Emby.Server.Implementations.AppBase.BaseConfigurationManager: Setting cache path: "/config/cache"
[2026-02-03 11:17:50.298 -03:00] [INF] [7] Jellyfin.Database.Providers.Sqlite.SqliteDatabaseProvider: SQLite connection string: "Data Source=/config/data/data/jellyfin.db;Cache=Default;Default Timeout=30;Pooling=True"
[2026-02-03 11:17:50.320 -03:00] [INF] [7] Jellyfin.Database.Providers.Sqlite.SqliteDatabaseProvider: SQLITE connection pragma command set to: 
"PRAGMA locking_mode=NORMAL;
PRAGMA journal_size_limit=134217728;
PRAGMA synchronous=1;
PRAGMA temp_store=2;
"
[2026-02-03 11:17:50.326 -03:00] [INF] [7] Jellyfin.Database.Implementations.Locking.NoLockBehavior: The database locking mode has been set to: NoLock.
[2026-02-03 11:17:50.447 -03:00] [INF] [7] Jellyfin.Server.Migrations.JellyfinMigrationService: Initialise Migration service.
[2026-02-03 11:17:51.139 -03:00] [WRN] [12] Microsoft.Extensions.Diagnostics.HealthChecks.DefaultHealthCheckService: Health check "StartupCheck" with status Degraded completed after 4.7138ms with message '"Server is still starting up."'
[2026-02-03 11:17:52.329 -03:00] [WRN] [12] Microsoft.Extensions.Diagnostics.HealthChecks.DefaultHealthCheckService: Health check "StartupCheck" with status Degraded completed after 0.1005ms with message '"Server is still starting up."'
[2026-02-03 11:17:53.409 -03:00] [WRN] [9] Microsoft.Extensions.Diagnostics.HealthChecks.DefaultHealthCheckService: Health check "StartupCheck" with status Degraded completed after 0.0047ms with message '"Server is still starting up."'
[2026-02-03 11:17:54.189 -03:00] [INF] [7] Jellyfin.Server.Migrations.JellyfinMigrationService: There are 0 migrations for stage PreInitialisation.
[2026-02-03 11:17:54.235 -03:00] [INF] [7] Emby.Server.Implementations.AppBase.BaseConfigurationManager: Setting cache path: "/config/cache"
[2026-02-03 11:17:54.347 -03:00] [INF] [7] Emby.Server.Implementations.ApplicationHost: Loading assemblies
[2026-02-03 11:17:54.510 -03:00] [WRN] [9] Microsoft.Extensions.Diagnostics.HealthChecks.DefaultHealthCheckService: Health check "StartupCheck" with status Degraded completed after 0.0023ms with message '"Server is still starting up."'
[2026-02-03 11:17:54.542 -03:00] [INF] [7] Jellyfin.Networking.Manager.NetworkManager: Defined LAN subnets: ["127.0.0.1/8", "10.0.0.0/8", "172.16.0.0/12", "192.168.0.0/16"]
[2026-02-03 11:17:54.544 -03:00] [INF] [7] Jellyfin.Networking.Manager.NetworkManager: Defined LAN exclusions: []
[2026-02-03 11:17:54.545 -03:00] [INF] [7] Jellyfin.Networking.Manager.NetworkManager: Used LAN subnets: ["127.0.0.1/8", "10.0.0.0/8", "172.16.0.0/12", "192.168.0.0/16"]
[2026-02-03 11:17:54.551 -03:00] [INF] [7] Jellyfin.Networking.Manager.NetworkManager: Filtered interface addresses: ["127.0.0.1", "172.19.0.3"]
[2026-02-03 11:17:54.552 -03:00] [INF] [7] Jellyfin.Networking.Manager.NetworkManager: Bind Addresses ["0.0.0.0"]
[2026-02-03 11:17:54.554 -03:00] [INF] [7] Jellyfin.Networking.Manager.NetworkManager: Remote IP filter is "Allowlist"
[2026-02-03 11:17:54.555 -03:00] [INF] [7] Jellyfin.Networking.Manager.NetworkManager: Filtered subnets: []
[2026-02-03 11:17:54.944 -03:00] [INF] [7] Jellyfin.Database.Providers.Sqlite.SqliteDatabaseProvider: SQLite connection string: "Data Source=/config/data/data/jellyfin.db;Cache=Default;Default Timeout=30;Pooling=True"
[2026-02-03 11:17:54.944 -03:00] [INF] [7] Jellyfin.Database.Providers.Sqlite.SqliteDatabaseProvider: SQLITE connection pragma command set to: 
"PRAGMA locking_mode=NORMAL;
PRAGMA journal_size_limit=134217728;
PRAGMA synchronous=1;
PRAGMA temp_store=2;
"
[2026-02-03 11:17:54.945 -03:00] [INF] [7] Jellyfin.Database.Implementations.Locking.NoLockBehavior: The database locking mode has been set to: NoLock.
[2026-02-03 11:17:54.957 -03:00] [INF] [7] Main: Prepare system for possible migrations
[2026-02-03 11:17:55.062 -03:00] [INF] [7] Jellyfin.Server.Migrations.JellyfinMigrationService: There are 0 migrations for stage CoreInitialisation.
[2026-02-03 11:17:55.579 -03:00] [WRN] [16] Microsoft.Extensions.Diagnostics.HealthChecks.DefaultHealthCheckService: Health check "StartupCheck" with status Degraded completed after 0.0029ms with message '"Server is still starting up."'
[2026-02-03 11:17:56.651 -03:00] [WRN] [14] Microsoft.Extensions.Diagnostics.HealthChecks.DefaultHealthCheckService: Health check "StartupCheck" with status Degraded completed after 0.0023ms with message '"Server is still starting up."'
[2026-02-03 11:17:57.001 -03:00] [INF] [7] Emby.Server.Implementations.Plugins.PluginManager: Loaded plugin: "TMDb" "10.11.6.0"
[2026-02-03 11:17:57.003 -03:00] [INF] [7] Emby.Server.Implementations.Plugins.PluginManager: Loaded plugin: "Studio Images" "10.11.6.0"
[2026-02-03 11:17:57.003 -03:00] [INF] [7] Emby.Server.Implementations.Plugins.PluginManager: Loaded plugin: "OMDb" "10.11.6.0"
[2026-02-03 11:17:57.038 -03:00] [INF] [7] Emby.Server.Implementations.Plugins.PluginManager: Loaded plugin: "MusicBrainz" "10.11.6.0"
[2026-02-03 11:17:57.038 -03:00] [INF] [7] Emby.Server.Implementations.Plugins.PluginManager: Loaded plugin: "AudioDB" "10.11.6.0"
[2026-02-03 11:17:57.161 -03:00] [INF] [7] Jellyfin.Server.Migrations.JellyfinMigrationService: There are 0 migrations for stage AppInitialisation.
[2026-02-03 11:17:57.316 -03:00] [INF] [7] Main: Kestrel is listening on "0.0.0.0"
[2026-02-03 11:17:59.506 -03:00] [WRN] [7] Microsoft.AspNetCore.StaticFiles.StaticFileMiddleware: The WebRootPath was not found: "/run/s6-rc:s6-rc-init:ChKgcM/servicedirs/svc-jellyfin/wwwroot". Static files may be unavailable.
[2026-02-03 11:17:59.644 -03:00] [INF] [7] Emby.Server.Implementations.ApplicationHost: Running startup tasks
[2026-02-03 11:17:59.650 -03:00] [INF] [16] Emby.Server.Implementations.IO.LibraryMonitor: Watching directory "/data/tvshows"
[2026-02-03 11:17:59.650 -03:00] [INF] [9] Emby.Server.Implementations.IO.LibraryMonitor: Watching directory "/data/movies"
[2026-02-03 11:17:59.651 -03:00] [INF] [14] Emby.Server.Implementations.IO.LibraryMonitor: Watching directory "/data/animes"
[2026-02-03 11:17:59.721 -03:00] [INF] [7] Emby.Server.Implementations.ScheduledTasks.TaskManager: Daily trigger for "Generate Trickplay Images" set to fire at 2026-02-04 03:00:00.000 -03:00, which is 15:42:00.2784567 from now.
[2026-02-03 11:17:59.731 -03:00] [INF] [7] Emby.Server.Implementations.ScheduledTasks.TaskManager: Daily trigger for "Extract Chapter Images" set to fire at 2026-02-04 02:00:00.000 -03:00, which is 14:42:00.2689161 from now.
[2026-02-03 11:17:59.992 -03:00] [INF] [7] MediaBrowser.MediaEncoding.Encoder.MediaEncoder: Found ffmpeg version "7.1.3"
[2026-02-03 11:18:00.131 -03:00] [INF] [7] MediaBrowser.MediaEncoding.Encoder.MediaEncoder: Available "decoders": ["libdav1d", "av1", "av1_cuvid", "av1_qsv", "h264", "h264_qsv", "h264_cuvid", "hevc", "hevc_qsv", "hevc_cuvid", "mpeg2video", "mpeg2_qsv", "mpeg2_cuvid", "mpeg4", "mpeg4_cuvid", "msmpeg4", "vc1_qsv", "vc1_cuvid", "vp8", "libvpx", "vp8_cuvid", "vp8_qsv", "vp9", "libvpx-vp9", "vp9_cuvid", "vp9_qsv", "aac", "ac3", "ac4", "dca", "flac", "mp3", "truehd"]
[2026-02-03 11:18:00.203 -03:00] [INF] [7] MediaBrowser.MediaEncoding.Encoder.MediaEncoder: Available "encoders": ["libsvtav1", "av1_nvenc", "av1_qsv", "av1_amf", "av1_vaapi", "libx264", "h264_amf", "h264_nvenc", "h264_qsv", "h264_v4l2m2m", "h264_vaapi", "libx265", "hevc_amf", "hevc_nvenc", "hevc_qsv", "hevc_vaapi", "mjpeg_qsv", "mjpeg_vaapi", "aac", "libfdk_aac", "ac3", "alac", "dca", "flac", "libmp3lame", "libopus", "truehd", "libvorbis", "srt"]
[2026-02-03 11:18:00.271 -03:00] [INF] [7] MediaBrowser.MediaEncoding.Encoder.MediaEncoder: Available filters: ["bwdif_cuda", "bwdif_opencl", "deinterlace_qsv", "deinterlace_vaapi", "flip_vulkan", "hwupload_cuda", "hwupload_vaapi", "libplacebo", "overlay_opencl", "overlay_qsv", "overlay_vaapi", "overlay_vulkan", "overlay_cuda", "procamp_vaapi", "scale_cuda", "scale_opencl", "scale_qsv", "scale_vaapi", "scale_vulkan", "tonemapx", "tonemap_cuda", "tonemap_opencl", "tonemap_vaapi", "transpose_cuda", "transpose_opencl", "transpose_vaapi", "transpose_vulkan", "vpp_qsv", "yadif_cuda", "yadif_opencl", "zscale", "alphasrc"]
[2026-02-03 11:18:00.753 -03:00] [INF] [7] MediaBrowser.MediaEncoding.Encoder.MediaEncoder: Available hwaccel types: ["cuda", "vaapi", "qsv", "drm", "opencl", "vulkan"]
[2026-02-03 11:18:02.778 -03:00] [INF] [16] Emby.Server.Implementations.ScheduledTasks.TaskManager: "Clean Transcode Directory" Completed after 0 minute(s) and 0 seconds
[2026-02-03 11:18:02.781 -03:00] [INF] [14] Emby.Server.Implementations.ScheduledTasks.TaskManager: "Clean up collections and playlists" Completed after 0 minute(s) and 0 seconds
[2026-02-03 11:18:05.675 -03:00] [INF] [16] Emby.Server.Implementations.ScheduledTasks.TaskManager: "Update Plugins" Completed after 0 minute(s) and 2 seconds
[2026-02-03 11:18:10.108 -03:00] [INF] [7] MediaBrowser.MediaEncoding.Encoder.MediaEncoder: FFmpeg: "/usr/lib/jellyfin-ffmpeg/ffmpeg"
[2026-02-03 11:18:10.109 -03:00] [INF] [7] Emby.Server.Implementations.ApplicationHost: ServerId: "4033a488f53e473194d2ac8b68dcd02f"
[2026-02-03 11:18:10.109 -03:00] [INF] [7] Emby.Server.Implementations.ApplicationHost: Core startup complete
[2026-02-03 11:18:10.109 -03:00] [INF] [7] Main: Startup complete 0:00:22.133898
